Archive member included to satisfy reference by file (symbol)

.\CortexM3\ARM_GCC_541\Debug\AMA_EOS_Lab_3.a(SEVEN_Reg.o)
                              .\CortexM3\ARM_GCC_541\Debug\seven.o (SEVEN_Reg_Write)
.\CortexM3\ARM_GCC_541\Debug\AMA_EOS_Lab_3.a(SEVEN_DP.o)
                              .\CortexM3\ARM_GCC_541\Debug\seven.o (SEVEN_DP_Write)
.\CortexM3\ARM_GCC_541\Debug\AMA_EOS_Lab_3.a(SEVEN_SELECT.o)
                              .\CortexM3\ARM_GCC_541\Debug\seven.o (SEVEN_SELECT_Write)
.\CortexM3\ARM_GCC_541\Debug\AMA_EOS_Lab_3.a(BUTTON_1.o)
                              .\CortexM3\ARM_GCC_541\Debug\button.o (BUTTON_1_Read)
.\CortexM3\ARM_GCC_541\Debug\AMA_EOS_Lab_3.a(BUTTON_2.o)
                              .\CortexM3\ARM_GCC_541\Debug\button.o (BUTTON_2_Read)
.\CortexM3\ARM_GCC_541\Debug\AMA_EOS_Lab_3.a(BUTTON_4.o)
                              .\CortexM3\ARM_GCC_541\Debug\button.o (BUTTON_4_Read)
.\CortexM3\ARM_GCC_541\Debug\AMA_EOS_Lab_3.a(BUTTON_3.o)
                              .\CortexM3\ARM_GCC_541\Debug\button.o (BUTTON_3_Read)
.\CortexM3\ARM_GCC_541\Debug\AMA_EOS_Lab_3.a(isr_Button_Pressed.o)
                              .\CortexM3\ARM_GCC_541\Debug\button.o (isr_Button_Pressed_StartEx)
.\CortexM3\ARM_GCC_541\Debug\AMA_EOS_Lab_3.a(UART_LOG.o)
                              .\CortexM3\ARM_GCC_541\Debug\main.o (UART_LOG_Start)
.\CortexM3\ARM_GCC_541\Debug\AMA_EOS_Lab_3.a(RGB_PWM_green.o)
                              .\CortexM3\ARM_GCC_541\Debug\led.o (RGB_PWM_green_WriteCompare)
.\CortexM3\ARM_GCC_541\Debug\AMA_EOS_Lab_3.a(RGB_PWM_blue.o)
                              .\CortexM3\ARM_GCC_541\Debug\led.o (RGB_PWM_blue_WriteCompare)
.\CortexM3\ARM_GCC_541\Debug\AMA_EOS_Lab_3.a(RGB_PWM_red.o)
                              .\CortexM3\ARM_GCC_541\Debug\led.o (RGB_PWM_red_WriteCompare)
.\CortexM3\ARM_GCC_541\Debug\AMA_EOS_Lab_3.a(LED_GREEN.o)
                              .\CortexM3\ARM_GCC_541\Debug\led.o (LED_GREEN_Write)
.\CortexM3\ARM_GCC_541\Debug\AMA_EOS_Lab_3.a(LED_YELLOW.o)
                              .\CortexM3\ARM_GCC_541\Debug\led.o (LED_YELLOW_Write)
.\CortexM3\ARM_GCC_541\Debug\AMA_EOS_Lab_3.a(LED_RED.o)
                              .\CortexM3\ARM_GCC_541\Debug\led.o (LED_RED_Write)
.\CortexM3\ARM_GCC_541\Debug\AMA_EOS_Lab_3.a(ErikaOS_1_ee_activate.o)
                              .\CortexM3\ARM_GCC_541\Debug\main.o (EE_oo_ActivateTask)
.\CortexM3\ARM_GCC_541\Debug\AMA_EOS_Lab_3.a(ErikaOS_1_ee_altick.o)
                              .\CortexM3\ARM_GCC_541\Debug\main.o (EE_oo_IncrementCounter)
.\CortexM3\ARM_GCC_541\Debug\AMA_EOS_Lab_3.a(ErikaOS_1_ee_evclear.o)
                              .\CortexM3\ARM_GCC_541\Debug\main.o (EE_oo_ClearEvent)
.\CortexM3\ARM_GCC_541\Debug\AMA_EOS_Lab_3.a(ErikaOS_1_ee_evset.o)
                              .\CortexM3\ARM_GCC_541\Debug\main.o (EE_oo_SetEvent)
.\CortexM3\ARM_GCC_541\Debug\AMA_EOS_Lab_3.a(ErikaOS_1_ee_evwait.o)
                              .\CortexM3\ARM_GCC_541\Debug\main.o (EE_oo_WaitEvent)
.\CortexM3\ARM_GCC_541\Debug\AMA_EOS_Lab_3.a(ErikaOS_1_ee_irqendin.o)
                              .\CortexM3\ARM_GCC_541\Debug\main.o (EE_IRQ_end_post_stub)
.\CortexM3\ARM_GCC_541\Debug\AMA_EOS_Lab_3.a(ErikaOS_1_ee_lockres.o)
                              .\CortexM3\ARM_GCC_541\Debug\main.o (EE_oo_GetResource)
.\CortexM3\ARM_GCC_541\Debug\AMA_EOS_Lab_3.a(ErikaOS_1_ee_lookup.o)
                              .\CortexM3\ARM_GCC_541\Debug\AMA_EOS_Lab_3.a(ErikaOS_1_ee_irqendin.o) (EE_oo_IRQ_disable_count)
.\CortexM3\ARM_GCC_541\Debug\AMA_EOS_Lab_3.a(ErikaOS_1_ee_rq_exchg.o)
                              .\CortexM3\ARM_GCC_541\Debug\AMA_EOS_Lab_3.a(ErikaOS_1_ee_activate.o) (EE_rq2stk_exchange)
.\CortexM3\ARM_GCC_541\Debug\AMA_EOS_Lab_3.a(ErikaOS_1_ee_rq_first.o)
                              .\CortexM3\ARM_GCC_541\Debug\AMA_EOS_Lab_3.a(ErikaOS_1_ee_activate.o) (EE_rq_queryfirst)
.\CortexM3\ARM_GCC_541\Debug\AMA_EOS_Lab_3.a(ErikaOS_1_ee_rq_inser.o)
                              .\CortexM3\ARM_GCC_541\Debug\AMA_EOS_Lab_3.a(ErikaOS_1_ee_activate.o) (EE_rq_insert)
.\CortexM3\ARM_GCC_541\Debug\AMA_EOS_Lab_3.a(ErikaOS_1_ee_startos.o)
                              .\CortexM3\ARM_GCC_541\Debug\main.o (EE_oo_StartOS)
.\CortexM3\ARM_GCC_541\Debug\AMA_EOS_Lab_3.a(ErikaOS_1_ee_terminat.o)
                              .\CortexM3\ARM_GCC_541\Debug\main.o (EE_oo_TerminateTask)
.\CortexM3\ARM_GCC_541\Debug\AMA_EOS_Lab_3.a(ErikaOS_1_ee_ulockres.o)
                              .\CortexM3\ARM_GCC_541\Debug\main.o (EE_oo_ReleaseResource)
.\CortexM3\ARM_GCC_541\Debug\AMA_EOS_Lab_3.a(ErikaOS_1_cortex_mx_ee_utils.o)
                              .\CortexM3\ARM_GCC_541\Debug\main.o (EE_system_init)
.\CortexM3\ARM_GCC_541\Debug\AMA_EOS_Lab_3.a(ErikaOS_1_common_ee_hal_structs.o)
                              .\CortexM3\ARM_GCC_541\Debug\AMA_EOS_Lab_3.a(ErikaOS_1_ee_irqendin.o) (EE_std_endcycle_next_tid)
.\CortexM3\ARM_GCC_541\Debug\AMA_EOS_Lab_3.a(ErikaOS_1_eecfg.o)
[...]
Memory Configuration

Name             Origin             Length             Attributes
rom              0x00000000         0x00040000         xr
ram              0x1fff8000         0x00010000         xrw
*default*        0x00000000         0xffffffff

Linker script and memory map

LOAD c:/program files (x86)/cypress/psoc creator/4.4/psoc creator/import/gnu/arm/5.4.1/bin/../lib/gcc/arm-none-eabi/5.4.1/armv7-m/crti.o
LOAD c:/program files (x86)/cypress/psoc creator/4.4/psoc creator/import/gnu/arm/5.4.1/bin/../lib/gcc/arm-none-eabi/5.4.1/armv7-m/crtbegin.o
LOAD c:/program files (x86)/cypress/psoc creator/4.4/psoc creator/import/gnu/arm/5.4.1/bin/../lib/gcc/arm-none-eabi/5.4.1/../../../../arm-none-eabi/lib/armv7-m/crt0.o
START GROUP
LOAD .\CortexM3\ARM_GCC_541\Debug\main.o
LOAD .\CortexM3\ARM_GCC_541\Debug\led.o
LOAD .\CortexM3\ARM_GCC_541\Debug\seven.o
LOAD .\CortexM3\ARM_GCC_541\Debug\button.o
LOAD .\CortexM3\ARM_GCC_541\Debug\tft.o
LOAD .\CortexM3\ARM_GCC_541\Debug\logging.o
LOAD .\CortexM3\ARM_GCC_541\Debug\message.o
LOAD .\CortexM3\ARM_GCC_541\Debug\parser.o
LOAD .\CortexM3\ARM_GCC_541\Debug\drawer.o
LOAD .\CortexM3\ARM_GCC_541\Debug\cyfitter_cfg.o
LOAD .\CortexM3\ARM_GCC_541\Debug\cymetadata.o
LOAD .\CortexM3\ARM_GCC_541\Debug\Cm3Start.o
LOAD .\CortexM3\ARM_GCC_541\Debug\AMA_EOS_Lab_3.a
LOAD C:\Program Files (x86)\Cypress\PSoC Creator\4.4\PSoC Creator\psoc\content\cycomponentlibrary\CyComponentLibrary.cylib\CortexM3\ARM_GCC_541\Debug\CyComponentLibrary.a
END GROUP
START GROUP
LOAD c:/program files (x86)/cypress/psoc creator/4.4/psoc creator/import/gnu/arm/5.4.1/bin/../lib/gcc/arm-none-eabi/5.4.1/armv7-m\libgcc.a
LOAD c:/program files (x86)/cypress/psoc creator/4.4/psoc creator/import/gnu/arm/5.4.1/bin/../lib/gcc/arm-none-eabi/5.4.1/../../../../arm-none-eabi/lib/armv7-m\libg_nano.a
LOAD c:/program files (x86)/cypress/psoc creator/4.4/psoc creator/import/gnu/arm/5.4.1/bin/../lib/gcc/arm-none-eabi/5.4.1/../../../../arm-none-eabi/lib/armv7-m\libc_nano.a
END GROUP
START GROUP
LOAD c:/program files (x86)/cypress/psoc creator/4.4/psoc creator/import/gnu/arm/5.4.1/bin/../lib/gcc/arm-none-eabi/5.4.1/armv7-m\libgcc.a
LOAD c:/program files (x86)/cypress/psoc creator/4.4/psoc creator/import/gnu/arm/5.4.1/bin/../lib/gcc/arm-none-eabi/5.4.1/../../../../arm-none-eabi/lib/armv7-m\libc_nano.a
END GROUP
LOAD c:/program files (x86)/cypress/psoc creator/4.4/psoc creator/import/gnu/arm/5.4.1/bin/../lib/gcc/arm-none-eabi/5.4.1/armv7-m/crtend.o
LOAD c:/program files (x86)/cypress/psoc creator/4.4/psoc creator/import/gnu/arm/5.4.1/bin/../lib/gcc/arm-none-eabi/5.4.1/armv7-m/crtn.o
START GROUP
LOAD c:/program files (x86)/cypress/psoc creator/4.4/psoc creator/import/gnu/arm/5.4.1/bin/../lib/gcc/arm-none-eabi/5.4.1/armv7-m\libgcc.a
LOAD c:/program files (x86)/cypress/psoc creator/4.4/psoc creator/import/gnu/arm/5.4.1/bin/../lib/gcc/arm-none-eabi/5.4.1/../../../../arm-none-eabi/lib/armv7-m\libc.a
LOAD c:/program files (x86)/cypress/psoc creator/4.4/psoc creator/import/gnu/arm/5.4.1/bin/../lib/gcc/arm-none-eabi/5.4.1/../../../../arm-none-eabi/lib/armv7-m\libnosys.a
END GROUP
                0x00000000                CY_APPL_ORIGIN = 0x0
                0x00000100                CY_FLASH_ROW_SIZE = 0x100
                0x00000020                CY_ECC_ROW_SIZE = 0x20
                0x00000000                CY_EE_IN_BTLDR = 0x0
                0x00000000                CY_APPL_LOADABLE = 0x0
                0x00000800                CY_EE_SIZE = 0x800
                0x00000001                CY_APPL_NUM = 0x1
                0x00000001                CY_APPL_MAX = 0x1
                0x00000040                CY_METADATA_SIZE = 0x40
                0x00000000                CY_APPL_LOADABLE = 0x0
                0x00000000                CY_CHECKSUM_EXCLUDE_SIZE = ALIGN (0x0, CY_FLASH_ROW_SIZE)
                0x1fff9268                PROVIDE (__cy_heap_start, _end)
                0x00000001                PROVIDE (__cy_region_num, ((__cy_regions_end - __cy_regions) / 0x10))
                0x20008000                PROVIDE (__cy_stack, (ORIGIN (ram) + LENGTH (ram)))
                0x20007800                PROVIDE (__cy_heap_end, (__cy_stack - 0x800))

.cybootloader   0x00000000        0x0
 *(.cybootloader)
                0x00000000                appl1_start = CY_APPL_ORIGIN?CY_APPL_ORIGIN:ALIGN (CY_FLASH_ROW_SIZE)
                0x0001ff00                appl2_start = (appl1_start + ALIGN ((((LENGTH (rom) - appl1_start) - (0x2 * CY_FLASH_ROW_SIZE)) / 0x2), CY_FLASH_ROW_SIZE))
                0x00000000                appl_start = (CY_APPL_NUM == 0x1)?appl1_start:appl2_start
                0x00000000                ecc_offset = ((appl_start / CY_FLASH_ROW_SIZE) * CY_ECC_ROW_SIZE)
                0x00000000                ee_offset = (CY_APPL_LOADABLE && ! (CY_EE_IN_BTLDR))?((CY_EE_SIZE / CY_APPL_MAX) * (CY_APPL_NUM - 0x1)):0x0
                0x00000800                ee_size = (CY_APPL_LOADABLE && ! (CY_EE_IN_BTLDR))?(CY_EE_SIZE / CY_APPL_MAX):CY_EE_SIZE
                [!provide]                PROVIDE (CY_ECC_OFFSET, ecc_offset)

.text           0x00000000     0x3452
 CREATE_OBJECT_SYMBOLS
                0x00000000                PROVIDE (__cy_interrupt_vector, RomVectors)
 *(.romvectors)
 .romvectors    0x00000000       0x10 .\CortexM3\ARM_GCC_541\Debug\Cm3Start.o
                0x00000000                RomVectors
                0x00000001                ASSERT ((. != __cy_interrupt_vector), No interrupt vector)
                0x00000001                ASSERT (CY_APPL_ORIGIN?(SIZEOF (.cybootloader) <= CY_APPL_ORIGIN):0x1, Wrong image location)
                0x00000010                PROVIDE (__cy_reset, Reset)
 *(.text.Reset)
 .text.Reset    0x00000010       0x24 .\CortexM3\ARM_GCC_541\Debug\Cm3Start.o
                0x00000010                Reset
                0x00000001                ASSERT ((. != __cy_reset), No reset code)
 *(.dma_init)
                0x00000001                ASSERT ((((appl_start + .) <= 0x10000) || 0x1), DMA Init must be within the first 64k of flash)
 *(.text .text.* .gnu.linkonce.t.*)
 .text          0x00000034       0x5c c:/program files (x86)/cypress/psoc creator/4.4/psoc creator/import/gnu/arm/5.4.1/bin/../lib/gcc/arm-none-eabi/5.4.1/armv7-m/crtbegin.o
 .text.main     0x00000090       0x28 .\CortexM3\ARM_GCC_541\Debug\main.o
                0x00000090                main
 .text.FuncTask_Init
                0x000000b8       0x94 .\CortexM3\ARM_GCC_541\Debug\main.o
                0x000000b8                FuncTask_Init
 .text.FuncTask_JSON
                0x0000014c      0x12c .\CortexM3\ARM_GCC_541\Debug\main.o
                0x0000014c                FuncTask_JSON
 .text.FuncTask_TFT
                0x00000278       0x7c .\CortexM3\ARM_GCC_541\Debug\main.o
                0x00000278                FuncTask_TFT
 .text.FuncTask_Background
                0x000002f4        0xc .\CortexM3\ARM_GCC_541\Debug\main.o
                0x000002f4                FuncTask_Background
 .text.ISR2_systick_handler
                0x00000300        0xc .\CortexM3\ARM_GCC_541\Debug\main.o
                0x00000300                ISR2_systick_handler
 .text.systick_handler
                0x0000030c       0x98 .\CortexM3\ARM_GCC_541\Debug\main.o
                0x0000030c                systick_handler
 .text.ISR2_isr_uartRx
                0x000003a4       0xc8 .\CortexM3\ARM_GCC_541\Debug\main.o
                0x000003a4                ISR2_isr_uartRx
 .text.isr_uartRx
                0x0000046c       0x98 .\CortexM3\ARM_GCC_541\Debug\main.o
                0x0000046c                isr_uartRx
 .text.__TFT_SPI_TX_ISR
                0x00000504       0x58 .\CortexM3\ARM_GCC_541\Debug\tft.o
                0x00000504                __TFT_SPI_TX_ISR
 .text.TFT_send
                0x0000055c       0x84 .\CortexM3\ARM_GCC_541\Debug\tft.o
 .text.setAddrWindow
                0x000005e0       0x88 .\CortexM3\ARM_GCC_541\Debug\tft.o
 .text.TFT_setBacklight
                0x00000668       0x10 .\CortexM3\ARM_GCC_541\Debug\tft.o
                0x00000668                TFT_setBacklight
 .text.TFT_setRotation
                0x00000678       0xc0 .\CortexM3\ARM_GCC_541\Debug\tft.o
                0x00000678                TFT_setRotation
 .text.TFT_fillRect
                0x00000738       0x8c .\CortexM3\ARM_GCC_541\Debug\tft.o
                0x00000738                TFT_fillRect
 .text.TFT_fillScreen
                0x000007c4       0x24 .\CortexM3\ARM_GCC_541\Debug\tft.o
                0x000007c4                TFT_fillScreen
 .text.TFT_init
                0x000007e8       0xe4 .\CortexM3\ARM_GCC_541\Debug\tft.o
                0x000007e8                TFT_init
 .text.TFT_drawPixel
                0x000008cc       0x50 .\CortexM3\ARM_GCC_541\Debug\tft.o
                0x000008cc                TFT_drawPixel
 .text.TFT_writeLine
                0x0000091c       0xc0 .\CortexM3\ARM_GCC_541\Debug\tft.o
                0x0000091c                TFT_writeLine
 .text.LOG_send
                0x000009dc       0x2c .\CortexM3\ARM_GCC_541\Debug\logging.o
                0x000009dc                LOG_send
 .text.MSG_waitNextMessage
                0x00000a08       0x14 .\CortexM3\ARM_GCC_541\Debug\message.o
                0x00000a08                MSG_waitNextMessage
 .text.MSG_getFillLevel
                0x00000a1c        0xc .\CortexM3\ARM_GCC_541\Debug\message.o
                0x00000a1c                MSG_getFillLevel
 .text.MSG_sendMessage
                0x00000a28      0x100 .\CortexM3\ARM_GCC_541\Debug\message.o
                0x00000a28                MSG_sendMessage
 .text.MSG_receiveMessage
                0x00000b28      0x104 .\CortexM3\ARM_GCC_541\Debug\message.o
                0x00000b28                MSG_receiveMessage
 .text.MSG_checkAllocation
                0x00000c2c       0x54 .\CortexM3\ARM_GCC_541\Debug\message.o
                0x00000c2c                MSG_checkAllocation
 .text.MSG_init
                0x00000c80       0xbc .\CortexM3\ARM_GCC_541\Debug\message.o
                0x00000c80                MSG_init
 .text.jsmn_alloc_token
                0x00000d3c       0x20 .\CortexM3\ARM_GCC_541\Debug\parser.o
 .text.jsmn_fill_token
                0x00000d5c        0xc .\CortexM3\ARM_GCC_541\Debug\parser.o
 .text.jsmn_parse_primitive
                0x00000d68       0x80 .\CortexM3\ARM_GCC_541\Debug\parser.o
 .text.jsmn_parse_string
                0x00000de8      0x11c .\CortexM3\ARM_GCC_541\Debug\parser.o
 .text.jsmn_parse
                0x00000f04      0x214 .\CortexM3\ARM_GCC_541\Debug\parser.o
 .text.jsmn_init
                0x00001118       0x10 .\CortexM3\ARM_GCC_541\Debug\parser.o
 .text.PARSER_init
                0x00001128       0x18 .\CortexM3\ARM_GCC_541\Debug\parser.o
                0x00001128                PARSER_init
 .text.PARSER_clear
                0x00001140        0xc .\CortexM3\ARM_GCC_541\Debug\parser.o
                0x00001140                PARSER_clear
 .text.PARSER_addChar
                0x0000114c       0x14 .\CortexM3\ARM_GCC_541\Debug\parser.o
                0x0000114c                PARSER_addChar
 .text.PARSER_addEndl
                0x00001160        0xc .\CortexM3\ARM_GCC_541\Debug\parser.o
                0x00001160                PARSER_addEndl
 .text.PARSER_parse
                0x0000116c       0x34 .\CortexM3\ARM_GCC_541\Debug\parser.o
                0x0000116c                PARSER_parse
 .text.PARSER_getNextToken
                0x000011a0       0x38 .\CortexM3\ARM_GCC_541\Debug\parser.o
                0x000011a0                PARSER_getNextToken
 .text.DRAWER__colorFromToken
                0x000011d8       0xb8 .\CortexM3\ARM_GCC_541\Debug\drawer.o
 .text.DRAWER_getNextDrawCommand
                0x00001290      0x174 .\CortexM3\ARM_GCC_541\Debug\drawer.o
                0x00001290                DRAWER_getNextDrawCommand
 .text.CyClockStartupError
                0x00001404        0x4 .\CortexM3\ARM_GCC_541\Debug\cyfitter_cfg.o
 .text.cfg_write_bytes32
                0x00001408       0x34 .\CortexM3\ARM_GCC_541\Debug\cyfitter_cfg.o
 .text.AnalogSetDefault
                0x0000143c       0x28 .\CortexM3\ARM_GCC_541\Debug\cyfitter_cfg.o
 .text.CYMEMZERO
                0x00001464        0xc .\CortexM3\ARM_GCC_541\Debug\cyfitter_cfg.o
 .text.ClockSetup
                0x00001470       0xd0 .\CortexM3\ARM_GCC_541\Debug\cyfitter_cfg.o
 .text.CYCONFIGCPY
                0x00001540        0x8 .\CortexM3\ARM_GCC_541\Debug\cyfitter_cfg.o
 .text.cyfitter_cfg
                0x00001548      0x134 .\CortexM3\ARM_GCC_541\Debug\cyfitter_cfg.o
                0x00001548                cyfitter_cfg
 .text.IntDefaultHandler
                0x0000167c       0x10 .\CortexM3\ARM_GCC_541\Debug\Cm3Start.o
                0x0000167c                IntDefaultHandler
 .text._sbrk    0x0000168c       0x30 .\CortexM3\ARM_GCC_541\Debug\Cm3Start.o
                0x0000168c                _sbrk
 .text.Start_c  0x000016bc       0x4c .\CortexM3\ARM_GCC_541\Debug\Cm3Start.o
                0x000016bc                Start_c
 .text.initialize_psoc
                0x00001708       0x68 .\CortexM3\ARM_GCC_541\Debug\Cm3Start.o
                0x00001708                initialize_psoc
 .text.UART_LOG_Init
                0x00001770       0x24 .\CortexM3\ARM_GCC_541\Debug\AMA_EOS_Lab_3.a(UART_LOG.o)
                0x00001770                UART_LOG_Init
 .text.UART_LOG_Enable
                0x00001794       0x38 .\CortexM3\ARM_GCC_541\Debug\AMA_EOS_Lab_3.a(UART_LOG.o)
                0x00001794                UART_LOG_Enable
 .text.UART_LOG_Start
                0x000017cc       0x1c .\CortexM3\ARM_GCC_541\Debug\AMA_EOS_Lab_3.a(UART_LOG.o)
                0x000017cc                UART_LOG_Start
 .text.UART_LOG_PutChar
                0x000017e8       0x18 .\CortexM3\ARM_GCC_541\Debug\AMA_EOS_Lab_3.a(UART_LOG.o)
                0x000017e8                UART_LOG_PutChar
 .text.UART_LOG_PutString
                0x00001800       0x24 .\CortexM3\ARM_GCC_541\Debug\AMA_EOS_Lab_3.a(UART_LOG.o)
                0x00001800                UART_LOG_PutString
 .text.EE_oo_ActivateTask
                0x00001824       0xe8 .\CortexM3\ARM_GCC_541\Debug\AMA_EOS_Lab_3.a(ErikaOS_1_ee_activate.o)
                0x00001824                EE_oo_ActivateTask
 .text.EE_oo_handle_action_callback
                0x0000190c        0xc .\CortexM3\ARM_GCC_541\Debug\AMA_EOS_Lab_3.a(ErikaOS_1_ee_altick.o)
 .text.EE_oo_handle_action_task
                0x00001918       0x4c .\CortexM3\ARM_GCC_541\Debug\AMA_EOS_Lab_3.a(ErikaOS_1_ee_altick.o)
 .text.EE_oo_handle_action_event
                0x00001964       0x60 .\CortexM3\ARM_GCC_541\Debug\AMA_EOS_Lab_3.a(ErikaOS_1_ee_altick.o)
 .text.EE_oo_handle_action
                0x000019c4       0x28 .\CortexM3\ARM_GCC_541\Debug\AMA_EOS_Lab_3.a(ErikaOS_1_ee_altick.o)
 .text.EE_oo_counter_object_insert
                0x000019ec       0x9c .\CortexM3\ARM_GCC_541\Debug\AMA_EOS_Lab_3.a(ErikaOS_1_ee_altick.o)
                0x000019ec                EE_oo_counter_object_insert
 .text.EE_oo_IncrementCounterImplementation
                0x00001a88      0x100 .\CortexM3\ARM_GCC_541\Debug\AMA_EOS_Lab_3.a(ErikaOS_1_ee_altick.o)
                0x00001a88                EE_oo_IncrementCounterImplementation
 .text.EE_oo_IncrementCounter
                0x00001b88       0xb0 .\CortexM3\ARM_GCC_541\Debug\AMA_EOS_Lab_3.a(ErikaOS_1_ee_altick.o)
                0x00001b88                EE_oo_IncrementCounter
 .text.EE_oo_ClearEvent
                0x00001c38       0x5c .\CortexM3\ARM_GCC_541\Debug\AMA_EOS_Lab_3.a(ErikaOS_1_ee_evclear.o)
                0x00001c38                EE_oo_ClearEvent
 .text.EE_oo_SetEvent
                0x00001c94      0x100 .\CortexM3\ARM_GCC_541\Debug\AMA_EOS_Lab_3.a(ErikaOS_1_ee_evset.o)
                0x00001c94                EE_oo_SetEvent
 .text.EE_oo_WaitEvent
                0x00001d94      0x124 .\CortexM3\ARM_GCC_541\Debug\AMA_EOS_Lab_3.a(ErikaOS_1_ee_evwait.o)
                0x00001d94                EE_oo_WaitEvent
 .text.EE_IRQ_run_next_task
                0x00001eb8       0x30 .\CortexM3\ARM_GCC_541\Debug\AMA_EOS_Lab_3.a(ErikaOS_1_ee_irqendin.o)
 .text.EE_IRQ_end_instance
                0x00001ee8       0x68 .\CortexM3\ARM_GCC_541\Debug\AMA_EOS_Lab_3.a(ErikaOS_1_ee_irqendin.o)
                0x00001ee8                EE_IRQ_end_instance
 .text.EE_IRQ_end_post_stub
                0x00001f50       0x14 .\CortexM3\ARM_GCC_541\Debug\AMA_EOS_Lab_3.a(ErikaOS_1_ee_irqendin.o)
                0x00001f50                EE_IRQ_end_post_stub
 .text.EE_oo_GetResource
                0x00001f64       0xa8 .\CortexM3\ARM_GCC_541\Debug\AMA_EOS_Lab_3.a(ErikaOS_1_ee_lockres.o)
                0x00001f64                EE_oo_GetResource
 .text.EE_rq2stk_exchange
                0x0000200c       0x88 .\CortexM3\ARM_GCC_541\Debug\AMA_EOS_Lab_3.a(ErikaOS_1_ee_rq_exchg.o)
                0x0000200c                EE_rq2stk_exchange
 .text.EE_rq_queryfirst
                0x00002094       0x44 .\CortexM3\ARM_GCC_541\Debug\AMA_EOS_Lab_3.a(ErikaOS_1_ee_rq_first.o)
                0x00002094                EE_rq_queryfirst
 .text.EE_rq_insert
                0x000020d8       0x74 .\CortexM3\ARM_GCC_541\Debug\AMA_EOS_Lab_3.a(ErikaOS_1_ee_rq_inser.o)
                0x000020d8                EE_rq_insert
 .text.compute_task_tid
                0x0000214c       0x10 .\CortexM3\ARM_GCC_541\Debug\AMA_EOS_Lab_3.a(ErikaOS_1_ee_startos.o)
 .text.EE_oo_start_os
                0x0000215c        0xc .\CortexM3\ARM_GCC_541\Debug\AMA_EOS_Lab_3.a(ErikaOS_1_ee_startos.o)
 .text.EE_oo_autostart_tasks
                0x00002168       0x60 .\CortexM3\ARM_GCC_541\Debug\AMA_EOS_Lab_3.a(ErikaOS_1_ee_startos.o)
 .text.EE_oo_autostart_os
                0x000021c8        0xc .\CortexM3\ARM_GCC_541\Debug\AMA_EOS_Lab_3.a(ErikaOS_1_ee_startos.o)
 .text.EE_oo_StartOS
                0x000021d4       0x8c .\CortexM3\ARM_GCC_541\Debug\AMA_EOS_Lab_3.a(ErikaOS_1_ee_startos.o)
                0x000021d4                EE_oo_StartOS
 .text.EE_oo_TerminateTask
                0x00002260       0x50 .\CortexM3\ARM_GCC_541\Debug\AMA_EOS_Lab_3.a(ErikaOS_1_ee_terminat.o)
                0x00002260                EE_oo_TerminateTask
 .text.EE_oo_ReleaseResource
                0x000022b0      0x124 .\CortexM3\ARM_GCC_541\Debug\AMA_EOS_Lab_3.a(ErikaOS_1_ee_ulockres.o)
                0x000022b0                EE_oo_ReleaseResource
 .text.EE_system_init
                0x000023d4       0x48 .\CortexM3\ARM_GCC_541\Debug\AMA_EOS_Lab_3.a(ErikaOS_1_cortex_mx_ee_utils.o)
                0x000023d4                EE_system_init
 .text.UART_LOG_IntClock_Start
                0x0000241c       0x1c .\CortexM3\ARM_GCC_541\Debug\AMA_EOS_Lab_3.a(UART_LOG_IntClock.o)
                0x0000241c                UART_LOG_IntClock_Start
 .text.CyHalt   0x00002438        0x4 .\CortexM3\ARM_GCC_541\Debug\AMA_EOS_Lab_3.a(CyLib.o)
                0x00002438                CyHalt
 .text.CyDelay  0x0000243c       0x2c .\CortexM3\ARM_GCC_541\Debug\AMA_EOS_Lab_3.a(CyLib.o)
                0x0000243c                CyDelay
 .text.CyIntSetPriority
                0x00002468       0x30 .\CortexM3\ARM_GCC_541\Debug\AMA_EOS_Lab_3.a(CyLib.o)
                0x00002468                CyIntSetPriority
 .text.TFT_SPI_Enable
                0x00002498       0x30 .\CortexM3\ARM_GCC_541\Debug\AMA_EOS_Lab_3.a(TFT_SPI.o)
                0x00002498                TFT_SPI_Enable
 .text.TFT_SPI_ReadTxStatus
                0x000024c8        0xc .\CortexM3\ARM_GCC_541\Debug\AMA_EOS_Lab_3.a(TFT_SPI.o)
                0x000024c8                TFT_SPI_ReadTxStatus
 .text.TFT_SPI_ReadRxStatus
                0x000024d4        0xc .\CortexM3\ARM_GCC_541\Debug\AMA_EOS_Lab_3.a(TFT_SPI.o)
                0x000024d4                TFT_SPI_ReadRxStatus
 .text.TFT_SPI_WriteTxData
                0x000024e0       0x18 .\CortexM3\ARM_GCC_541\Debug\AMA_EOS_Lab_3.a(TFT_SPI.o)
                0x000024e0                TFT_SPI_WriteTxData
 .text.TFT_SPI_ClearFIFO
                0x000024f8       0x3c .\CortexM3\ARM_GCC_541\Debug\AMA_EOS_Lab_3.a(TFT_SPI.o)
                0x000024f8                TFT_SPI_ClearFIFO
 .text.TFT_SPI_Init
                0x00002534       0x28 .\CortexM3\ARM_GCC_541\Debug\AMA_EOS_Lab_3.a(TFT_SPI.o)
                0x00002534                TFT_SPI_Init
 .text.TFT_SPI_Start
                0x0000255c       0x1c .\CortexM3\ARM_GCC_541\Debug\AMA_EOS_Lab_3.a(TFT_SPI.o)
                0x0000255c                TFT_SPI_Start
 .text.TFT_DC_Write
                0x00002578       0x18 .\CortexM3\ARM_GCC_541\Debug\AMA_EOS_Lab_3.a(TFT_DC.o)
                0x00002578                TFT_DC_Write
 .text.TFT_RES_Write
                0x00002590       0x18 .\CortexM3\ARM_GCC_541\Debug\AMA_EOS_Lab_3.a(TFT_RES.o)
                0x00002590                TFT_RES_Write
 .text.TFT_BackLight_Enable
                0x000025a8       0x10 .\CortexM3\ARM_GCC_541\Debug\AMA_EOS_Lab_3.a(TFT_BackLight.o)
                0x000025a8                TFT_BackLight_Enable
 .text.TFT_BackLight_WriteCounter
                0x000025b8        0xc .\CortexM3\ARM_GCC_541\Debug\AMA_EOS_Lab_3.a(TFT_BackLight.o)
                0x000025b8                TFT_BackLight_WriteCounter
 .text.TFT_BackLight_WritePeriod
                0x000025c4        0xc .\CortexM3\ARM_GCC_541\Debug\AMA_EOS_Lab_3.a(TFT_BackLight.o)
                0x000025c4                TFT_BackLight_WritePeriod
 .text.TFT_BackLight_WriteCompare
                0x000025d0        0xc .\CortexM3\ARM_GCC_541\Debug\AMA_EOS_Lab_3.a(TFT_BackLight.o)
                0x000025d0                TFT_BackLight_WriteCompare
 .text.TFT_BackLight_SetInterruptMode
                0x000025dc        0xc .\CortexM3\ARM_GCC_541\Debug\AMA_EOS_Lab_3.a(TFT_BackLight.o)
                0x000025dc                TFT_BackLight_SetInterruptMode
 .text.TFT_BackLight_ReadStatusRegister
                0x000025e8        0xc .\CortexM3\ARM_GCC_541\Debug\AMA_EOS_Lab_3.a(TFT_BackLight.o)
                0x000025e8                TFT_BackLight_ReadStatusRegister
 .text.TFT_BackLight_ReadCapture
                0x000025f4        0xc .\CortexM3\ARM_GCC_541\Debug\AMA_EOS_Lab_3.a(TFT_BackLight.o)
                0x000025f4                TFT_BackLight_ReadCapture
 .text.TFT_BackLight_ClearFIFO
                0x00002600       0x14 .\CortexM3\ARM_GCC_541\Debug\AMA_EOS_Lab_3.a(TFT_BackLight.o)
                0x00002600                TFT_BackLight_ClearFIFO
 .text.TFT_BackLight_Init
                0x00002614       0x50 .\CortexM3\ARM_GCC_541\Debug\AMA_EOS_Lab_3.a(TFT_BackLight.o)
                0x00002614                TFT_BackLight_Init
 .text.TFT_BackLight_Start
                0x00002664       0x1c .\CortexM3\ARM_GCC_541\Debug\AMA_EOS_Lab_3.a(TFT_BackLight.o)
                0x00002664                TFT_BackLight_Start
 .text          0x00002680       0x7c .\CortexM3\ARM_GCC_541\Debug\AMA_EOS_Lab_3.a(ErikaOS_1_ee_gnu_change_context_isr.o)
                0x00002680                EE_set_switch_context_pri
                0x0000269a                EE_switch_context
                0x000026a4                EE_cortex_mx_pendsv_ISR
                0x000026e0                EE_cortex_mx_svc_ISR
 .text          0x000026fc       0x24 .\CortexM3\ARM_GCC_541\Debug\AMA_EOS_Lab_3.a(ErikaOS_1_ee_gnu_irq_stack.o)
                0x000026fc                EE_cortex_mx_change_IRQ_stack
                0x0000270e                EE_cortex_mx_change_IRQ_stack_back
 .text          0x00002720       0x68 .\CortexM3\ARM_GCC_541\Debug\AMA_EOS_Lab_3.a(ErikaOS_1_ee_gnu_multi_context.o)
                0x00002720                EE_cortex_mx_change_context
 .text          0x00002788       0x80 .\CortexM3\ARM_GCC_541\Debug\AMA_EOS_Lab_3.a(ErikaOS_1_ee_gnu_oo.o)
                0x00002788                EE_hal_terminate_savestk
                0x000027d2                EE_hal_terminate_task
 .text          0x00002808       0x20 .\CortexM3\ARM_GCC_541\Debug\AMA_EOS_Lab_3.a(CyBootAsmGnu.o)
                0x00002808                CyDelayCycles
                0x00002818                CyEnterCriticalSection
                0x00002820                CyExitCriticalSection
 .text.EE_thread_not_terminated
                0x00002828       0x18 .\CortexM3\ARM_GCC_541\Debug\AMA_EOS_Lab_3.a(ErikaOS_1_ee_tnterm.o)
                0x00002828                EE_thread_not_terminated
 .text.EE_oo_thread_stub
                0x00002840       0x10 .\CortexM3\ARM_GCC_541\Debug\AMA_EOS_Lab_3.a(ErikaOS_1_ee_tstub.o)
                0x00002840                EE_oo_thread_stub
 .text.EE_oo_release_all_resources
                0x00002850       0x58 .\CortexM3\ARM_GCC_541\Debug\AMA_EOS_Lab_3.a(ErikaOS_1_ee_ulockallres.o)
                0x00002850                EE_oo_release_all_resources
 .text.EE_std_run_task_code
                0x000028a8       0x18 .\CortexM3\ARM_GCC_541\Debug\AMA_EOS_Lab_3.a(ErikaOS_1_cortex_mx_ee_context.o)
                0x000028a8                EE_std_run_task_code
 .text.EE_std_need_context_change
                0x000028c0       0x28 .\CortexM3\ARM_GCC_541\Debug\AMA_EOS_Lab_3.a(ErikaOS_1_cortex_mx_ee_context.o)
                0x000028c0                EE_std_need_context_change
 .text.EE_thread_rnact_max
                0x000028e8       0x20 .\CortexM3\ARM_GCC_541\Debug\AMA_EOS_Lab_3.a(ErikaOS_1_ee_thendin.o)
 .text.EE_thread_endcycle_next
                0x00002908       0x30 .\CortexM3\ARM_GCC_541\Debug\AMA_EOS_Lab_3.a(ErikaOS_1_ee_thendin.o)
 .text.EE_thread_end_instance
                0x00002938      0x108 .\CortexM3\ARM_GCC_541\Debug\AMA_EOS_Lab_3.a(ErikaOS_1_ee_thendin.o)
                0x00002938                EE_thread_end_instance
 .text.atoi     0x00002a40        0x8 c:/program files (x86)/cypress/psoc creator/4.4/psoc creator/import/gnu/arm/5.4.1/bin/../lib/gcc/arm-none-eabi/5.4.1/../../../../arm-none-eabi/lib/armv7-m\libg_nano.a(lib_a-atoi.o)
                0x00002a40                atoi
 .text.__errno  0x00002a48        0xc c:/program files (x86)/cypress/psoc creator/4.4/psoc creator/import/gnu/arm/5.4.1/bin/../lib/gcc/arm-none-eabi/5.4.1/../../../../arm-none-eabi/lib/armv7-m\libg_nano.a(lib_a-errno.o)
                0x00002a48                __errno
 .text.__libc_init_array
                0x00002a54       0x4c c:/program files (x86)/cypress/psoc creator/4.4/psoc creator/import/gnu/arm/5.4.1/bin/../lib/gcc/arm-none-eabi/5.4.1/../../../../arm-none-eabi/lib/armv7-m\libg_nano.a(lib_a-init.o)
                0x00002a54                __libc_init_array
 .text.malloc   0x00002aa0       0x10 c:/program files (x86)/cypress/psoc creator/4.4/psoc creator/import/gnu/arm/5.4.1/bin/../lib/gcc/arm-none-eabi/5.4.1/../../../../arm-none-eabi/lib/armv7-m\libg_nano.a(lib_a-malloc.o)
                0x00002aa0                malloc
 .text.memcpy   0x00002ab0       0x16 c:/program files (x86)/cypress/psoc creator/4.4/psoc creator/import/gnu/arm/5.4.1/bin/../lib/gcc/arm-none-eabi/5.4.1/../../../../arm-none-eabi/lib/armv7-m\libg_nano.a(lib_a-memcpy-stub.o)
                0x00002ab0                memcpy
 .text.memset   0x00002ac6       0x10 c:/program files (x86)/cypress/psoc creator/4.4/psoc creator/import/gnu/arm/5.4.1/bin/../lib/gcc/arm-none-eabi/5.4.1/../../../../arm-none-eabi/lib/armv7-m\libg_nano.a(lib_a-memset.o)
                0x00002ac6                memset
 *fill*         0x00002ad6        0x2 
 .text._free_r  0x00002ad8       0x98 c:/program files (x86)/cypress/psoc creator/4.4/psoc creator/import/gnu/arm/5.4.1/bin/../lib/gcc/arm-none-eabi/5.4.1/../../../../arm-none-eabi/lib/armv7-m\libg_nano.a(lib_a-nano-freer.o)
                0x00002ad8                _free_r
 .text._malloc_r
                0x00002b70       0xbc c:/program files (x86)/cypress/psoc creator/4.4/psoc creator/import/gnu/arm/5.4.1/bin/../lib/gcc/arm-none-eabi/5.4.1/../../../../arm-none-eabi/lib/armv7-m\libg_nano.a(lib_a-nano-mallocr.o)
                0x00002b70                _malloc_r
 .text._sbrk_r  0x00002c2c       0x20 c:/program files (x86)/cypress/psoc creator/4.4/psoc creator/import/gnu/arm/5.4.1/bin/../lib/gcc/arm-none-eabi/5.4.1/../../../../arm-none-eabi/lib/armv7-m\libg_nano.a(lib_a-sbrkr.o)
                0x00002c2c                _sbrk_r
 .text.sprintf  0x00002c4c       0x48 c:/program files (x86)/cypress/psoc creator/4.4/psoc creator/import/gnu/arm/5.4.1/bin/../lib/gcc/arm-none-eabi/5.4.1/../../../../arm-none-eabi/lib/armv7-m\libg_nano.a(lib_a-sprintf.o)
                0x00002c4c                siprintf
                0x00002c4c                sprintf
 .text          0x00002c94       0x14 c:/program files (x86)/cypress/psoc creator/4.4/psoc creator/import/gnu/arm/5.4.1/bin/../lib/gcc/arm-none-eabi/5.4.1/../../../../arm-none-eabi/lib/armv7-m\libg_nano.a(lib_a-strcmp.o)
                0x00002c94                strcmp
 .text._strtol_r
                0x00002ca8      0x10c c:/program files (x86)/cypress/psoc creator/4.4/psoc creator/import/gnu/arm/5.4.1/bin/../lib/gcc/arm-none-eabi/5.4.1/../../../../arm-none-eabi/lib/armv7-m\libg_nano.a(lib_a-strtol.o)
                0x00002ca8                _strtol_r
 .text.strtol   0x00002db4       0x14 c:/program files (x86)/cypress/psoc creator/4.4/psoc creator/import/gnu/arm/5.4.1/bin/../lib/gcc/arm-none-eabi/5.4.1/../../../../arm-none-eabi/lib/armv7-m\libg_nano.a(lib_a-strtol.o)
                0x00002db4                strtol
 .text.__malloc_lock
                0x00002dc8        0x2 c:/program files (x86)/cypress/psoc creator/4.4/psoc creator/import/gnu/arm/5.4.1/bin/../lib/gcc/arm-none-eabi/5.4.1/../../../../arm-none-eabi/lib/armv7-m\libg_nano.a(lib_a-mlock.o)
                0x00002dc8                __malloc_lock
 .text.__malloc_unlock
                0x00002dca        0x2 c:/program files (x86)/cypress/psoc creator/4.4/psoc creator/import/gnu/arm/5.4.1/bin/../lib/gcc/arm-none-eabi/5.4.1/../../../../arm-none-eabi/lib/armv7-m\libg_nano.a(lib_a-mlock.o)
                0x00002dca                __malloc_unlock
 .text.__ssputs_r
                0x00002dcc       0xb2 c:/program files (x86)/cypress/psoc creator/4.4/psoc creator/import/gnu/arm/5.4.1/bin/../lib/gcc/arm-none-eabi/5.4.1/../../../../arm-none-eabi/lib/armv7-m\libg_nano.a(lib_a-nano-svfprintf.o)
                0x00002dcc                __ssputs_r
 *fill*         0x00002e7e        0x2 
 .text._svfprintf_r
                0x00002e80      0x1e8 c:/program files (x86)/cypress/psoc creator/4.4/psoc creator/import/gnu/arm/5.4.1/bin/../lib/gcc/arm-none-eabi/5.4.1/../../../../arm-none-eabi/lib/armv7-m\libg_nano.a(lib_a-nano-svfprintf.o)
                0x00002e80                _svfiprintf_r
                0x00002e80                _svfprintf_r
 .text._printf_common
                0x00003068       0xec c:/program files (x86)/cypress/psoc creator/4.4/psoc creator/import/gnu/arm/5.4.1/bin/../lib/gcc/arm-none-eabi/5.4.1/../../../../arm-none-eabi/lib/armv7-m\libg_nano.a(lib_a-nano-vfprintf_i.o)
                0x00003068                _printf_common
 .text._printf_i
                0x00003154      0x24c c:/program files (x86)/cypress/psoc creator/4.4/psoc creator/import/gnu/arm/5.4.1/bin/../lib/gcc/arm-none-eabi/5.4.1/../../../../arm-none-eabi/lib/armv7-m\libg_nano.a(lib_a-nano-vfprintf_i.o)
                0x00003154                _printf_i
 .text.memchr   0x000033a0       0x1c c:/program files (x86)/cypress/psoc creator/4.4/psoc creator/import/gnu/arm/5.4.1/bin/../lib/gcc/arm-none-eabi/5.4.1/../../../../arm-none-eabi/lib/armv7-m\libg_nano.a(lib_a-memchr-stub.o)
                0x000033a0                memchr
 .text.memmove  0x000033bc       0x36 c:/program files (x86)/cypress/psoc creator/4.4/psoc creator/import/gnu/arm/5.4.1/bin/../lib/gcc/arm-none-eabi/5.4.1/../../../../arm-none-eabi/lib/armv7-m\libg_nano.a(lib_a-memmove.o)
                0x000033bc                memmove
 .text._realloc_r
                0x000033f2       0x4c c:/program files (x86)/cypress/psoc creator/4.4/psoc creator/import/gnu/arm/5.4.1/bin/../lib/gcc/arm-none-eabi/5.4.1/../../../../arm-none-eabi/lib/armv7-m\libg_nano.a(lib_a-nano-reallocr.o)
                0x000033f2                _realloc_r
 .text._malloc_usable_size_r
                0x0000343e       0x14 c:/program files (x86)/cypress/psoc creator/4.4/psoc creator/import/gnu/arm/5.4.1/bin/../lib/gcc/arm-none-eabi/5.4.1/../../../../arm-none-eabi/lib/armv7-m\libg_nano.a(lib_a-nano-msizer.o)
                0x0000343e                _malloc_usable_size_r
 *(.plt)
 *(.gnu.warning)
 *(.glue_7t)
 .glue_7t       0x00003452        0x0 linker stubs
 *(.glue_7)
 .glue_7        0x00003452        0x0 linker stubs
 *(.vfp11_veneer)
 .vfp11_veneer  0x00003452        0x0 linker stubs
 *(.bootloader)
 *(.ARM.extab* .gnu.linkonce.armextab.*)
 *(.gcc_except_table)

.v4_bx          0x00003454        0x0
 .v4_bx         0x00003454        0x0 linker stubs

.iplt           0x00003454        0x0
 .iplt          0x00003454        0x0 c:/program files (x86)/cypress/psoc creator/4.4/psoc creator/import/gnu/arm/5.4.1/bin/../lib/gcc/arm-none-eabi/5.4.1/armv7-m/crtbegin.o

.eh_frame_hdr
 *(.eh_frame_hdr)

.eh_frame       0x00003454        0x4
 *(.eh_frame)
 .eh_frame      0x00003454        0x0 c:/program files (x86)/cypress/psoc creator/4.4/psoc creator/import/gnu/arm/5.4.1/bin/../lib/gcc/arm-none-eabi/5.4.1/armv7-m/crtbegin.o
 .eh_frame      0x00003454        0x4 c:/program files (x86)/cypress/psoc creator/4.4/psoc creator/import/gnu/arm/5.4.1/bin/../lib/gcc/arm-none-eabi/5.4.1/armv7-m/crtend.o
                [!provide]                PROVIDE (__exidx_start, .)

.ARM.exidx
 *(.ARM.exidx* .gnu.linkonce.armexidx.*)
                0x00003458                __exidx_end = .

.rodata         0x00003458      0xbf8
 *(.rodata .rodata.* .gnu.linkonce.r.*)
 .rodata.str1.4
                0x00003458       0x63 .\CortexM3\ARM_GCC_541\Debug\main.o
 *fill*         0x000034bb        0x1 
 .rodata        0x000034bc      0x558 .\CortexM3\ARM_GCC_541\Debug\tft.o
 .rodata.str1.4
                0x00003a14       0x14 .\CortexM3\ARM_GCC_541\Debug\tft.o
 .rodata.str1.4
                0x00003a28       0x14 .\CortexM3\ARM_GCC_541\Debug\logging.o
                                 0x18 (size before relaxing)
 .rodata.str1.4
                0x00003a3c      0x1db .\CortexM3\ARM_GCC_541\Debug\message.o
 *fill*         0x00003c17        0x1 
 .rodata.str1.4
                0x00003c18       0x41 .\CortexM3\ARM_GCC_541\Debug\drawer.o
 *fill*         0x00003c59        0x3 
 .rodata        0x00003c5c       0x4e .\CortexM3\ARM_GCC_541\Debug\cyfitter_cfg.o
 *fill*         0x00003caa        0x2 
 .rodata        0x00003cac      0x100 .\CortexM3\ARM_GCC_541\Debug\AMA_EOS_Lab_3.a(ErikaOS_1_ee_lookup.o)
                0x00003cac                EE_rq_lookup
 .rodata        0x00003dac       0xcc .\CortexM3\ARM_GCC_541\Debug\AMA_EOS_Lab_3.a(ErikaOS_1_eecfg.o)
                0x00003dac                EE_oo_autostart_task_data
                0x00003db8                EE_oo_action_ROM
                0x00003dcc                EE_oo_counter_object_ROM
                0x00003dd8                EE_ALARM_ID
                0x00003ddc                EE_alarm_ROM
                0x00003de0                EE_counter_ROM
                0x00003dec                EE_resource_ceiling
                0x00003df4                EE_th_is_extended
                0x00003e04                EE_th_rnact_max
                0x00003e14                EE_th_dispatch_prio
                0x00003e24                EE_EVENT_ID
                0x00003e2c                EE_RESOURCE_ID
                0x00003e34                EE_th_ready_prio
                0x00003e44                EE_terminate_real_th_body
                0x00003e54                EE_hal_thread_body
                0x00003e64                EE_std_thread_tos
 .rodata.str1.4
                0x00003e78       0x6c .\CortexM3\ARM_GCC_541\Debug\AMA_EOS_Lab_3.a(ErikaOS_1_eecfg.o)
 .rodata.str1.1
                0x00003ee4        0x2 c:/program files (x86)/cypress/psoc creator/4.4/psoc creator/import/gnu/arm/5.4.1/bin/../lib/gcc/arm-none-eabi/5.4.1/../../../../arm-none-eabi/lib/armv7-m\libg_nano.a(lib_a-impure.o)
 .rodata._ctype_
                0x00003ee6      0x101 c:/program files (x86)/cypress/psoc creator/4.4/psoc creator/import/gnu/arm/5.4.1/bin/../lib/gcc/arm-none-eabi/5.4.1/../../../../arm-none-eabi/lib/armv7-m\libg_nano.a(lib_a-ctype_.o)
                0x00003ee6                _ctype_
 .rodata.str1.1
                0x00003fe7       0x11 c:/program files (x86)/cypress/psoc creator/4.4/psoc creator/import/gnu/arm/5.4.1/bin/../lib/gcc/arm-none-eabi/5.4.1/../../../../arm-none-eabi/lib/armv7-m\libg_nano.a(lib_a-nano-svfprintf.o)
 .rodata.str1.1
                0x00003ff8       0x22 c:/program files (x86)/cypress/psoc creator/4.4/psoc creator/import/gnu/arm/5.4.1/bin/../lib/gcc/arm-none-eabi/5.4.1/../../../../arm-none-eabi/lib/armv7-m\libg_nano.a(lib_a-nano-vfprintf_i.o)
                0x0000401c                . = ALIGN (0x4)
 *fill*         0x0000401a        0x2 
 *(.init)
 .init          0x0000401c        0x4 c:/program files (x86)/cypress/psoc creator/4.4/psoc creator/import/gnu/arm/5.4.1/bin/../lib/gcc/arm-none-eabi/5.4.1/armv7-m/crti.o
                0x0000401c                _init
 .init          0x00004020        0x8 c:/program files (x86)/cypress/psoc creator/4.4/psoc creator/import/gnu/arm/5.4.1/bin/../lib/gcc/arm-none-eabi/5.4.1/armv7-m/crtn.o
                0x00004028                . = ALIGN (0x4)
                0x00004028                __preinit_array_start = .
 *(.preinit_array)
                0x00004028                __preinit_array_end = .
                0x00004028                . = ALIGN (0x4)
                0x00004028                __init_array_start = .
 *(SORT(.init_array.*))
 *(.init_array)
 .init_array    0x00004028        0x4 c:/program files (x86)/cypress/psoc creator/4.4/psoc creator/import/gnu/arm/5.4.1/bin/../lib/gcc/arm-none-eabi/5.4.1/armv7-m/crtbegin.o
 .init_array    0x0000402c        0x4 .\CortexM3\ARM_GCC_541\Debug\Cm3Start.o
                0x00004030                __init_array_end = .
                0x00004030                . = ALIGN (0x4)
 *(.fini)
 .fini          0x00004030        0x4 c:/program files (x86)/cypress/psoc creator/4.4/psoc creator/import/gnu/arm/5.4.1/bin/../lib/gcc/arm-none-eabi/5.4.1/armv7-m/crti.o
                0x00004030                _fini
 .fini          0x00004034        0x8 c:/program files (x86)/cypress/psoc creator/4.4/psoc creator/import/gnu/arm/5.4.1/bin/../lib/gcc/arm-none-eabi/5.4.1/armv7-m/crtn.o
                0x0000403c                . = ALIGN (0x4)
                0x0000403c                __fini_array_start = .
 *(.fini_array)
 .fini_array    0x0000403c        0x4 c:/program files (x86)/cypress/psoc creator/4.4/psoc creator/import/gnu/arm/5.4.1/bin/../lib/gcc/arm-none-eabi/5.4.1/armv7-m/crtbegin.o
 *(SORT(.fini_array.*))
                0x00004040                __fini_array_end = .
                0x00004040                . = ALIGN (0x4)
 *crtbegin.o(.ctors)
 *(EXCLUDE_FILE(*crtend.o) .ctors)
 *(SORT(.ctors.*))
 *crtend.o(.ctors)
                0x00004040                . = ALIGN (0x4)
 *crtbegin.o(.dtors)
 *(EXCLUDE_FILE(*crtend.o) .dtors)
 *(SORT(.dtors.*))
 *crtend.o(.dtors)
                0x00004040                . = ALIGN (0x4)
                0x00004040                __cy_regions = .
                0x00004040        0x4 LONG 0x4050 __cy_region_init_ram
                0x00004044        0x4 LONG 0x1fff80c8 __cy_region_start_data
                0x00004048        0x4 LONG 0x1c0 __cy_region_init_size_ram
                0x0000404c        0x4 LONG 0xfe0 __cy_region_zero_size_ram
                0x00004050                __cy_regions_end = .
                0x00004050                . = ALIGN (0x8)
                0x00004050                _etext = .

.cy_checksum_exclude
                0x00004050        0x0
 *(.cy_checksum_exclude)

.ramvectors     0x1fff8000       0xc0
                0x1fff8000                __cy_region_start_ram = .
 *(.ramvectors)
 .ramvectors    0x1fff8000       0xc0 .\CortexM3\ARM_GCC_541\Debug\Cm3Start.o
                0x1fff8000                CyRamVectors

.noinit         0x1fff80c0        0x1
 *(.noinit)
 .noinit        0x1fff80c0        0x1 .\CortexM3\ARM_GCC_541\Debug\AMA_EOS_Lab_3.a(CyLib.o)
                0x1fff80c0                CyResetStatus

.data           0x1fff80c8      0x1c0 load address 0x00004050
                0x1fff80c8                __cy_region_start_data = .
 *(.jcr)
 .jcr           0x1fff80c8        0x0 c:/program files (x86)/cypress/psoc creator/4.4/psoc creator/import/gnu/arm/5.4.1/bin/../lib/gcc/arm-none-eabi/5.4.1/armv7-m/crtbegin.o
 .jcr           0x1fff80c8        0x4 c:/program files (x86)/cypress/psoc creator/4.4/psoc creator/import/gnu/arm/5.4.1/bin/../lib/gcc/arm-none-eabi/5.4.1/armv7-m/crtend.o
 *(.got.plt)
 *(.got)
 *(.shdata)
 *(.data .data.* .gnu.linkonce.d.*)
 .data          0x1fff80cc        0x4 .\CortexM3\ARM_GCC_541\Debug\Cm3Start.o
 .data          0x1fff80d0      0x138 .\CortexM3\ARM_GCC_541\Debug\AMA_EOS_Lab_3.a(ErikaOS_1_eecfg.o)
                0x1fff80d0                EE_ALARM_NAME
                0x1fff80d4                EE_counter_RAM
                0x1fff80dc                EE_resource_stack
                0x1fff80e4                EE_th_resource_last
                0x1fff80f4                EE_th_terminate_nextask
                0x1fff8104                EE_rq_pairs_next
                0x1fff8114                EE_rq_link
                0x1fff8124                EE_th_rnact
                0x1fff8134                EE_rq_queues_tail
                0x1fff8174                EE_rq_queues_head
                0x1fff81b4                EE_stkfirst
                0x1fff81b8                EE_th_next
                0x1fff81c8                EE_th_status
                0x1fff81d8                EE_EVENT_NAME
                0x1fff81e0                EE_RESOURCE_NAME
                0x1fff81e8                EE_TASK_NAME
                0x1fff81f8                EE_cortex_mx_IRQ_tos
                0x1fff81fc                EE_cortex_mx_system_tos
 .data          0x1fff8208       0x10 .\CortexM3\ARM_GCC_541\Debug\AMA_EOS_Lab_3.a(CyLib.o)
                0x1fff8208                cydelay_32k_ms
                0x1fff820c                cydelay_freq_khz
                0x1fff8210                cydelay_freq_mhz
                0x1fff8214                cydelay_freq_hz
 .data          0x1fff8218        0x4 .\CortexM3\ARM_GCC_541\Debug\AMA_EOS_Lab_3.a(ErikaOS_1_ee_gnu_irq_stack.o)
 .data.impure_data
                0x1fff821c       0x60 c:/program files (x86)/cypress/psoc creator/4.4/psoc creator/import/gnu/arm/5.4.1/bin/../lib/gcc/arm-none-eabi/5.4.1/../../../../arm-none-eabi/lib/armv7-m\libg_nano.a(lib_a-impure.o)
 .data._impure_ptr
                0x1fff827c        0x4 c:/program files (x86)/cypress/psoc creator/4.4/psoc creator/import/gnu/arm/5.4.1/bin/../lib/gcc/arm-none-eabi/5.4.1/../../../../arm-none-eabi/lib/armv7-m\libg_nano.a(lib_a-impure.o)
                0x1fff827c                _impure_ptr
 .data.__ctype_ptr__
                0x1fff8280        0x4 c:/program files (x86)/cypress/psoc creator/4.4/psoc creator/import/gnu/arm/5.4.1/bin/../lib/gcc/arm-none-eabi/5.4.1/../../../../arm-none-eabi/lib/armv7-m\libg_nano.a(lib_a-ctype_.o)
                0x1fff8280                __ctype_ptr__
                0x1fff8288                . = ALIGN (0x8)
 *fill*         0x1fff8284        0x4 
 *(.ram)
                0x1fff8288                _edata = .

.igot.plt       0x1fff8288        0x0 load address 0x00004210
 .igot.plt      0x1fff8288        0x0 c:/program files (x86)/cypress/psoc creator/4.4/psoc creator/import/gnu/arm/5.4.1/bin/../lib/gcc/arm-none-eabi/5.4.1/armv7-m/crtbegin.o

.bss            0x1fff8288      0xfe0 load address 0x00004210
                0x1fff8288                PROVIDE (__bss_start__, .)
 *(.shbss)
 *(.bss .bss.* .gnu.linkonce.b.*)
 .bss           0x1fff8288       0x1c c:/program files (x86)/cypress/psoc creator/4.4/psoc creator/import/gnu/arm/5.4.1/bin/../lib/gcc/arm-none-eabi/5.4.1/armv7-m/crtbegin.o
 .bss           0x1fff82a4       0xe6 .\CortexM3\ARM_GCC_541\Debug\tft.o
 .bss           0x1fff838a        0x2 .\CortexM3\ARM_GCC_541\Debug\AMA_EOS_Lab_3.a(UART_LOG.o)
                0x1fff838a                UART_LOG_initVar
 .bss           0x1fff838c       0x48 .\CortexM3\ARM_GCC_541\Debug\AMA_EOS_Lab_3.a(ErikaOS_1_eecfg.o)
                0x1fff838c                EE_resource_locked
                0x1fff8394                EE_th_waswaiting
                0x1fff83a4                EE_th_event_waitmask
                0x1fff83b4                EE_th_event_active
                0x1fff83c4                EE_rq_free
                0x1fff83c8                EE_rq_bitmask
                0x1fff83cc                EE_sys_ceiling
                0x1fff83d0                EE_cortex_mx_active_tos
 .bss           0x1fff83d4        0x1 .\CortexM3\ARM_GCC_541\Debug\AMA_EOS_Lab_3.a(TFT_SPI.o)
                0x1fff83d4                TFT_SPI_initVar
 .bss           0x1fff83d5        0x1 .\CortexM3\ARM_GCC_541\Debug\AMA_EOS_Lab_3.a(TFT_BackLight.o)
                0x1fff83d5                TFT_BackLight_initVar
 *fill*         0x1fff83d6        0x2 
 .bss.__malloc_sbrk_start
                0x1fff83d8        0x4 c:/program files (x86)/cypress/psoc creator/4.4/psoc creator/import/gnu/arm/5.4.1/bin/../lib/gcc/arm-none-eabi/5.4.1/../../../../arm-none-eabi/lib/armv7-m\libg_nano.a(lib_a-nano-mallocr.o)
                0x1fff83d8                __malloc_sbrk_start
 .bss.__malloc_free_list
                0x1fff83dc        0x4 c:/program files (x86)/cypress/psoc creator/4.4/psoc creator/import/gnu/arm/5.4.1/bin/../lib/gcc/arm-none-eabi/5.4.1/../../../../arm-none-eabi/lib/armv7-m\libg_nano.a(lib_a-nano-mallocr.o)
                0x1fff83dc                __malloc_free_list
 *(COMMON)
 COMMON         0x1fff83e0      0x9dc .\CortexM3\ARM_GCC_541\Debug\main.o
                0x1fff83e0                bufferObject
                0x1fff83f8                message
                0x1fff8418                buffer
                0x1fff84e0                jsonParser
 COMMON         0x1fff8dbc        0x8 .\CortexM3\ARM_GCC_541\Debug\AMA_EOS_Lab_3.a(ErikaOS_1_ee_lookup.o)
                0x1fff8dbc                EE_oo_IRQ_disable_count
                0x1fff8dc0                EE_oo_IRQ_suspend_status
 COMMON         0x1fff8dc4        0x4 .\CortexM3\ARM_GCC_541\Debug\AMA_EOS_Lab_3.a(ErikaOS_1_ee_startos.o)
                0x1fff8dc4                EE_oo_started
 COMMON         0x1fff8dc8        0x8 .\CortexM3\ARM_GCC_541\Debug\AMA_EOS_Lab_3.a(ErikaOS_1_common_ee_hal_structs.o)
                0x1fff8dc8                EE_IRQ_nesting_level
                0x1fff8dcc                EE_std_endcycle_next_tid
 COMMON         0x1fff8dd0      0x494 .\CortexM3\ARM_GCC_541\Debug\AMA_EOS_Lab_3.a(ErikaOS_1_eecfg.o)
                0x1fff8dd0                EE_cortex_mx_stack_3
                0x1fff8e98                EE_rq_pairs_tid
                0x1fff8ea8                EE_terminate_data
                0x1fff8eb8                EE_oo_counter_object_RAM
                0x1fff8ec8                EE_resource_oldceiling
                0x1fff8ed0                EE_cortex_mx_stack_2
                0x1fff9060                EE_ApplicationMode
                0x1fff9064                EE_cortex_mx_stack_9
 COMMON         0x1fff9264        0x4 c:/program files (x86)/cypress/psoc creator/4.4/psoc creator/import/gnu/arm/5.4.1/bin/../lib/gcc/arm-none-eabi/5.4.1/../../../../arm-none-eabi/lib/armv7-m\libg_nano.a(lib_a-reent.o)
                0x1fff9264                errno
                0x1fff9268                . = ALIGN (0x8)
 *(.ram.b)
                0x1fff9268                _end = .
                0x1fff9268                __end = .
                0x1fff9268                PROVIDE (end, .)
                0x1fff9268                PROVIDE (__bss_end__, .)
                0x00004050                __cy_region_init_ram = LOADADDR (.data)
                0x000001c0                __cy_region_init_size_ram = (_edata - ADDR (.data))
                0x00000fe0                __cy_region_zero_size_ram = (_end - _edata)

.heap           0x1fff9268      0x500 load address 0x00004210
                0x1fff9268                . = _end
                0x1fff9768                . = (. + 0x500)
 *fill*         0x1fff9268      0x500 
                0x1fff9768                __cy_heap_limit = .

.stack          0x20007800      0x800
                0x20007800                __cy_stack_limit = .
                0x20008000                . = (. + 0x800)
 *fill*         0x20007800      0x800 
                0x00000001                ASSERT ((__cy_stack_limit >= __cy_heap_limit), region RAM overflowed with stack)
                0x00000000                cy_checksum_exclude_size = (CY_APPL_LOADABLE == 0x1)?SIZEOF (.cy_checksum_exclude):0x0
                0x00000001                ASSERT ((cy_checksum_exclude_size <= CY_CHECKSUM_EXCLUDE_SIZE), CY_BOOT: Section .cy_checksum_exclude size exceedes specified limit.)

.cyloadermeta
 *(.cyloadermeta)

.cyloadablemeta
 *(.cyloadablemeta)

.cyconfigecc    0x80000000      0xd50
 *(.cyconfigecc)
 .cyconfigecc   0x80000000      0xd50 .\CortexM3\ARM_GCC_541\Debug\cymetadata.o
                0x80000000                cy_meta_configecc

.cycustnvl      0x90000000        0x4
 *(.cycustnvl)
 .cycustnvl     0x90000000        0x4 .\CortexM3\ARM_GCC_541\Debug\cymetadata.o
                0x90000000                cy_meta_custnvl

.cywolatch      0x90100000        0x4
 *(.cywolatch)
 .cywolatch     0x90100000        0x4 .\CortexM3\ARM_GCC_541\Debug\cymetadata.o
                0x90100000                cy_meta_wonvl

.cyeeprom       0x90200000        0x0
 *(.cyeeprom)
                0x00000001                ASSERT ((. <= ((0x90200000 + ee_offset) + ee_size)), .cyeeprom data will not fit in EEPROM)

.cyflashprotect
                0x90400000      0x100
 *(.cyflashprotect)
 .cyflashprotect
                0x90400000      0x100 .\CortexM3\ARM_GCC_541\Debug\cymetadata.o
                0x90400000                cy_meta_flashprotect

.cymeta         0x90500000        0xc
 *(.cymeta)
 .cymeta        0x90500000        0xc .\CortexM3\ARM_GCC_541\Debug\cymetadata.o
                0x90500000                cy_metadata

.rel.dyn        0x00004210        0x0 load address 0x9050000c
 .rel.iplt      0x00004210        0x0 c:/program files (x86)/cypress/psoc creator/4.4/psoc creator/import/gnu/arm/5.4.1/bin/../lib/gcc/arm-none-eabi/5.4.1/armv7-m/crtbegin.o

.stab
 *(.stab)

.stabstr
 *(.stabstr)

.debug
 *(.debug)

.line
 *(.line)

.debug_srcinfo
 *(.debug_srcinfo)

.debug_sfnames
 *(.debug_sfnames)

.debug_aranges  0x00000000     0x1608
 *(.debug_aranges)
 .debug_aranges
                0x00000000       0x68 .\CortexM3\ARM_GCC_541\Debug\main.o
 .debug_aranges
                0x00000068       0x50 .\CortexM3\ARM_GCC_541\Debug\led.o
 .debug_aranges
                0x000000b8       0x48 .\CortexM3\ARM_GCC_541\Debug\seven.o
 .debug_aranges
                0x00000100       0x28 .\CortexM3\ARM_GCC_541\Debug\button.o
 .debug_aranges
                0x00000128      0x178 .\CortexM3\ARM_GCC_541\Debug\tft.o
 .debug_aranges
                0x000002a0       0x28 .\CortexM3\ARM_GCC_541\Debug\logging.o
 .debug_aranges
                0x000002c8       0x60 .\CortexM3\ARM_GCC_541\Debug\message.o
 .debug_aranges
                0x00000328       0x88 .\CortexM3\ARM_GCC_541\Debug\parser.o
 .debug_aranges
                0x000003b0       0x28 .\CortexM3\ARM_GCC_541\Debug\drawer.o
 .debug_aranges
                0x000003d8       0x58 .\CortexM3\ARM_GCC_541\Debug\cyfitter_cfg.o
 .debug_aranges
                0x00000430       0x18 .\CortexM3\ARM_GCC_541\Debug\cymetadata.o
 .debug_aranges
                0x00000448       0x48 .\CortexM3\ARM_GCC_541\Debug\Cm3Start.o
 .debug_aranges
                0x00000490       0x28 .\CortexM3\ARM_GCC_541\Debug\AMA_EOS_Lab_3.a(SEVEN_Reg.o)
 .debug_aranges
                0x000004b8       0x38 .\CortexM3\ARM_GCC_541\Debug\AMA_EOS_Lab_3.a(SEVEN_DP.o)
 .debug_aranges
                0x000004f0       0x38 .\CortexM3\ARM_GCC_541\Debug\AMA_EOS_Lab_3.a(SEVEN_SELECT.o)
 .debug_aranges
                0x00000528       0x38 .\CortexM3\ARM_GCC_541\Debug\AMA_EOS_Lab_3.a(BUTTON_1.o)
 .debug_aranges
                0x00000560       0x38 .\CortexM3\ARM_GCC_541\Debug\AMA_EOS_Lab_3.a(BUTTON_2.o)
 .debug_aranges
                0x00000598       0x38 .\CortexM3\ARM_GCC_541\Debug\AMA_EOS_Lab_3.a(BUTTON_4.o)
 .debug_aranges
                0x000005d0       0x38 .\CortexM3\ARM_GCC_541\Debug\AMA_EOS_Lab_3.a(BUTTON_3.o)
 .debug_aranges
                0x00000608       0x80 .\CortexM3\ARM_GCC_541\Debug\AMA_EOS_Lab_3.a(isr_Button_Pressed.o)
 .debug_aranges
                0x00000688       0xf0 .\CortexM3\ARM_GCC_541\Debug\AMA_EOS_Lab_3.a(UART_LOG.o)
 .debug_aranges
                0x00000778       0x98 .\CortexM3\ARM_GCC_541\Debug\AMA_EOS_Lab_3.a(RGB_PWM_green.o)
 .debug_aranges
                0x00000810       0x98 .\CortexM3\ARM_GCC_541\Debug\AMA_EOS_Lab_3.a(RGB_PWM_blue.o)
 .debug_aranges
                0x000008a8       0x98 .\CortexM3\ARM_GCC_541\Debug\AMA_EOS_Lab_3.a(RGB_PWM_red.o)
 .debug_aranges
                0x00000940       0x38 .\CortexM3\ARM_GCC_541\Debug\AMA_EOS_Lab_3.a(LED_GREEN.o)
 .debug_aranges
                0x00000978       0x38 .\CortexM3\ARM_GCC_541\Debug\AMA_EOS_Lab_3.a(LED_YELLOW.o)
 .debug_aranges
                0x000009b0       0x38 .\CortexM3\ARM_GCC_541\Debug\AMA_EOS_Lab_3.a(LED_RED.o)
 .debug_aranges
                0x000009e8       0x20 .\CortexM3\ARM_GCC_541\Debug\AMA_EOS_Lab_3.a(ErikaOS_1_ee_activate.o)
 .debug_aranges
                0x00000a08       0x58 .\CortexM3\ARM_GCC_541\Debug\AMA_EOS_Lab_3.a(ErikaOS_1_ee_altick.o)
 .debug_aranges
                0x00000a60       0x20 .\CortexM3\ARM_GCC_541\Debug\AMA_EOS_Lab_3.a(ErikaOS_1_ee_evclear.o)
 .debug_aranges
                0x00000a80       0x20 .\CortexM3\ARM_GCC_541\Debug\AMA_EOS_Lab_3.a(ErikaOS_1_ee_evset.o)
 .debug_aranges
                0x00000aa0       0x20 .\CortexM3\ARM_GCC_541\Debug\AMA_EOS_Lab_3.a(ErikaOS_1_ee_evwait.o)
 .debug_aranges
                0x00000ac0       0x30 .\CortexM3\ARM_GCC_541\Debug\AMA_EOS_Lab_3.a(ErikaOS_1_ee_irqendin.o)
 .debug_aranges
                0x00000af0       0x20 .\CortexM3\ARM_GCC_541\Debug\AMA_EOS_Lab_3.a(ErikaOS_1_ee_lockres.o)
 .debug_aranges
                0x00000b10       0x18 .\CortexM3\ARM_GCC_541\Debug\AMA_EOS_Lab_3.a(ErikaOS_1_ee_lookup.o)
 .debug_aranges
                0x00000b28       0x20 .\CortexM3\ARM_GCC_541\Debug\AMA_EOS_Lab_3.a(ErikaOS_1_ee_rq_exchg.o)
 .debug_aranges
                0x00000b48       0x20 .\CortexM3\ARM_GCC_541\Debug\AMA_EOS_Lab_3.a(ErikaOS_1_ee_rq_first.o)
 .debug_aranges
                0x00000b68       0x20 .\CortexM3\ARM_GCC_541\Debug\AMA_EOS_Lab_3.a(ErikaOS_1_ee_rq_inser.o)
 .debug_aranges
                0x00000b88       0x40 .\CortexM3\ARM_GCC_541\Debug\AMA_EOS_Lab_3.a(ErikaOS_1_ee_startos.o)
 .debug_aranges
                0x00000bc8       0x20 .\CortexM3\ARM_GCC_541\Debug\AMA_EOS_Lab_3.a(ErikaOS_1_ee_terminat.o)
 .debug_aranges
                0x00000be8       0x20 .\CortexM3\ARM_GCC_541\Debug\AMA_EOS_Lab_3.a(ErikaOS_1_ee_ulockres.o)
 .debug_aranges
                0x00000c08       0x20 .\CortexM3\ARM_GCC_541\Debug\AMA_EOS_Lab_3.a(ErikaOS_1_cortex_mx_ee_utils.o)
 .debug_aranges
                0x00000c28       0x18 .\CortexM3\ARM_GCC_541\Debug\AMA_EOS_Lab_3.a(ErikaOS_1_common_ee_hal_structs.o)
 .debug_aranges
                0x00000c40       0x18 .\CortexM3\ARM_GCC_541\Debug\AMA_EOS_Lab_3.a(ErikaOS_1_eecfg.o)
 .debug_aranges
                0x00000c58       0x98 .\CortexM3\ARM_GCC_541\Debug\AMA_EOS_Lab_3.a(PWM_green.o)
 .debug_aranges
                0x00000cf0       0x98 .\CortexM3\ARM_GCC_541\Debug\AMA_EOS_Lab_3.a(PWM_red.o)
 .debug_aranges
                0x00000d88       0x98 .\CortexM3\ARM_GCC_541\Debug\AMA_EOS_Lab_3.a(PWM_yellow.o)
 .debug_aranges
                0x00000e20       0x70 .\CortexM3\ARM_GCC_541\Debug\AMA_EOS_Lab_3.a(UART_LOG_IntClock.o)
 .debug_aranges
                0x00000e90      0x2a0 .\CortexM3\ARM_GCC_541\Debug\AMA_EOS_Lab_3.a(CyLib.o)
 .debug_aranges
                0x00001130       0x98 .\CortexM3\ARM_GCC_541\Debug\AMA_EOS_Lab_3.a(cyPm.o)
 .debug_aranges
                0x000011c8       0xd8 .\CortexM3\ARM_GCC_541\Debug\AMA_EOS_Lab_3.a(TFT_SPI.o)
 .debug_aranges
                0x000012a0       0x38 .\CortexM3\ARM_GCC_541\Debug\AMA_EOS_Lab_3.a(TFT_DC.o)
 .debug_aranges
                0x000012d8       0x38 .\CortexM3\ARM_GCC_541\Debug\AMA_EOS_Lab_3.a(TFT_RES.o)
 .debug_aranges
                0x00001310       0x98 .\CortexM3\ARM_GCC_541\Debug\AMA_EOS_Lab_3.a(TFT_BackLight.o)
 .debug_aranges
                0x000013a8       0x20 .\CortexM3\ARM_GCC_541\Debug\AMA_EOS_Lab_3.a(ErikaOS_1_ee_gnu_change_context_isr.o)
 .debug_aranges
                0x000013c8       0x20 .\CortexM3\ARM_GCC_541\Debug\AMA_EOS_Lab_3.a(ErikaOS_1_ee_gnu_irq_stack.o)
 .debug_aranges
                0x000013e8       0x20 .\CortexM3\ARM_GCC_541\Debug\AMA_EOS_Lab_3.a(ErikaOS_1_ee_gnu_multi_context.o)
 .debug_aranges
                0x00001408       0x20 .\CortexM3\ARM_GCC_541\Debug\AMA_EOS_Lab_3.a(ErikaOS_1_ee_gnu_oo.o)
 .debug_aranges
                0x00001428       0x20 .\CortexM3\ARM_GCC_541\Debug\AMA_EOS_Lab_3.a(CyBootAsmGnu.o)
 .debug_aranges
                0x00001448       0x20 .\CortexM3\ARM_GCC_541\Debug\AMA_EOS_Lab_3.a(ErikaOS_1_ee_tnterm.o)
 .debug_aranges
                0x00001468       0x20 .\CortexM3\ARM_GCC_541\Debug\AMA_EOS_Lab_3.a(ErikaOS_1_ee_tstub.o)
 .debug_aranges
                0x00001488       0x20 .\CortexM3\ARM_GCC_541\Debug\AMA_EOS_Lab_3.a(ErikaOS_1_ee_ulockallres.o)
 .debug_aranges
                0x000014a8       0x28 .\CortexM3\ARM_GCC_541\Debug\AMA_EOS_Lab_3.a(ErikaOS_1_cortex_mx_ee_context.o)
 .debug_aranges
                0x000014d0       0x88 .\CortexM3\ARM_GCC_541\Debug\AMA_EOS_Lab_3.a(CyFlash.o)
 .debug_aranges
                0x00001558       0x80 .\CortexM3\ARM_GCC_541\Debug\AMA_EOS_Lab_3.a(CySpc.o)
 .debug_aranges
                0x000015d8       0x30 .\CortexM3\ARM_GCC_541\Debug\AMA_EOS_Lab_3.a(ErikaOS_1_ee_thendin.o)

.debug_pubnames
 *(.debug_pubnames)

.debug_info     0x00000000    0x172e7
 *(.debug_info .gnu.linkonce.wi.*)
 .debug_info    0x00000000     0x11ea .\CortexM3\ARM_GCC_541\Debug\main.o
 .debug_info    0x000011ea      0x602 .\CortexM3\ARM_GCC_541\Debug\led.o
 .debug_info    0x000017ec      0x4a6 .\CortexM3\ARM_GCC_541\Debug\seven.o
 .debug_info    0x00001c92      0x2f7 .\CortexM3\ARM_GCC_541\Debug\button.o
 .debug_info    0x00001f89     0x2733 .\CortexM3\ARM_GCC_541\Debug\tft.o
 .debug_info    0x000046bc      0x3b5 .\CortexM3\ARM_GCC_541\Debug\logging.o
 .debug_info    0x00004a71      0xb17 .\CortexM3\ARM_GCC_541\Debug\message.o
 .debug_info    0x00005588      0x9d6 .\CortexM3\ARM_GCC_541\Debug\parser.o
 .debug_info    0x00005f5e      0x7b1 .\CortexM3\ARM_GCC_541\Debug\drawer.o
 .debug_info    0x0000670f      0x5f2 .\CortexM3\ARM_GCC_541\Debug\cyfitter_cfg.o
 .debug_info    0x00006d01      0x139 .\CortexM3\ARM_GCC_541\Debug\cymetadata.o
 .debug_info    0x00006e3a      0x3bb .\CortexM3\ARM_GCC_541\Debug\Cm3Start.o
 .debug_info    0x000071f5       0xd6 .\CortexM3\ARM_GCC_541\Debug\AMA_EOS_Lab_3.a(SEVEN_Reg.o)
 .debug_info    0x000072cb      0x11f .\CortexM3\ARM_GCC_541\Debug\AMA_EOS_Lab_3.a(SEVEN_DP.o)
 .debug_info    0x000073ea      0x11f .\CortexM3\ARM_GCC_541\Debug\AMA_EOS_Lab_3.a(SEVEN_SELECT.o)
 .debug_info    0x00007509      0x11f .\CortexM3\ARM_GCC_541\Debug\AMA_EOS_Lab_3.a(BUTTON_1.o)
 .debug_info    0x00007628      0x11f .\CortexM3\ARM_GCC_541\Debug\AMA_EOS_Lab_3.a(BUTTON_2.o)
 .debug_info    0x00007747      0x11f .\CortexM3\ARM_GCC_541\Debug\AMA_EOS_Lab_3.a(BUTTON_4.o)
 .debug_info    0x00007866      0x11f .\CortexM3\ARM_GCC_541\Debug\AMA_EOS_Lab_3.a(BUTTON_3.o)
 .debug_info    0x00007985      0x2d2 .\CortexM3\ARM_GCC_541\Debug\AMA_EOS_Lab_3.a(isr_Button_Pressed.o)
 .debug_info    0x00007c57      0x60c .\CortexM3\ARM_GCC_541\Debug\AMA_EOS_Lab_3.a(UART_LOG.o)
 .debug_info    0x00008263      0x351 .\CortexM3\ARM_GCC_541\Debug\AMA_EOS_Lab_3.a(RGB_PWM_green.o)
 .debug_info    0x000085b4      0x351 .\CortexM3\ARM_GCC_541\Debug\AMA_EOS_Lab_3.a(RGB_PWM_blue.o)
 .debug_info    0x00008905      0x351 .\CortexM3\ARM_GCC_541\Debug\AMA_EOS_Lab_3.a(RGB_PWM_red.o)
 .debug_info    0x00008c56      0x11f .\CortexM3\ARM_GCC_541\Debug\AMA_EOS_Lab_3.a(LED_GREEN.o)
 .debug_info    0x00008d75      0x11f .\CortexM3\ARM_GCC_541\Debug\AMA_EOS_Lab_3.a(LED_YELLOW.o)
 .debug_info    0x00008e94      0x11f .\CortexM3\ARM_GCC_541\Debug\AMA_EOS_Lab_3.a(LED_RED.o)
 .debug_info    0x00008fb3      0x80d .\CortexM3\ARM_GCC_541\Debug\AMA_EOS_Lab_3.a(ErikaOS_1_ee_activate.o)
 .debug_info    0x000097c0      0xc3b .\CortexM3\ARM_GCC_541\Debug\AMA_EOS_Lab_3.a(ErikaOS_1_ee_altick.o)
 .debug_info    0x0000a3fb      0x5a7 .\CortexM3\ARM_GCC_541\Debug\AMA_EOS_Lab_3.a(ErikaOS_1_ee_evclear.o)
 .debug_info    0x0000a9a2      0x7c3 .\CortexM3\ARM_GCC_541\Debug\AMA_EOS_Lab_3.a(ErikaOS_1_ee_evset.o)
 .debug_info    0x0000b165      0x85a .\CortexM3\ARM_GCC_541\Debug\AMA_EOS_Lab_3.a(ErikaOS_1_ee_evwait.o)
 .debug_info    0x0000b9bf      0x5cb .\CortexM3\ARM_GCC_541\Debug\AMA_EOS_Lab_3.a(ErikaOS_1_ee_irqendin.o)
 .debug_info    0x0000bf8a      0x60d .\CortexM3\ARM_GCC_541\Debug\AMA_EOS_Lab_3.a(ErikaOS_1_ee_lockres.o)
 .debug_info    0x0000c597      0x3d0 .\CortexM3\ARM_GCC_541\Debug\AMA_EOS_Lab_3.a(ErikaOS_1_ee_lookup.o)
 .debug_info    0x0000c967      0x46f .\CortexM3\ARM_GCC_541\Debug\AMA_EOS_Lab_3.a(ErikaOS_1_ee_rq_exchg.o)
 .debug_info    0x0000cdd6      0x421 .\CortexM3\ARM_GCC_541\Debug\AMA_EOS_Lab_3.a(ErikaOS_1_ee_rq_first.o)
 .debug_info    0x0000d1f7      0x475 .\CortexM3\ARM_GCC_541\Debug\AMA_EOS_Lab_3.a(ErikaOS_1_ee_rq_inser.o)
 .debug_info    0x0000d66c     0x2040 .\CortexM3\ARM_GCC_541\Debug\AMA_EOS_Lab_3.a(ErikaOS_1_ee_startos.o)
 .debug_info    0x0000f6ac      0x595 .\CortexM3\ARM_GCC_541\Debug\AMA_EOS_Lab_3.a(ErikaOS_1_ee_terminat.o)
 .debug_info    0x0000fc41      0x7fb .\CortexM3\ARM_GCC_541\Debug\AMA_EOS_Lab_3.a(ErikaOS_1_ee_ulockres.o)
 .debug_info    0x0001043c      0x513 .\CortexM3\ARM_GCC_541\Debug\AMA_EOS_Lab_3.a(ErikaOS_1_cortex_mx_ee_utils.o)
 .debug_info    0x0001094f      0x3cb .\CortexM3\ARM_GCC_541\Debug\AMA_EOS_Lab_3.a(ErikaOS_1_common_ee_hal_structs.o)
 .debug_info    0x00010d1a      0x98f .\CortexM3\ARM_GCC_541\Debug\AMA_EOS_Lab_3.a(ErikaOS_1_eecfg.o)
 .debug_info    0x000116a9      0x351 .\CortexM3\ARM_GCC_541\Debug\AMA_EOS_Lab_3.a(PWM_green.o)
 .debug_info    0x000119fa      0x351 .\CortexM3\ARM_GCC_541\Debug\AMA_EOS_Lab_3.a(PWM_red.o)
 .debug_info    0x00011d4b      0x351 .\CortexM3\ARM_GCC_541\Debug\AMA_EOS_Lab_3.a(PWM_yellow.o)
 .debug_info    0x0001209c      0x283 .\CortexM3\ARM_GCC_541\Debug\AMA_EOS_Lab_3.a(UART_LOG_IntClock.o)
 .debug_info    0x0001231f     0x1374 .\CortexM3\ARM_GCC_541\Debug\AMA_EOS_Lab_3.a(CyLib.o)
 .debug_info    0x00013693      0xa2a .\CortexM3\ARM_GCC_541\Debug\AMA_EOS_Lab_3.a(cyPm.o)
 .debug_info    0x000140bd      0x493 .\CortexM3\ARM_GCC_541\Debug\AMA_EOS_Lab_3.a(TFT_SPI.o)
 .debug_info    0x00014550      0x11f .\CortexM3\ARM_GCC_541\Debug\AMA_EOS_Lab_3.a(TFT_DC.o)
 .debug_info    0x0001466f      0x11f .\CortexM3\ARM_GCC_541\Debug\AMA_EOS_Lab_3.a(TFT_RES.o)
 .debug_info    0x0001478e      0x334 .\CortexM3\ARM_GCC_541\Debug\AMA_EOS_Lab_3.a(TFT_BackLight.o)
 .debug_info    0x00014ac2       0xaf .\CortexM3\ARM_GCC_541\Debug\AMA_EOS_Lab_3.a(ErikaOS_1_ee_gnu_change_context_isr.o)
 .debug_info    0x00014b71       0xa6 .\CortexM3\ARM_GCC_541\Debug\AMA_EOS_Lab_3.a(ErikaOS_1_ee_gnu_irq_stack.o)
 .debug_info    0x00014c17       0xaa .\CortexM3\ARM_GCC_541\Debug\AMA_EOS_Lab_3.a(ErikaOS_1_ee_gnu_multi_context.o)
 .debug_info    0x00014cc1       0x9f .\CortexM3\ARM_GCC_541\Debug\AMA_EOS_Lab_3.a(ErikaOS_1_ee_gnu_oo.o)
 .debug_info    0x00014d60       0x98 .\CortexM3\ARM_GCC_541\Debug\AMA_EOS_Lab_3.a(CyBootAsmGnu.o)
 .debug_info    0x00014df8      0x473 .\CortexM3\ARM_GCC_541\Debug\AMA_EOS_Lab_3.a(ErikaOS_1_ee_tnterm.o)
 .debug_info    0x0001526b      0x487 .\CortexM3\ARM_GCC_541\Debug\AMA_EOS_Lab_3.a(ErikaOS_1_ee_tstub.o)
 .debug_info    0x000156f2      0x45e .\CortexM3\ARM_GCC_541\Debug\AMA_EOS_Lab_3.a(ErikaOS_1_ee_ulockallres.o)
 .debug_info    0x00015b50      0x501 .\CortexM3\ARM_GCC_541\Debug\AMA_EOS_Lab_3.a(ErikaOS_1_cortex_mx_ee_context.o)
 .debug_info    0x00016051      0x64d .\CortexM3\ARM_GCC_541\Debug\AMA_EOS_Lab_3.a(CyFlash.o)
 .debug_info    0x0001669e      0x550 .\CortexM3\ARM_GCC_541\Debug\AMA_EOS_Lab_3.a(CySpc.o)
 .debug_info    0x00016bee      0x6f9 .\CortexM3\ARM_GCC_541\Debug\AMA_EOS_Lab_3.a(ErikaOS_1_ee_thendin.o)

.debug_abbrev   0x00000000     0x5b3e
 *(.debug_abbrev)
 .debug_abbrev  0x00000000      0x362 .\CortexM3\ARM_GCC_541\Debug\main.o
 .debug_abbrev  0x00000362      0x1cc .\CortexM3\ARM_GCC_541\Debug\led.o
 .debug_abbrev  0x0000052e      0x155 .\CortexM3\ARM_GCC_541\Debug\seven.o
 .debug_abbrev  0x00000683      0x11c .\CortexM3\ARM_GCC_541\Debug\button.o
 .debug_abbrev  0x0000079f      0x2bf .\CortexM3\ARM_GCC_541\Debug\tft.o
 .debug_abbrev  0x00000a5e      0x14a .\CortexM3\ARM_GCC_541\Debug\logging.o
 .debug_abbrev  0x00000ba8      0x230 .\CortexM3\ARM_GCC_541\Debug\message.o
 .debug_abbrev  0x00000dd8      0x294 .\CortexM3\ARM_GCC_541\Debug\parser.o
 .debug_abbrev  0x0000106c      0x1fc .\CortexM3\ARM_GCC_541\Debug\drawer.o
 .debug_abbrev  0x00001268      0x20d .\CortexM3\ARM_GCC_541\Debug\cyfitter_cfg.o
 .debug_abbrev  0x00001475       0x77 .\CortexM3\ARM_GCC_541\Debug\cymetadata.o
 .debug_abbrev  0x000014ec      0x1e8 .\CortexM3\ARM_GCC_541\Debug\Cm3Start.o
 .debug_abbrev  0x000016d4       0x81 .\CortexM3\ARM_GCC_541\Debug\AMA_EOS_Lab_3.a(SEVEN_Reg.o)
 .debug_abbrev  0x00001755       0x90 .\CortexM3\ARM_GCC_541\Debug\AMA_EOS_Lab_3.a(SEVEN_DP.o)
 .debug_abbrev  0x000017e5       0x90 .\CortexM3\ARM_GCC_541\Debug\AMA_EOS_Lab_3.a(SEVEN_SELECT.o)
 .debug_abbrev  0x00001875       0x90 .\CortexM3\ARM_GCC_541\Debug\AMA_EOS_Lab_3.a(BUTTON_1.o)
 .debug_abbrev  0x00001905       0x90 .\CortexM3\ARM_GCC_541\Debug\AMA_EOS_Lab_3.a(BUTTON_2.o)
 .debug_abbrev  0x00001995       0x90 .\CortexM3\ARM_GCC_541\Debug\AMA_EOS_Lab_3.a(BUTTON_4.o)
 .debug_abbrev  0x00001a25       0x90 .\CortexM3\ARM_GCC_541\Debug\AMA_EOS_Lab_3.a(BUTTON_3.o)
 .debug_abbrev  0x00001ab5      0x173 .\CortexM3\ARM_GCC_541\Debug\AMA_EOS_Lab_3.a(isr_Button_Pressed.o)
 .debug_abbrev  0x00001c28      0x175 .\CortexM3\ARM_GCC_541\Debug\AMA_EOS_Lab_3.a(UART_LOG.o)
 .debug_abbrev  0x00001d9d      0x133 .\CortexM3\ARM_GCC_541\Debug\AMA_EOS_Lab_3.a(RGB_PWM_green.o)
 .debug_abbrev  0x00001ed0      0x133 .\CortexM3\ARM_GCC_541\Debug\AMA_EOS_Lab_3.a(RGB_PWM_blue.o)
 .debug_abbrev  0x00002003      0x133 .\CortexM3\ARM_GCC_541\Debug\AMA_EOS_Lab_3.a(RGB_PWM_red.o)
 .debug_abbrev  0x00002136       0x90 .\CortexM3\ARM_GCC_541\Debug\AMA_EOS_Lab_3.a(LED_GREEN.o)
 .debug_abbrev  0x000021c6       0x90 .\CortexM3\ARM_GCC_541\Debug\AMA_EOS_Lab_3.a(LED_YELLOW.o)
 .debug_abbrev  0x00002256       0x90 .\CortexM3\ARM_GCC_541\Debug\AMA_EOS_Lab_3.a(LED_RED.o)
 .debug_abbrev  0x000022e6      0x284 .\CortexM3\ARM_GCC_541\Debug\AMA_EOS_Lab_3.a(ErikaOS_1_ee_activate.o)
 .debug_abbrev  0x0000256a      0x362 .\CortexM3\ARM_GCC_541\Debug\AMA_EOS_Lab_3.a(ErikaOS_1_ee_altick.o)
 .debug_abbrev  0x000028cc      0x1e0 .\CortexM3\ARM_GCC_541\Debug\AMA_EOS_Lab_3.a(ErikaOS_1_ee_evclear.o)
 .debug_abbrev  0x00002aac      0x27f .\CortexM3\ARM_GCC_541\Debug\AMA_EOS_Lab_3.a(ErikaOS_1_ee_evset.o)
 .debug_abbrev  0x00002d2b      0x25d .\CortexM3\ARM_GCC_541\Debug\AMA_EOS_Lab_3.a(ErikaOS_1_ee_evwait.o)
 .debug_abbrev  0x00002f88      0x1da .\CortexM3\ARM_GCC_541\Debug\AMA_EOS_Lab_3.a(ErikaOS_1_ee_irqendin.o)
 .debug_abbrev  0x00003162      0x1ef .\CortexM3\ARM_GCC_541\Debug\AMA_EOS_Lab_3.a(ErikaOS_1_ee_lockres.o)
 .debug_abbrev  0x00003351       0xcf .\CortexM3\ARM_GCC_541\Debug\AMA_EOS_Lab_3.a(ErikaOS_1_ee_lookup.o)
 .debug_abbrev  0x00003420       0xfc .\CortexM3\ARM_GCC_541\Debug\AMA_EOS_Lab_3.a(ErikaOS_1_ee_rq_exchg.o)
 .debug_abbrev  0x0000351c       0xed .\CortexM3\ARM_GCC_541\Debug\AMA_EOS_Lab_3.a(ErikaOS_1_ee_rq_first.o)
 .debug_abbrev  0x00003609      0x109 .\CortexM3\ARM_GCC_541\Debug\AMA_EOS_Lab_3.a(ErikaOS_1_ee_rq_inser.o)
 .debug_abbrev  0x00003712      0x4a7 .\CortexM3\ARM_GCC_541\Debug\AMA_EOS_Lab_3.a(ErikaOS_1_ee_startos.o)
 .debug_abbrev  0x00003bb9      0x1de .\CortexM3\ARM_GCC_541\Debug\AMA_EOS_Lab_3.a(ErikaOS_1_ee_terminat.o)
 .debug_abbrev  0x00003d97      0x277 .\CortexM3\ARM_GCC_541\Debug\AMA_EOS_Lab_3.a(ErikaOS_1_ee_ulockres.o)
 .debug_abbrev  0x0000400e      0x1e3 .\CortexM3\ARM_GCC_541\Debug\AMA_EOS_Lab_3.a(ErikaOS_1_cortex_mx_ee_utils.o)
 .debug_abbrev  0x000041f1       0xcf .\CortexM3\ARM_GCC_541\Debug\AMA_EOS_Lab_3.a(ErikaOS_1_common_ee_hal_structs.o)
 .debug_abbrev  0x000042c0      0x127 .\CortexM3\ARM_GCC_541\Debug\AMA_EOS_Lab_3.a(ErikaOS_1_eecfg.o)
 .debug_abbrev  0x000043e7      0x133 .\CortexM3\ARM_GCC_541\Debug\AMA_EOS_Lab_3.a(PWM_green.o)
 .debug_abbrev  0x0000451a      0x133 .\CortexM3\ARM_GCC_541\Debug\AMA_EOS_Lab_3.a(PWM_red.o)
 .debug_abbrev  0x0000464d      0x133 .\CortexM3\ARM_GCC_541\Debug\AMA_EOS_Lab_3.a(PWM_yellow.o)
 .debug_abbrev  0x00004780      0x139 .\CortexM3\ARM_GCC_541\Debug\AMA_EOS_Lab_3.a(UART_LOG_IntClock.o)
 .debug_abbrev  0x000048b9      0x254 .\CortexM3\ARM_GCC_541\Debug\AMA_EOS_Lab_3.a(CyLib.o)
 .debug_abbrev  0x00004b0d      0x1ab .\CortexM3\ARM_GCC_541\Debug\AMA_EOS_Lab_3.a(cyPm.o)
 .debug_abbrev  0x00004cb8      0x146 .\CortexM3\ARM_GCC_541\Debug\AMA_EOS_Lab_3.a(TFT_SPI.o)
 .debug_abbrev  0x00004dfe       0x90 .\CortexM3\ARM_GCC_541\Debug\AMA_EOS_Lab_3.a(TFT_DC.o)
 .debug_abbrev  0x00004e8e       0x90 .\CortexM3\ARM_GCC_541\Debug\AMA_EOS_Lab_3.a(TFT_RES.o)
 .debug_abbrev  0x00004f1e      0x133 .\CortexM3\ARM_GCC_541\Debug\AMA_EOS_Lab_3.a(TFT_BackLight.o)
 .debug_abbrev  0x00005051       0x14 .\CortexM3\ARM_GCC_541\Debug\AMA_EOS_Lab_3.a(ErikaOS_1_ee_gnu_change_context_isr.o)
 .debug_abbrev  0x00005065       0x14 .\CortexM3\ARM_GCC_541\Debug\AMA_EOS_Lab_3.a(ErikaOS_1_ee_gnu_irq_stack.o)
 .debug_abbrev  0x00005079       0x14 .\CortexM3\ARM_GCC_541\Debug\AMA_EOS_Lab_3.a(ErikaOS_1_ee_gnu_multi_context.o)
 .debug_abbrev  0x0000508d       0x14 .\CortexM3\ARM_GCC_541\Debug\AMA_EOS_Lab_3.a(ErikaOS_1_ee_gnu_oo.o)
 .debug_abbrev  0x000050a1       0x14 .\CortexM3\ARM_GCC_541\Debug\AMA_EOS_Lab_3.a(CyBootAsmGnu.o)
 .debug_abbrev  0x000050b5      0x190 .\CortexM3\ARM_GCC_541\Debug\AMA_EOS_Lab_3.a(ErikaOS_1_ee_tnterm.o)
 .debug_abbrev  0x00005245      0x143 .\CortexM3\ARM_GCC_541\Debug\AMA_EOS_Lab_3.a(ErikaOS_1_ee_tstub.o)
 .debug_abbrev  0x00005388       0xfc .\CortexM3\ARM_GCC_541\Debug\AMA_EOS_Lab_3.a(ErikaOS_1_ee_ulockallres.o)
 .debug_abbrev  0x00005484      0x156 .\CortexM3\ARM_GCC_541\Debug\AMA_EOS_Lab_3.a(ErikaOS_1_cortex_mx_ee_context.o)
 .debug_abbrev  0x000055da      0x1a7 .\CortexM3\ARM_GCC_541\Debug\AMA_EOS_Lab_3.a(CyFlash.o)
 .debug_abbrev  0x00005781      0x194 .\CortexM3\ARM_GCC_541\Debug\AMA_EOS_Lab_3.a(CySpc.o)
 .debug_abbrev  0x00005915      0x229 .\CortexM3\ARM_GCC_541\Debug\AMA_EOS_Lab_3.a(ErikaOS_1_ee_thendin.o)

.debug_line     0x00000000     0x817c
 *(.debug_line)
 .debug_line    0x00000000      0x62d .\CortexM3\ARM_GCC_541\Debug\main.o
 .debug_line    0x0000062d      0x3d1 .\CortexM3\ARM_GCC_541\Debug\led.o
 .debug_line    0x000009fe      0x2e4 .\CortexM3\ARM_GCC_541\Debug\seven.o
 .debug_line    0x00000ce2      0x2c4 .\CortexM3\ARM_GCC_541\Debug\button.o
 .debug_line    0x00000fa6      0x941 .\CortexM3\ARM_GCC_541\Debug\tft.o
 .debug_line    0x000018e7      0x26b .\CortexM3\ARM_GCC_541\Debug\logging.o
 .debug_line    0x00001b52      0x4fb .\CortexM3\ARM_GCC_541\Debug\message.o
 .debug_line    0x0000204d      0x54e .\CortexM3\ARM_GCC_541\Debug\parser.o
 .debug_line    0x0000259b      0x37e .\CortexM3\ARM_GCC_541\Debug\drawer.o
 .debug_line    0x00002919      0x1f9 .\CortexM3\ARM_GCC_541\Debug\cyfitter_cfg.o
 .debug_line    0x00002b12      0x141 .\CortexM3\ARM_GCC_541\Debug\cymetadata.o
 .debug_line    0x00002c53      0x233 .\CortexM3\ARM_GCC_541\Debug\Cm3Start.o
 .debug_line    0x00002e86       0x71 .\CortexM3\ARM_GCC_541\Debug\AMA_EOS_Lab_3.a(SEVEN_Reg.o)
 .debug_line    0x00002ef7       0x95 .\CortexM3\ARM_GCC_541\Debug\AMA_EOS_Lab_3.a(SEVEN_DP.o)
 .debug_line    0x00002f8c       0x99 .\CortexM3\ARM_GCC_541\Debug\AMA_EOS_Lab_3.a(SEVEN_SELECT.o)
 .debug_line    0x00003025       0x95 .\CortexM3\ARM_GCC_541\Debug\AMA_EOS_Lab_3.a(BUTTON_1.o)
 .debug_line    0x000030ba       0x95 .\CortexM3\ARM_GCC_541\Debug\AMA_EOS_Lab_3.a(BUTTON_2.o)
 .debug_line    0x0000314f       0x95 .\CortexM3\ARM_GCC_541\Debug\AMA_EOS_Lab_3.a(BUTTON_4.o)
 .debug_line    0x000031e4       0x95 .\CortexM3\ARM_GCC_541\Debug\AMA_EOS_Lab_3.a(BUTTON_3.o)
 .debug_line    0x00003279      0x13f .\CortexM3\ARM_GCC_541\Debug\AMA_EOS_Lab_3.a(isr_Button_Pressed.o)
 .debug_line    0x000033b8      0x2c4 .\CortexM3\ARM_GCC_541\Debug\AMA_EOS_Lab_3.a(UART_LOG.o)
 .debug_line    0x0000367c      0x190 .\CortexM3\ARM_GCC_541\Debug\AMA_EOS_Lab_3.a(RGB_PWM_green.o)
 .debug_line    0x0000380c      0x18f .\CortexM3\ARM_GCC_541\Debug\AMA_EOS_Lab_3.a(RGB_PWM_blue.o)
 .debug_line    0x0000399b      0x18e .\CortexM3\ARM_GCC_541\Debug\AMA_EOS_Lab_3.a(RGB_PWM_red.o)
 .debug_line    0x00003b29       0x96 .\CortexM3\ARM_GCC_541\Debug\AMA_EOS_Lab_3.a(LED_GREEN.o)
 .debug_line    0x00003bbf       0x97 .\CortexM3\ARM_GCC_541\Debug\AMA_EOS_Lab_3.a(LED_YELLOW.o)
 .debug_line    0x00003c56       0x94 .\CortexM3\ARM_GCC_541\Debug\AMA_EOS_Lab_3.a(LED_RED.o)
 .debug_line    0x00003cea      0x1fa .\CortexM3\ARM_GCC_541\Debug\AMA_EOS_Lab_3.a(ErikaOS_1_ee_activate.o)
 .debug_line    0x00003ee4      0x305 .\CortexM3\ARM_GCC_541\Debug\AMA_EOS_Lab_3.a(ErikaOS_1_ee_altick.o)
 .debug_line    0x000041e9      0x1d5 .\CortexM3\ARM_GCC_541\Debug\AMA_EOS_Lab_3.a(ErikaOS_1_ee_evclear.o)
 .debug_line    0x000043be      0x1f7 .\CortexM3\ARM_GCC_541\Debug\AMA_EOS_Lab_3.a(ErikaOS_1_ee_evset.o)
 .debug_line    0x000045b5      0x205 .\CortexM3\ARM_GCC_541\Debug\AMA_EOS_Lab_3.a(ErikaOS_1_ee_evwait.o)
 .debug_line    0x000047ba      0x1a0 .\CortexM3\ARM_GCC_541\Debug\AMA_EOS_Lab_3.a(ErikaOS_1_ee_irqendin.o)
 .debug_line    0x0000495a      0x1f1 .\CortexM3\ARM_GCC_541\Debug\AMA_EOS_Lab_3.a(ErikaOS_1_ee_lockres.o)
 .debug_line    0x00004b4b      0x119 .\CortexM3\ARM_GCC_541\Debug\AMA_EOS_Lab_3.a(ErikaOS_1_ee_lookup.o)
 .debug_line    0x00004c64      0x15b .\CortexM3\ARM_GCC_541\Debug\AMA_EOS_Lab_3.a(ErikaOS_1_ee_rq_exchg.o)
 .debug_line    0x00004dbf      0x152 .\CortexM3\ARM_GCC_541\Debug\AMA_EOS_Lab_3.a(ErikaOS_1_ee_rq_first.o)
 .debug_line    0x00004f11      0x156 .\CortexM3\ARM_GCC_541\Debug\AMA_EOS_Lab_3.a(ErikaOS_1_ee_rq_inser.o)
 .debug_line    0x00005067      0x3fa .\CortexM3\ARM_GCC_541\Debug\AMA_EOS_Lab_3.a(ErikaOS_1_ee_startos.o)
 .debug_line    0x00005461      0x1c4 .\CortexM3\ARM_GCC_541\Debug\AMA_EOS_Lab_3.a(ErikaOS_1_ee_terminat.o)
 .debug_line    0x00005625      0x215 .\CortexM3\ARM_GCC_541\Debug\AMA_EOS_Lab_3.a(ErikaOS_1_ee_ulockres.o)
 .debug_line    0x0000583a      0x184 .\CortexM3\ARM_GCC_541\Debug\AMA_EOS_Lab_3.a(ErikaOS_1_cortex_mx_ee_utils.o)
 .debug_line    0x000059be       0xf9 .\CortexM3\ARM_GCC_541\Debug\AMA_EOS_Lab_3.a(ErikaOS_1_common_ee_hal_structs.o)
 .debug_line    0x00005ab7      0x13c .\CortexM3\ARM_GCC_541\Debug\AMA_EOS_Lab_3.a(ErikaOS_1_eecfg.o)
 .debug_line    0x00005bf3      0x18c .\CortexM3\ARM_GCC_541\Debug\AMA_EOS_Lab_3.a(PWM_green.o)
 .debug_line    0x00005d7f      0x18a .\CortexM3\ARM_GCC_541\Debug\AMA_EOS_Lab_3.a(PWM_red.o)
 .debug_line    0x00005f09      0x18d .\CortexM3\ARM_GCC_541\Debug\AMA_EOS_Lab_3.a(PWM_yellow.o)
 .debug_line    0x00006096      0x180 .\CortexM3\ARM_GCC_541\Debug\AMA_EOS_Lab_3.a(UART_LOG_IntClock.o)
 .debug_line    0x00006216      0x816 .\CortexM3\ARM_GCC_541\Debug\AMA_EOS_Lab_3.a(CyLib.o)
 .debug_line    0x00006a2c      0x367 .\CortexM3\ARM_GCC_541\Debug\AMA_EOS_Lab_3.a(cyPm.o)
 .debug_line    0x00006d93      0x231 .\CortexM3\ARM_GCC_541\Debug\AMA_EOS_Lab_3.a(TFT_SPI.o)
 .debug_line    0x00006fc4       0x93 .\CortexM3\ARM_GCC_541\Debug\AMA_EOS_Lab_3.a(TFT_DC.o)
 .debug_line    0x00007057       0x94 .\CortexM3\ARM_GCC_541\Debug\AMA_EOS_Lab_3.a(TFT_RES.o)
 .debug_line    0x000070eb      0x18d .\CortexM3\ARM_GCC_541\Debug\AMA_EOS_Lab_3.a(TFT_BackLight.o)
 .debug_line    0x00007278       0xae .\CortexM3\ARM_GCC_541\Debug\AMA_EOS_Lab_3.a(ErikaOS_1_ee_gnu_change_context_isr.o)
 .debug_line    0x00007326       0x74 .\CortexM3\ARM_GCC_541\Debug\AMA_EOS_Lab_3.a(ErikaOS_1_ee_gnu_irq_stack.o)
 .debug_line    0x0000739a       0x9d .\CortexM3\ARM_GCC_541\Debug\AMA_EOS_Lab_3.a(ErikaOS_1_ee_gnu_multi_context.o)
 .debug_line    0x00007437       0x99 .\CortexM3\ARM_GCC_541\Debug\AMA_EOS_Lab_3.a(ErikaOS_1_ee_gnu_oo.o)
 .debug_line    0x000074d0       0x66 .\CortexM3\ARM_GCC_541\Debug\AMA_EOS_Lab_3.a(CyBootAsmGnu.o)
 .debug_line    0x00007536      0x183 .\CortexM3\ARM_GCC_541\Debug\AMA_EOS_Lab_3.a(ErikaOS_1_ee_tnterm.o)
 .debug_line    0x000076b9      0x172 .\CortexM3\ARM_GCC_541\Debug\AMA_EOS_Lab_3.a(ErikaOS_1_ee_tstub.o)
 .debug_line    0x0000782b      0x164 .\CortexM3\ARM_GCC_541\Debug\AMA_EOS_Lab_3.a(ErikaOS_1_ee_ulockallres.o)
 .debug_line    0x0000798f      0x1ac .\CortexM3\ARM_GCC_541\Debug\AMA_EOS_Lab_3.a(ErikaOS_1_cortex_mx_ee_context.o)
 .debug_line    0x00007b3b      0x21a .\CortexM3\ARM_GCC_541\Debug\AMA_EOS_Lab_3.a(CyFlash.o)
 .debug_line    0x00007d55      0x260 .\CortexM3\ARM_GCC_541\Debug\AMA_EOS_Lab_3.a(CySpc.o)
 .debug_line    0x00007fb5      0x1c7 .\CortexM3\ARM_GCC_541\Debug\AMA_EOS_Lab_3.a(ErikaOS_1_ee_thendin.o)

.debug_frame    0x00000000     0x3690
 *(.debug_frame)
 .debug_frame   0x00000000      0x150 .\CortexM3\ARM_GCC_541\Debug\main.o
 .debug_frame   0x00000150       0xe0 .\CortexM3\ARM_GCC_541\Debug\led.o
 .debug_frame   0x00000230       0xcc .\CortexM3\ARM_GCC_541\Debug\seven.o
 .debug_frame   0x000002fc       0x4c .\CortexM3\ARM_GCC_541\Debug\button.o
 .debug_frame   0x00000348      0x5bc .\CortexM3\ARM_GCC_541\Debug\tft.o
 .debug_frame   0x00000904       0x48 .\CortexM3\ARM_GCC_541\Debug\logging.o
 .debug_frame   0x0000094c      0x164 .\CortexM3\ARM_GCC_541\Debug\message.o
 .debug_frame   0x00000ab0      0x1a4 .\CortexM3\ARM_GCC_541\Debug\parser.o
 .debug_frame   0x00000c54       0x5c .\CortexM3\ARM_GCC_541\Debug\drawer.o
 .debug_frame   0x00000cb0       0xe4 .\CortexM3\ARM_GCC_541\Debug\cyfitter_cfg.o
 .debug_frame   0x00000d94       0xb8 .\CortexM3\ARM_GCC_541\Debug\Cm3Start.o
 .debug_frame   0x00000e4c       0x30 .\CortexM3\ARM_GCC_541\Debug\AMA_EOS_Lab_3.a(SEVEN_Reg.o)
 .debug_frame   0x00000e7c       0x50 .\CortexM3\ARM_GCC_541\Debug\AMA_EOS_Lab_3.a(SEVEN_DP.o)
 .debug_frame   0x00000ecc       0x50 .\CortexM3\ARM_GCC_541\Debug\AMA_EOS_Lab_3.a(SEVEN_SELECT.o)
 .debug_frame   0x00000f1c       0x50 .\CortexM3\ARM_GCC_541\Debug\AMA_EOS_Lab_3.a(BUTTON_1.o)
 .debug_frame   0x00000f6c       0x50 .\CortexM3\ARM_GCC_541\Debug\AMA_EOS_Lab_3.a(BUTTON_2.o)
 .debug_frame   0x00000fbc       0x50 .\CortexM3\ARM_GCC_541\Debug\AMA_EOS_Lab_3.a(BUTTON_4.o)
 .debug_frame   0x0000100c       0x50 .\CortexM3\ARM_GCC_541\Debug\AMA_EOS_Lab_3.a(BUTTON_3.o)
 .debug_frame   0x0000105c      0x104 .\CortexM3\ARM_GCC_541\Debug\AMA_EOS_Lab_3.a(isr_Button_Pressed.o)
 .debug_frame   0x00001160      0x250 .\CortexM3\ARM_GCC_541\Debug\AMA_EOS_Lab_3.a(UART_LOG.o)
 .debug_frame   0x000013b0      0x134 .\CortexM3\ARM_GCC_541\Debug\AMA_EOS_Lab_3.a(RGB_PWM_green.o)
 .debug_frame   0x000014e4      0x134 .\CortexM3\ARM_GCC_541\Debug\AMA_EOS_Lab_3.a(RGB_PWM_blue.o)
 .debug_frame   0x00001618      0x134 .\CortexM3\ARM_GCC_541\Debug\AMA_EOS_Lab_3.a(RGB_PWM_red.o)
 .debug_frame   0x0000174c       0x50 .\CortexM3\ARM_GCC_541\Debug\AMA_EOS_Lab_3.a(LED_GREEN.o)
 .debug_frame   0x0000179c       0x50 .\CortexM3\ARM_GCC_541\Debug\AMA_EOS_Lab_3.a(LED_YELLOW.o)
 .debug_frame   0x000017ec       0x50 .\CortexM3\ARM_GCC_541\Debug\AMA_EOS_Lab_3.a(LED_RED.o)
 .debug_frame   0x0000183c       0x30 .\CortexM3\ARM_GCC_541\Debug\AMA_EOS_Lab_3.a(ErikaOS_1_ee_activate.o)
 .debug_frame   0x0000186c      0x10c .\CortexM3\ARM_GCC_541\Debug\AMA_EOS_Lab_3.a(ErikaOS_1_ee_altick.o)
 .debug_frame   0x00001978       0x38 .\CortexM3\ARM_GCC_541\Debug\AMA_EOS_Lab_3.a(ErikaOS_1_ee_evclear.o)
 .debug_frame   0x000019b0       0x30 .\CortexM3\ARM_GCC_541\Debug\AMA_EOS_Lab_3.a(ErikaOS_1_ee_evset.o)
 .debug_frame   0x000019e0       0x30 .\CortexM3\ARM_GCC_541\Debug\AMA_EOS_Lab_3.a(ErikaOS_1_ee_evwait.o)
 .debug_frame   0x00001a10       0x58 .\CortexM3\ARM_GCC_541\Debug\AMA_EOS_Lab_3.a(ErikaOS_1_ee_irqendin.o)
 .debug_frame   0x00001a68       0x40 .\CortexM3\ARM_GCC_541\Debug\AMA_EOS_Lab_3.a(ErikaOS_1_ee_lockres.o)
 .debug_frame   0x00001aa8       0x3c .\CortexM3\ARM_GCC_541\Debug\AMA_EOS_Lab_3.a(ErikaOS_1_ee_rq_exchg.o)
 .debug_frame   0x00001ae4       0x20 .\CortexM3\ARM_GCC_541\Debug\AMA_EOS_Lab_3.a(ErikaOS_1_ee_rq_first.o)
 .debug_frame   0x00001b04       0x30 .\CortexM3\ARM_GCC_541\Debug\AMA_EOS_Lab_3.a(ErikaOS_1_ee_rq_inser.o)
 .debug_frame   0x00001b34       0x90 .\CortexM3\ARM_GCC_541\Debug\AMA_EOS_Lab_3.a(ErikaOS_1_ee_startos.o)
 .debug_frame   0x00001bc4       0x2c .\CortexM3\ARM_GCC_541\Debug\AMA_EOS_Lab_3.a(ErikaOS_1_ee_terminat.o)
 .debug_frame   0x00001bf0       0x30 .\CortexM3\ARM_GCC_541\Debug\AMA_EOS_Lab_3.a(ErikaOS_1_ee_ulockres.o)
 .debug_frame   0x00001c20       0x30 .\CortexM3\ARM_GCC_541\Debug\AMA_EOS_Lab_3.a(ErikaOS_1_cortex_mx_ee_utils.o)
 .debug_frame   0x00001c50      0x134 .\CortexM3\ARM_GCC_541\Debug\AMA_EOS_Lab_3.a(PWM_green.o)
 .debug_frame   0x00001d84      0x134 .\CortexM3\ARM_GCC_541\Debug\AMA_EOS_Lab_3.a(PWM_red.o)
 .debug_frame   0x00001eb8      0x134 .\CortexM3\ARM_GCC_541\Debug\AMA_EOS_Lab_3.a(PWM_yellow.o)
 .debug_frame   0x00001fec       0xe0 .\CortexM3\ARM_GCC_541\Debug\AMA_EOS_Lab_3.a(UART_LOG_IntClock.o)
 .debug_frame   0x000020cc      0x738 .\CortexM3\ARM_GCC_541\Debug\AMA_EOS_Lab_3.a(CyLib.o)
 .debug_frame   0x00002804      0x1f8 .\CortexM3\ARM_GCC_541\Debug\AMA_EOS_Lab_3.a(cyPm.o)
 .debug_frame   0x000029fc      0x1e8 .\CortexM3\ARM_GCC_541\Debug\AMA_EOS_Lab_3.a(TFT_SPI.o)
 .debug_frame   0x00002be4       0x50 .\CortexM3\ARM_GCC_541\Debug\AMA_EOS_Lab_3.a(TFT_DC.o)
 .debug_frame   0x00002c34       0x50 .\CortexM3\ARM_GCC_541\Debug\AMA_EOS_Lab_3.a(TFT_RES.o)
 .debug_frame   0x00002c84      0x134 .\CortexM3\ARM_GCC_541\Debug\AMA_EOS_Lab_3.a(TFT_BackLight.o)
 .debug_frame   0x00002db8       0x2c .\CortexM3\ARM_GCC_541\Debug\AMA_EOS_Lab_3.a(ErikaOS_1_ee_tnterm.o)
 .debug_frame   0x00002de4       0x2c .\CortexM3\ARM_GCC_541\Debug\AMA_EOS_Lab_3.a(ErikaOS_1_ee_tstub.o)
 .debug_frame   0x00002e10       0x2c .\CortexM3\ARM_GCC_541\Debug\AMA_EOS_Lab_3.a(ErikaOS_1_ee_ulockallres.o)
 .debug_frame   0x00002e3c       0x3c .\CortexM3\ARM_GCC_541\Debug\AMA_EOS_Lab_3.a(ErikaOS_1_cortex_mx_ee_context.o)
 .debug_frame   0x00002e78      0x194 .\CortexM3\ARM_GCC_541\Debug\AMA_EOS_Lab_3.a(CyFlash.o)
 .debug_frame   0x0000300c      0x180 .\CortexM3\ARM_GCC_541\Debug\AMA_EOS_Lab_3.a(CySpc.o)
 .debug_frame   0x0000318c       0x5c .\CortexM3\ARM_GCC_541\Debug\AMA_EOS_Lab_3.a(ErikaOS_1_ee_thendin.o)
 .debug_frame   0x000031e8       0x30 c:/program files (x86)/cypress/psoc creator/4.4/psoc creator/import/gnu/arm/5.4.1/bin/../lib/gcc/arm-none-eabi/5.4.1/../../../../arm-none-eabi/lib/armv7-m\libg_nano.a(lib_a-atoi.o)
 .debug_frame   0x00003218       0x20 c:/program files (x86)/cypress/psoc creator/4.4/psoc creator/import/gnu/arm/5.4.1/bin/../lib/gcc/arm-none-eabi/5.4.1/../../../../arm-none-eabi/lib/armv7-m\libg_nano.a(lib_a-errno.o)
 .debug_frame   0x00003238       0x28 c:/program files (x86)/cypress/psoc creator/4.4/psoc creator/import/gnu/arm/5.4.1/bin/../lib/gcc/arm-none-eabi/5.4.1/../../../../arm-none-eabi/lib/armv7-m\libg_nano.a(lib_a-exit.o)
 .debug_frame   0x00003260       0x2c c:/program files (x86)/cypress/psoc creator/4.4/psoc creator/import/gnu/arm/5.4.1/bin/../lib/gcc/arm-none-eabi/5.4.1/../../../../arm-none-eabi/lib/armv7-m\libg_nano.a(lib_a-init.o)
 .debug_frame   0x0000328c       0x30 c:/program files (x86)/cypress/psoc creator/4.4/psoc creator/import/gnu/arm/5.4.1/bin/../lib/gcc/arm-none-eabi/5.4.1/../../../../arm-none-eabi/lib/armv7-m\libg_nano.a(lib_a-malloc.o)
 .debug_frame   0x000032bc       0x28 c:/program files (x86)/cypress/psoc creator/4.4/psoc creator/import/gnu/arm/5.4.1/bin/../lib/gcc/arm-none-eabi/5.4.1/../../../../arm-none-eabi/lib/armv7-m\libg_nano.a(lib_a-memcpy-stub.o)
 .debug_frame   0x000032e4       0x20 c:/program files (x86)/cypress/psoc creator/4.4/psoc creator/import/gnu/arm/5.4.1/bin/../lib/gcc/arm-none-eabi/5.4.1/../../../../arm-none-eabi/lib/armv7-m\libg_nano.a(lib_a-memset.o)
 .debug_frame   0x00003304       0x38 c:/program files (x86)/cypress/psoc creator/4.4/psoc creator/import/gnu/arm/5.4.1/bin/../lib/gcc/arm-none-eabi/5.4.1/../../../../arm-none-eabi/lib/armv7-m\libg_nano.a(lib_a-nano-freer.o)
 .debug_frame   0x0000333c       0x2c c:/program files (x86)/cypress/psoc creator/4.4/psoc creator/import/gnu/arm/5.4.1/bin/../lib/gcc/arm-none-eabi/5.4.1/../../../../arm-none-eabi/lib/armv7-m\libg_nano.a(lib_a-nano-mallocr.o)
 .debug_frame   0x00003368       0x2c c:/program files (x86)/cypress/psoc creator/4.4/psoc creator/import/gnu/arm/5.4.1/bin/../lib/gcc/arm-none-eabi/5.4.1/../../../../arm-none-eabi/lib/armv7-m\libg_nano.a(lib_a-sbrkr.o)
 .debug_frame   0x00003394       0x70 c:/program files (x86)/cypress/psoc creator/4.4/psoc creator/import/gnu/arm/5.4.1/bin/../lib/gcc/arm-none-eabi/5.4.1/../../../../arm-none-eabi/lib/armv7-m\libg_nano.a(lib_a-sprintf.o)
 .debug_frame   0x00003404       0x20 c:/program files (x86)/cypress/psoc creator/4.4/psoc creator/import/gnu/arm/5.4.1/bin/../lib/gcc/arm-none-eabi/5.4.1/../../../../arm-none-eabi/lib/armv7-m\libg_nano.a(lib_a-strcmp.o)
 .debug_frame   0x00003424       0x44 c:/program files (x86)/cypress/psoc creator/4.4/psoc creator/import/gnu/arm/5.4.1/bin/../lib/gcc/arm-none-eabi/5.4.1/../../../../arm-none-eabi/lib/armv7-m\libg_nano.a(lib_a-strtol.o)
 .debug_frame   0x00003468       0x30 c:/program files (x86)/cypress/psoc creator/4.4/psoc creator/import/gnu/arm/5.4.1/bin/../lib/gcc/arm-none-eabi/5.4.1/../../../../arm-none-eabi/lib/armv7-m\libg_nano.a(lib_a-mlock.o)
 .debug_frame   0x00003498       0x90 c:/program files (x86)/cypress/psoc creator/4.4/psoc creator/import/gnu/arm/5.4.1/bin/../lib/gcc/arm-none-eabi/5.4.1/../../../../arm-none-eabi/lib/armv7-m\libg_nano.a(lib_a-nano-svfprintf.o)
 .debug_frame   0x00003528       0x60 c:/program files (x86)/cypress/psoc creator/4.4/psoc creator/import/gnu/arm/5.4.1/bin/../lib/gcc/arm-none-eabi/5.4.1/../../../../arm-none-eabi/lib/armv7-m\libg_nano.a(lib_a-nano-vfprintf_i.o)
 .debug_frame   0x00003588       0x5c c:/program files (x86)/cypress/psoc creator/4.4/psoc creator/import/gnu/arm/5.4.1/bin/../lib/gcc/arm-none-eabi/5.4.1/../../../../arm-none-eabi/lib/armv7-m\libg_nano.a(lib_a-reent.o)
 .debug_frame   0x000035e4       0x28 c:/program files (x86)/cypress/psoc creator/4.4/psoc creator/import/gnu/arm/5.4.1/bin/../lib/gcc/arm-none-eabi/5.4.1/../../../../arm-none-eabi/lib/armv7-m\libg_nano.a(lib_a-memchr-stub.o)
 .debug_frame   0x0000360c       0x28 c:/program files (x86)/cypress/psoc creator/4.4/psoc creator/import/gnu/arm/5.4.1/bin/../lib/gcc/arm-none-eabi/5.4.1/../../../../arm-none-eabi/lib/armv7-m\libg_nano.a(lib_a-memmove.o)
 .debug_frame   0x00003634       0x3c c:/program files (x86)/cypress/psoc creator/4.4/psoc creator/import/gnu/arm/5.4.1/bin/../lib/gcc/arm-none-eabi/5.4.1/../../../../arm-none-eabi/lib/armv7-m\libg_nano.a(lib_a-nano-reallocr.o)
 .debug_frame   0x00003670       0x20 c:/program files (x86)/cypress/psoc creator/4.4/psoc creator/import/gnu/arm/5.4.1/bin/../lib/gcc/arm-none-eabi/5.4.1/../../../../arm-none-eabi/lib/armv7-m\libg_nano.a(lib_a-nano-msizer.o)

.debug_str      0x00000000     0x5755
 *(.debug_str)
 .debug_str     0x00000000      0xb66 .\CortexM3\ARM_GCC_541\Debug\main.o
                                0xc45 (size before relaxing)
 .debug_str     0x00000b66      0x1bd .\CortexM3\ARM_GCC_541\Debug\led.o
                                0x60e (size before relaxing)
 .debug_str     0x00000d23       0xf7 .\CortexM3\ARM_GCC_541\Debug\seven.o
                                0x523 (size before relaxing)
 .debug_str     0x00000e1a       0xe3 .\CortexM3\ARM_GCC_541\Debug\button.o
                                0x4fe (size before relaxing)
 .debug_str     0x00000efd      0x7e9 .\CortexM3\ARM_GCC_541\Debug\tft.o
                                0xd56 (size before relaxing)
 .debug_str     0x000016e6       0x34 .\CortexM3\ARM_GCC_541\Debug\logging.o
                                0x4e7 (size before relaxing)
 .debug_str     0x0000171a       0xbf .\CortexM3\ARM_GCC_541\Debug\message.o
                                0x6ed (size before relaxing)
 .debug_str     0x000017d9       0xff .\CortexM3\ARM_GCC_541\Debug\parser.o
                                0x656 (size before relaxing)
 .debug_str     0x000018d8       0x53 .\CortexM3\ARM_GCC_541\Debug\drawer.o
                                0x69a (size before relaxing)
 .debug_str     0x0000192b      0x189 .\CortexM3\ARM_GCC_541\Debug\cyfitter_cfg.o
                                0x34c (size before relaxing)
 .debug_str     0x00001ab4       0x75 .\CortexM3\ARM_GCC_541\Debug\cymetadata.o
                                0x1ec (size before relaxing)
 .debug_str     0x00001b29      0x132 .\CortexM3\ARM_GCC_541\Debug\Cm3Start.o
                                0x312 (size before relaxing)
 .debug_str     0x00001c5b       0x3a .\CortexM3\ARM_GCC_541\Debug\AMA_EOS_Lab_3.a(SEVEN_Reg.o)
                                0x1c3 (size before relaxing)
 .debug_str     0x00001c95       0x6b .\CortexM3\ARM_GCC_541\Debug\AMA_EOS_Lab_3.a(SEVEN_DP.o)
                                0x1f9 (size before relaxing)
 .debug_str     0x00001d00       0x6b .\CortexM3\ARM_GCC_541\Debug\AMA_EOS_Lab_3.a(SEVEN_SELECT.o)
                                0x20d (size before relaxing)
 .debug_str     0x00001d6b       0x5c .\CortexM3\ARM_GCC_541\Debug\AMA_EOS_Lab_3.a(BUTTON_1.o)
                                0x1f9 (size before relaxing)
 .debug_str     0x00001dc7       0x5c .\CortexM3\ARM_GCC_541\Debug\AMA_EOS_Lab_3.a(BUTTON_2.o)
                                0x1f9 (size before relaxing)
 .debug_str     0x00001e23       0x5c .\CortexM3\ARM_GCC_541\Debug\AMA_EOS_Lab_3.a(BUTTON_4.o)
                                0x1f9 (size before relaxing)
 .debug_str     0x00001e7f       0x5c .\CortexM3\ARM_GCC_541\Debug\AMA_EOS_Lab_3.a(BUTTON_3.o)
                                0x1f9 (size before relaxing)
 .debug_str     0x00001edb      0x190 .\CortexM3\ARM_GCC_541\Debug\AMA_EOS_Lab_3.a(isr_Button_Pressed.o)
                                0x364 (size before relaxing)
 .debug_str     0x0000206b      0x30e .\CortexM3\ARM_GCC_541\Debug\AMA_EOS_Lab_3.a(UART_LOG.o)
                                0x4f9 (size before relaxing)
 .debug_str     0x00002379      0x205 .\CortexM3\ARM_GCC_541\Debug\AMA_EOS_Lab_3.a(RGB_PWM_green.o)
                                0x3fe (size before relaxing)
 .debug_str     0x0000257e      0x1d0 .\CortexM3\ARM_GCC_541\Debug\AMA_EOS_Lab_3.a(RGB_PWM_blue.o)
                                0x3eb (size before relaxing)
 .debug_str     0x0000274e      0x1be .\CortexM3\ARM_GCC_541\Debug\AMA_EOS_Lab_3.a(RGB_PWM_red.o)
                                0x3d8 (size before relaxing)
 .debug_str     0x0000290c       0x5f .\CortexM3\ARM_GCC_541\Debug\AMA_EOS_Lab_3.a(LED_GREEN.o)
                                0x1fe (size before relaxing)
 .debug_str     0x0000296b       0x63 .\CortexM3\ARM_GCC_541\Debug\AMA_EOS_Lab_3.a(LED_YELLOW.o)
                                0x203 (size before relaxing)
 .debug_str     0x000029ce       0x57 .\CortexM3\ARM_GCC_541\Debug\AMA_EOS_Lab_3.a(LED_RED.o)
                                0x1f4 (size before relaxing)
 .debug_str     0x00002a25      0x5b9 .\CortexM3\ARM_GCC_541\Debug\AMA_EOS_Lab_3.a(ErikaOS_1_ee_activate.o)
                                0x80f (size before relaxing)
 .debug_str     0x00002fde      0x261 .\CortexM3\ARM_GCC_541\Debug\AMA_EOS_Lab_3.a(ErikaOS_1_ee_altick.o)
                                0xa6a (size before relaxing)
 .debug_str     0x0000323f       0x2e .\CortexM3\ARM_GCC_541\Debug\AMA_EOS_Lab_3.a(ErikaOS_1_ee_evclear.o)
                                0x5e7 (size before relaxing)
 .debug_str     0x0000326d       0x2c .\CortexM3\ARM_GCC_541\Debug\AMA_EOS_Lab_3.a(ErikaOS_1_ee_evset.o)
                                0x7e7 (size before relaxing)
 .debug_str     0x00003299       0xa3 .\CortexM3\ARM_GCC_541\Debug\AMA_EOS_Lab_3.a(ErikaOS_1_ee_evwait.o)
                                0x83f (size before relaxing)
 .debug_str     0x0000333c       0xca .\CortexM3\ARM_GCC_541\Debug\AMA_EOS_Lab_3.a(ErikaOS_1_ee_irqendin.o)
                                0x6c4 (size before relaxing)
 .debug_str     0x00003406       0x90 .\CortexM3\ARM_GCC_541\Debug\AMA_EOS_Lab_3.a(ErikaOS_1_ee_lockres.o)
                                0x64f (size before relaxing)
 .debug_str     0x00003496       0x2d .\CortexM3\ARM_GCC_541\Debug\AMA_EOS_Lab_3.a(ErikaOS_1_ee_lookup.o)
                                0x493 (size before relaxing)
 .debug_str     0x000034c3       0x87 .\CortexM3\ARM_GCC_541\Debug\AMA_EOS_Lab_3.a(ErikaOS_1_ee_rq_exchg.o)
                                0x505 (size before relaxing)
 .debug_str     0x0000354a       0x2f .\CortexM3\ARM_GCC_541\Debug\AMA_EOS_Lab_3.a(ErikaOS_1_ee_rq_first.o)
                                0x4d0 (size before relaxing)
 .debug_str     0x00003579       0x3a .\CortexM3\ARM_GCC_541\Debug\AMA_EOS_Lab_3.a(ErikaOS_1_ee_rq_inser.o)
                                0x50a (size before relaxing)
 .debug_str     0x000035b3      0xeba .\CortexM3\ARM_GCC_541\Debug\AMA_EOS_Lab_3.a(ErikaOS_1_ee_startos.o)
                               0x1736 (size before relaxing)
 .debug_str     0x0000446d       0x5d .\CortexM3\ARM_GCC_541\Debug\AMA_EOS_Lab_3.a(ErikaOS_1_ee_terminat.o)
                                0x608 (size before relaxing)
 .debug_str     0x000044ca       0x2f .\CortexM3\ARM_GCC_541\Debug\AMA_EOS_Lab_3.a(ErikaOS_1_ee_ulockres.o)
                                0x826 (size before relaxing)
 .debug_str     0x000044f9       0x73 .\CortexM3\ARM_GCC_541\Debug\AMA_EOS_Lab_3.a(ErikaOS_1_cortex_mx_ee_utils.o)