Archive member included to satisfy reference by file (symbol)

.\CortexM3\ARM_GCC_541\Debug\AMA_EOS_Lab_02.a(CyLib.o)
                              .\CortexM3\ARM_GCC_541\Debug\Cm3Start.o (CyHalt)
.\CortexM3\ARM_GCC_541\Debug\AMA_EOS_Lab_02.a(cyPm.o)
                              .\CortexM3\ARM_GCC_541\Debug\AMA_EOS_Lab_02.a(CyLib.o) (CyPmReadStatus)
.\CortexM3\ARM_GCC_541\Debug\AMA_EOS_Lab_02.a(ErikaOS_1_ee_activate.o)
                              .\CortexM3\ARM_GCC_541\Debug\main.o (EE_oo_ActivateTask)
.\CortexM3\ARM_GCC_541\Debug\AMA_EOS_Lab_02.a(ErikaOS_1_ee_altick.o)
                              .\CortexM3\ARM_GCC_541\Debug\main.o (EE_oo_IncrementCounter)
.\CortexM3\ARM_GCC_541\Debug\AMA_EOS_Lab_02.a(ErikaOS_1_ee_evclear.o)
                              .\CortexM3\ARM_GCC_541\Debug\main.o (EE_oo_ClearEvent)
.\CortexM3\ARM_GCC_541\Debug\AMA_EOS_Lab_02.a(ErikaOS_1_ee_evget.o)
                              .\CortexM3\ARM_GCC_541\Debug\main.o (EE_oo_GetEvent)
.\CortexM3\ARM_GCC_541\Debug\AMA_EOS_Lab_02.a(ErikaOS_1_ee_evset.o)
                              .\CortexM3\ARM_GCC_541\Debug\main.o (EE_oo_SetEvent)
.\CortexM3\ARM_GCC_541\Debug\AMA_EOS_Lab_02.a(ErikaOS_1_ee_evwait.o)
                              .\CortexM3\ARM_GCC_541\Debug\main.o (EE_oo_WaitEvent)
.\CortexM3\ARM_GCC_541\Debug\AMA_EOS_Lab_02.a(ErikaOS_1_ee_getcountervalue.o)
                              .\CortexM3\ARM_GCC_541\Debug\reactiongame.o (EE_oo_GetCounterValue)
.\CortexM3\ARM_GCC_541\Debug\AMA_EOS_Lab_02.a(ErikaOS_1_ee_irqendin.o)
                              .\CortexM3\ARM_GCC_541\Debug\main.o (EE_IRQ_end_post_stub)
.\CortexM3\ARM_GCC_541\Debug\AMA_EOS_Lab_02.a(ErikaOS_1_ee_lockres.o)
                              .\CortexM3\ARM_GCC_541\Debug\reactiongame.o (EE_oo_GetResource)
.\CortexM3\ARM_GCC_541\Debug\AMA_EOS_Lab_02.a(ErikaOS_1_ee_lookup.o)
                              .\CortexM3\ARM_GCC_541\Debug\AMA_EOS_Lab_02.a(ErikaOS_1_ee_irqendin.o) (EE_oo_IRQ_disable_count)
.\CortexM3\ARM_GCC_541\Debug\AMA_EOS_Lab_02.a(ErikaOS_1_ee_rq_exchg.o)
                              .\CortexM3\ARM_GCC_541\Debug\AMA_EOS_Lab_02.a(ErikaOS_1_ee_activate.o) (EE_rq2stk_exchange)
.\CortexM3\ARM_GCC_541\Debug\AMA_EOS_Lab_02.a(ErikaOS_1_ee_rq_first.o)
                              .\CortexM3\ARM_GCC_541\Debug\AMA_EOS_Lab_02.a(ErikaOS_1_ee_activate.o) (EE_rq_queryfirst)
.\CortexM3\ARM_GCC_541\Debug\AMA_EOS_Lab_02.a(ErikaOS_1_ee_rq_inser.o)
                              .\CortexM3\ARM_GCC_541\Debug\AMA_EOS_Lab_02.a(ErikaOS_1_ee_activate.o) (EE_rq_insert)
.\CortexM3\ARM_GCC_541\Debug\AMA_EOS_Lab_02.a(ErikaOS_1_ee_startos.o)
                              .\CortexM3\ARM_GCC_541\Debug\main.o (EE_oo_StartOS)
.\CortexM3\ARM_GCC_541\Debug\AMA_EOS_Lab_02.a(ErikaOS_1_ee_terminat.o)
                              .\CortexM3\ARM_GCC_541\Debug\main.o (EE_oo_TerminateTask)
.\CortexM3\ARM_GCC_541\Debug\AMA_EOS_Lab_02.a(ErikaOS_1_ee_ulockres.o)
                              .\CortexM3\ARM_GCC_541\Debug\reactiongame.o (EE_oo_ReleaseResource)
.\CortexM3\ARM_GCC_541\Debug\AMA_EOS_Lab_02.a(ErikaOS_1_cortex_mx_ee_utils.o)
                              .\CortexM3\ARM_GCC_541\Debug\main.o (EE_system_init)
.\CortexM3\ARM_GCC_541\Debug\AMA_EOS_Lab_02.a(ErikaOS_1_common_ee_hal_structs.o)
                              .\CortexM3\ARM_GCC_541\Debug\AMA_EOS_Lab_02.a(ErikaOS_1_ee_irqendin.o) (EE_std_endcycle_next_tid)
.\CortexM3\ARM_GCC_541\Debug\AMA_EOS_Lab_02.a(ErikaOS_1_eecfg.o)
                              .\CortexM3\ARM_GCC_541\Debug\AMA_EOS_Lab_02.a(ErikaOS_1_ee_startos.o) (EE_oo_autostart_task_data)
.\CortexM3\ARM_GCC_541\Debug\AMA_EOS_Lab_02.a(SEVEN_Reg.o)
                              .\CortexM3\ARM_GCC_541\Debug\seven.o (SEVEN_Reg_Write)
.\CortexM3\ARM_GCC_541\Debug\AMA_EOS_Lab_02.a(SEVEN_DP.o)
                              .\CortexM3\ARM_GCC_541\Debug\seven.o (SEVEN_DP_Write)
.\CortexM3\ARM_GCC_541\Debug\AMA_EOS_Lab_02.a(SEVEN_SELECT.o)
                              .\CortexM3\ARM_GCC_541\Debug\seven.o (SEVEN_SELECT_Write)
.\CortexM3\ARM_GCC_541\Debug\AMA_EOS_Lab_02.a(BUTTON_1.o)
                              .\CortexM3\ARM_GCC_541\Debug\main.o (BUTTON_1_Read)
.\CortexM3\ARM_GCC_541\Debug\AMA_EOS_Lab_02.a(BUTTON_2.o)
                              .\CortexM3\ARM_GCC_541\Debug\main.o (BUTTON_2_Read)
.\CortexM3\ARM_GCC_541\Debug\AMA_EOS_Lab_02.a(BUTTON_4.o)
                              .\CortexM3\ARM_GCC_541\Debug\main.o (BUTTON_4_Read)
.\CortexM3\ARM_GCC_541\Debug\AMA_EOS_Lab_02.a(LED_RED.o)
                              .\CortexM3\ARM_GCC_541\Debug\led.o (LED_RED_Write)
.\CortexM3\ARM_GCC_541\Debug\AMA_EOS_Lab_02.a(LED_YELLOW.o)
                              .\CortexM3\ARM_GCC_541\Debug\led.o (LED_YELLOW_Write)
.\CortexM3\ARM_GCC_541\Debug\AMA_EOS_Lab_02.a(LED_GREEN.o)
                              .\CortexM3\ARM_GCC_541\Debug\led.o (LED_GREEN_Write)
.\CortexM3\ARM_GCC_541\Debug\AMA_EOS_Lab_02.a(BUTTON_3.o)
[...]
Memory Configuration

Name             Origin             Length             Attributes
rom              0x00000000         0x00040000         xr
ram              0x1fff8000         0x00010000         xrw
*default*        0x00000000         0xffffffff

Linker script and memory map

LOAD c:/program files (x86)/cypress/psoc creator/4.4/psoc creator/import/gnu/arm/5.4.1/bin/../lib/gcc/arm-none-eabi/5.4.1/armv7-m/crti.o
LOAD c:/program files (x86)/cypress/psoc creator/4.4/psoc creator/import/gnu/arm/5.4.1/bin/../lib/gcc/arm-none-eabi/5.4.1/armv7-m/crtbegin.o
LOAD c:/program files (x86)/cypress/psoc creator/4.4/psoc creator/import/gnu/arm/5.4.1/bin/../lib/gcc/arm-none-eabi/5.4.1/../../../../arm-none-eabi/lib/armv7-m/crt0.o
START GROUP
LOAD .\CortexM3\ARM_GCC_541\Debug\main.o
LOAD .\CortexM3\ARM_GCC_541\Debug\led.o
LOAD .\CortexM3\ARM_GCC_541\Debug\seven.o
LOAD .\CortexM3\ARM_GCC_541\Debug\button.o
LOAD .\CortexM3\ARM_GCC_541\Debug\reactiongame.o
LOAD .\CortexM3\ARM_GCC_541\Debug\cyfitter_cfg.o
LOAD .\CortexM3\ARM_GCC_541\Debug\cymetadata.o
LOAD .\CortexM3\ARM_GCC_541\Debug\Cm3Start.o
LOAD .\CortexM3\ARM_GCC_541\Debug\AMA_EOS_Lab_02.a
LOAD C:\Program Files (x86)\Cypress\PSoC Creator\4.4\PSoC Creator\psoc\content\cycomponentlibrary\CyComponentLibrary.cylib\CortexM3\ARM_GCC_541\Debug\CyComponentLibrary.a
END GROUP
START GROUP
LOAD c:/program files (x86)/cypress/psoc creator/4.4/psoc creator/import/gnu/arm/5.4.1/bin/../lib/gcc/arm-none-eabi/5.4.1/armv7-m\libgcc.a
LOAD c:/program files (x86)/cypress/psoc creator/4.4/psoc creator/import/gnu/arm/5.4.1/bin/../lib/gcc/arm-none-eabi/5.4.1/../../../../arm-none-eabi/lib/armv7-m\libg_nano.a
LOAD c:/program files (x86)/cypress/psoc creator/4.4/psoc creator/import/gnu/arm/5.4.1/bin/../lib/gcc/arm-none-eabi/5.4.1/../../../../arm-none-eabi/lib/armv7-m\libc_nano.a
END GROUP
START GROUP
LOAD c:/program files (x86)/cypress/psoc creator/4.4/psoc creator/import/gnu/arm/5.4.1/bin/../lib/gcc/arm-none-eabi/5.4.1/armv7-m\libgcc.a
LOAD c:/program files (x86)/cypress/psoc creator/4.4/psoc creator/import/gnu/arm/5.4.1/bin/../lib/gcc/arm-none-eabi/5.4.1/../../../../arm-none-eabi/lib/armv7-m\libc_nano.a
END GROUP
LOAD c:/program files (x86)/cypress/psoc creator/4.4/psoc creator/import/gnu/arm/5.4.1/bin/../lib/gcc/arm-none-eabi/5.4.1/armv7-m/crtend.o
LOAD c:/program files (x86)/cypress/psoc creator/4.4/psoc creator/import/gnu/arm/5.4.1/bin/../lib/gcc/arm-none-eabi/5.4.1/armv7-m/crtn.o
START GROUP
LOAD c:/program files (x86)/cypress/psoc creator/4.4/psoc creator/import/gnu/arm/5.4.1/bin/../lib/gcc/arm-none-eabi/5.4.1/armv7-m\libgcc.a
LOAD c:/program files (x86)/cypress/psoc creator/4.4/psoc creator/import/gnu/arm/5.4.1/bin/../lib/gcc/arm-none-eabi/5.4.1/../../../../arm-none-eabi/lib/armv7-m\libc.a
LOAD c:/program files (x86)/cypress/psoc creator/4.4/psoc creator/import/gnu/arm/5.4.1/bin/../lib/gcc/arm-none-eabi/5.4.1/../../../../arm-none-eabi/lib/armv7-m\libnosys.a
END GROUP
                0x00000000                CY_APPL_ORIGIN = 0x0
                0x00000100                CY_FLASH_ROW_SIZE = 0x100
                0x00000020                CY_ECC_ROW_SIZE = 0x20
                0x00000000                CY_EE_IN_BTLDR = 0x0
                0x00000000                CY_APPL_LOADABLE = 0x0
                0x00000800                CY_EE_SIZE = 0x800
                0x00000001                CY_APPL_NUM = 0x1
                0x00000001                CY_APPL_MAX = 0x1
                0x00000040                CY_METADATA_SIZE = 0x40
                0x00000000                CY_APPL_LOADABLE = 0x0
                0x00000000                CY_CHECKSUM_EXCLUDE_SIZE = ALIGN (0x0, CY_FLASH_ROW_SIZE)
                [!provide]                PROVIDE (__cy_heap_start, _end)
                0x00000001                PROVIDE (__cy_region_num, ((__cy_regions_end - __cy_regions) / 0x10))
                0x20008000                PROVIDE (__cy_stack, (ORIGIN (ram) + LENGTH (ram)))
                [!provide]                PROVIDE (__cy_heap_end, (__cy_stack - 0x800))

.cybootloader   0x00000000        0x0
 *(.cybootloader)
                0x00000000                appl1_start = CY_APPL_ORIGIN?CY_APPL_ORIGIN:ALIGN (CY_FLASH_ROW_SIZE)
                0x0001ff00                appl2_start = (appl1_start + ALIGN ((((LENGTH (rom) - appl1_start) - (0x2 * CY_FLASH_ROW_SIZE)) / 0x2), CY_FLASH_ROW_SIZE))
                0x00000000                appl_start = (CY_APPL_NUM == 0x1)?appl1_start:appl2_start
                0x00000000                ecc_offset = ((appl_start / CY_FLASH_ROW_SIZE) * CY_ECC_ROW_SIZE)
                0x00000000                ee_offset = (CY_APPL_LOADABLE && ! (CY_EE_IN_BTLDR))?((CY_EE_SIZE / CY_APPL_MAX) * (CY_APPL_NUM - 0x1)):0x0
                0x00000800                ee_size = (CY_APPL_LOADABLE && ! (CY_EE_IN_BTLDR))?(CY_EE_SIZE / CY_APPL_MAX):CY_EE_SIZE
                [!provide]                PROVIDE (CY_ECC_OFFSET, ecc_offset)

.text           0x00000000     0x2960
 CREATE_OBJECT_SYMBOLS
                0x00000000                PROVIDE (__cy_interrupt_vector, RomVectors)
 *(.romvectors)
 .romvectors    0x00000000       0x10 .\CortexM3\ARM_GCC_541\Debug\Cm3Start.o
                0x00000000                RomVectors
                0x00000001                ASSERT ((. != __cy_interrupt_vector), No interrupt vector)
                0x00000001                ASSERT (CY_APPL_ORIGIN?(SIZEOF (.cybootloader) <= CY_APPL_ORIGIN):0x1, Wrong image location)
                0x00000010                PROVIDE (__cy_reset, Reset)
 *(.text.Reset)
 .text.Reset    0x00000010       0x24 .\CortexM3\ARM_GCC_541\Debug\Cm3Start.o
                0x00000010                Reset
                0x00000001                ASSERT ((. != __cy_reset), No reset code)
 *(.dma_init)
                0x00000001                ASSERT ((((appl_start + .) <= 0x10000) || 0x1), DMA Init must be within the first 64k of flash)
 *(.text .text.* .gnu.linkonce.t.*)
 .text          0x00000034       0x5c c:/program files (x86)/cypress/psoc creator/4.4/psoc creator/import/gnu/arm/5.4.1/bin/../lib/gcc/arm-none-eabi/5.4.1/armv7-m/crtbegin.o
 .text.main     0x00000090       0x28 .\CortexM3\ARM_GCC_541\Debug\main.o
                0x00000090                main
 .text.ISR2_systick_handler
                0x000000b8        0xc .\CortexM3\ARM_GCC_541\Debug\main.o
                0x000000b8                ISR2_systick_handler
 .text.systick_handler
                0x000000c4       0x98 .\CortexM3\ARM_GCC_541\Debug\main.o
                0x000000c4                systick_handler
 .text.ISR2_isr_Button_Pressed
                0x0000015c       0x2c .\CortexM3\ARM_GCC_541\Debug\main.o
                0x0000015c                ISR2_isr_Button_Pressed
 .text.isr_Button_Pressed
                0x00000188       0x98 .\CortexM3\ARM_GCC_541\Debug\main.o
                0x00000188                isr_Button_Pressed
 .text.FuncTask_Init
                0x00000220       0x2c .\CortexM3\ARM_GCC_541\Debug\main.o
                0x00000220                FuncTask_Init
 .text.FuncTask_Event
                0x0000024c       0x24 .\CortexM3\ARM_GCC_541\Debug\main.o
                0x0000024c                FuncTask_Event
 .text.FuncTask_Background
                0x00000270        0x4 .\CortexM3\ARM_GCC_541\Debug\main.o
                0x00000270                FuncTask_Background
 .text.LED_RGB_Set
                0x00000274       0x28 .\CortexM3\ARM_GCC_541\Debug\led.o
                0x00000274                LED_RGB_Set
 .text.LED_Green_Set
                0x0000029c       0x14 .\CortexM3\ARM_GCC_541\Debug\led.o
                0x0000029c                LED_Green_Set
 .text.LED_Yellow_Set
                0x000002b0       0x14 .\CortexM3\ARM_GCC_541\Debug\led.o
                0x000002b0                LED_Yellow_Set
 .text.LED_Red_Set
                0x000002c4       0x14 .\CortexM3\ARM_GCC_541\Debug\led.o
                0x000002c4                LED_Red_Set
 .text.SEVEN_Set
                0x000002d8       0x34 .\CortexM3\ARM_GCC_541\Debug\seven.o
                0x000002d8                SEVEN_Set
 .text.SEVEN_Clear
                0x0000030c       0x1c .\CortexM3\ARM_GCC_541\Debug\seven.o
                0x0000030c                SEVEN_Clear
 .text.SEVEN_Init
                0x00000328       0x14 .\CortexM3\ARM_GCC_541\Debug\seven.o
                0x00000328                SEVEN_Init
 .text.RG_Print
                0x0000033c       0x18 .\CortexM3\ARM_GCC_541\Debug\reactiongame.o
                0x0000033c                RG_Print
 .text.RG_Init  0x00000354       0x60 .\CortexM3\ARM_GCC_541\Debug\reactiongame.o
                0x00000354                RG_Init
 .text.RG_ShowWelcome
                0x000003b4       0x28 .\CortexM3\ARM_GCC_541\Debug\reactiongame.o
                0x000003b4                RG_ShowWelcome
 .text.CurrentSysTick
                0x000003dc       0x14 .\CortexM3\ARM_GCC_541\Debug\reactiongame.o
                0x000003dc                CurrentSysTick
 .text.RG_ProcessEvent
                0x000003f0      0x170 .\CortexM3\ARM_GCC_541\Debug\reactiongame.o
                0x000003f0                RG_ProcessEvent
 .text.CyClockStartupError
                0x00000560        0x4 .\CortexM3\ARM_GCC_541\Debug\cyfitter_cfg.o
 .text.cfg_write_bytes32
                0x00000564       0x34 .\CortexM3\ARM_GCC_541\Debug\cyfitter_cfg.o
 .text.AnalogSetDefault
                0x00000598       0x28 .\CortexM3\ARM_GCC_541\Debug\cyfitter_cfg.o
 .text.CYMEMZERO
                0x000005c0        0xc .\CortexM3\ARM_GCC_541\Debug\cyfitter_cfg.o
 .text.ClockSetup
                0x000005cc       0xc4 .\CortexM3\ARM_GCC_541\Debug\cyfitter_cfg.o
 .text.CYCONFIGCPY
                0x00000690        0x8 .\CortexM3\ARM_GCC_541\Debug\cyfitter_cfg.o
 .text.cyfitter_cfg
                0x00000698      0x114 .\CortexM3\ARM_GCC_541\Debug\cyfitter_cfg.o
                0x00000698                cyfitter_cfg
 .text.IntDefaultHandler
                0x000007ac       0x10 .\CortexM3\ARM_GCC_541\Debug\Cm3Start.o
                0x000007ac                IntDefaultHandler
 .text._sbrk    0x000007bc       0x30 .\CortexM3\ARM_GCC_541\Debug\Cm3Start.o
                0x000007bc                _sbrk
 .text.Start_c  0x000007ec       0x4c .\CortexM3\ARM_GCC_541\Debug\Cm3Start.o
                0x000007ec                Start_c
 .text.initialize_psoc
                0x00000838       0x68 .\CortexM3\ARM_GCC_541\Debug\Cm3Start.o
                0x00000838                initialize_psoc
 .text.CyHalt   0x000008a0        0x4 .\CortexM3\ARM_GCC_541\Debug\AMA_EOS_Lab_02.a(CyLib.o)
                0x000008a0                CyHalt
 .text.CyIntSetVector
                0x000008a4       0x28 .\CortexM3\ARM_GCC_541\Debug\AMA_EOS_Lab_02.a(CyLib.o)
                0x000008a4                CyIntSetVector
 .text.CyIntSetPriority
                0x000008cc       0x30 .\CortexM3\ARM_GCC_541\Debug\AMA_EOS_Lab_02.a(CyLib.o)
                0x000008cc                CyIntSetPriority
 .text.EE_oo_ActivateTask
                0x000008fc       0xe8 .\CortexM3\ARM_GCC_541\Debug\AMA_EOS_Lab_02.a(ErikaOS_1_ee_activate.o)
                0x000008fc                EE_oo_ActivateTask
 .text.EE_oo_handle_action_callback
                0x000009e4        0xc .\CortexM3\ARM_GCC_541\Debug\AMA_EOS_Lab_02.a(ErikaOS_1_ee_altick.o)
 .text.EE_oo_handle_action_task
                0x000009f0       0x4c .\CortexM3\ARM_GCC_541\Debug\AMA_EOS_Lab_02.a(ErikaOS_1_ee_altick.o)
 .text.EE_oo_handle_action_event
                0x00000a3c       0x60 .\CortexM3\ARM_GCC_541\Debug\AMA_EOS_Lab_02.a(ErikaOS_1_ee_altick.o)
 .text.EE_oo_handle_action
                0x00000a9c       0x28 .\CortexM3\ARM_GCC_541\Debug\AMA_EOS_Lab_02.a(ErikaOS_1_ee_altick.o)
 .text.EE_oo_counter_object_insert
                0x00000ac4       0x9c .\CortexM3\ARM_GCC_541\Debug\AMA_EOS_Lab_02.a(ErikaOS_1_ee_altick.o)
                0x00000ac4                EE_oo_counter_object_insert
 .text.EE_oo_IncrementCounterImplementation
                0x00000b60      0x100 .\CortexM3\ARM_GCC_541\Debug\AMA_EOS_Lab_02.a(ErikaOS_1_ee_altick.o)
                0x00000b60                EE_oo_IncrementCounterImplementation
 .text.EE_oo_IncrementCounter
                0x00000c60       0xb0 .\CortexM3\ARM_GCC_541\Debug\AMA_EOS_Lab_02.a(ErikaOS_1_ee_altick.o)
                0x00000c60                EE_oo_IncrementCounter
 .text.EE_oo_ClearEvent
                0x00000d10       0x5c .\CortexM3\ARM_GCC_541\Debug\AMA_EOS_Lab_02.a(ErikaOS_1_ee_evclear.o)
                0x00000d10                EE_oo_ClearEvent
 .text.EE_oo_GetEvent
                0x00000d6c       0x40 .\CortexM3\ARM_GCC_541\Debug\AMA_EOS_Lab_02.a(ErikaOS_1_ee_evget.o)
                0x00000d6c                EE_oo_GetEvent
 .text.EE_oo_SetEvent
                0x00000dac      0x100 .\CortexM3\ARM_GCC_541\Debug\AMA_EOS_Lab_02.a(ErikaOS_1_ee_evset.o)
                0x00000dac                EE_oo_SetEvent
 .text.EE_oo_WaitEvent
                0x00000eac      0x124 .\CortexM3\ARM_GCC_541\Debug\AMA_EOS_Lab_02.a(ErikaOS_1_ee_evwait.o)
                0x00000eac                EE_oo_WaitEvent
 .text.EE_oo_GetCounterValue
                0x00000fd0       0x24 .\CortexM3\ARM_GCC_541\Debug\AMA_EOS_Lab_02.a(ErikaOS_1_ee_getcountervalue.o)
                0x00000fd0                EE_oo_GetCounterValue
 .text.EE_IRQ_run_next_task
                0x00000ff4       0x30 .\CortexM3\ARM_GCC_541\Debug\AMA_EOS_Lab_02.a(ErikaOS_1_ee_irqendin.o)
 .text.EE_IRQ_end_instance
                0x00001024       0x68 .\CortexM3\ARM_GCC_541\Debug\AMA_EOS_Lab_02.a(ErikaOS_1_ee_irqendin.o)
                0x00001024                EE_IRQ_end_instance
 .text.EE_IRQ_end_post_stub
                0x0000108c       0x14 .\CortexM3\ARM_GCC_541\Debug\AMA_EOS_Lab_02.a(ErikaOS_1_ee_irqendin.o)
                0x0000108c                EE_IRQ_end_post_stub
 .text.EE_oo_GetResource
                0x000010a0       0xa8 .\CortexM3\ARM_GCC_541\Debug\AMA_EOS_Lab_02.a(ErikaOS_1_ee_lockres.o)
                0x000010a0                EE_oo_GetResource
 .text.EE_rq2stk_exchange
                0x00001148       0x88 .\CortexM3\ARM_GCC_541\Debug\AMA_EOS_Lab_02.a(ErikaOS_1_ee_rq_exchg.o)
                0x00001148                EE_rq2stk_exchange
 .text.EE_rq_queryfirst
                0x000011d0       0x44 .\CortexM3\ARM_GCC_541\Debug\AMA_EOS_Lab_02.a(ErikaOS_1_ee_rq_first.o)
                0x000011d0                EE_rq_queryfirst
 .text.EE_rq_insert
                0x00001214       0x74 .\CortexM3\ARM_GCC_541\Debug\AMA_EOS_Lab_02.a(ErikaOS_1_ee_rq_inser.o)
                0x00001214                EE_rq_insert
 .text.compute_task_tid
                0x00001288       0x10 .\CortexM3\ARM_GCC_541\Debug\AMA_EOS_Lab_02.a(ErikaOS_1_ee_startos.o)
 .text.EE_oo_start_os
                0x00001298        0xc .\CortexM3\ARM_GCC_541\Debug\AMA_EOS_Lab_02.a(ErikaOS_1_ee_startos.o)
 .text.EE_oo_autostart_tasks
                0x000012a4       0x60 .\CortexM3\ARM_GCC_541\Debug\AMA_EOS_Lab_02.a(ErikaOS_1_ee_startos.o)
 .text.EE_oo_autostart_os
                0x00001304        0xc .\CortexM3\ARM_GCC_541\Debug\AMA_EOS_Lab_02.a(ErikaOS_1_ee_startos.o)
 .text.EE_oo_StartOS
                0x00001310       0x8c .\CortexM3\ARM_GCC_541\Debug\AMA_EOS_Lab_02.a(ErikaOS_1_ee_startos.o)
                0x00001310                EE_oo_StartOS
 .text.EE_oo_TerminateTask
                0x0000139c       0x50 .\CortexM3\ARM_GCC_541\Debug\AMA_EOS_Lab_02.a(ErikaOS_1_ee_terminat.o)
                0x0000139c                EE_oo_TerminateTask
 .text.EE_oo_ReleaseResource
                0x000013ec      0x124 .\CortexM3\ARM_GCC_541\Debug\AMA_EOS_Lab_02.a(ErikaOS_1_ee_ulockres.o)
                0x000013ec                EE_oo_ReleaseResource
 .text.EE_system_init
                0x00001510       0x48 .\CortexM3\ARM_GCC_541\Debug\AMA_EOS_Lab_02.a(ErikaOS_1_cortex_mx_ee_utils.o)
                0x00001510                EE_system_init
 .text.SEVEN_Reg_Write
                0x00001558        0xc .\CortexM3\ARM_GCC_541\Debug\AMA_EOS_Lab_02.a(SEVEN_Reg.o)
                0x00001558                SEVEN_Reg_Write
 .text.SEVEN_SELECT_Write
                0x00001564       0x18 .\CortexM3\ARM_GCC_541\Debug\AMA_EOS_Lab_02.a(SEVEN_SELECT.o)
                0x00001564                SEVEN_SELECT_Write
 .text.BUTTON_1_Read
                0x0000157c       0x10 .\CortexM3\ARM_GCC_541\Debug\AMA_EOS_Lab_02.a(BUTTON_1.o)
                0x0000157c                BUTTON_1_Read
 .text.BUTTON_2_Read
                0x0000158c       0x10 .\CortexM3\ARM_GCC_541\Debug\AMA_EOS_Lab_02.a(BUTTON_2.o)
                0x0000158c                BUTTON_2_Read
 .text.BUTTON_4_Read
                0x0000159c       0x10 .\CortexM3\ARM_GCC_541\Debug\AMA_EOS_Lab_02.a(BUTTON_4.o)
                0x0000159c                BUTTON_4_Read
 .text.BUTTON_3_Read
                0x000015ac       0x10 .\CortexM3\ARM_GCC_541\Debug\AMA_EOS_Lab_02.a(BUTTON_3.o)
                0x000015ac                BUTTON_3_Read
 .text.UART_LOG_Init
                0x000015bc       0x40 .\CortexM3\ARM_GCC_541\Debug\AMA_EOS_Lab_02.a(UART_LOG.o)
                0x000015bc                UART_LOG_Init
 .text.UART_LOG_Enable
                0x000015fc       0x48 .\CortexM3\ARM_GCC_541\Debug\AMA_EOS_Lab_02.a(UART_LOG.o)
                0x000015fc                UART_LOG_Enable
 .text.UART_LOG_Start
                0x00001644       0x1c .\CortexM3\ARM_GCC_541\Debug\AMA_EOS_Lab_02.a(UART_LOG.o)
                0x00001644                UART_LOG_Start
 .text.UART_LOG_PutChar
                0x00001660       0x7c .\CortexM3\ARM_GCC_541\Debug\AMA_EOS_Lab_02.a(UART_LOG.o)
                0x00001660                UART_LOG_PutChar
 .text.UART_LOG_PutString
                0x000016dc       0x24 .\CortexM3\ARM_GCC_541\Debug\AMA_EOS_Lab_02.a(UART_LOG.o)
                0x000016dc                UART_LOG_PutString
 .text.UART_LOG_TXISR
                0x00001700       0x5c .\CortexM3\ARM_GCC_541\Debug\AMA_EOS_Lab_02.a(UART_LOG_INT.o)
                0x00001700                UART_LOG_TXISR
 .text.UART_LOG_IntClock_Start
                0x0000175c       0x1c .\CortexM3\ARM_GCC_541\Debug\AMA_EOS_Lab_02.a(UART_LOG_IntClock.o)
                0x0000175c                UART_LOG_IntClock_Start
 .text.RGB_PWM_red_Enable
                0x00001778       0x10 .\CortexM3\ARM_GCC_541\Debug\AMA_EOS_Lab_02.a(RGB_PWM_red.o)
                0x00001778                RGB_PWM_red_Enable
 .text.RGB_PWM_red_WriteCounter
                0x00001788        0xc .\CortexM3\ARM_GCC_541\Debug\AMA_EOS_Lab_02.a(RGB_PWM_red.o)
                0x00001788                RGB_PWM_red_WriteCounter
 .text.RGB_PWM_red_WritePeriod
                0x00001794        0xc .\CortexM3\ARM_GCC_541\Debug\AMA_EOS_Lab_02.a(RGB_PWM_red.o)
                0x00001794                RGB_PWM_red_WritePeriod
 .text.RGB_PWM_red_WriteCompare
                0x000017a0        0xc .\CortexM3\ARM_GCC_541\Debug\AMA_EOS_Lab_02.a(RGB_PWM_red.o)
                0x000017a0                RGB_PWM_red_WriteCompare
 .text.RGB_PWM_red_SetInterruptMode
                0x000017ac        0xc .\CortexM3\ARM_GCC_541\Debug\AMA_EOS_Lab_02.a(RGB_PWM_red.o)
                0x000017ac                RGB_PWM_red_SetInterruptMode
 .text.RGB_PWM_red_ReadStatusRegister
                0x000017b8        0xc .\CortexM3\ARM_GCC_541\Debug\AMA_EOS_Lab_02.a(RGB_PWM_red.o)
                0x000017b8                RGB_PWM_red_ReadStatusRegister
 .text.RGB_PWM_red_ReadCapture
                0x000017c4        0xc .\CortexM3\ARM_GCC_541\Debug\AMA_EOS_Lab_02.a(RGB_PWM_red.o)
                0x000017c4                RGB_PWM_red_ReadCapture
 .text.RGB_PWM_red_ClearFIFO
                0x000017d0       0x14 .\CortexM3\ARM_GCC_541\Debug\AMA_EOS_Lab_02.a(RGB_PWM_red.o)
                0x000017d0                RGB_PWM_red_ClearFIFO
 .text.RGB_PWM_red_Init
                0x000017e4       0x5c .\CortexM3\ARM_GCC_541\Debug\AMA_EOS_Lab_02.a(RGB_PWM_red.o)
                0x000017e4                RGB_PWM_red_Init
 .text.RGB_PWM_red_Start
                0x00001840       0x1c .\CortexM3\ARM_GCC_541\Debug\AMA_EOS_Lab_02.a(RGB_PWM_red.o)
                0x00001840                RGB_PWM_red_Start
 .text.RGB_PWM_blue_Enable
                0x0000185c       0x10 .\CortexM3\ARM_GCC_541\Debug\AMA_EOS_Lab_02.a(RGB_PWM_blue.o)
                0x0000185c                RGB_PWM_blue_Enable
 .text.RGB_PWM_blue_WriteCounter
                0x0000186c        0xc .\CortexM3\ARM_GCC_541\Debug\AMA_EOS_Lab_02.a(RGB_PWM_blue.o)
                0x0000186c                RGB_PWM_blue_WriteCounter
 .text.RGB_PWM_blue_WritePeriod
                0x00001878        0xc .\CortexM3\ARM_GCC_541\Debug\AMA_EOS_Lab_02.a(RGB_PWM_blue.o)
                0x00001878                RGB_PWM_blue_WritePeriod
 .text.RGB_PWM_blue_WriteCompare
                0x00001884        0xc .\CortexM3\ARM_GCC_541\Debug\AMA_EOS_Lab_02.a(RGB_PWM_blue.o)
                0x00001884                RGB_PWM_blue_WriteCompare
 .text.RGB_PWM_blue_SetInterruptMode
                0x00001890        0xc .\CortexM3\ARM_GCC_541\Debug\AMA_EOS_Lab_02.a(RGB_PWM_blue.o)
                0x00001890                RGB_PWM_blue_SetInterruptMode
 .text.RGB_PWM_blue_ReadStatusRegister
                0x0000189c        0xc .\CortexM3\ARM_GCC_541\Debug\AMA_EOS_Lab_02.a(RGB_PWM_blue.o)
                0x0000189c                RGB_PWM_blue_ReadStatusRegister
 .text.RGB_PWM_blue_ReadCapture
                0x000018a8        0xc .\CortexM3\ARM_GCC_541\Debug\AMA_EOS_Lab_02.a(RGB_PWM_blue.o)
                0x000018a8                RGB_PWM_blue_ReadCapture
 .text.RGB_PWM_blue_ClearFIFO
                0x000018b4       0x14 .\CortexM3\ARM_GCC_541\Debug\AMA_EOS_Lab_02.a(RGB_PWM_blue.o)
                0x000018b4                RGB_PWM_blue_ClearFIFO
 .text.RGB_PWM_blue_Init
                0x000018c8       0x5c .\CortexM3\ARM_GCC_541\Debug\AMA_EOS_Lab_02.a(RGB_PWM_blue.o)
                0x000018c8                RGB_PWM_blue_Init
 .text.RGB_PWM_blue_Start
                0x00001924       0x1c .\CortexM3\ARM_GCC_541\Debug\AMA_EOS_Lab_02.a(RGB_PWM_blue.o)
                0x00001924                RGB_PWM_blue_Start
 .text.RGB_PWM_green_Enable
                0x00001940       0x10 .\CortexM3\ARM_GCC_541\Debug\AMA_EOS_Lab_02.a(RGB_PWM_green.o)
                0x00001940                RGB_PWM_green_Enable
 .text.RGB_PWM_green_WriteCounter
                0x00001950        0xc .\CortexM3\ARM_GCC_541\Debug\AMA_EOS_Lab_02.a(RGB_PWM_green.o)
                0x00001950                RGB_PWM_green_WriteCounter
 .text.RGB_PWM_green_WritePeriod
                0x0000195c        0xc .\CortexM3\ARM_GCC_541\Debug\AMA_EOS_Lab_02.a(RGB_PWM_green.o)
                0x0000195c                RGB_PWM_green_WritePeriod
 .text.RGB_PWM_green_WriteCompare
                0x00001968        0xc .\CortexM3\ARM_GCC_541\Debug\AMA_EOS_Lab_02.a(RGB_PWM_green.o)
                0x00001968                RGB_PWM_green_WriteCompare
 .text.RGB_PWM_green_SetInterruptMode
                0x00001974        0xc .\CortexM3\ARM_GCC_541\Debug\AMA_EOS_Lab_02.a(RGB_PWM_green.o)
                0x00001974                RGB_PWM_green_SetInterruptMode
 .text.RGB_PWM_green_ReadStatusRegister
                0x00001980        0xc .\CortexM3\ARM_GCC_541\Debug\AMA_EOS_Lab_02.a(RGB_PWM_green.o)
                0x00001980                RGB_PWM_green_ReadStatusRegister
 .text.RGB_PWM_green_ReadCapture
                0x0000198c        0xc .\CortexM3\ARM_GCC_541\Debug\AMA_EOS_Lab_02.a(RGB_PWM_green.o)
                0x0000198c                RGB_PWM_green_ReadCapture
 .text.RGB_PWM_green_ClearFIFO
                0x00001998       0x14 .\CortexM3\ARM_GCC_541\Debug\AMA_EOS_Lab_02.a(RGB_PWM_green.o)
                0x00001998                RGB_PWM_green_ClearFIFO
 .text.RGB_PWM_green_Init
                0x000019ac       0x5c .\CortexM3\ARM_GCC_541\Debug\AMA_EOS_Lab_02.a(RGB_PWM_green.o)
                0x000019ac                RGB_PWM_green_Init
 .text.RGB_PWM_green_Start
                0x00001a08       0x1c .\CortexM3\ARM_GCC_541\Debug\AMA_EOS_Lab_02.a(RGB_PWM_green.o)
                0x00001a08                RGB_PWM_green_Start
 .text.PWM_green_Enable
                0x00001a24       0x10 .\CortexM3\ARM_GCC_541\Debug\AMA_EOS_Lab_02.a(PWM_green.o)
                0x00001a24                PWM_green_Enable
 .text.PWM_green_WriteCounter
                0x00001a34        0xc .\CortexM3\ARM_GCC_541\Debug\AMA_EOS_Lab_02.a(PWM_green.o)
                0x00001a34                PWM_green_WriteCounter
 .text.PWM_green_WritePeriod
                0x00001a40        0xc .\CortexM3\ARM_GCC_541\Debug\AMA_EOS_Lab_02.a(PWM_green.o)
                0x00001a40                PWM_green_WritePeriod
 .text.PWM_green_WriteCompare
                0x00001a4c        0xc .\CortexM3\ARM_GCC_541\Debug\AMA_EOS_Lab_02.a(PWM_green.o)
                0x00001a4c                PWM_green_WriteCompare
 .text.PWM_green_SetInterruptMode
                0x00001a58        0xc .\CortexM3\ARM_GCC_541\Debug\AMA_EOS_Lab_02.a(PWM_green.o)
                0x00001a58                PWM_green_SetInterruptMode
 .text.PWM_green_ReadStatusRegister
                0x00001a64        0xc .\CortexM3\ARM_GCC_541\Debug\AMA_EOS_Lab_02.a(PWM_green.o)
                0x00001a64                PWM_green_ReadStatusRegister
 .text.PWM_green_ReadCapture
                0x00001a70        0xc .\CortexM3\ARM_GCC_541\Debug\AMA_EOS_Lab_02.a(PWM_green.o)
                0x00001a70                PWM_green_ReadCapture
 .text.PWM_green_ClearFIFO
                0x00001a7c       0x14 .\CortexM3\ARM_GCC_541\Debug\AMA_EOS_Lab_02.a(PWM_green.o)
                0x00001a7c                PWM_green_ClearFIFO
 .text.PWM_green_Init
                0x00001a90       0x5c .\CortexM3\ARM_GCC_541\Debug\AMA_EOS_Lab_02.a(PWM_green.o)
                0x00001a90                PWM_green_Init
 .text.PWM_green_Start
                0x00001aec       0x1c .\CortexM3\ARM_GCC_541\Debug\AMA_EOS_Lab_02.a(PWM_green.o)
                0x00001aec                PWM_green_Start
 .text.PWM_red_Enable
                0x00001b08       0x10 .\CortexM3\ARM_GCC_541\Debug\AMA_EOS_Lab_02.a(PWM_red.o)
                0x00001b08                PWM_red_Enable
 .text.PWM_red_WriteCounter
                0x00001b18        0xc .\CortexM3\ARM_GCC_541\Debug\AMA_EOS_Lab_02.a(PWM_red.o)
                0x00001b18                PWM_red_WriteCounter
 .text.PWM_red_WritePeriod
                0x00001b24        0xc .\CortexM3\ARM_GCC_541\Debug\AMA_EOS_Lab_02.a(PWM_red.o)
                0x00001b24                PWM_red_WritePeriod
 .text.PWM_red_WriteCompare
                0x00001b30        0xc .\CortexM3\ARM_GCC_541\Debug\AMA_EOS_Lab_02.a(PWM_red.o)
                0x00001b30                PWM_red_WriteCompare
 .text.PWM_red_SetInterruptMode
                0x00001b3c        0xc .\CortexM3\ARM_GCC_541\Debug\AMA_EOS_Lab_02.a(PWM_red.o)
                0x00001b3c                PWM_red_SetInterruptMode
 .text.PWM_red_ReadStatusRegister
                0x00001b48        0xc .\CortexM3\ARM_GCC_541\Debug\AMA_EOS_Lab_02.a(PWM_red.o)
                0x00001b48                PWM_red_ReadStatusRegister
 .text.PWM_red_ReadCapture
                0x00001b54        0xc .\CortexM3\ARM_GCC_541\Debug\AMA_EOS_Lab_02.a(PWM_red.o)
                0x00001b54                PWM_red_ReadCapture
 .text.PWM_red_ClearFIFO
                0x00001b60       0x14 .\CortexM3\ARM_GCC_541\Debug\AMA_EOS_Lab_02.a(PWM_red.o)
                0x00001b60                PWM_red_ClearFIFO
 .text.PWM_red_Init
                0x00001b74       0x60 .\CortexM3\ARM_GCC_541\Debug\AMA_EOS_Lab_02.a(PWM_red.o)
                0x00001b74                PWM_red_Init
 .text.PWM_red_Start
                0x00001bd4       0x1c .\CortexM3\ARM_GCC_541\Debug\AMA_EOS_Lab_02.a(PWM_red.o)
                0x00001bd4                PWM_red_Start
 .text.PWM_yellow_Enable
                0x00001bf0       0x10 .\CortexM3\ARM_GCC_541\Debug\AMA_EOS_Lab_02.a(PWM_yellow.o)
                0x00001bf0                PWM_yellow_Enable
 .text.PWM_yellow_WriteCounter
                0x00001c00        0xc .\CortexM3\ARM_GCC_541\Debug\AMA_EOS_Lab_02.a(PWM_yellow.o)
                0x00001c00                PWM_yellow_WriteCounter
 .text.PWM_yellow_WritePeriod
                0x00001c0c        0xc .\CortexM3\ARM_GCC_541\Debug\AMA_EOS_Lab_02.a(PWM_yellow.o)
                0x00001c0c                PWM_yellow_WritePeriod
 .text.PWM_yellow_WriteCompare
                0x00001c18        0xc .\CortexM3\ARM_GCC_541\Debug\AMA_EOS_Lab_02.a(PWM_yellow.o)
                0x00001c18                PWM_yellow_WriteCompare
 .text.PWM_yellow_SetInterruptMode
                0x00001c24        0xc .\CortexM3\ARM_GCC_541\Debug\AMA_EOS_Lab_02.a(PWM_yellow.o)
                0x00001c24                PWM_yellow_SetInterruptMode
 .text.PWM_yellow_ReadStatusRegister
                0x00001c30        0xc .\CortexM3\ARM_GCC_541\Debug\AMA_EOS_Lab_02.a(PWM_yellow.o)
                0x00001c30                PWM_yellow_ReadStatusRegister
 .text.PWM_yellow_ReadCapture
                0x00001c3c        0xc .\CortexM3\ARM_GCC_541\Debug\AMA_EOS_Lab_02.a(PWM_yellow.o)
                0x00001c3c                PWM_yellow_ReadCapture
 .text.PWM_yellow_ClearFIFO
                0x00001c48       0x14 .\CortexM3\ARM_GCC_541\Debug\AMA_EOS_Lab_02.a(PWM_yellow.o)
                0x00001c48                PWM_yellow_ClearFIFO
 .text.PWM_yellow_Init
                0x00001c5c       0x5c .\CortexM3\ARM_GCC_541\Debug\AMA_EOS_Lab_02.a(PWM_yellow.o)
                0x00001c5c                PWM_yellow_Init
 .text.PWM_yellow_Start
                0x00001cb8       0x1c .\CortexM3\ARM_GCC_541\Debug\AMA_EOS_Lab_02.a(PWM_yellow.o)
                0x00001cb8                PWM_yellow_Start
 *fill*         0x00001cd4        0x4 
 .text          0x00001cd8       0x20 .\CortexM3\ARM_GCC_541\Debug\AMA_EOS_Lab_02.a(CyBootAsmGnu.o)
                0x00001cd8                CyDelayCycles
                0x00001ce8                CyEnterCriticalSection
                0x00001cf0                CyExitCriticalSection
 .text          0x00001cf8       0x7c .\CortexM3\ARM_GCC_541\Debug\AMA_EOS_Lab_02.a(ErikaOS_1_ee_gnu_change_context_isr.o)
                0x00001cf8                EE_set_switch_context_pri
                0x00001d12                EE_switch_context
                0x00001d1c                EE_cortex_mx_pendsv_ISR
                0x00001d58                EE_cortex_mx_svc_ISR
 .text          0x00001d74       0x24 .\CortexM3\ARM_GCC_541\Debug\AMA_EOS_Lab_02.a(ErikaOS_1_ee_gnu_irq_stack.o)
                0x00001d74                EE_cortex_mx_change_IRQ_stack
                0x00001d86                EE_cortex_mx_change_IRQ_stack_back
 .text          0x00001d98       0x68 .\CortexM3\ARM_GCC_541\Debug\AMA_EOS_Lab_02.a(ErikaOS_1_ee_gnu_multi_context.o)
                0x00001d98                EE_cortex_mx_change_context
 .text          0x00001e00       0x80 .\CortexM3\ARM_GCC_541\Debug\AMA_EOS_Lab_02.a(ErikaOS_1_ee_gnu_oo.o)
                0x00001e00                EE_hal_terminate_savestk
                0x00001e4a                EE_hal_terminate_task
 .text.EE_thread_not_terminated
                0x00001e80       0x18 .\CortexM3\ARM_GCC_541\Debug\AMA_EOS_Lab_02.a(ErikaOS_1_ee_tnterm.o)
                0x00001e80                EE_thread_not_terminated
 .text.EE_oo_thread_stub
                0x00001e98       0x10 .\CortexM3\ARM_GCC_541\Debug\AMA_EOS_Lab_02.a(ErikaOS_1_ee_tstub.o)
                0x00001e98                EE_oo_thread_stub
 .text.EE_oo_release_all_resources
                0x00001ea8       0x58 .\CortexM3\ARM_GCC_541\Debug\AMA_EOS_Lab_02.a(ErikaOS_1_ee_ulockallres.o)
                0x00001ea8                EE_oo_release_all_resources
 .text.EE_std_run_task_code
                0x00001f00       0x18 .\CortexM3\ARM_GCC_541\Debug\AMA_EOS_Lab_02.a(ErikaOS_1_cortex_mx_ee_context.o)
                0x00001f00                EE_std_run_task_code
 .text.EE_std_need_context_change
                0x00001f18       0x28 .\CortexM3\ARM_GCC_541\Debug\AMA_EOS_Lab_02.a(ErikaOS_1_cortex_mx_ee_context.o)
                0x00001f18                EE_std_need_context_change
 .text.EE_thread_rnact_max
                0x00001f40       0x20 .\CortexM3\ARM_GCC_541\Debug\AMA_EOS_Lab_02.a(ErikaOS_1_ee_thendin.o)
 .text.EE_thread_endcycle_next
                0x00001f60       0x30 .\CortexM3\ARM_GCC_541\Debug\AMA_EOS_Lab_02.a(ErikaOS_1_ee_thendin.o)
 .text.EE_thread_end_instance
                0x00001f90      0x108 .\CortexM3\ARM_GCC_541\Debug\AMA_EOS_Lab_02.a(ErikaOS_1_ee_thendin.o)
                0x00001f90                EE_thread_end_instance
 .text.__errno  0x00002098        0xc c:/program files (x86)/cypress/psoc creator/4.4/psoc creator/import/gnu/arm/5.4.1/bin/../lib/gcc/arm-none-eabi/5.4.1/../../../../arm-none-eabi/lib/armv7-m\libg_nano.a(lib_a-errno.o)
                0x00002098                __errno
 .text.__libc_init_array
                0x000020a4       0x4c c:/program files (x86)/cypress/psoc creator/4.4/psoc creator/import/gnu/arm/5.4.1/bin/../lib/gcc/arm-none-eabi/5.4.1/../../../../arm-none-eabi/lib/armv7-m\libg_nano.a(lib_a-init.o)
                0x000020a4                __libc_init_array
 .text.memcpy   0x000020f0       0x16 c:/program files (x86)/cypress/psoc creator/4.4/psoc creator/import/gnu/arm/5.4.1/bin/../lib/gcc/arm-none-eabi/5.4.1/../../../../arm-none-eabi/lib/armv7-m\libg_nano.a(lib_a-memcpy-stub.o)
                0x000020f0                memcpy
 .text.memset   0x00002106       0x10 c:/program files (x86)/cypress/psoc creator/4.4/psoc creator/import/gnu/arm/5.4.1/bin/../lib/gcc/arm-none-eabi/5.4.1/../../../../arm-none-eabi/lib/armv7-m\libg_nano.a(lib_a-memset.o)
                0x00002106                memset
 *fill*         0x00002116        0x2 
 .text.sprintf  0x00002118       0x48 c:/program files (x86)/cypress/psoc creator/4.4/psoc creator/import/gnu/arm/5.4.1/bin/../lib/gcc/arm-none-eabi/5.4.1/../../../../arm-none-eabi/lib/armv7-m\libg_nano.a(lib_a-sprintf.o)
                0x00002118                siprintf
                0x00002118                sprintf
 .text.__ssputs_r
                0x00002160       0xb2 c:/program files (x86)/cypress/psoc creator/4.4/psoc creator/import/gnu/arm/5.4.1/bin/../lib/gcc/arm-none-eabi/5.4.1/../../../../arm-none-eabi/lib/armv7-m\libg_nano.a(lib_a-nano-svfprintf.o)
                0x00002160                __ssputs_r
 *fill*         0x00002212        0x2 
 .text._svfprintf_r
                0x00002214      0x1e8 c:/program files (x86)/cypress/psoc creator/4.4/psoc creator/import/gnu/arm/5.4.1/bin/../lib/gcc/arm-none-eabi/5.4.1/../../../../arm-none-eabi/lib/armv7-m\libg_nano.a(lib_a-nano-svfprintf.o)
                0x00002214                _svfiprintf_r
                0x00002214                _svfprintf_r
 .text._printf_common
                0x000023fc       0xec c:/program files (x86)/cypress/psoc creator/4.4/psoc creator/import/gnu/arm/5.4.1/bin/../lib/gcc/arm-none-eabi/5.4.1/../../../../arm-none-eabi/lib/armv7-m\libg_nano.a(lib_a-nano-vfprintf_i.o)
                0x000023fc                _printf_common
 .text._printf_i
                0x000024e8      0x24c c:/program files (x86)/cypress/psoc creator/4.4/psoc creator/import/gnu/arm/5.4.1/bin/../lib/gcc/arm-none-eabi/5.4.1/../../../../arm-none-eabi/lib/armv7-m\libg_nano.a(lib_a-nano-vfprintf_i.o)
                0x000024e8                _printf_i
 .text.memchr   0x00002734       0x1c c:/program files (x86)/cypress/psoc creator/4.4/psoc creator/import/gnu/arm/5.4.1/bin/../lib/gcc/arm-none-eabi/5.4.1/../../../../arm-none-eabi/lib/armv7-m\libg_nano.a(lib_a-memchr-stub.o)
                0x00002734                memchr
 .text.memmove  0x00002750       0x36 c:/program files (x86)/cypress/psoc creator/4.4/psoc creator/import/gnu/arm/5.4.1/bin/../lib/gcc/arm-none-eabi/5.4.1/../../../../arm-none-eabi/lib/armv7-m\libg_nano.a(lib_a-memmove.o)
                0x00002750                memmove
 *fill*         0x00002786        0x2 
 .text._free_r  0x00002788       0x98 c:/program files (x86)/cypress/psoc creator/4.4/psoc creator/import/gnu/arm/5.4.1/bin/../lib/gcc/arm-none-eabi/5.4.1/../../../../arm-none-eabi/lib/armv7-m\libg_nano.a(lib_a-nano-freer.o)
                0x00002788                _free_r
 .text._malloc_r
                0x00002820       0xbc c:/program files (x86)/cypress/psoc creator/4.4/psoc creator/import/gnu/arm/5.4.1/bin/../lib/gcc/arm-none-eabi/5.4.1/../../../../arm-none-eabi/lib/armv7-m\libg_nano.a(lib_a-nano-mallocr.o)
                0x00002820                _malloc_r
 .text._realloc_r
                0x000028dc       0x4c c:/program files (x86)/cypress/psoc creator/4.4/psoc creator/import/gnu/arm/5.4.1/bin/../lib/gcc/arm-none-eabi/5.4.1/../../../../arm-none-eabi/lib/armv7-m\libg_nano.a(lib_a-nano-reallocr.o)
                0x000028dc                _realloc_r
 .text._sbrk_r  0x00002928       0x20 c:/program files (x86)/cypress/psoc creator/4.4/psoc creator/import/gnu/arm/5.4.1/bin/../lib/gcc/arm-none-eabi/5.4.1/../../../../arm-none-eabi/lib/armv7-m\libg_nano.a(lib_a-sbrkr.o)
                0x00002928                _sbrk_r
 .text.__malloc_lock
                0x00002948        0x2 c:/program files (x86)/cypress/psoc creator/4.4/psoc creator/import/gnu/arm/5.4.1/bin/../lib/gcc/arm-none-eabi/5.4.1/../../../../arm-none-eabi/lib/armv7-m\libg_nano.a(lib_a-mlock.o)
                0x00002948                __malloc_lock
 .text.__malloc_unlock
                0x0000294a        0x2 c:/program files (x86)/cypress/psoc creator/4.4/psoc creator/import/gnu/arm/5.4.1/bin/../lib/gcc/arm-none-eabi/5.4.1/../../../../arm-none-eabi/lib/armv7-m\libg_nano.a(lib_a-mlock.o)
                0x0000294a                __malloc_unlock
 .text._malloc_usable_size_r
                0x0000294c       0x14 c:/program files (x86)/cypress/psoc creator/4.4/psoc creator/import/gnu/arm/5.4.1/bin/../lib/gcc/arm-none-eabi/5.4.1/../../../../arm-none-eabi/lib/armv7-m\libg_nano.a(lib_a-nano-msizer.o)
                0x0000294c                _malloc_usable_size_r
 *(.plt)
 *(.gnu.warning)
 *(.glue_7t)
 .glue_7t       0x00002960        0x0 linker stubs
 *(.glue_7)
 .glue_7        0x00002960        0x0 linker stubs
 *(.vfp11_veneer)
 .vfp11_veneer  0x00002960        0x0 linker stubs
 *(.bootloader)
 *(.ARM.extab* .gnu.linkonce.armextab.*)
 *(.gcc_except_table)

.v4_bx          0x00002960        0x0
 .v4_bx         0x00002960        0x0 linker stubs

.iplt           0x00002960        0x0
 .iplt          0x00002960        0x0 c:/program files (x86)/cypress/psoc creator/4.4/psoc creator/import/gnu/arm/5.4.1/bin/../lib/gcc/arm-none-eabi/5.4.1/armv7-m/crtbegin.o

.eh_frame_hdr
 *(.eh_frame_hdr)

.eh_frame       0x00002960        0x4
 *(.eh_frame)
 .eh_frame      0x00002960        0x0 c:/program files (x86)/cypress/psoc creator/4.4/psoc creator/import/gnu/arm/5.4.1/bin/../lib/gcc/arm-none-eabi/5.4.1/armv7-m/crtbegin.o
 .eh_frame      0x00002960        0x4 c:/program files (x86)/cypress/psoc creator/4.4/psoc creator/import/gnu/arm/5.4.1/bin/../lib/gcc/arm-none-eabi/5.4.1/armv7-m/crtend.o
                [!provide]                PROVIDE (__exidx_start, .)

.ARM.exidx
 *(.ARM.exidx* .gnu.linkonce.armexidx.*)
                0x00002964                __exidx_end = .

.rodata         0x00002964      0x614
 *(.rodata .rodata.* .gnu.linkonce.r.*)
 .rodata        0x00002964      0x200 .\CortexM3\ARM_GCC_541\Debug\led.o
 .rodata        0x00002b64       0x11 .\CortexM3\ARM_GCC_541\Debug\seven.o
 *fill*         0x00002b75        0x3 
 .rodata.str1.4
                0x00002b78      0x10e .\CortexM3\ARM_GCC_541\Debug\reactiongame.o
 *fill*         0x00002c86        0x2 
 .rodata        0x00002c88       0x2a .\CortexM3\ARM_GCC_541\Debug\cyfitter_cfg.o
 *fill*         0x00002cb2        0x2 
 .rodata        0x00002cb4      0x100 .\CortexM3\ARM_GCC_541\Debug\AMA_EOS_Lab_02.a(ErikaOS_1_ee_lookup.o)
                0x00002cb4                EE_rq_lookup
 .rodata        0x00002db4       0xbc .\CortexM3\ARM_GCC_541\Debug\AMA_EOS_Lab_02.a(ErikaOS_1_eecfg.o)
                0x00002db4                EE_oo_autostart_task_data
                0x00002dc0                EE_oo_action_ROM
                0x00002dd4                EE_oo_counter_object_ROM
                0x00002de0                EE_ALARM_ID
                0x00002de4                EE_alarm_ROM
                0x00002de8                EE_counter_ROM
                0x00002df4                EE_resource_ceiling
                0x00002df8                EE_th_is_extended
                0x00002e04                EE_th_rnact_max
                0x00002e10                EE_th_dispatch_prio
                0x00002e1c                EE_EVENT_ID
                0x00002e38                EE_RESOURCE_ID
                0x00002e3c                EE_th_ready_prio
                0x00002e48                EE_terminate_real_th_body
                0x00002e54                EE_hal_thread_body
                0x00002e60                EE_std_thread_tos
 .rodata.str1.4
                0x00002e70       0x9c .\CortexM3\ARM_GCC_541\Debug\AMA_EOS_Lab_02.a(ErikaOS_1_eecfg.o)
 .rodata.str1.1
                0x00002f0c        0x2 c:/program files (x86)/cypress/psoc creator/4.4/psoc creator/import/gnu/arm/5.4.1/bin/../lib/gcc/arm-none-eabi/5.4.1/../../../../arm-none-eabi/lib/armv7-m\libg_nano.a(lib_a-impure.o)
 .rodata.str1.1
                0x00002f0e       0x11 c:/program files (x86)/cypress/psoc creator/4.4/psoc creator/import/gnu/arm/5.4.1/bin/../lib/gcc/arm-none-eabi/5.4.1/../../../../arm-none-eabi/lib/armv7-m\libg_nano.a(lib_a-nano-svfprintf.o)
 .rodata.str1.1
                0x00002f1f       0x22 c:/program files (x86)/cypress/psoc creator/4.4/psoc creator/import/gnu/arm/5.4.1/bin/../lib/gcc/arm-none-eabi/5.4.1/../../../../arm-none-eabi/lib/armv7-m\libg_nano.a(lib_a-nano-vfprintf_i.o)
                0x00002f44                . = ALIGN (0x4)
 *fill*         0x00002f41        0x3 
 *(.init)
 .init          0x00002f44        0x4 c:/program files (x86)/cypress/psoc creator/4.4/psoc creator/import/gnu/arm/5.4.1/bin/../lib/gcc/arm-none-eabi/5.4.1/armv7-m/crti.o
                0x00002f44                _init
 .init          0x00002f48        0x8 c:/program files (x86)/cypress/psoc creator/4.4/psoc creator/import/gnu/arm/5.4.1/bin/../lib/gcc/arm-none-eabi/5.4.1/armv7-m/crtn.o
                0x00002f50                . = ALIGN (0x4)
                0x00002f50                __preinit_array_start = .
 *(.preinit_array)
                0x00002f50                __preinit_array_end = .
                0x00002f50                . = ALIGN (0x4)
                0x00002f50                __init_array_start = .
 *(SORT(.init_array.*))
 *(.init_array)
 .init_array    0x00002f50        0x4 c:/program files (x86)/cypress/psoc creator/4.4/psoc creator/import/gnu/arm/5.4.1/bin/../lib/gcc/arm-none-eabi/5.4.1/armv7-m/crtbegin.o
 .init_array    0x00002f54        0x4 .\CortexM3\ARM_GCC_541\Debug\Cm3Start.o
                0x00002f58                __init_array_end = .
                0x00002f58                . = ALIGN (0x4)
 *(.fini)
 .fini          0x00002f58        0x4 c:/program files (x86)/cypress/psoc creator/4.4/psoc creator/import/gnu/arm/5.4.1/bin/../lib/gcc/arm-none-eabi/5.4.1/armv7-m/crti.o
                0x00002f58                _fini
 .fini          0x00002f5c        0x8 c:/program files (x86)/cypress/psoc creator/4.4/psoc creator/import/gnu/arm/5.4.1/bin/../lib/gcc/arm-none-eabi/5.4.1/armv7-m/crtn.o
                0x00002f64                . = ALIGN (0x4)
                0x00002f64                __fini_array_start = .
 *(.fini_array)
 .fini_array    0x00002f64        0x4 c:/program files (x86)/cypress/psoc creator/4.4/psoc creator/import/gnu/arm/5.4.1/bin/../lib/gcc/arm-none-eabi/5.4.1/armv7-m/crtbegin.o
 *(SORT(.fini_array.*))
                0x00002f68                __fini_array_end = .
                0x00002f68                . = ALIGN (0x4)
 *crtbegin.o(.ctors)
 *(EXCLUDE_FILE(*crtend.o) .ctors)
 *(SORT(.ctors.*))
 *crtend.o(.ctors)
                0x00002f68                . = ALIGN (0x4)
 *crtbegin.o(.dtors)
 *(EXCLUDE_FILE(*crtend.o) .dtors)
 *(SORT(.dtors.*))
 *crtend.o(.dtors)
                0x00002f68                . = ALIGN (0x4)
                0x00002f68                __cy_regions = .
                0x00002f68        0x4 LONG 0x2f78 __cy_region_init_ram
                0x00002f6c        0x4 LONG 0x1fff80c8 __cy_region_start_data
                0x00002f70        0x4 LONG 0x198 __cy_region_init_size_ram
                0x00002f74        0x4 LONG 0x630 __cy_region_zero_size_ram
                0x00002f78                __cy_regions_end = .
                0x00002f78                . = ALIGN (0x8)
                0x00002f78                _etext = .

.cy_checksum_exclude
                0x00002f78        0x0
 *(.cy_checksum_exclude)

.ramvectors     0x1fff8000       0xc0
                0x1fff8000                __cy_region_start_ram = .
 *(.ramvectors)
 .ramvectors    0x1fff8000       0xc0 .\CortexM3\ARM_GCC_541\Debug\Cm3Start.o
                0x1fff8000                CyRamVectors

.noinit         0x1fff80c0        0x1
 *(.noinit)
 .noinit        0x1fff80c0        0x1 .\CortexM3\ARM_GCC_541\Debug\AMA_EOS_Lab_02.a(CyLib.o)
                0x1fff80c0                CyResetStatus

.data           0x1fff80c8      0x198 load address 0x00002f78
                0x1fff80c8                __cy_region_start_data = .
 *(.jcr)
 .jcr           0x1fff80c8        0x0 c:/program files (x86)/cypress/psoc creator/4.4/psoc creator/import/gnu/arm/5.4.1/bin/../lib/gcc/arm-none-eabi/5.4.1/armv7-m/crtbegin.o
 .jcr           0x1fff80c8        0x4 c:/program files (x86)/cypress/psoc creator/4.4/psoc creator/import/gnu/arm/5.4.1/bin/../lib/gcc/arm-none-eabi/5.4.1/armv7-m/crtend.o
 *(.got.plt)
 *(.got)
 *(.shdata)
 *(.data .data.* .gnu.linkonce.d.*)
 .data          0x1fff80cc        0x2 .\CortexM3\ARM_GCC_541\Debug\seven.o
 .data          0x1fff80ce        0x1 .\CortexM3\ARM_GCC_541\Debug\reactiongame.o
 *fill*         0x1fff80cf        0x1 
 .data          0x1fff80d0        0x4 .\CortexM3\ARM_GCC_541\Debug\Cm3Start.o
 .data          0x1fff80d4      0x120 .\CortexM3\ARM_GCC_541\Debug\AMA_EOS_Lab_02.a(ErikaOS_1_eecfg.o)
                0x1fff80d4                EE_ALARM_NAME
                0x1fff80d8                EE_counter_RAM
                0x1fff80e0                EE_resource_stack
                0x1fff80e4                EE_th_resource_last
                0x1fff80f0                EE_th_terminate_nextask
                0x1fff80fc                EE_rq_pairs_next
                0x1fff8108                EE_rq_link
                0x1fff8114                EE_th_rnact
                0x1fff8120                EE_rq_queues_tail
                0x1fff8160                EE_rq_queues_head
                0x1fff81a0                EE_stkfirst
                0x1fff81a4                EE_th_next
                0x1fff81b0                EE_th_status
                0x1fff81bc                EE_EVENT_NAME
                0x1fff81d8                EE_RESOURCE_NAME
                0x1fff81dc                EE_TASK_NAME
                0x1fff81e8                EE_cortex_mx_IRQ_tos
                0x1fff81ec                EE_cortex_mx_system_tos
 .data          0x1fff81f4        0x4 .\CortexM3\ARM_GCC_541\Debug\AMA_EOS_Lab_02.a(ErikaOS_1_ee_gnu_irq_stack.o)
 .data.impure_data
                0x1fff81f8       0x60 c:/program files (x86)/cypress/psoc creator/4.4/psoc creator/import/gnu/arm/5.4.1/bin/../lib/gcc/arm-none-eabi/5.4.1/../../../../arm-none-eabi/lib/armv7-m\libg_nano.a(lib_a-impure.o)
 .data._impure_ptr
                0x1fff8258        0x4 c:/program files (x86)/cypress/psoc creator/4.4/psoc creator/import/gnu/arm/5.4.1/bin/../lib/gcc/arm-none-eabi/5.4.1/../../../../arm-none-eabi/lib/armv7-m\libg_nano.a(lib_a-impure.o)
                0x1fff8258                _impure_ptr
                0x1fff8260                . = ALIGN (0x8)
 *fill*         0x1fff825c        0x4 
 *(.ram)
                0x1fff8260                _edata = .

.igot.plt       0x1fff8260        0x0 load address 0x00003110
 .igot.plt      0x1fff8260        0x0 c:/program files (x86)/cypress/psoc creator/4.4/psoc creator/import/gnu/arm/5.4.1/bin/../lib/gcc/arm-none-eabi/5.4.1/armv7-m/crtbegin.o

.bss            0x1fff8260      0x630 load address 0x00003110
                0x1fff8260                PROVIDE (__bss_start__, .)
 *(.shbss)
 *(.bss .bss.* .gnu.linkonce.b.*)
 .bss           0x1fff8260       0x1c c:/program files (x86)/cypress/psoc creator/4.4/psoc creator/import/gnu/arm/5.4.1/bin/../lib/gcc/arm-none-eabi/5.4.1/armv7-m/crtbegin.o
 .bss           0x1fff827c        0x2 .\CortexM3\ARM_GCC_541\Debug\seven.o
 *fill*         0x1fff827e        0x2 
 .bss           0x1fff8280       0x54 .\CortexM3\ARM_GCC_541\Debug\reactiongame.o
 .bss           0x1fff82d4       0x38 .\CortexM3\ARM_GCC_541\Debug\AMA_EOS_Lab_02.a(ErikaOS_1_eecfg.o)
                0x1fff82d4                EE_resource_locked
                0x1fff82d8                EE_th_waswaiting
                0x1fff82e4                EE_th_event_waitmask
                0x1fff82f0                EE_th_event_active
                0x1fff82fc                EE_rq_free
                0x1fff8300                EE_rq_bitmask
                0x1fff8304                EE_sys_ceiling
                0x1fff8308                EE_cortex_mx_active_tos
 .bss           0x1fff830c        0x7 .\CortexM3\ARM_GCC_541\Debug\AMA_EOS_Lab_02.a(UART_LOG.o)
                0x1fff830c                UART_LOG_initVar
                0x1fff830e                UART_LOG_txBufferRead
                0x1fff8310                UART_LOG_txBufferWrite
 .bss           0x1fff8313        0x1 .\CortexM3\ARM_GCC_541\Debug\AMA_EOS_Lab_02.a(RGB_PWM_red.o)
                0x1fff8313                RGB_PWM_red_initVar
 .bss           0x1fff8314        0x1 .\CortexM3\ARM_GCC_541\Debug\AMA_EOS_Lab_02.a(RGB_PWM_blue.o)
                0x1fff8314                RGB_PWM_blue_initVar
 .bss           0x1fff8315        0x1 .\CortexM3\ARM_GCC_541\Debug\AMA_EOS_Lab_02.a(RGB_PWM_green.o)
                0x1fff8315                RGB_PWM_green_initVar
 .bss           0x1fff8316        0x1 .\CortexM3\ARM_GCC_541\Debug\AMA_EOS_Lab_02.a(PWM_green.o)
                0x1fff8316                PWM_green_initVar
 .bss           0x1fff8317        0x1 .\CortexM3\ARM_GCC_541\Debug\AMA_EOS_Lab_02.a(PWM_red.o)
                0x1fff8317                PWM_red_initVar
 .bss           0x1fff8318        0x1 .\CortexM3\ARM_GCC_541\Debug\AMA_EOS_Lab_02.a(PWM_yellow.o)
                0x1fff8318                PWM_yellow_initVar
 *fill*         0x1fff8319        0x3 
 .bss.__malloc_sbrk_start
                0x1fff831c        0x4 c:/program files (x86)/cypress/psoc creator/4.4/psoc creator/import/gnu/arm/5.4.1/bin/../lib/gcc/arm-none-eabi/5.4.1/../../../../arm-none-eabi/lib/armv7-m\libg_nano.a(lib_a-nano-mallocr.o)
                0x1fff831c                __malloc_sbrk_start
 .bss.__malloc_free_list
                0x1fff8320        0x4 c:/program files (x86)/cypress/psoc creator/4.4/psoc creator/import/gnu/arm/5.4.1/bin/../lib/gcc/arm-none-eabi/5.4.1/../../../../arm-none-eabi/lib/armv7-m\libg_nano.a(lib_a-nano-mallocr.o)
                0x1fff8320                __malloc_free_list
 *(COMMON)
 COMMON         0x1fff8324        0x4 .\CortexM3\ARM_GCC_541\Debug\reactiongame.o
                0x1fff8324                currentTick
 COMMON         0x1fff8328        0x8 .\CortexM3\ARM_GCC_541\Debug\AMA_EOS_Lab_02.a(ErikaOS_1_ee_lookup.o)
                0x1fff8328                EE_oo_IRQ_disable_count
                0x1fff832c                EE_oo_IRQ_suspend_status
 COMMON         0x1fff8330        0x4 .\CortexM3\ARM_GCC_541\Debug\AMA_EOS_Lab_02.a(ErikaOS_1_ee_startos.o)
                0x1fff8330                EE_oo_started
 COMMON         0x1fff8334        0x8 .\CortexM3\ARM_GCC_541\Debug\AMA_EOS_Lab_02.a(ErikaOS_1_common_ee_hal_structs.o)
                0x1fff8334                EE_IRQ_nesting_level
                0x1fff8338                EE_std_endcycle_next_tid
 COMMON         0x1fff833c      0x3c0 .\CortexM3\ARM_GCC_541\Debug\AMA_EOS_Lab_02.a(ErikaOS_1_eecfg.o)
                0x1fff833c                EE_rq_pairs_tid
                0x1fff8348                EE_terminate_data
                0x1fff8354                EE_oo_counter_object_RAM
                0x1fff8364                EE_resource_oldceiling
                0x1fff8368                EE_cortex_mx_stack_2
                0x1fff84f8                EE_ApplicationMode
                0x1fff84fc                EE_cortex_mx_stack_9
 COMMON         0x1fff86fc      0x190 .\CortexM3\ARM_GCC_541\Debug\AMA_EOS_Lab_02.a(UART_LOG.o)
                0x1fff86fc                UART_LOG_txBuffer
 COMMON         0x1fff888c        0x4 c:/program files (x86)/cypress/psoc creator/4.4/psoc creator/import/gnu/arm/5.4.1/bin/../lib/gcc/arm-none-eabi/5.4.1/../../../../arm-none-eabi/lib/armv7-m\libg_nano.a(lib_a-reent.o)
                0x1fff888c                errno
                0x1fff8890                . = ALIGN (0x8)
 *(.ram.b)
                0x1fff8890                _end = .
                0x1fff8890                __end = .
                0x1fff8890                PROVIDE (end, .)
                0x1fff8890                PROVIDE (__bss_end__, .)
                0x00002f78                __cy_region_init_ram = LOADADDR (.data)
                0x00000198                __cy_region_init_size_ram = (_edata - ADDR (.data))
                0x00000630                __cy_region_zero_size_ram = (_end - _edata)

.heap           0x1fff8890       0x80 load address 0x00003110
                0x1fff8890                . = _end
                0x1fff8910                . = (. + 0x80)
 *fill*         0x1fff8890       0x80 
                0x1fff8910                __cy_heap_limit = .

.stack          0x20007800      0x800
                0x20007800                __cy_stack_limit = .
                0x20008000                . = (. + 0x800)
 *fill*         0x20007800      0x800 
                0x00000001                ASSERT ((__cy_stack_limit >= __cy_heap_limit), region RAM overflowed with stack)
                0x00000000                cy_checksum_exclude_size = (CY_APPL_LOADABLE == 0x1)?SIZEOF (.cy_checksum_exclude):0x0
                0x00000001                ASSERT ((cy_checksum_exclude_size <= CY_CHECKSUM_EXCLUDE_SIZE), CY_BOOT: Section .cy_checksum_exclude size exceedes specified limit.)

.cyloadermeta
 *(.cyloadermeta)

.cyloadablemeta
 *(.cyloadablemeta)

.cyconfigecc    0x80000000      0xa38
 *(.cyconfigecc)
 .cyconfigecc   0x80000000      0xa38 .\CortexM3\ARM_GCC_541\Debug\cymetadata.o
                0x80000000                cy_meta_configecc

.cycustnvl      0x90000000        0x4
 *(.cycustnvl)
 .cycustnvl     0x90000000        0x4 .\CortexM3\ARM_GCC_541\Debug\cymetadata.o
                0x90000000                cy_meta_custnvl

.cywolatch      0x90100000        0x4
 *(.cywolatch)
 .cywolatch     0x90100000        0x4 .\CortexM3\ARM_GCC_541\Debug\cymetadata.o
                0x90100000                cy_meta_wonvl

.cyeeprom       0x90200000        0x0
 *(.cyeeprom)
                0x00000001                ASSERT ((. <= ((0x90200000 + ee_offset) + ee_size)), .cyeeprom data will not fit in EEPROM)

.cyflashprotect
                0x90400000      0x100
 *(.cyflashprotect)
 .cyflashprotect
                0x90400000      0x100 .\CortexM3\ARM_GCC_541\Debug\cymetadata.o
                0x90400000                cy_meta_flashprotect

.cymeta         0x90500000        0xc
 *(.cymeta)
 .cymeta        0x90500000        0xc .\CortexM3\ARM_GCC_541\Debug\cymetadata.o
                0x90500000                cy_metadata

.rel.dyn        0x00003110        0x0 load address 0x9050000c
 .rel.iplt      0x00003110        0x0 c:/program files (x86)/cypress/psoc creator/4.4/psoc creator/import/gnu/arm/5.4.1/bin/../lib/gcc/arm-none-eabi/5.4.1/armv7-m/crtbegin.o

.stab
 *(.stab)

.stabstr
 *(.stabstr)

.debug
 *(.debug)

.line
 *(.line)

.debug_srcinfo
 *(.debug_srcinfo)

.debug_sfnames
 *(.debug_sfnames)

.debug_aranges  0x00000000     0x1210
 *(.debug_aranges)
 .debug_aranges
                0x00000000       0x60 .\CortexM3\ARM_GCC_541\Debug\main.o
 .debug_aranges
                0x00000060       0x50 .\CortexM3\ARM_GCC_541\Debug\led.o
 .debug_aranges
                0x000000b0       0x48 .\CortexM3\ARM_GCC_541\Debug\seven.o
 .debug_aranges
                0x000000f8       0x28 .\CortexM3\ARM_GCC_541\Debug\button.o
 .debug_aranges
                0x00000120       0x40 .\CortexM3\ARM_GCC_541\Debug\reactiongame.o
 .debug_aranges
                0x00000160       0x58 .\CortexM3\ARM_GCC_541\Debug\cyfitter_cfg.o
 .debug_aranges
                0x000001b8       0x18 .\CortexM3\ARM_GCC_541\Debug\cymetadata.o
 .debug_aranges
                0x000001d0       0x48 .\CortexM3\ARM_GCC_541\Debug\Cm3Start.o
 .debug_aranges
                0x00000218      0x2a0 .\CortexM3\ARM_GCC_541\Debug\AMA_EOS_Lab_02.a(CyLib.o)
 .debug_aranges
                0x000004b8       0x98 .\CortexM3\ARM_GCC_541\Debug\AMA_EOS_Lab_02.a(cyPm.o)
 .debug_aranges
                0x00000550       0x20 .\CortexM3\ARM_GCC_541\Debug\AMA_EOS_Lab_02.a(ErikaOS_1_ee_activate.o)
 .debug_aranges
                0x00000570       0x58 .\CortexM3\ARM_GCC_541\Debug\AMA_EOS_Lab_02.a(ErikaOS_1_ee_altick.o)
 .debug_aranges
                0x000005c8       0x20 .\CortexM3\ARM_GCC_541\Debug\AMA_EOS_Lab_02.a(ErikaOS_1_ee_evclear.o)
 .debug_aranges
                0x000005e8       0x20 .\CortexM3\ARM_GCC_541\Debug\AMA_EOS_Lab_02.a(ErikaOS_1_ee_evget.o)
 .debug_aranges
                0x00000608       0x20 .\CortexM3\ARM_GCC_541\Debug\AMA_EOS_Lab_02.a(ErikaOS_1_ee_evset.o)
 .debug_aranges
                0x00000628       0x20 .\CortexM3\ARM_GCC_541\Debug\AMA_EOS_Lab_02.a(ErikaOS_1_ee_evwait.o)
 .debug_aranges
                0x00000648       0x20 .\CortexM3\ARM_GCC_541\Debug\AMA_EOS_Lab_02.a(ErikaOS_1_ee_getcountervalue.o)
 .debug_aranges
                0x00000668       0x30 .\CortexM3\ARM_GCC_541\Debug\AMA_EOS_Lab_02.a(ErikaOS_1_ee_irqendin.o)
 .debug_aranges
                0x00000698       0x20 .\CortexM3\ARM_GCC_541\Debug\AMA_EOS_Lab_02.a(ErikaOS_1_ee_lockres.o)
 .debug_aranges
                0x000006b8       0x18 .\CortexM3\ARM_GCC_541\Debug\AMA_EOS_Lab_02.a(ErikaOS_1_ee_lookup.o)
 .debug_aranges
                0x000006d0       0x20 .\CortexM3\ARM_GCC_541\Debug\AMA_EOS_Lab_02.a(ErikaOS_1_ee_rq_exchg.o)
 .debug_aranges
                0x000006f0       0x20 .\CortexM3\ARM_GCC_541\Debug\AMA_EOS_Lab_02.a(ErikaOS_1_ee_rq_first.o)
 .debug_aranges
                0x00000710       0x20 .\CortexM3\ARM_GCC_541\Debug\AMA_EOS_Lab_02.a(ErikaOS_1_ee_rq_inser.o)
 .debug_aranges
                0x00000730       0x40 .\CortexM3\ARM_GCC_541\Debug\AMA_EOS_Lab_02.a(ErikaOS_1_ee_startos.o)
 .debug_aranges
                0x00000770       0x20 .\CortexM3\ARM_GCC_541\Debug\AMA_EOS_Lab_02.a(ErikaOS_1_ee_terminat.o)
 .debug_aranges
                0x00000790       0x20 .\CortexM3\ARM_GCC_541\Debug\AMA_EOS_Lab_02.a(ErikaOS_1_ee_ulockres.o)
 .debug_aranges
                0x000007b0       0x20 .\CortexM3\ARM_GCC_541\Debug\AMA_EOS_Lab_02.a(ErikaOS_1_cortex_mx_ee_utils.o)
 .debug_aranges
                0x000007d0       0x18 .\CortexM3\ARM_GCC_541\Debug\AMA_EOS_Lab_02.a(ErikaOS_1_common_ee_hal_structs.o)
 .debug_aranges
                0x000007e8       0x18 .\CortexM3\ARM_GCC_541\Debug\AMA_EOS_Lab_02.a(ErikaOS_1_eecfg.o)
 .debug_aranges
                0x00000800       0x28 .\CortexM3\ARM_GCC_541\Debug\AMA_EOS_Lab_02.a(SEVEN_Reg.o)
 .debug_aranges
                0x00000828       0x38 .\CortexM3\ARM_GCC_541\Debug\AMA_EOS_Lab_02.a(SEVEN_DP.o)
 .debug_aranges
                0x00000860       0x38 .\CortexM3\ARM_GCC_541\Debug\AMA_EOS_Lab_02.a(SEVEN_SELECT.o)
 .debug_aranges
                0x00000898       0x38 .\CortexM3\ARM_GCC_541\Debug\AMA_EOS_Lab_02.a(BUTTON_1.o)
 .debug_aranges
                0x000008d0       0x38 .\CortexM3\ARM_GCC_541\Debug\AMA_EOS_Lab_02.a(BUTTON_2.o)
 .debug_aranges
                0x00000908       0x38 .\CortexM3\ARM_GCC_541\Debug\AMA_EOS_Lab_02.a(BUTTON_4.o)
 .debug_aranges
                0x00000940       0x38 .\CortexM3\ARM_GCC_541\Debug\AMA_EOS_Lab_02.a(LED_RED.o)
 .debug_aranges
                0x00000978       0x38 .\CortexM3\ARM_GCC_541\Debug\AMA_EOS_Lab_02.a(LED_YELLOW.o)
 .debug_aranges
                0x000009b0       0x38 .\CortexM3\ARM_GCC_541\Debug\AMA_EOS_Lab_02.a(LED_GREEN.o)
 .debug_aranges
                0x000009e8       0x38 .\CortexM3\ARM_GCC_541\Debug\AMA_EOS_Lab_02.a(BUTTON_3.o)
 .debug_aranges
                0x00000a20       0xf0 .\CortexM3\ARM_GCC_541\Debug\AMA_EOS_Lab_02.a(UART_LOG.o)
 .debug_aranges
                0x00000b10       0x20 .\CortexM3\ARM_GCC_541\Debug\AMA_EOS_Lab_02.a(UART_LOG_INT.o)
 .debug_aranges
                0x00000b30       0x70 .\CortexM3\ARM_GCC_541\Debug\AMA_EOS_Lab_02.a(UART_LOG_IntClock.o)
 .debug_aranges
                0x00000ba0       0x98 .\CortexM3\ARM_GCC_541\Debug\AMA_EOS_Lab_02.a(RGB_PWM_red.o)
 .debug_aranges
                0x00000c38       0x98 .\CortexM3\ARM_GCC_541\Debug\AMA_EOS_Lab_02.a(RGB_PWM_blue.o)
 .debug_aranges
                0x00000cd0       0x98 .\CortexM3\ARM_GCC_541\Debug\AMA_EOS_Lab_02.a(RGB_PWM_green.o)
 .debug_aranges
                0x00000d68       0x98 .\CortexM3\ARM_GCC_541\Debug\AMA_EOS_Lab_02.a(PWM_green.o)
 .debug_aranges
                0x00000e00       0x98 .\CortexM3\ARM_GCC_541\Debug\AMA_EOS_Lab_02.a(PWM_red.o)
 .debug_aranges
                0x00000e98       0x98 .\CortexM3\ARM_GCC_541\Debug\AMA_EOS_Lab_02.a(PWM_yellow.o)
 .debug_aranges
                0x00000f30       0x80 .\CortexM3\ARM_GCC_541\Debug\AMA_EOS_Lab_02.a(isr_Button_Pressed.o)
 .debug_aranges
                0x00000fb0       0x20 .\CortexM3\ARM_GCC_541\Debug\AMA_EOS_Lab_02.a(CyBootAsmGnu.o)
 .debug_aranges
                0x00000fd0       0x20 .\CortexM3\ARM_GCC_541\Debug\AMA_EOS_Lab_02.a(ErikaOS_1_ee_gnu_change_context_isr.o)
 .debug_aranges
                0x00000ff0       0x20 .\CortexM3\ARM_GCC_541\Debug\AMA_EOS_Lab_02.a(ErikaOS_1_ee_gnu_irq_stack.o)
 .debug_aranges
                0x00001010       0x20 .\CortexM3\ARM_GCC_541\Debug\AMA_EOS_Lab_02.a(ErikaOS_1_ee_gnu_multi_context.o)
 .debug_aranges
                0x00001030       0x20 .\CortexM3\ARM_GCC_541\Debug\AMA_EOS_Lab_02.a(ErikaOS_1_ee_gnu_oo.o)
 .debug_aranges
                0x00001050       0x88 .\CortexM3\ARM_GCC_541\Debug\AMA_EOS_Lab_02.a(CyFlash.o)
 .debug_aranges
                0x000010d8       0x80 .\CortexM3\ARM_GCC_541\Debug\AMA_EOS_Lab_02.a(CySpc.o)
 .debug_aranges
                0x00001158       0x20 .\CortexM3\ARM_GCC_541\Debug\AMA_EOS_Lab_02.a(ErikaOS_1_ee_tnterm.o)
 .debug_aranges
                0x00001178       0x20 .\CortexM3\ARM_GCC_541\Debug\AMA_EOS_Lab_02.a(ErikaOS_1_ee_tstub.o)
 .debug_aranges
                0x00001198       0x20 .\CortexM3\ARM_GCC_541\Debug\AMA_EOS_Lab_02.a(ErikaOS_1_ee_ulockallres.o)
 .debug_aranges
                0x000011b8       0x28 .\CortexM3\ARM_GCC_541\Debug\AMA_EOS_Lab_02.a(ErikaOS_1_cortex_mx_ee_context.o)
 .debug_aranges
                0x000011e0       0x30 .\CortexM3\ARM_GCC_541\Debug\AMA_EOS_Lab_02.a(ErikaOS_1_ee_thendin.o)

.debug_pubnames
 *(.debug_pubnames)

.debug_info     0x00000000    0x1293c
 *(.debug_info .gnu.linkonce.wi.*)
 .debug_info    0x00000000      0x780 .\CortexM3\ARM_GCC_541\Debug\main.o
 .debug_info    0x00000780      0x602 .\CortexM3\ARM_GCC_541\Debug\led.o
 .debug_info    0x00000d82      0x4a6 .\CortexM3\ARM_GCC_541\Debug\seven.o
 .debug_info    0x00001228      0x2f7 .\CortexM3\ARM_GCC_541\Debug\button.o
 .debug_info    0x0000151f      0x774 .\CortexM3\ARM_GCC_541\Debug\reactiongame.o
 .debug_info    0x00001c93      0x513 .\CortexM3\ARM_GCC_541\Debug\cyfitter_cfg.o
 .debug_info    0x000021a6      0x139 .\CortexM3\ARM_GCC_541\Debug\cymetadata.o
 .debug_info    0x000022df      0x3bb .\CortexM3\ARM_GCC_541\Debug\Cm3Start.o
 .debug_info    0x0000269a     0x1374 .\CortexM3\ARM_GCC_541\Debug\AMA_EOS_Lab_02.a(CyLib.o)
 .debug_info    0x00003a0e      0xa2a .\CortexM3\ARM_GCC_541\Debug\AMA_EOS_Lab_02.a(cyPm.o)
 .debug_info    0x00004438      0x80d .\CortexM3\ARM_GCC_541\Debug\AMA_EOS_Lab_02.a(ErikaOS_1_ee_activate.o)
 .debug_info    0x00004c45      0xc3b .\CortexM3\ARM_GCC_541\Debug\AMA_EOS_Lab_02.a(ErikaOS_1_ee_altick.o)
 .debug_info    0x00005880      0x5a7 .\CortexM3\ARM_GCC_541\Debug\AMA_EOS_Lab_02.a(ErikaOS_1_ee_evclear.o)
 .debug_info    0x00005e27      0x4ca .\CortexM3\ARM_GCC_541\Debug\AMA_EOS_Lab_02.a(ErikaOS_1_ee_evget.o)
 .debug_info    0x000062f1      0x7c3 .\CortexM3\ARM_GCC_541\Debug\AMA_EOS_Lab_02.a(ErikaOS_1_ee_evset.o)
 .debug_info    0x00006ab4      0x85a .\CortexM3\ARM_GCC_541\Debug\AMA_EOS_Lab_02.a(ErikaOS_1_ee_evwait.o)
 .debug_info    0x0000730e      0x56b .\CortexM3\ARM_GCC_541\Debug\AMA_EOS_Lab_02.a(ErikaOS_1_ee_getcountervalue.o)
 .debug_info    0x00007879      0x5cb .\CortexM3\ARM_GCC_541\Debug\AMA_EOS_Lab_02.a(ErikaOS_1_ee_irqendin.o)
 .debug_info    0x00007e44      0x60d .\CortexM3\ARM_GCC_541\Debug\AMA_EOS_Lab_02.a(ErikaOS_1_ee_lockres.o)
 .debug_info    0x00008451      0x3d0 .\CortexM3\ARM_GCC_541\Debug\AMA_EOS_Lab_02.a(ErikaOS_1_ee_lookup.o)
 .debug_info    0x00008821      0x46f .\CortexM3\ARM_GCC_541\Debug\AMA_EOS_Lab_02.a(ErikaOS_1_ee_rq_exchg.o)
 .debug_info    0x00008c90      0x421 .\CortexM3\ARM_GCC_541\Debug\AMA_EOS_Lab_02.a(ErikaOS_1_ee_rq_first.o)
 .debug_info    0x000090b1      0x475 .\CortexM3\ARM_GCC_541\Debug\AMA_EOS_Lab_02.a(ErikaOS_1_ee_rq_inser.o)
 .debug_info    0x00009526     0x2040 .\CortexM3\ARM_GCC_541\Debug\AMA_EOS_Lab_02.a(ErikaOS_1_ee_startos.o)
 .debug_info    0x0000b566      0x595 .\CortexM3\ARM_GCC_541\Debug\AMA_EOS_Lab_02.a(ErikaOS_1_ee_terminat.o)
 .debug_info    0x0000bafb      0x7fb .\CortexM3\ARM_GCC_541\Debug\AMA_EOS_Lab_02.a(ErikaOS_1_ee_ulockres.o)
 .debug_info    0x0000c2f6      0x513 .\CortexM3\ARM_GCC_541\Debug\AMA_EOS_Lab_02.a(ErikaOS_1_cortex_mx_ee_utils.o)
 .debug_info    0x0000c809      0x3cb .\CortexM3\ARM_GCC_541\Debug\AMA_EOS_Lab_02.a(ErikaOS_1_common_ee_hal_structs.o)
 .debug_info    0x0000cbd4      0x96e .\CortexM3\ARM_GCC_541\Debug\AMA_EOS_Lab_02.a(ErikaOS_1_eecfg.o)
 .debug_info    0x0000d542       0xd6 .\CortexM3\ARM_GCC_541\Debug\AMA_EOS_Lab_02.a(SEVEN_Reg.o)
 .debug_info    0x0000d618      0x11f .\CortexM3\ARM_GCC_541\Debug\AMA_EOS_Lab_02.a(SEVEN_DP.o)
 .debug_info    0x0000d737      0x11f .\CortexM3\ARM_GCC_541\Debug\AMA_EOS_Lab_02.a(SEVEN_SELECT.o)
 .debug_info    0x0000d856      0x11f .\CortexM3\ARM_GCC_541\Debug\AMA_EOS_Lab_02.a(BUTTON_1.o)
 .debug_info    0x0000d975      0x11f .\CortexM3\ARM_GCC_541\Debug\AMA_EOS_Lab_02.a(BUTTON_2.o)
 .debug_info    0x0000da94      0x11f .\CortexM3\ARM_GCC_541\Debug\AMA_EOS_Lab_02.a(BUTTON_4.o)
 .debug_info    0x0000dbb3      0x11f .\CortexM3\ARM_GCC_541\Debug\AMA_EOS_Lab_02.a(LED_RED.o)
 .debug_info    0x0000dcd2      0x11f .\CortexM3\ARM_GCC_541\Debug\AMA_EOS_Lab_02.a(LED_YELLOW.o)
 .debug_info    0x0000ddf1      0x11f .\CortexM3\ARM_GCC_541\Debug\AMA_EOS_Lab_02.a(LED_GREEN.o)
 .debug_info    0x0000df10      0x11f .\CortexM3\ARM_GCC_541\Debug\AMA_EOS_Lab_02.a(BUTTON_3.o)
 .debug_info    0x0000e02f      0x6d7 .\CortexM3\ARM_GCC_541\Debug\AMA_EOS_Lab_02.a(UART_LOG.o)
 .debug_info    0x0000e706      0x108 .\CortexM3\ARM_GCC_541\Debug\AMA_EOS_Lab_02.a(UART_LOG_INT.o)
 .debug_info    0x0000e80e      0x283 .\CortexM3\ARM_GCC_541\Debug\AMA_EOS_Lab_02.a(UART_LOG_IntClock.o)
 .debug_info    0x0000ea91      0x351 .\CortexM3\ARM_GCC_541\Debug\AMA_EOS_Lab_02.a(RGB_PWM_red.o)
 .debug_info    0x0000ede2      0x351 .\CortexM3\ARM_GCC_541\Debug\AMA_EOS_Lab_02.a(RGB_PWM_blue.o)
 .debug_info    0x0000f133      0x351 .\CortexM3\ARM_GCC_541\Debug\AMA_EOS_Lab_02.a(RGB_PWM_green.o)
 .debug_info    0x0000f484      0x351 .\CortexM3\ARM_GCC_541\Debug\AMA_EOS_Lab_02.a(PWM_green.o)
 .debug_info    0x0000f7d5      0x351 .\CortexM3\ARM_GCC_541\Debug\AMA_EOS_Lab_02.a(PWM_red.o)
 .debug_info    0x0000fb26      0x351 .\CortexM3\ARM_GCC_541\Debug\AMA_EOS_Lab_02.a(PWM_yellow.o)
 .debug_info    0x0000fe77      0x2d2 .\CortexM3\ARM_GCC_541\Debug\AMA_EOS_Lab_02.a(isr_Button_Pressed.o)
 .debug_info    0x00010149       0x8e .\CortexM3\ARM_GCC_541\Debug\AMA_EOS_Lab_02.a(CyBootAsmGnu.o)
 .debug_info    0x000101d7       0xa5 .\CortexM3\ARM_GCC_541\Debug\AMA_EOS_Lab_02.a(ErikaOS_1_ee_gnu_change_context_isr.o)
 .debug_info    0x0001027c       0x9c .\CortexM3\ARM_GCC_541\Debug\AMA_EOS_Lab_02.a(ErikaOS_1_ee_gnu_irq_stack.o)
 .debug_info    0x00010318       0xa0 .\CortexM3\ARM_GCC_541\Debug\AMA_EOS_Lab_02.a(ErikaOS_1_ee_gnu_multi_context.o)
 .debug_info    0x000103b8       0x95 .\CortexM3\ARM_GCC_541\Debug\AMA_EOS_Lab_02.a(ErikaOS_1_ee_gnu_oo.o)
 .debug_info    0x0001044d      0x64d .\CortexM3\ARM_GCC_541\Debug\AMA_EOS_Lab_02.a(CyFlash.o)
 .debug_info    0x00010a9a      0x550 .\CortexM3\ARM_GCC_541\Debug\AMA_EOS_Lab_02.a(CySpc.o)
 .debug_info    0x00010fea      0x473 .\CortexM3\ARM_GCC_541\Debug\AMA_EOS_Lab_02.a(ErikaOS_1_ee_tnterm.o)
 .debug_info    0x0001145d      0x487 .\CortexM3\ARM_GCC_541\Debug\AMA_EOS_Lab_02.a(ErikaOS_1_ee_tstub.o)
 .debug_info    0x000118e4      0x45e .\CortexM3\ARM_GCC_541\Debug\AMA_EOS_Lab_02.a(ErikaOS_1_ee_ulockallres.o)
 .debug_info    0x00011d42      0x501 .\CortexM3\ARM_GCC_541\Debug\AMA_EOS_Lab_02.a(ErikaOS_1_cortex_mx_ee_context.o)
 .debug_info    0x00012243      0x6f9 .\CortexM3\ARM_GCC_541\Debug\AMA_EOS_Lab_02.a(ErikaOS_1_ee_thendin.o)

.debug_abbrev   0x00000000     0x5111
 *(.debug_abbrev)
 .debug_abbrev  0x00000000      0x237 .\CortexM3\ARM_GCC_541\Debug\main.o
 .debug_abbrev  0x00000237      0x1cc .\CortexM3\ARM_GCC_541\Debug\led.o
 .debug_abbrev  0x00000403      0x155 .\CortexM3\ARM_GCC_541\Debug\seven.o
 .debug_abbrev  0x00000558      0x11c .\CortexM3\ARM_GCC_541\Debug\button.o
 .debug_abbrev  0x00000674      0x1c7 .\CortexM3\ARM_GCC_541\Debug\reactiongame.o
 .debug_abbrev  0x0000083b      0x1fe .\CortexM3\ARM_GCC_541\Debug\cyfitter_cfg.o
 .debug_abbrev  0x00000a39       0x77 .\CortexM3\ARM_GCC_541\Debug\cymetadata.o
 .debug_abbrev  0x00000ab0      0x1e8 .\CortexM3\ARM_GCC_541\Debug\Cm3Start.o
 .debug_abbrev  0x00000c98      0x254 .\CortexM3\ARM_GCC_541\Debug\AMA_EOS_Lab_02.a(CyLib.o)
 .debug_abbrev  0x00000eec      0x1ab .\CortexM3\ARM_GCC_541\Debug\AMA_EOS_Lab_02.a(cyPm.o)
 .debug_abbrev  0x00001097      0x284 .\CortexM3\ARM_GCC_541\Debug\AMA_EOS_Lab_02.a(ErikaOS_1_ee_activate.o)
 .debug_abbrev  0x0000131b      0x362 .\CortexM3\ARM_GCC_541\Debug\AMA_EOS_Lab_02.a(ErikaOS_1_ee_altick.o)
 .debug_abbrev  0x0000167d      0x1e0 .\CortexM3\ARM_GCC_541\Debug\AMA_EOS_Lab_02.a(ErikaOS_1_ee_evclear.o)
 .debug_abbrev  0x0000185d      0x150 .\CortexM3\ARM_GCC_541\Debug\AMA_EOS_Lab_02.a(ErikaOS_1_ee_evget.o)
 .debug_abbrev  0x000019ad      0x27f .\CortexM3\ARM_GCC_541\Debug\AMA_EOS_Lab_02.a(ErikaOS_1_ee_evset.o)
 .debug_abbrev  0x00001c2c      0x25d .\CortexM3\ARM_GCC_541\Debug\AMA_EOS_Lab_02.a(ErikaOS_1_ee_evwait.o)
 .debug_abbrev  0x00001e89      0x1e5 .\CortexM3\ARM_GCC_541\Debug\AMA_EOS_Lab_02.a(ErikaOS_1_ee_getcountervalue.o)
 .debug_abbrev  0x0000206e      0x1da .\CortexM3\ARM_GCC_541\Debug\AMA_EOS_Lab_02.a(ErikaOS_1_ee_irqendin.o)
 .debug_abbrev  0x00002248      0x1ef .\CortexM3\ARM_GCC_541\Debug\AMA_EOS_Lab_02.a(ErikaOS_1_ee_lockres.o)
 .debug_abbrev  0x00002437       0xcf .\CortexM3\ARM_GCC_541\Debug\AMA_EOS_Lab_02.a(ErikaOS_1_ee_lookup.o)
 .debug_abbrev  0x00002506       0xfc .\CortexM3\ARM_GCC_541\Debug\AMA_EOS_Lab_02.a(ErikaOS_1_ee_rq_exchg.o)
 .debug_abbrev  0x00002602       0xed .\CortexM3\ARM_GCC_541\Debug\AMA_EOS_Lab_02.a(ErikaOS_1_ee_rq_first.o)
 .debug_abbrev  0x000026ef      0x109 .\CortexM3\ARM_GCC_541\Debug\AMA_EOS_Lab_02.a(ErikaOS_1_ee_rq_inser.o)
 .debug_abbrev  0x000027f8      0x4a7 .\CortexM3\ARM_GCC_541\Debug\AMA_EOS_Lab_02.a(ErikaOS_1_ee_startos.o)
 .debug_abbrev  0x00002c9f      0x1de .\CortexM3\ARM_GCC_541\Debug\AMA_EOS_Lab_02.a(ErikaOS_1_ee_terminat.o)
 .debug_abbrev  0x00002e7d      0x277 .\CortexM3\ARM_GCC_541\Debug\AMA_EOS_Lab_02.a(ErikaOS_1_ee_ulockres.o)
 .debug_abbrev  0x000030f4      0x1e3 .\CortexM3\ARM_GCC_541\Debug\AMA_EOS_Lab_02.a(ErikaOS_1_cortex_mx_ee_utils.o)
 .debug_abbrev  0x000032d7       0xcf .\CortexM3\ARM_GCC_541\Debug\AMA_EOS_Lab_02.a(ErikaOS_1_common_ee_hal_structs.o)
 .debug_abbrev  0x000033a6      0x127 .\CortexM3\ARM_GCC_541\Debug\AMA_EOS_Lab_02.a(ErikaOS_1_eecfg.o)
 .debug_abbrev  0x000034cd       0x81 .\CortexM3\ARM_GCC_541\Debug\AMA_EOS_Lab_02.a(SEVEN_Reg.o)
 .debug_abbrev  0x0000354e       0x90 .\CortexM3\ARM_GCC_541\Debug\AMA_EOS_Lab_02.a(SEVEN_DP.o)
 .debug_abbrev  0x000035de       0x90 .\CortexM3\ARM_GCC_541\Debug\AMA_EOS_Lab_02.a(SEVEN_SELECT.o)
 .debug_abbrev  0x0000366e       0x90 .\CortexM3\ARM_GCC_541\Debug\AMA_EOS_Lab_02.a(BUTTON_1.o)
 .debug_abbrev  0x000036fe       0x90 .\CortexM3\ARM_GCC_541\Debug\AMA_EOS_Lab_02.a(BUTTON_2.o)
 .debug_abbrev  0x0000378e       0x90 .\CortexM3\ARM_GCC_541\Debug\AMA_EOS_Lab_02.a(BUTTON_4.o)
 .debug_abbrev  0x0000381e       0x90 .\CortexM3\ARM_GCC_541\Debug\AMA_EOS_Lab_02.a(LED_RED.o)
 .debug_abbrev  0x000038ae       0x90 .\CortexM3\ARM_GCC_541\Debug\AMA_EOS_Lab_02.a(LED_YELLOW.o)
 .debug_abbrev  0x0000393e       0x90 .\CortexM3\ARM_GCC_541\Debug\AMA_EOS_Lab_02.a(LED_GREEN.o)
 .debug_abbrev  0x000039ce       0x90 .\CortexM3\ARM_GCC_541\Debug\AMA_EOS_Lab_02.a(BUTTON_3.o)
 .debug_abbrev  0x00003a5e      0x16f .\CortexM3\ARM_GCC_541\Debug\AMA_EOS_Lab_02.a(UART_LOG.o)
 .debug_abbrev  0x00003bcd       0x79 .\CortexM3\ARM_GCC_541\Debug\AMA_EOS_Lab_02.a(UART_LOG_INT.o)
 .debug_abbrev  0x00003c46      0x139 .\CortexM3\ARM_GCC_541\Debug\AMA_EOS_Lab_02.a(UART_LOG_IntClock.o)
 .debug_abbrev  0x00003d7f      0x133 .\CortexM3\ARM_GCC_541\Debug\AMA_EOS_Lab_02.a(RGB_PWM_red.o)
 .debug_abbrev  0x00003eb2      0x133 .\CortexM3\ARM_GCC_541\Debug\AMA_EOS_Lab_02.a(RGB_PWM_blue.o)
 .debug_abbrev  0x00003fe5      0x133 .\CortexM3\ARM_GCC_541\Debug\AMA_EOS_Lab_02.a(RGB_PWM_green.o)
 .debug_abbrev  0x00004118      0x133 .\CortexM3\ARM_GCC_541\Debug\AMA_EOS_Lab_02.a(PWM_green.o)
 .debug_abbrev  0x0000424b      0x133 .\CortexM3\ARM_GCC_541\Debug\AMA_EOS_Lab_02.a(PWM_red.o)
 .debug_abbrev  0x0000437e      0x133 .\CortexM3\ARM_GCC_541\Debug\AMA_EOS_Lab_02.a(PWM_yellow.o)
 .debug_abbrev  0x000044b1      0x173 .\CortexM3\ARM_GCC_541\Debug\AMA_EOS_Lab_02.a(isr_Button_Pressed.o)
 .debug_abbrev  0x00004624       0x14 .\CortexM3\ARM_GCC_541\Debug\AMA_EOS_Lab_02.a(CyBootAsmGnu.o)
 .debug_abbrev  0x00004638       0x14 .\CortexM3\ARM_GCC_541\Debug\AMA_EOS_Lab_02.a(ErikaOS_1_ee_gnu_change_context_isr.o)
 .debug_abbrev  0x0000464c       0x14 .\CortexM3\ARM_GCC_541\Debug\AMA_EOS_Lab_02.a(ErikaOS_1_ee_gnu_irq_stack.o)
 .debug_abbrev  0x00004660       0x14 .\CortexM3\ARM_GCC_541\Debug\AMA_EOS_Lab_02.a(ErikaOS_1_ee_gnu_multi_context.o)
 .debug_abbrev  0x00004674       0x14 .\CortexM3\ARM_GCC_541\Debug\AMA_EOS_Lab_02.a(ErikaOS_1_ee_gnu_oo.o)
 .debug_abbrev  0x00004688      0x1a7 .\CortexM3\ARM_GCC_541\Debug\AMA_EOS_Lab_02.a(CyFlash.o)
 .debug_abbrev  0x0000482f      0x194 .\CortexM3\ARM_GCC_541\Debug\AMA_EOS_Lab_02.a(CySpc.o)
 .debug_abbrev  0x000049c3      0x190 .\CortexM3\ARM_GCC_541\Debug\AMA_EOS_Lab_02.a(ErikaOS_1_ee_tnterm.o)
 .debug_abbrev  0x00004b53      0x143 .\CortexM3\ARM_GCC_541\Debug\AMA_EOS_Lab_02.a(ErikaOS_1_ee_tstub.o)
 .debug_abbrev  0x00004c96       0xfc .\CortexM3\ARM_GCC_541\Debug\AMA_EOS_Lab_02.a(ErikaOS_1_ee_ulockallres.o)
 .debug_abbrev  0x00004d92      0x156 .\CortexM3\ARM_GCC_541\Debug\AMA_EOS_Lab_02.a(ErikaOS_1_cortex_mx_ee_context.o)
 .debug_abbrev  0x00004ee8      0x229 .\CortexM3\ARM_GCC_541\Debug\AMA_EOS_Lab_02.a(ErikaOS_1_ee_thendin.o)

.debug_line     0x00000000     0x69f7
 *(.debug_line)
 .debug_line    0x00000000      0x539 .\CortexM3\ARM_GCC_541\Debug\main.o
 .debug_line    0x00000539      0x3d1 .\CortexM3\ARM_GCC_541\Debug\led.o
 .debug_line    0x0000090a      0x2e4 .\CortexM3\ARM_GCC_541\Debug\seven.o
 .debug_line    0x00000bee      0x2c4 .\CortexM3\ARM_GCC_541\Debug\button.o
 .debug_line    0x00000eb2      0x40b .\CortexM3\ARM_GCC_541\Debug\reactiongame.o
 .debug_line    0x000012bd      0x1db .\CortexM3\ARM_GCC_541\Debug\cyfitter_cfg.o
 .debug_line    0x00001498      0x141 .\CortexM3\ARM_GCC_541\Debug\cymetadata.o
 .debug_line    0x000015d9      0x233 .\CortexM3\ARM_GCC_541\Debug\Cm3Start.o
 .debug_line    0x0000180c      0x816 .\CortexM3\ARM_GCC_541\Debug\AMA_EOS_Lab_02.a(CyLib.o)
 .debug_line    0x00002022      0x367 .\CortexM3\ARM_GCC_541\Debug\AMA_EOS_Lab_02.a(cyPm.o)
 .debug_line    0x00002389      0x1fa .\CortexM3\ARM_GCC_541\Debug\AMA_EOS_Lab_02.a(ErikaOS_1_ee_activate.o)
 .debug_line    0x00002583      0x305 .\CortexM3\ARM_GCC_541\Debug\AMA_EOS_Lab_02.a(ErikaOS_1_ee_altick.o)
 .debug_line    0x00002888      0x1d5 .\CortexM3\ARM_GCC_541\Debug\AMA_EOS_Lab_02.a(ErikaOS_1_ee_evclear.o)
 .debug_line    0x00002a5d      0x15b .\CortexM3\ARM_GCC_541\Debug\AMA_EOS_Lab_02.a(ErikaOS_1_ee_evget.o)
 .debug_line    0x00002bb8      0x1f7 .\CortexM3\ARM_GCC_541\Debug\AMA_EOS_Lab_02.a(ErikaOS_1_ee_evset.o)
 .debug_line    0x00002daf      0x205 .\CortexM3\ARM_GCC_541\Debug\AMA_EOS_Lab_02.a(ErikaOS_1_ee_evwait.o)
 .debug_line    0x00002fb4      0x1bd .\CortexM3\ARM_GCC_541\Debug\AMA_EOS_Lab_02.a(ErikaOS_1_ee_getcountervalue.o)
 .debug_line    0x00003171      0x1a0 .\CortexM3\ARM_GCC_541\Debug\AMA_EOS_Lab_02.a(ErikaOS_1_ee_irqendin.o)
 .debug_line    0x00003311      0x1f1 .\CortexM3\ARM_GCC_541\Debug\AMA_EOS_Lab_02.a(ErikaOS_1_ee_lockres.o)
 .debug_line    0x00003502      0x119 .\CortexM3\ARM_GCC_541\Debug\AMA_EOS_Lab_02.a(ErikaOS_1_ee_lookup.o)
 .debug_line    0x0000361b      0x15b .\CortexM3\ARM_GCC_541\Debug\AMA_EOS_Lab_02.a(ErikaOS_1_ee_rq_exchg.o)
 .debug_line    0x00003776      0x152 .\CortexM3\ARM_GCC_541\Debug\AMA_EOS_Lab_02.a(ErikaOS_1_ee_rq_first.o)
 .debug_line    0x000038c8      0x156 .\CortexM3\ARM_GCC_541\Debug\AMA_EOS_Lab_02.a(ErikaOS_1_ee_rq_inser.o)
 .debug_line    0x00003a1e      0x3fa .\CortexM3\ARM_GCC_541\Debug\AMA_EOS_Lab_02.a(ErikaOS_1_ee_startos.o)
 .debug_line    0x00003e18      0x1c4 .\CortexM3\ARM_GCC_541\Debug\AMA_EOS_Lab_02.a(ErikaOS_1_ee_terminat.o)
 .debug_line    0x00003fdc      0x215 .\CortexM3\ARM_GCC_541\Debug\AMA_EOS_Lab_02.a(ErikaOS_1_ee_ulockres.o)
 .debug_line    0x000041f1      0x184 .\CortexM3\ARM_GCC_541\Debug\AMA_EOS_Lab_02.a(ErikaOS_1_cortex_mx_ee_utils.o)
 .debug_line    0x00004375       0xf9 .\CortexM3\ARM_GCC_541\Debug\AMA_EOS_Lab_02.a(ErikaOS_1_common_ee_hal_structs.o)
 .debug_line    0x0000446e      0x13c .\CortexM3\ARM_GCC_541\Debug\AMA_EOS_Lab_02.a(ErikaOS_1_eecfg.o)
 .debug_line    0x000045aa       0x71 .\CortexM3\ARM_GCC_541\Debug\AMA_EOS_Lab_02.a(SEVEN_Reg.o)
 .debug_line    0x0000461b       0x95 .\CortexM3\ARM_GCC_541\Debug\AMA_EOS_Lab_02.a(SEVEN_DP.o)
 .debug_line    0x000046b0       0x99 .\CortexM3\ARM_GCC_541\Debug\AMA_EOS_Lab_02.a(SEVEN_SELECT.o)
 .debug_line    0x00004749       0x95 .\CortexM3\ARM_GCC_541\Debug\AMA_EOS_Lab_02.a(BUTTON_1.o)
 .debug_line    0x000047de       0x95 .\CortexM3\ARM_GCC_541\Debug\AMA_EOS_Lab_02.a(BUTTON_2.o)
 .debug_line    0x00004873       0x95 .\CortexM3\ARM_GCC_541\Debug\AMA_EOS_Lab_02.a(BUTTON_4.o)
 .debug_line    0x00004908       0x94 .\CortexM3\ARM_GCC_541\Debug\AMA_EOS_Lab_02.a(LED_RED.o)
 .debug_line    0x0000499c       0x97 .\CortexM3\ARM_GCC_541\Debug\AMA_EOS_Lab_02.a(LED_YELLOW.o)
 .debug_line    0x00004a33       0x96 .\CortexM3\ARM_GCC_541\Debug\AMA_EOS_Lab_02.a(LED_GREEN.o)
 .debug_line    0x00004ac9       0x95 .\CortexM3\ARM_GCC_541\Debug\AMA_EOS_Lab_02.a(BUTTON_3.o)
 .debug_line    0x00004b5e      0x301 .\CortexM3\ARM_GCC_541\Debug\AMA_EOS_Lab_02.a(UART_LOG.o)
 .debug_line    0x00004e5f       0x85 .\CortexM3\ARM_GCC_541\Debug\AMA_EOS_Lab_02.a(UART_LOG_INT.o)
 .debug_line    0x00004ee4      0x180 .\CortexM3\ARM_GCC_541\Debug\AMA_EOS_Lab_02.a(UART_LOG_IntClock.o)
 .debug_line    0x00005064      0x18e .\CortexM3\ARM_GCC_541\Debug\AMA_EOS_Lab_02.a(RGB_PWM_red.o)
 .debug_line    0x000051f2      0x18f .\CortexM3\ARM_GCC_541\Debug\AMA_EOS_Lab_02.a(RGB_PWM_blue.o)
 .debug_line    0x00005381      0x190 .\CortexM3\ARM_GCC_541\Debug\AMA_EOS_Lab_02.a(RGB_PWM_green.o)
 .debug_line    0x00005511      0x18c .\CortexM3\ARM_GCC_541\Debug\AMA_EOS_Lab_02.a(PWM_green.o)
 .debug_line    0x0000569d      0x18a .\CortexM3\ARM_GCC_541\Debug\AMA_EOS_Lab_02.a(PWM_red.o)
 .debug_line    0x00005827      0x18d .\CortexM3\ARM_GCC_541\Debug\AMA_EOS_Lab_02.a(PWM_yellow.o)
 .debug_line    0x000059b4      0x13f .\CortexM3\ARM_GCC_541\Debug\AMA_EOS_Lab_02.a(isr_Button_Pressed.o)
 .debug_line    0x00005af3       0x66 .\CortexM3\ARM_GCC_541\Debug\AMA_EOS_Lab_02.a(CyBootAsmGnu.o)
 .debug_line    0x00005b59       0xae .\CortexM3\ARM_GCC_541\Debug\AMA_EOS_Lab_02.a(ErikaOS_1_ee_gnu_change_context_isr.o)
 .debug_line    0x00005c07       0x74 .\CortexM3\ARM_GCC_541\Debug\AMA_EOS_Lab_02.a(ErikaOS_1_ee_gnu_irq_stack.o)
 .debug_line    0x00005c7b       0x9d .\CortexM3\ARM_GCC_541\Debug\AMA_EOS_Lab_02.a(ErikaOS_1_ee_gnu_multi_context.o)
 .debug_line    0x00005d18       0x99 .\CortexM3\ARM_GCC_541\Debug\AMA_EOS_Lab_02.a(ErikaOS_1_ee_gnu_oo.o)
 .debug_line    0x00005db1      0x21a .\CortexM3\ARM_GCC_541\Debug\AMA_EOS_Lab_02.a(CyFlash.o)
 .debug_line    0x00005fcb      0x260 .\CortexM3\ARM_GCC_541\Debug\AMA_EOS_Lab_02.a(CySpc.o)
 .debug_line    0x0000622b      0x183 .\CortexM3\ARM_GCC_541\Debug\AMA_EOS_Lab_02.a(ErikaOS_1_ee_tnterm.o)
 .debug_line    0x000063ae      0x172 .\CortexM3\ARM_GCC_541\Debug\AMA_EOS_Lab_02.a(ErikaOS_1_ee_tstub.o)
 .debug_line    0x00006520      0x164 .\CortexM3\ARM_GCC_541\Debug\AMA_EOS_Lab_02.a(ErikaOS_1_ee_ulockallres.o)
 .debug_line    0x00006684      0x1ac .\CortexM3\ARM_GCC_541\Debug\AMA_EOS_Lab_02.a(ErikaOS_1_cortex_mx_ee_context.o)
 .debug_line    0x00006830      0x1c7 .\CortexM3\ARM_GCC_541\Debug\AMA_EOS_Lab_02.a(ErikaOS_1_ee_thendin.o)

.debug_frame    0x00000000     0x299c
 *(.debug_frame)
 .debug_frame   0x00000000      0x11c .\CortexM3\ARM_GCC_541\Debug\main.o
 .debug_frame   0x0000011c       0xe0 .\CortexM3\ARM_GCC_541\Debug\led.o
 .debug_frame   0x000001fc       0xcc .\CortexM3\ARM_GCC_541\Debug\seven.o
 .debug_frame   0x000002c8       0x4c .\CortexM3\ARM_GCC_541\Debug\button.o
 .debug_frame   0x00000314       0xb0 .\CortexM3\ARM_GCC_541\Debug\reactiongame.o
 .debug_frame   0x000003c4       0xe4 .\CortexM3\ARM_GCC_541\Debug\cyfitter_cfg.o
 .debug_frame   0x000004a8       0xb8 .\CortexM3\ARM_GCC_541\Debug\Cm3Start.o
 .debug_frame   0x00000560      0x738 .\CortexM3\ARM_GCC_541\Debug\AMA_EOS_Lab_02.a(CyLib.o)
 .debug_frame   0x00000c98      0x1f8 .\CortexM3\ARM_GCC_541\Debug\AMA_EOS_Lab_02.a(cyPm.o)
 .debug_frame   0x00000e90       0x30 .\CortexM3\ARM_GCC_541\Debug\AMA_EOS_Lab_02.a(ErikaOS_1_ee_activate.o)
 .debug_frame   0x00000ec0      0x10c .\CortexM3\ARM_GCC_541\Debug\AMA_EOS_Lab_02.a(ErikaOS_1_ee_altick.o)
 .debug_frame   0x00000fcc       0x38 .\CortexM3\ARM_GCC_541\Debug\AMA_EOS_Lab_02.a(ErikaOS_1_ee_evclear.o)
 .debug_frame   0x00001004       0x20 .\CortexM3\ARM_GCC_541\Debug\AMA_EOS_Lab_02.a(ErikaOS_1_ee_evget.o)
 .debug_frame   0x00001024       0x30 .\CortexM3\ARM_GCC_541\Debug\AMA_EOS_Lab_02.a(ErikaOS_1_ee_evset.o)
 .debug_frame   0x00001054       0x30 .\CortexM3\ARM_GCC_541\Debug\AMA_EOS_Lab_02.a(ErikaOS_1_ee_evwait.o)
 .debug_frame   0x00001084       0x20 .\CortexM3\ARM_GCC_541\Debug\AMA_EOS_Lab_02.a(ErikaOS_1_ee_getcountervalue.o)
 .debug_frame   0x000010a4       0x58 .\CortexM3\ARM_GCC_541\Debug\AMA_EOS_Lab_02.a(ErikaOS_1_ee_irqendin.o)
 .debug_frame   0x000010fc       0x40 .\CortexM3\ARM_GCC_541\Debug\AMA_EOS_Lab_02.a(ErikaOS_1_ee_lockres.o)
 .debug_frame   0x0000113c       0x3c .\CortexM3\ARM_GCC_541\Debug\AMA_EOS_Lab_02.a(ErikaOS_1_ee_rq_exchg.o)
 .debug_frame   0x00001178       0x20 .\CortexM3\ARM_GCC_541\Debug\AMA_EOS_Lab_02.a(ErikaOS_1_ee_rq_first.o)
 .debug_frame   0x00001198       0x30 .\CortexM3\ARM_GCC_541\Debug\AMA_EOS_Lab_02.a(ErikaOS_1_ee_rq_inser.o)
 .debug_frame   0x000011c8       0x90 .\CortexM3\ARM_GCC_541\Debug\AMA_EOS_Lab_02.a(ErikaOS_1_ee_startos.o)
 .debug_frame   0x00001258       0x2c .\CortexM3\ARM_GCC_541\Debug\AMA_EOS_Lab_02.a(ErikaOS_1_ee_terminat.o)
 .debug_frame   0x00001284       0x30 .\CortexM3\ARM_GCC_541\Debug\AMA_EOS_Lab_02.a(ErikaOS_1_ee_ulockres.o)
 .debug_frame   0x000012b4       0x30 .\CortexM3\ARM_GCC_541\Debug\AMA_EOS_Lab_02.a(ErikaOS_1_cortex_mx_ee_utils.o)
 .debug_frame   0x000012e4       0x30 .\CortexM3\ARM_GCC_541\Debug\AMA_EOS_Lab_02.a(SEVEN_Reg.o)
 .debug_frame   0x00001314       0x50 .\CortexM3\ARM_GCC_541\Debug\AMA_EOS_Lab_02.a(SEVEN_DP.o)
 .debug_frame   0x00001364       0x50 .\CortexM3\ARM_GCC_541\Debug\AMA_EOS_Lab_02.a(SEVEN_SELECT.o)
 .debug_frame   0x000013b4       0x50 .\CortexM3\ARM_GCC_541\Debug\AMA_EOS_Lab_02.a(BUTTON_1.o)
 .debug_frame   0x00001404       0x50 .\CortexM3\ARM_GCC_541\Debug\AMA_EOS_Lab_02.a(BUTTON_2.o)
 .debug_frame   0x00001454       0x50 .\CortexM3\ARM_GCC_541\Debug\AMA_EOS_Lab_02.a(BUTTON_4.o)
 .debug_frame   0x000014a4       0x50 .\CortexM3\ARM_GCC_541\Debug\AMA_EOS_Lab_02.a(LED_RED.o)
 .debug_frame   0x000014f4       0x50 .\CortexM3\ARM_GCC_541\Debug\AMA_EOS_Lab_02.a(LED_YELLOW.o)
 .debug_frame   0x00001544       0x50 .\CortexM3\ARM_GCC_541\Debug\AMA_EOS_Lab_02.a(LED_GREEN.o)
 .debug_frame   0x00001594       0x50 .\CortexM3\ARM_GCC_541\Debug\AMA_EOS_Lab_02.a(BUTTON_3.o)
 .debug_frame   0x000015e4      0x268 .\CortexM3\ARM_GCC_541\Debug\AMA_EOS_Lab_02.a(UART_LOG.o)
 .debug_frame   0x0000184c       0x20 .\CortexM3\ARM_GCC_541\Debug\AMA_EOS_Lab_02.a(UART_LOG_INT.o)
 .debug_frame   0x0000186c       0xe0 .\CortexM3\ARM_GCC_541\Debug\AMA_EOS_Lab_02.a(UART_LOG_IntClock.o)
 .debug_frame   0x0000194c      0x134 .\CortexM3\ARM_GCC_541\Debug\AMA_EOS_Lab_02.a(RGB_PWM_red.o)
 .debug_frame   0x00001a80      0x134 .\CortexM3\ARM_GCC_541\Debug\AMA_EOS_Lab_02.a(RGB_PWM_blue.o)
 .debug_frame   0x00001bb4      0x134 .\CortexM3\ARM_GCC_541\Debug\AMA_EOS_Lab_02.a(RGB_PWM_green.o)
 .debug_frame   0x00001ce8      0x134 .\CortexM3\ARM_GCC_541\Debug\AMA_EOS_Lab_02.a(PWM_green.o)
 .debug_frame   0x00001e1c      0x134 .\CortexM3\ARM_GCC_541\Debug\AMA_EOS_Lab_02.a(PWM_red.o)
 .debug_frame   0x00001f50      0x134 .\CortexM3\ARM_GCC_541\Debug\AMA_EOS_Lab_02.a(PWM_yellow.o)
 .debug_frame   0x00002084      0x104 .\CortexM3\ARM_GCC_541\Debug\AMA_EOS_Lab_02.a(isr_Button_Pressed.o)
 .debug_frame   0x00002188      0x194 .\CortexM3\ARM_GCC_541\Debug\AMA_EOS_Lab_02.a(CyFlash.o)
 .debug_frame   0x0000231c      0x180 .\CortexM3\ARM_GCC_541\Debug\AMA_EOS_Lab_02.a(CySpc.o)
 .debug_frame   0x0000249c       0x2c .\CortexM3\ARM_GCC_541\Debug\AMA_EOS_Lab_02.a(ErikaOS_1_ee_tnterm.o)
 .debug_frame   0x000024c8       0x2c .\CortexM3\ARM_GCC_541\Debug\AMA_EOS_Lab_02.a(ErikaOS_1_ee_tstub.o)
 .debug_frame   0x000024f4       0x2c .\CortexM3\ARM_GCC_541\Debug\AMA_EOS_Lab_02.a(ErikaOS_1_ee_ulockallres.o)
 .debug_frame   0x00002520       0x3c .\CortexM3\ARM_GCC_541\Debug\AMA_EOS_Lab_02.a(ErikaOS_1_cortex_mx_ee_context.o)
 .debug_frame   0x0000255c       0x5c .\CortexM3\ARM_GCC_541\Debug\AMA_EOS_Lab_02.a(ErikaOS_1_ee_thendin.o)
 .debug_frame   0x000025b8       0x20 c:/program files (x86)/cypress/psoc creator/4.4/psoc creator/import/gnu/arm/5.4.1/bin/../lib/gcc/arm-none-eabi/5.4.1/../../../../arm-none-eabi/lib/armv7-m\libg_nano.a(lib_a-errno.o)
 .debug_frame   0x000025d8       0x28 c:/program files (x86)/cypress/psoc creator/4.4/psoc creator/import/gnu/arm/5.4.1/bin/../lib/gcc/arm-none-eabi/5.4.1/../../../../arm-none-eabi/lib/armv7-m\libg_nano.a(lib_a-exit.o)
 .debug_frame   0x00002600       0x2c c:/program files (x86)/cypress/psoc creator/4.4/psoc creator/import/gnu/arm/5.4.1/bin/../lib/gcc/arm-none-eabi/5.4.1/../../../../arm-none-eabi/lib/armv7-m\libg_nano.a(lib_a-init.o)
 .debug_frame   0x0000262c       0x28 c:/program files (x86)/cypress/psoc creator/4.4/psoc creator/import/gnu/arm/5.4.1/bin/../lib/gcc/arm-none-eabi/5.4.1/../../../../arm-none-eabi/lib/armv7-m\libg_nano.a(lib_a-memcpy-stub.o)
 .debug_frame   0x00002654       0x20 c:/program files (x86)/cypress/psoc creator/4.4/psoc creator/import/gnu/arm/5.4.1/bin/../lib/gcc/arm-none-eabi/5.4.1/../../../../arm-none-eabi/lib/armv7-m\libg_nano.a(lib_a-memset.o)
 .debug_frame   0x00002674       0x70 c:/program files (x86)/cypress/psoc creator/4.4/psoc creator/import/gnu/arm/5.4.1/bin/../lib/gcc/arm-none-eabi/5.4.1/../../../../arm-none-eabi/lib/armv7-m\libg_nano.a(lib_a-sprintf.o)
 .debug_frame   0x000026e4       0x90 c:/program files (x86)/cypress/psoc creator/4.4/psoc creator/import/gnu/arm/5.4.1/bin/../lib/gcc/arm-none-eabi/5.4.1/../../../../arm-none-eabi/lib/armv7-m\libg_nano.a(lib_a-nano-svfprintf.o)
 .debug_frame   0x00002774       0x60 c:/program files (x86)/cypress/psoc creator/4.4/psoc creator/import/gnu/arm/5.4.1/bin/../lib/gcc/arm-none-eabi/5.4.1/../../../../arm-none-eabi/lib/armv7-m\libg_nano.a(lib_a-nano-vfprintf_i.o)
 .debug_frame   0x000027d4       0x28 c:/program files (x86)/cypress/psoc creator/4.4/psoc creator/import/gnu/arm/5.4.1/bin/../lib/gcc/arm-none-eabi/5.4.1/../../../../arm-none-eabi/lib/armv7-m\libg_nano.a(lib_a-memchr-stub.o)
 .debug_frame   0x000027fc       0x28 c:/program files (x86)/cypress/psoc creator/4.4/psoc creator/import/gnu/arm/5.4.1/bin/../lib/gcc/arm-none-eabi/5.4.1/../../../../arm-none-eabi/lib/armv7-m\libg_nano.a(lib_a-memmove.o)
 .debug_frame   0x00002824       0x38 c:/program files (x86)/cypress/psoc creator/4.4/psoc creator/import/gnu/arm/5.4.1/bin/../lib/gcc/arm-none-eabi/5.4.1/../../../../arm-none-eabi/lib/armv7-m\libg_nano.a(lib_a-nano-freer.o)
 .debug_frame   0x0000285c       0x2c c:/program files (x86)/cypress/psoc creator/4.4/psoc creator/import/gnu/arm/5.4.1/bin/../lib/gcc/arm-none-eabi/5.4.1/../../../../arm-none-eabi/lib/armv7-m\libg_nano.a(lib_a-nano-mallocr.o)
 .debug_frame   0x00002888       0x3c c:/program files (x86)/cypress/psoc creator/4.4/psoc creator/import/gnu/arm/5.4.1/bin/../lib/gcc/arm-none-eabi/5.4.1/../../../../arm-none-eabi/lib/armv7-m\libg_nano.a(lib_a-nano-reallocr.o)
 .debug_frame   0x000028c4       0x2c c:/program files (x86)/cypress/psoc creator/4.4/psoc creator/import/gnu/arm/5.4.1/bin/../lib/gcc/arm-none-eabi/5.4.1/../../../../arm-none-eabi/lib/armv7-m\libg_nano.a(lib_a-sbrkr.o)
 .debug_frame   0x000028f0       0x30 c:/program files (x86)/cypress/psoc creator/4.4/psoc creator/import/gnu/arm/5.4.1/bin/../lib/gcc/arm-none-eabi/5.4.1/../../../../arm-none-eabi/lib/armv7-m\libg_nano.a(lib_a-mlock.o)
 .debug_frame   0x00002920       0x20 c:/program files (x86)/cypress/psoc creator/4.4/psoc creator/import/gnu/arm/5.4.1/bin/../lib/gcc/arm-none-eabi/5.4.1/../../../../arm-none-eabi/lib/armv7-m\libg_nano.a(lib_a-nano-msizer.o)
 .debug_frame   0x00002940       0x5c c:/program files (x86)/cypress/psoc creator/4.4/psoc creator/import/gnu/arm/5.4.1/bin/../lib/gcc/arm-none-eabi/5.4.1/../../../../arm-none-eabi/lib/armv7-m\libg_nano.a(lib_a-reent.o)

.debug_str      0x00000000     0x470f
 *(.debug_str)
 .debug_str     0x00000000      0x555 .\CortexM3\ARM_GCC_541\Debug\main.o
                                0x5cc (size before relaxing)
 .debug_str     0x00000555      0x395 .\CortexM3\ARM_GCC_541\Debug\led.o
                                0x604 (size before relaxing)
 .debug_str     0x000008ea       0xf7 .\CortexM3\ARM_GCC_541\Debug\seven.o
                                0x519 (size before relaxing)
 .debug_str     0x000009e1       0xab .\CortexM3\ARM_GCC_541\Debug\button.o
                                0x4f4 (size before relaxing)
 .debug_str     0x00000a8c      0x1c7 .\CortexM3\ARM_GCC_541\Debug\reactiongame.o
                                0x687 (size before relaxing)
 .debug_str     0x00000c53      0x16d .\CortexM3\ARM_GCC_541\Debug\cyfitter_cfg.o
                                0x30d (size before relaxing)
 .debug_str     0x00000dc0       0x75 .\CortexM3\ARM_GCC_541\Debug\cymetadata.o
                                0x1e2 (size before relaxing)
 .debug_str     0x00000e35      0x132 .\CortexM3\ARM_GCC_541\Debug\Cm3Start.o
                                0x308 (size before relaxing)
 .debug_str     0x00000f67      0x82a .\CortexM3\ARM_GCC_541\Debug\AMA_EOS_Lab_02.a(CyLib.o)
                                0xa45 (size before relaxing)
 .debug_str     0x00001791      0x365 .\CortexM3\ARM_GCC_541\Debug\AMA_EOS_Lab_02.a(cyPm.o)
                                0x731 (size before relaxing)
 .debug_str     0x00001af6      0x5b7 .\CortexM3\ARM_GCC_541\Debug\AMA_EOS_Lab_02.a(ErikaOS_1_ee_activate.o)
                                0x805 (size before relaxing)
 .debug_str     0x000020ad      0x261 .\CortexM3\ARM_GCC_541\Debug\AMA_EOS_Lab_02.a(ErikaOS_1_ee_altick.o)
                                0xa60 (size before relaxing)
 .debug_str     0x0000230e       0x2e .\CortexM3\ARM_GCC_541\Debug\AMA_EOS_Lab_02.a(ErikaOS_1_ee_evclear.o)
                                0x5dd (size before relaxing)
 .debug_str     0x0000233c       0x5d .\CortexM3\ARM_GCC_541\Debug\AMA_EOS_Lab_02.a(ErikaOS_1_ee_evget.o)
                                0x54d (size before relaxing)
 .debug_str     0x00002399       0x2c .\CortexM3\ARM_GCC_541\Debug\AMA_EOS_Lab_02.a(ErikaOS_1_ee_evset.o)
                                0x7dd (size before relaxing)
 .debug_str     0x000023c5       0xa3 .\CortexM3\ARM_GCC_541\Debug\AMA_EOS_Lab_02.a(ErikaOS_1_ee_evwait.o)
                                0x835 (size before relaxing)
 .debug_str     0x00002468       0x42 .\CortexM3\ARM_GCC_541\Debug\AMA_EOS_Lab_02.a(ErikaOS_1_ee_getcountervalue.o)
                                0x5aa (size before relaxing)
 .debug_str     0x000024aa       0xca .\CortexM3\ARM_GCC_541\Debug\AMA_EOS_Lab_02.a(ErikaOS_1_ee_irqendin.o)
                                0x6ba (size before relaxing)
 .debug_str     0x00002574       0x9d .\CortexM3\ARM_GCC_541\Debug\AMA_EOS_Lab_02.a(ErikaOS_1_ee_lockres.o)
                                0x645 (size before relaxing)
 .debug_str     0x00002611       0x2d .\CortexM3\ARM_GCC_541\Debug\AMA_EOS_Lab_02.a(ErikaOS_1_ee_lookup.o)
                                0x489 (size before relaxing)
 .debug_str     0x0000263e       0x8c .\CortexM3\ARM_GCC_541\Debug\AMA_EOS_Lab_02.a(ErikaOS_1_ee_rq_exchg.o)
                                0x4fb (size before relaxing)
 .debug_str     0x000026ca       0x2f .\CortexM3\ARM_GCC_541\Debug\AMA_EOS_Lab_02.a(ErikaOS_1_ee_rq_first.o)
                                0x4c6 (size before relaxing)
 .debug_str     0x000026f9       0x3a .\CortexM3\ARM_GCC_541\Debug\AMA_EOS_Lab_02.a(ErikaOS_1_ee_rq_inser.o)
                                0x500 (size before relaxing)