Archive member included to satisfy reference by file (symbol)

.\CortexM3\ARM_GCC_541\Debug\AMA_EOS_Lab_02.a(CyLib.o)
                              .\CortexM3\ARM_GCC_541\Debug\Cm3Start.o (CyHalt)
.\CortexM3\ARM_GCC_541\Debug\AMA_EOS_Lab_02.a(cyPm.o)
                              .\CortexM3\ARM_GCC_541\Debug\AMA_EOS_Lab_02.a(CyLib.o) (CyPmReadStatus)
.\CortexM3\ARM_GCC_541\Debug\AMA_EOS_Lab_02.a(ErikaOS_1_ee_activate.o)
                              .\CortexM3\ARM_GCC_541\Debug\main.o (EE_oo_ActivateTask)
.\CortexM3\ARM_GCC_541\Debug\AMA_EOS_Lab_02.a(ErikaOS_1_ee_alcancel.o)
                              .\CortexM3\ARM_GCC_541\Debug\reactiongame.o (EE_oo_CancelAlarm)
.\CortexM3\ARM_GCC_541\Debug\AMA_EOS_Lab_02.a(ErikaOS_1_ee_alsetrel.o)
                              .\CortexM3\ARM_GCC_541\Debug\main.o (EE_oo_SetRelAlarm)
.\CortexM3\ARM_GCC_541\Debug\AMA_EOS_Lab_02.a(ErikaOS_1_ee_altick.o)
                              .\CortexM3\ARM_GCC_541\Debug\AMA_EOS_Lab_02.a(ErikaOS_1_ee_alsetrel.o) (EE_oo_counter_object_insert)
.\CortexM3\ARM_GCC_541\Debug\AMA_EOS_Lab_02.a(ErikaOS_1_ee_evclear.o)
                              .\CortexM3\ARM_GCC_541\Debug\main.o (EE_oo_ClearEvent)
.\CortexM3\ARM_GCC_541\Debug\AMA_EOS_Lab_02.a(ErikaOS_1_ee_evget.o)
                              .\CortexM3\ARM_GCC_541\Debug\main.o (EE_oo_GetEvent)
.\CortexM3\ARM_GCC_541\Debug\AMA_EOS_Lab_02.a(ErikaOS_1_ee_evset.o)
                              .\CortexM3\ARM_GCC_541\Debug\main.o (EE_oo_SetEvent)
.\CortexM3\ARM_GCC_541\Debug\AMA_EOS_Lab_02.a(ErikaOS_1_ee_evwait.o)
                              .\CortexM3\ARM_GCC_541\Debug\main.o (EE_oo_WaitEvent)
.\CortexM3\ARM_GCC_541\Debug\AMA_EOS_Lab_02.a(ErikaOS_1_ee_getcountervalue.o)
                              .\CortexM3\ARM_GCC_541\Debug\reactiongame.o (EE_oo_GetCounterValue)
.\CortexM3\ARM_GCC_541\Debug\AMA_EOS_Lab_02.a(ErikaOS_1_ee_irqendin.o)
                              .\CortexM3\ARM_GCC_541\Debug\main.o (EE_IRQ_end_post_stub)
.\CortexM3\ARM_GCC_541\Debug\AMA_EOS_Lab_02.a(ErikaOS_1_ee_lookup.o)
                              .\CortexM3\ARM_GCC_541\Debug\AMA_EOS_Lab_02.a(ErikaOS_1_ee_irqendin.o) (EE_oo_IRQ_disable_count)
.\CortexM3\ARM_GCC_541\Debug\AMA_EOS_Lab_02.a(ErikaOS_1_ee_rq_exchg.o)
                              .\CortexM3\ARM_GCC_541\Debug\AMA_EOS_Lab_02.a(ErikaOS_1_ee_activate.o) (EE_rq2stk_exchange)
.\CortexM3\ARM_GCC_541\Debug\AMA_EOS_Lab_02.a(ErikaOS_1_ee_rq_first.o)
                              .\CortexM3\ARM_GCC_541\Debug\AMA_EOS_Lab_02.a(ErikaOS_1_ee_activate.o) (EE_rq_queryfirst)
.\CortexM3\ARM_GCC_541\Debug\AMA_EOS_Lab_02.a(ErikaOS_1_ee_rq_inser.o)
                              .\CortexM3\ARM_GCC_541\Debug\AMA_EOS_Lab_02.a(ErikaOS_1_ee_activate.o) (EE_rq_insert)
.\CortexM3\ARM_GCC_541\Debug\AMA_EOS_Lab_02.a(ErikaOS_1_ee_startos.o)
                              .\CortexM3\ARM_GCC_541\Debug\main.o (EE_oo_StartOS)
.\CortexM3\ARM_GCC_541\Debug\AMA_EOS_Lab_02.a(ErikaOS_1_ee_terminat.o)
                              .\CortexM3\ARM_GCC_541\Debug\main.o (EE_oo_TerminateTask)
.\CortexM3\ARM_GCC_541\Debug\AMA_EOS_Lab_02.a(ErikaOS_1_cortex_mx_ee_utils.o)
                              .\CortexM3\ARM_GCC_541\Debug\main.o (EE_system_init)
.\CortexM3\ARM_GCC_541\Debug\AMA_EOS_Lab_02.a(ErikaOS_1_common_ee_hal_structs.o)
                              .\CortexM3\ARM_GCC_541\Debug\AMA_EOS_Lab_02.a(ErikaOS_1_ee_irqendin.o) (EE_std_endcycle_next_tid)
.\CortexM3\ARM_GCC_541\Debug\AMA_EOS_Lab_02.a(ErikaOS_1_eecfg.o)
                              .\CortexM3\ARM_GCC_541\Debug\AMA_EOS_Lab_02.a(ErikaOS_1_ee_startos.o) (EE_oo_autostart_task_data)
.\CortexM3\ARM_GCC_541\Debug\AMA_EOS_Lab_02.a(SEVEN_Reg.o)
                              .\CortexM3\ARM_GCC_541\Debug\seven.o (SEVEN_Reg_Write)
.\CortexM3\ARM_GCC_541\Debug\AMA_EOS_Lab_02.a(SEVEN_DP.o)
                              .\CortexM3\ARM_GCC_541\Debug\seven.o (SEVEN_DP_Write)
.\CortexM3\ARM_GCC_541\Debug\AMA_EOS_Lab_02.a(SEVEN_SELECT.o)
                              .\CortexM3\ARM_GCC_541\Debug\seven.o (SEVEN_SELECT_Write)
.\CortexM3\ARM_GCC_541\Debug\AMA_EOS_Lab_02.a(BUTTON_1.o)
                              .\CortexM3\ARM_GCC_541\Debug\button.o (BUTTON_1_Read)
.\CortexM3\ARM_GCC_541\Debug\AMA_EOS_Lab_02.a(BUTTON_2.o)
                              .\CortexM3\ARM_GCC_541\Debug\button.o (BUTTON_2_Read)
.\CortexM3\ARM_GCC_541\Debug\AMA_EOS_Lab_02.a(BUTTON_4.o)
                              .\CortexM3\ARM_GCC_541\Debug\main.o (BUTTON_4_Read)
.\CortexM3\ARM_GCC_541\Debug\AMA_EOS_Lab_02.a(LED_RED.o)
                              .\CortexM3\ARM_GCC_541\Debug\led.o (LED_RED_Write)
.\CortexM3\ARM_GCC_541\Debug\AMA_EOS_Lab_02.a(LED_YELLOW.o)
                              .\CortexM3\ARM_GCC_541\Debug\led.o (LED_YELLOW_Write)
.\CortexM3\ARM_GCC_541\Debug\AMA_EOS_Lab_02.a(LED_GREEN.o)
                              .\CortexM3\ARM_GCC_541\Debug\led.o (LED_GREEN_Write)
.\CortexM3\ARM_GCC_541\Debug\AMA_EOS_Lab_02.a(BUTTON_3.o)
[...]
Memory Configuration

Name             Origin             Length             Attributes
rom              0x00000000         0x00040000         xr
ram              0x1fff8000         0x00010000         xrw
*default*        0x00000000         0xffffffff

Linker script and memory map

LOAD c:/program files (x86)/cypress/psoc creator/4.4/psoc creator/import/gnu/arm/5.4.1/bin/../lib/gcc/arm-none-eabi/5.4.1/armv7-m/crti.o
LOAD c:/program files (x86)/cypress/psoc creator/4.4/psoc creator/import/gnu/arm/5.4.1/bin/../lib/gcc/arm-none-eabi/5.4.1/armv7-m/crtbegin.o
LOAD c:/program files (x86)/cypress/psoc creator/4.4/psoc creator/import/gnu/arm/5.4.1/bin/../lib/gcc/arm-none-eabi/5.4.1/../../../../arm-none-eabi/lib/armv7-m/crt0.o
START GROUP
LOAD .\CortexM3\ARM_GCC_541\Debug\main.o
LOAD .\CortexM3\ARM_GCC_541\Debug\led.o
LOAD .\CortexM3\ARM_GCC_541\Debug\seven.o
LOAD .\CortexM3\ARM_GCC_541\Debug\button.o
LOAD .\CortexM3\ARM_GCC_541\Debug\reactiongame.o
LOAD .\CortexM3\ARM_GCC_541\Debug\cyfitter_cfg.o
LOAD .\CortexM3\ARM_GCC_541\Debug\cymetadata.o
LOAD .\CortexM3\ARM_GCC_541\Debug\Cm3Start.o
LOAD .\CortexM3\ARM_GCC_541\Debug\AMA_EOS_Lab_02.a
LOAD C:\Program Files (x86)\Cypress\PSoC Creator\4.4\PSoC Creator\psoc\content\cycomponentlibrary\CyComponentLibrary.cylib\CortexM3\ARM_GCC_541\Debug\CyComponentLibrary.a
END GROUP
START GROUP
LOAD c:/program files (x86)/cypress/psoc creator/4.4/psoc creator/import/gnu/arm/5.4.1/bin/../lib/gcc/arm-none-eabi/5.4.1/armv7-m\libgcc.a
LOAD c:/program files (x86)/cypress/psoc creator/4.4/psoc creator/import/gnu/arm/5.4.1/bin/../lib/gcc/arm-none-eabi/5.4.1/../../../../arm-none-eabi/lib/armv7-m\libg_nano.a
LOAD c:/program files (x86)/cypress/psoc creator/4.4/psoc creator/import/gnu/arm/5.4.1/bin/../lib/gcc/arm-none-eabi/5.4.1/../../../../arm-none-eabi/lib/armv7-m\libc_nano.a
END GROUP
START GROUP
LOAD c:/program files (x86)/cypress/psoc creator/4.4/psoc creator/import/gnu/arm/5.4.1/bin/../lib/gcc/arm-none-eabi/5.4.1/armv7-m\libgcc.a
LOAD c:/program files (x86)/cypress/psoc creator/4.4/psoc creator/import/gnu/arm/5.4.1/bin/../lib/gcc/arm-none-eabi/5.4.1/../../../../arm-none-eabi/lib/armv7-m\libc_nano.a
END GROUP
LOAD c:/program files (x86)/cypress/psoc creator/4.4/psoc creator/import/gnu/arm/5.4.1/bin/../lib/gcc/arm-none-eabi/5.4.1/armv7-m/crtend.o
LOAD c:/program files (x86)/cypress/psoc creator/4.4/psoc creator/import/gnu/arm/5.4.1/bin/../lib/gcc/arm-none-eabi/5.4.1/armv7-m/crtn.o
START GROUP
LOAD c:/program files (x86)/cypress/psoc creator/4.4/psoc creator/import/gnu/arm/5.4.1/bin/../lib/gcc/arm-none-eabi/5.4.1/armv7-m\libgcc.a
LOAD c:/program files (x86)/cypress/psoc creator/4.4/psoc creator/import/gnu/arm/5.4.1/bin/../lib/gcc/arm-none-eabi/5.4.1/../../../../arm-none-eabi/lib/armv7-m\libc.a
LOAD c:/program files (x86)/cypress/psoc creator/4.4/psoc creator/import/gnu/arm/5.4.1/bin/../lib/gcc/arm-none-eabi/5.4.1/../../../../arm-none-eabi/lib/armv7-m\libnosys.a
END GROUP
                0x00000000                CY_APPL_ORIGIN = 0x0
                0x00000100                CY_FLASH_ROW_SIZE = 0x100
                0x00000020                CY_ECC_ROW_SIZE = 0x20
                0x00000000                CY_EE_IN_BTLDR = 0x0
                0x00000000                CY_APPL_LOADABLE = 0x0
                0x00000800                CY_EE_SIZE = 0x800
                0x00000001                CY_APPL_NUM = 0x1
                0x00000001                CY_APPL_MAX = 0x1
                0x00000040                CY_METADATA_SIZE = 0x40
                0x00000000                CY_APPL_LOADABLE = 0x0
                0x00000000                CY_CHECKSUM_EXCLUDE_SIZE = ALIGN (0x0, CY_FLASH_ROW_SIZE)
                [!provide]                PROVIDE (__cy_heap_start, _end)
                0x00000001                PROVIDE (__cy_region_num, ((__cy_regions_end - __cy_regions) / 0x10))
                0x20008000                PROVIDE (__cy_stack, (ORIGIN (ram) + LENGTH (ram)))
                [!provide]                PROVIDE (__cy_heap_end, (__cy_stack - 0x800))

.cybootloader   0x00000000        0x0
 *(.cybootloader)
                0x00000000                appl1_start = CY_APPL_ORIGIN?CY_APPL_ORIGIN:ALIGN (CY_FLASH_ROW_SIZE)
                0x0001ff00                appl2_start = (appl1_start + ALIGN ((((LENGTH (rom) - appl1_start) - (0x2 * CY_FLASH_ROW_SIZE)) / 0x2), CY_FLASH_ROW_SIZE))
                0x00000000                appl_start = (CY_APPL_NUM == 0x1)?appl1_start:appl2_start
                0x00000000                ecc_offset = ((appl_start / CY_FLASH_ROW_SIZE) * CY_ECC_ROW_SIZE)
                0x00000000                ee_offset = (CY_APPL_LOADABLE && ! (CY_EE_IN_BTLDR))?((CY_EE_SIZE / CY_APPL_MAX) * (CY_APPL_NUM - 0x1)):0x0
                0x00000800                ee_size = (CY_APPL_LOADABLE && ! (CY_EE_IN_BTLDR))?(CY_EE_SIZE / CY_APPL_MAX):CY_EE_SIZE
                [!provide]                PROVIDE (CY_ECC_OFFSET, ecc_offset)

.text           0x00000000     0x250c
 CREATE_OBJECT_SYMBOLS
                0x00000000                PROVIDE (__cy_interrupt_vector, RomVectors)
 *(.romvectors)
 .romvectors    0x00000000       0x10 .\CortexM3\ARM_GCC_541\Debug\Cm3Start.o
                0x00000000                RomVectors
                0x00000001                ASSERT ((. != __cy_interrupt_vector), No interrupt vector)
                0x00000001                ASSERT (CY_APPL_ORIGIN?(SIZEOF (.cybootloader) <= CY_APPL_ORIGIN):0x1, Wrong image location)
                0x00000010                PROVIDE (__cy_reset, Reset)
 *(.text.Reset)
 .text.Reset    0x00000010       0x24 .\CortexM3\ARM_GCC_541\Debug\Cm3Start.o
                0x00000010                Reset
                0x00000001                ASSERT ((. != __cy_reset), No reset code)
 *(.dma_init)
                0x00000001                ASSERT ((((appl_start + .) <= 0x10000) || 0x1), DMA Init must be within the first 64k of flash)
 *(.text .text.* .gnu.linkonce.t.*)
 .text          0x00000034       0x5c c:/program files (x86)/cypress/psoc creator/4.4/psoc creator/import/gnu/arm/5.4.1/bin/../lib/gcc/arm-none-eabi/5.4.1/armv7-m/crtbegin.o
 .text.main     0x00000090       0x28 .\CortexM3\ARM_GCC_541\Debug\main.o
                0x00000090                main
 .text.Functsk_init
                0x000000b8       0x3c .\CortexM3\ARM_GCC_541\Debug\main.o
                0x000000b8                Functsk_init
 .text.Functsk_event
                0x000000f4       0x24 .\CortexM3\ARM_GCC_541\Debug\main.o
                0x000000f4                Functsk_event
 .text.Functsk_background
                0x00000118        0x4 .\CortexM3\ARM_GCC_541\Debug\main.o
                0x00000118                Functsk_background
 .text.Functsk_glower
                0x0000011c        0x8 .\CortexM3\ARM_GCC_541\Debug\main.o
                0x0000011c                Functsk_glower
 .text.Functsk_arcadian
                0x00000124        0xc .\CortexM3\ARM_GCC_541\Debug\main.o
                0x00000124                Functsk_arcadian
 .text.ISR2_systick_handler
                0x00000130        0xc .\CortexM3\ARM_GCC_541\Debug\main.o
                0x00000130                ISR2_systick_handler
 .text.systick_handler
                0x0000013c       0x98 .\CortexM3\ARM_GCC_541\Debug\main.o
                0x0000013c                systick_handler
 .text.ISR2_isr_buttonPressed
                0x000001d4       0x24 .\CortexM3\ARM_GCC_541\Debug\main.o
                0x000001d4                ISR2_isr_buttonPressed
 .text.isr_buttonPressed
                0x000001f8       0x98 .\CortexM3\ARM_GCC_541\Debug\main.o
                0x000001f8                isr_buttonPressed
 .text.LED_RGB_Set
                0x00000290       0x28 .\CortexM3\ARM_GCC_541\Debug\led.o
                0x00000290                LED_RGB_Set
 .text.LED_Green_Set
                0x000002b8       0x14 .\CortexM3\ARM_GCC_541\Debug\led.o
                0x000002b8                LED_Green_Set
 .text.LED_Yellow_Set
                0x000002cc       0x14 .\CortexM3\ARM_GCC_541\Debug\led.o
                0x000002cc                LED_Yellow_Set
 .text.LED_Red_Set
                0x000002e0       0x14 .\CortexM3\ARM_GCC_541\Debug\led.o
                0x000002e0                LED_Red_Set
 .text.SEVEN_Set
                0x000002f4       0x34 .\CortexM3\ARM_GCC_541\Debug\seven.o
                0x000002f4                SEVEN_Set
 .text.SEVEN_Clear
                0x00000328       0x1c .\CortexM3\ARM_GCC_541\Debug\seven.o
                0x00000328                SEVEN_Clear
 .text.SEVEN_Init
                0x00000344       0x14 .\CortexM3\ARM_GCC_541\Debug\seven.o
                0x00000344                SEVEN_Init
 .text.RG_Init  0x00000358       0x4c .\CortexM3\ARM_GCC_541\Debug\reactiongame.o
                0x00000358                RG_Init
 .text.RG_ShowWelcome
                0x000003a4       0x98 .\CortexM3\ARM_GCC_541\Debug\reactiongame.o
                0x000003a4                RG_ShowWelcome
 .text.RG_ProcessEvent
                0x0000043c      0x3a0 .\CortexM3\ARM_GCC_541\Debug\reactiongame.o
                0x0000043c                RG_ProcessEvent
 .text.RG_Arcadian
                0x000007dc       0x8c .\CortexM3\ARM_GCC_541\Debug\reactiongame.o
                0x000007dc                RG_Arcadian
 .text.CyClockStartupError
                0x00000868        0x4 .\CortexM3\ARM_GCC_541\Debug\cyfitter_cfg.o
 .text.cfg_write_bytes32
                0x0000086c       0x34 .\CortexM3\ARM_GCC_541\Debug\cyfitter_cfg.o
 .text.AnalogSetDefault
                0x000008a0       0x28 .\CortexM3\ARM_GCC_541\Debug\cyfitter_cfg.o
 .text.CYMEMZERO
                0x000008c8        0xc .\CortexM3\ARM_GCC_541\Debug\cyfitter_cfg.o
 .text.ClockSetup
                0x000008d4       0xc4 .\CortexM3\ARM_GCC_541\Debug\cyfitter_cfg.o
 .text.CYCONFIGCPY
                0x00000998        0x8 .\CortexM3\ARM_GCC_541\Debug\cyfitter_cfg.o
 .text.cyfitter_cfg
                0x000009a0      0x114 .\CortexM3\ARM_GCC_541\Debug\cyfitter_cfg.o
                0x000009a0                cyfitter_cfg
 .text.IntDefaultHandler
                0x00000ab4       0x10 .\CortexM3\ARM_GCC_541\Debug\Cm3Start.o
                0x00000ab4                IntDefaultHandler
 .text._sbrk    0x00000ac4       0x30 .\CortexM3\ARM_GCC_541\Debug\Cm3Start.o
                0x00000ac4                _sbrk
 .text.Start_c  0x00000af4       0x4c .\CortexM3\ARM_GCC_541\Debug\Cm3Start.o
                0x00000af4                Start_c
 .text.initialize_psoc
                0x00000b40       0x68 .\CortexM3\ARM_GCC_541\Debug\Cm3Start.o
                0x00000b40                initialize_psoc
 .text.CyHalt   0x00000ba8        0x4 .\CortexM3\ARM_GCC_541\Debug\AMA_EOS_Lab_02.a(CyLib.o)
                0x00000ba8                CyHalt
 .text.CyIntSetVector
                0x00000bac       0x28 .\CortexM3\ARM_GCC_541\Debug\AMA_EOS_Lab_02.a(CyLib.o)
                0x00000bac                CyIntSetVector
 .text.CyIntSetPriority
                0x00000bd4       0x30 .\CortexM3\ARM_GCC_541\Debug\AMA_EOS_Lab_02.a(CyLib.o)
                0x00000bd4                CyIntSetPriority
 .text.EE_oo_ActivateTask
                0x00000c04       0xe8 .\CortexM3\ARM_GCC_541\Debug\AMA_EOS_Lab_02.a(ErikaOS_1_ee_activate.o)
                0x00000c04                EE_oo_ActivateTask
 .text.EE_oo_CancelAlarm
                0x00000cec       0xa4 .\CortexM3\ARM_GCC_541\Debug\AMA_EOS_Lab_02.a(ErikaOS_1_ee_alcancel.o)
                0x00000cec                EE_oo_CancelAlarm
 .text.EE_oo_SetRelAlarm
                0x00000d90       0x80 .\CortexM3\ARM_GCC_541\Debug\AMA_EOS_Lab_02.a(ErikaOS_1_ee_alsetrel.o)
                0x00000d90                EE_oo_SetRelAlarm
 .text.EE_oo_handle_action_callback
                0x00000e10        0xc .\CortexM3\ARM_GCC_541\Debug\AMA_EOS_Lab_02.a(ErikaOS_1_ee_altick.o)
 .text.EE_oo_handle_action_task
                0x00000e1c       0x4c .\CortexM3\ARM_GCC_541\Debug\AMA_EOS_Lab_02.a(ErikaOS_1_ee_altick.o)
 .text.EE_oo_handle_action_event
                0x00000e68       0x60 .\CortexM3\ARM_GCC_541\Debug\AMA_EOS_Lab_02.a(ErikaOS_1_ee_altick.o)
 .text.EE_oo_handle_action
                0x00000ec8       0x28 .\CortexM3\ARM_GCC_541\Debug\AMA_EOS_Lab_02.a(ErikaOS_1_ee_altick.o)
 .text.EE_oo_counter_object_insert
                0x00000ef0       0x9c .\CortexM3\ARM_GCC_541\Debug\AMA_EOS_Lab_02.a(ErikaOS_1_ee_altick.o)
                0x00000ef0                EE_oo_counter_object_insert
 .text.EE_oo_IncrementCounterImplementation
                0x00000f8c      0x100 .\CortexM3\ARM_GCC_541\Debug\AMA_EOS_Lab_02.a(ErikaOS_1_ee_altick.o)
                0x00000f8c                EE_oo_IncrementCounterImplementation
 .text.EE_oo_IncrementCounter
                0x0000108c       0xb0 .\CortexM3\ARM_GCC_541\Debug\AMA_EOS_Lab_02.a(ErikaOS_1_ee_altick.o)
                0x0000108c                EE_oo_IncrementCounter
 .text.EE_oo_ClearEvent
                0x0000113c       0x5c .\CortexM3\ARM_GCC_541\Debug\AMA_EOS_Lab_02.a(ErikaOS_1_ee_evclear.o)
                0x0000113c                EE_oo_ClearEvent
 .text.EE_oo_GetEvent
                0x00001198       0x40 .\CortexM3\ARM_GCC_541\Debug\AMA_EOS_Lab_02.a(ErikaOS_1_ee_evget.o)
                0x00001198                EE_oo_GetEvent
 .text.EE_oo_SetEvent
                0x000011d8      0x100 .\CortexM3\ARM_GCC_541\Debug\AMA_EOS_Lab_02.a(ErikaOS_1_ee_evset.o)
                0x000011d8                EE_oo_SetEvent
 .text.EE_oo_WaitEvent
                0x000012d8      0x124 .\CortexM3\ARM_GCC_541\Debug\AMA_EOS_Lab_02.a(ErikaOS_1_ee_evwait.o)
                0x000012d8                EE_oo_WaitEvent
 .text.EE_oo_GetCounterValue
                0x000013fc       0x24 .\CortexM3\ARM_GCC_541\Debug\AMA_EOS_Lab_02.a(ErikaOS_1_ee_getcountervalue.o)
                0x000013fc                EE_oo_GetCounterValue
 .text.EE_IRQ_run_next_task
                0x00001420       0x30 .\CortexM3\ARM_GCC_541\Debug\AMA_EOS_Lab_02.a(ErikaOS_1_ee_irqendin.o)
 .text.EE_IRQ_end_instance
                0x00001450       0x68 .\CortexM3\ARM_GCC_541\Debug\AMA_EOS_Lab_02.a(ErikaOS_1_ee_irqendin.o)
                0x00001450                EE_IRQ_end_instance
 .text.EE_IRQ_end_post_stub
                0x000014b8       0x14 .\CortexM3\ARM_GCC_541\Debug\AMA_EOS_Lab_02.a(ErikaOS_1_ee_irqendin.o)
                0x000014b8                EE_IRQ_end_post_stub
 .text.EE_rq2stk_exchange
                0x000014cc       0x88 .\CortexM3\ARM_GCC_541\Debug\AMA_EOS_Lab_02.a(ErikaOS_1_ee_rq_exchg.o)
                0x000014cc                EE_rq2stk_exchange
 .text.EE_rq_queryfirst
                0x00001554       0x44 .\CortexM3\ARM_GCC_541\Debug\AMA_EOS_Lab_02.a(ErikaOS_1_ee_rq_first.o)
                0x00001554                EE_rq_queryfirst
 .text.EE_rq_insert
                0x00001598       0x74 .\CortexM3\ARM_GCC_541\Debug\AMA_EOS_Lab_02.a(ErikaOS_1_ee_rq_inser.o)
                0x00001598                EE_rq_insert
 .text.compute_task_tid
                0x0000160c       0x10 .\CortexM3\ARM_GCC_541\Debug\AMA_EOS_Lab_02.a(ErikaOS_1_ee_startos.o)
 .text.EE_oo_start_os
                0x0000161c        0xc .\CortexM3\ARM_GCC_541\Debug\AMA_EOS_Lab_02.a(ErikaOS_1_ee_startos.o)
 .text.EE_oo_autostart_tasks
                0x00001628       0x60 .\CortexM3\ARM_GCC_541\Debug\AMA_EOS_Lab_02.a(ErikaOS_1_ee_startos.o)
 .text.EE_oo_autostart_os
                0x00001688        0xc .\CortexM3\ARM_GCC_541\Debug\AMA_EOS_Lab_02.a(ErikaOS_1_ee_startos.o)
 .text.EE_oo_StartOS
                0x00001694       0x8c .\CortexM3\ARM_GCC_541\Debug\AMA_EOS_Lab_02.a(ErikaOS_1_ee_startos.o)
                0x00001694                EE_oo_StartOS
 .text.EE_oo_TerminateTask
                0x00001720       0x50 .\CortexM3\ARM_GCC_541\Debug\AMA_EOS_Lab_02.a(ErikaOS_1_ee_terminat.o)
                0x00001720                EE_oo_TerminateTask
 .text.EE_system_init
                0x00001770       0x48 .\CortexM3\ARM_GCC_541\Debug\AMA_EOS_Lab_02.a(ErikaOS_1_cortex_mx_ee_utils.o)
                0x00001770                EE_system_init
 .text.SEVEN_Reg_Write
                0x000017b8        0xc .\CortexM3\ARM_GCC_541\Debug\AMA_EOS_Lab_02.a(SEVEN_Reg.o)
                0x000017b8                SEVEN_Reg_Write
 .text.SEVEN_SELECT_Write
                0x000017c4       0x18 .\CortexM3\ARM_GCC_541\Debug\AMA_EOS_Lab_02.a(SEVEN_SELECT.o)
                0x000017c4                SEVEN_SELECT_Write
 .text.BUTTON_4_Read
                0x000017dc       0x10 .\CortexM3\ARM_GCC_541\Debug\AMA_EOS_Lab_02.a(BUTTON_4.o)
                0x000017dc                BUTTON_4_Read
 .text.BUTTON_3_Read
                0x000017ec       0x10 .\CortexM3\ARM_GCC_541\Debug\AMA_EOS_Lab_02.a(BUTTON_3.o)
                0x000017ec                BUTTON_3_Read
 .text.UART_LOG_Init
                0x000017fc       0x40 .\CortexM3\ARM_GCC_541\Debug\AMA_EOS_Lab_02.a(UART_LOG.o)
                0x000017fc                UART_LOG_Init
 .text.UART_LOG_Enable
                0x0000183c       0x48 .\CortexM3\ARM_GCC_541\Debug\AMA_EOS_Lab_02.a(UART_LOG.o)
                0x0000183c                UART_LOG_Enable
 .text.UART_LOG_Start
                0x00001884       0x1c .\CortexM3\ARM_GCC_541\Debug\AMA_EOS_Lab_02.a(UART_LOG.o)
                0x00001884                UART_LOG_Start
 .text.UART_LOG_PutChar
                0x000018a0       0x7c .\CortexM3\ARM_GCC_541\Debug\AMA_EOS_Lab_02.a(UART_LOG.o)
                0x000018a0                UART_LOG_PutChar
 .text.UART_LOG_PutString
                0x0000191c       0x24 .\CortexM3\ARM_GCC_541\Debug\AMA_EOS_Lab_02.a(UART_LOG.o)
                0x0000191c                UART_LOG_PutString
 .text.UART_LOG_TXISR
                0x00001940       0x5c .\CortexM3\ARM_GCC_541\Debug\AMA_EOS_Lab_02.a(UART_LOG_INT.o)
                0x00001940                UART_LOG_TXISR
 .text.UART_LOG_IntClock_Start
                0x0000199c       0x1c .\CortexM3\ARM_GCC_541\Debug\AMA_EOS_Lab_02.a(UART_LOG_IntClock.o)
                0x0000199c                UART_LOG_IntClock_Start
 .text.RGB_PWM_red_Enable
                0x000019b8       0x10 .\CortexM3\ARM_GCC_541\Debug\AMA_EOS_Lab_02.a(RGB_PWM_red.o)
                0x000019b8                RGB_PWM_red_Enable
 .text.RGB_PWM_red_WriteCounter
                0x000019c8        0xc .\CortexM3\ARM_GCC_541\Debug\AMA_EOS_Lab_02.a(RGB_PWM_red.o)
                0x000019c8                RGB_PWM_red_WriteCounter
 .text.RGB_PWM_red_WritePeriod
                0x000019d4        0xc .\CortexM3\ARM_GCC_541\Debug\AMA_EOS_Lab_02.a(RGB_PWM_red.o)
                0x000019d4                RGB_PWM_red_WritePeriod
 .text.RGB_PWM_red_WriteCompare
                0x000019e0        0xc .\CortexM3\ARM_GCC_541\Debug\AMA_EOS_Lab_02.a(RGB_PWM_red.o)
                0x000019e0                RGB_PWM_red_WriteCompare
 .text.RGB_PWM_red_SetInterruptMode
                0x000019ec        0xc .\CortexM3\ARM_GCC_541\Debug\AMA_EOS_Lab_02.a(RGB_PWM_red.o)
                0x000019ec                RGB_PWM_red_SetInterruptMode
 .text.RGB_PWM_red_ReadStatusRegister
                0x000019f8        0xc .\CortexM3\ARM_GCC_541\Debug\AMA_EOS_Lab_02.a(RGB_PWM_red.o)
                0x000019f8                RGB_PWM_red_ReadStatusRegister
 .text.RGB_PWM_red_ReadCapture
                0x00001a04        0xc .\CortexM3\ARM_GCC_541\Debug\AMA_EOS_Lab_02.a(RGB_PWM_red.o)
                0x00001a04                RGB_PWM_red_ReadCapture
 .text.RGB_PWM_red_ClearFIFO
                0x00001a10       0x14 .\CortexM3\ARM_GCC_541\Debug\AMA_EOS_Lab_02.a(RGB_PWM_red.o)
                0x00001a10                RGB_PWM_red_ClearFIFO
 .text.RGB_PWM_red_Init
                0x00001a24       0x5c .\CortexM3\ARM_GCC_541\Debug\AMA_EOS_Lab_02.a(RGB_PWM_red.o)
                0x00001a24                RGB_PWM_red_Init
 .text.RGB_PWM_red_Start
                0x00001a80       0x1c .\CortexM3\ARM_GCC_541\Debug\AMA_EOS_Lab_02.a(RGB_PWM_red.o)
                0x00001a80                RGB_PWM_red_Start
 .text.RGB_PWM_blue_Enable
                0x00001a9c       0x10 .\CortexM3\ARM_GCC_541\Debug\AMA_EOS_Lab_02.a(RGB_PWM_blue.o)
                0x00001a9c                RGB_PWM_blue_Enable
 .text.RGB_PWM_blue_WriteCounter
                0x00001aac        0xc .\CortexM3\ARM_GCC_541\Debug\AMA_EOS_Lab_02.a(RGB_PWM_blue.o)
                0x00001aac                RGB_PWM_blue_WriteCounter
 .text.RGB_PWM_blue_WritePeriod
                0x00001ab8        0xc .\CortexM3\ARM_GCC_541\Debug\AMA_EOS_Lab_02.a(RGB_PWM_blue.o)
                0x00001ab8                RGB_PWM_blue_WritePeriod
 .text.RGB_PWM_blue_WriteCompare
                0x00001ac4        0xc .\CortexM3\ARM_GCC_541\Debug\AMA_EOS_Lab_02.a(RGB_PWM_blue.o)
                0x00001ac4                RGB_PWM_blue_WriteCompare
 .text.RGB_PWM_blue_SetInterruptMode
                0x00001ad0        0xc .\CortexM3\ARM_GCC_541\Debug\AMA_EOS_Lab_02.a(RGB_PWM_blue.o)
                0x00001ad0                RGB_PWM_blue_SetInterruptMode
 .text.RGB_PWM_blue_ReadStatusRegister
                0x00001adc        0xc .\CortexM3\ARM_GCC_541\Debug\AMA_EOS_Lab_02.a(RGB_PWM_blue.o)
                0x00001adc                RGB_PWM_blue_ReadStatusRegister
 .text.RGB_PWM_blue_ReadCapture
                0x00001ae8        0xc .\CortexM3\ARM_GCC_541\Debug\AMA_EOS_Lab_02.a(RGB_PWM_blue.o)
                0x00001ae8                RGB_PWM_blue_ReadCapture
 .text.RGB_PWM_blue_ClearFIFO
                0x00001af4       0x14 .\CortexM3\ARM_GCC_541\Debug\AMA_EOS_Lab_02.a(RGB_PWM_blue.o)
                0x00001af4                RGB_PWM_blue_ClearFIFO
 .text.RGB_PWM_blue_Init
                0x00001b08       0x5c .\CortexM3\ARM_GCC_541\Debug\AMA_EOS_Lab_02.a(RGB_PWM_blue.o)
                0x00001b08                RGB_PWM_blue_Init
 .text.RGB_PWM_blue_Start
                0x00001b64       0x1c .\CortexM3\ARM_GCC_541\Debug\AMA_EOS_Lab_02.a(RGB_PWM_blue.o)
                0x00001b64                RGB_PWM_blue_Start
 .text.RGB_PWM_green_Enable
                0x00001b80       0x10 .\CortexM3\ARM_GCC_541\Debug\AMA_EOS_Lab_02.a(RGB_PWM_green.o)
                0x00001b80                RGB_PWM_green_Enable
 .text.RGB_PWM_green_WriteCounter
                0x00001b90        0xc .\CortexM3\ARM_GCC_541\Debug\AMA_EOS_Lab_02.a(RGB_PWM_green.o)
                0x00001b90                RGB_PWM_green_WriteCounter
 .text.RGB_PWM_green_WritePeriod
                0x00001b9c        0xc .\CortexM3\ARM_GCC_541\Debug\AMA_EOS_Lab_02.a(RGB_PWM_green.o)
                0x00001b9c                RGB_PWM_green_WritePeriod
 .text.RGB_PWM_green_WriteCompare
                0x00001ba8        0xc .\CortexM3\ARM_GCC_541\Debug\AMA_EOS_Lab_02.a(RGB_PWM_green.o)
                0x00001ba8                RGB_PWM_green_WriteCompare
 .text.RGB_PWM_green_SetInterruptMode
                0x00001bb4        0xc .\CortexM3\ARM_GCC_541\Debug\AMA_EOS_Lab_02.a(RGB_PWM_green.o)
                0x00001bb4                RGB_PWM_green_SetInterruptMode
 .text.RGB_PWM_green_ReadStatusRegister
                0x00001bc0        0xc .\CortexM3\ARM_GCC_541\Debug\AMA_EOS_Lab_02.a(RGB_PWM_green.o)
                0x00001bc0                RGB_PWM_green_ReadStatusRegister
 .text.RGB_PWM_green_ReadCapture
                0x00001bcc        0xc .\CortexM3\ARM_GCC_541\Debug\AMA_EOS_Lab_02.a(RGB_PWM_green.o)
                0x00001bcc                RGB_PWM_green_ReadCapture
 .text.RGB_PWM_green_ClearFIFO
                0x00001bd8       0x14 .\CortexM3\ARM_GCC_541\Debug\AMA_EOS_Lab_02.a(RGB_PWM_green.o)
                0x00001bd8                RGB_PWM_green_ClearFIFO
 .text.RGB_PWM_green_Init
                0x00001bec       0x5c .\CortexM3\ARM_GCC_541\Debug\AMA_EOS_Lab_02.a(RGB_PWM_green.o)
                0x00001bec                RGB_PWM_green_Init
 .text.RGB_PWM_green_Start
                0x00001c48       0x1c .\CortexM3\ARM_GCC_541\Debug\AMA_EOS_Lab_02.a(RGB_PWM_green.o)
                0x00001c48                RGB_PWM_green_Start
 .text.PWM_green_Enable
                0x00001c64       0x10 .\CortexM3\ARM_GCC_541\Debug\AMA_EOS_Lab_02.a(PWM_green.o)
                0x00001c64                PWM_green_Enable
 .text.PWM_green_WriteCounter
                0x00001c74        0xc .\CortexM3\ARM_GCC_541\Debug\AMA_EOS_Lab_02.a(PWM_green.o)
                0x00001c74                PWM_green_WriteCounter
 .text.PWM_green_WritePeriod
                0x00001c80        0xc .\CortexM3\ARM_GCC_541\Debug\AMA_EOS_Lab_02.a(PWM_green.o)
                0x00001c80                PWM_green_WritePeriod
 .text.PWM_green_WriteCompare
                0x00001c8c        0xc .\CortexM3\ARM_GCC_541\Debug\AMA_EOS_Lab_02.a(PWM_green.o)
                0x00001c8c                PWM_green_WriteCompare
 .text.PWM_green_SetInterruptMode
                0x00001c98        0xc .\CortexM3\ARM_GCC_541\Debug\AMA_EOS_Lab_02.a(PWM_green.o)
                0x00001c98                PWM_green_SetInterruptMode
 .text.PWM_green_ReadStatusRegister
                0x00001ca4        0xc .\CortexM3\ARM_GCC_541\Debug\AMA_EOS_Lab_02.a(PWM_green.o)
                0x00001ca4                PWM_green_ReadStatusRegister
 .text.PWM_green_ReadCapture
                0x00001cb0        0xc .\CortexM3\ARM_GCC_541\Debug\AMA_EOS_Lab_02.a(PWM_green.o)
                0x00001cb0                PWM_green_ReadCapture
 .text.PWM_green_ClearFIFO
                0x00001cbc       0x14 .\CortexM3\ARM_GCC_541\Debug\AMA_EOS_Lab_02.a(PWM_green.o)
                0x00001cbc                PWM_green_ClearFIFO
 .text.PWM_green_Init
                0x00001cd0       0x5c .\CortexM3\ARM_GCC_541\Debug\AMA_EOS_Lab_02.a(PWM_green.o)
                0x00001cd0                PWM_green_Init
 .text.PWM_green_Start
                0x00001d2c       0x1c .\CortexM3\ARM_GCC_541\Debug\AMA_EOS_Lab_02.a(PWM_green.o)
                0x00001d2c                PWM_green_Start
 .text.PWM_red_Enable
                0x00001d48       0x10 .\CortexM3\ARM_GCC_541\Debug\AMA_EOS_Lab_02.a(PWM_red.o)
                0x00001d48                PWM_red_Enable
 .text.PWM_red_WriteCounter
                0x00001d58        0xc .\CortexM3\ARM_GCC_541\Debug\AMA_EOS_Lab_02.a(PWM_red.o)
                0x00001d58                PWM_red_WriteCounter
 .text.PWM_red_WritePeriod
                0x00001d64        0xc .\CortexM3\ARM_GCC_541\Debug\AMA_EOS_Lab_02.a(PWM_red.o)
                0x00001d64                PWM_red_WritePeriod
 .text.PWM_red_WriteCompare
                0x00001d70        0xc .\CortexM3\ARM_GCC_541\Debug\AMA_EOS_Lab_02.a(PWM_red.o)
                0x00001d70                PWM_red_WriteCompare
 .text.PWM_red_SetInterruptMode
                0x00001d7c        0xc .\CortexM3\ARM_GCC_541\Debug\AMA_EOS_Lab_02.a(PWM_red.o)
                0x00001d7c                PWM_red_SetInterruptMode
 .text.PWM_red_ReadStatusRegister
                0x00001d88        0xc .\CortexM3\ARM_GCC_541\Debug\AMA_EOS_Lab_02.a(PWM_red.o)
                0x00001d88                PWM_red_ReadStatusRegister
 .text.PWM_red_ReadCapture
                0x00001d94        0xc .\CortexM3\ARM_GCC_541\Debug\AMA_EOS_Lab_02.a(PWM_red.o)
                0x00001d94                PWM_red_ReadCapture
 .text.PWM_red_ClearFIFO
                0x00001da0       0x14 .\CortexM3\ARM_GCC_541\Debug\AMA_EOS_Lab_02.a(PWM_red.o)
                0x00001da0                PWM_red_ClearFIFO
 .text.PWM_red_Init
                0x00001db4       0x60 .\CortexM3\ARM_GCC_541\Debug\AMA_EOS_Lab_02.a(PWM_red.o)
                0x00001db4                PWM_red_Init
 .text.PWM_red_Start
                0x00001e14       0x1c .\CortexM3\ARM_GCC_541\Debug\AMA_EOS_Lab_02.a(PWM_red.o)
                0x00001e14                PWM_red_Start
 .text.PWM_yellow_Enable
                0x00001e30       0x10 .\CortexM3\ARM_GCC_541\Debug\AMA_EOS_Lab_02.a(PWM_yellow.o)
                0x00001e30                PWM_yellow_Enable
 .text.PWM_yellow_WriteCounter
                0x00001e40        0xc .\CortexM3\ARM_GCC_541\Debug\AMA_EOS_Lab_02.a(PWM_yellow.o)
                0x00001e40                PWM_yellow_WriteCounter
 .text.PWM_yellow_WritePeriod
                0x00001e4c        0xc .\CortexM3\ARM_GCC_541\Debug\AMA_EOS_Lab_02.a(PWM_yellow.o)
                0x00001e4c                PWM_yellow_WritePeriod
 .text.PWM_yellow_WriteCompare
                0x00001e58        0xc .\CortexM3\ARM_GCC_541\Debug\AMA_EOS_Lab_02.a(PWM_yellow.o)
                0x00001e58                PWM_yellow_WriteCompare
 .text.PWM_yellow_SetInterruptMode
                0x00001e64        0xc .\CortexM3\ARM_GCC_541\Debug\AMA_EOS_Lab_02.a(PWM_yellow.o)
                0x00001e64                PWM_yellow_SetInterruptMode
 .text.PWM_yellow_ReadStatusRegister
                0x00001e70        0xc .\CortexM3\ARM_GCC_541\Debug\AMA_EOS_Lab_02.a(PWM_yellow.o)
                0x00001e70                PWM_yellow_ReadStatusRegister
 .text.PWM_yellow_ReadCapture
                0x00001e7c        0xc .\CortexM3\ARM_GCC_541\Debug\AMA_EOS_Lab_02.a(PWM_yellow.o)
                0x00001e7c                PWM_yellow_ReadCapture
 .text.PWM_yellow_ClearFIFO
                0x00001e88       0x14 .\CortexM3\ARM_GCC_541\Debug\AMA_EOS_Lab_02.a(PWM_yellow.o)
                0x00001e88                PWM_yellow_ClearFIFO
 .text.PWM_yellow_Init
                0x00001e9c       0x5c .\CortexM3\ARM_GCC_541\Debug\AMA_EOS_Lab_02.a(PWM_yellow.o)
                0x00001e9c                PWM_yellow_Init
 .text.PWM_yellow_Start
                0x00001ef8       0x1c .\CortexM3\ARM_GCC_541\Debug\AMA_EOS_Lab_02.a(PWM_yellow.o)
                0x00001ef8                PWM_yellow_Start
 *fill*         0x00001f14        0x4 
 .text          0x00001f18       0x20 .\CortexM3\ARM_GCC_541\Debug\AMA_EOS_Lab_02.a(CyBootAsmGnu.o)
                0x00001f18                CyDelayCycles
                0x00001f28                CyEnterCriticalSection
                0x00001f30                CyExitCriticalSection
 .text          0x00001f38       0x7c .\CortexM3\ARM_GCC_541\Debug\AMA_EOS_Lab_02.a(ErikaOS_1_ee_gnu_change_context_isr.o)
                0x00001f38                EE_set_switch_context_pri
                0x00001f52                EE_switch_context
                0x00001f5c                EE_cortex_mx_pendsv_ISR
                0x00001f98                EE_cortex_mx_svc_ISR
 .text          0x00001fb4       0x24 .\CortexM3\ARM_GCC_541\Debug\AMA_EOS_Lab_02.a(ErikaOS_1_ee_gnu_irq_stack.o)
                0x00001fb4                EE_cortex_mx_change_IRQ_stack
                0x00001fc6                EE_cortex_mx_change_IRQ_stack_back
 .text          0x00001fd8       0x68 .\CortexM3\ARM_GCC_541\Debug\AMA_EOS_Lab_02.a(ErikaOS_1_ee_gnu_multi_context.o)
                0x00001fd8                EE_cortex_mx_change_context
 .text          0x00002040       0x80 .\CortexM3\ARM_GCC_541\Debug\AMA_EOS_Lab_02.a(ErikaOS_1_ee_gnu_oo.o)
                0x00002040                EE_hal_terminate_savestk
                0x0000208a                EE_hal_terminate_task
 .text.EE_thread_not_terminated
                0x000020c0       0x18 .\CortexM3\ARM_GCC_541\Debug\AMA_EOS_Lab_02.a(ErikaOS_1_ee_tnterm.o)
                0x000020c0                EE_thread_not_terminated
 .text.EE_oo_thread_stub
                0x000020d8       0x10 .\CortexM3\ARM_GCC_541\Debug\AMA_EOS_Lab_02.a(ErikaOS_1_ee_tstub.o)
                0x000020d8                EE_oo_thread_stub
 .text.EE_oo_release_all_resources
                0x000020e8       0x58 .\CortexM3\ARM_GCC_541\Debug\AMA_EOS_Lab_02.a(ErikaOS_1_ee_ulockallres.o)
                0x000020e8                EE_oo_release_all_resources
 .text.EE_std_run_task_code
                0x00002140       0x18 .\CortexM3\ARM_GCC_541\Debug\AMA_EOS_Lab_02.a(ErikaOS_1_cortex_mx_ee_context.o)
                0x00002140                EE_std_run_task_code
 .text.EE_std_need_context_change
                0x00002158       0x28 .\CortexM3\ARM_GCC_541\Debug\AMA_EOS_Lab_02.a(ErikaOS_1_cortex_mx_ee_context.o)
                0x00002158                EE_std_need_context_change
 .text.EE_thread_rnact_max
                0x00002180       0x20 .\CortexM3\ARM_GCC_541\Debug\AMA_EOS_Lab_02.a(ErikaOS_1_ee_thendin.o)
 .text.EE_thread_endcycle_next
                0x000021a0       0x30 .\CortexM3\ARM_GCC_541\Debug\AMA_EOS_Lab_02.a(ErikaOS_1_ee_thendin.o)
 .text.EE_thread_end_instance
                0x000021d0      0x108 .\CortexM3\ARM_GCC_541\Debug\AMA_EOS_Lab_02.a(ErikaOS_1_ee_thendin.o)
                0x000021d0                EE_thread_end_instance
 .text.__errno  0x000022d8        0xc c:/program files (x86)/cypress/psoc creator/4.4/psoc creator/import/gnu/arm/5.4.1/bin/../lib/gcc/arm-none-eabi/5.4.1/../../../../arm-none-eabi/lib/armv7-m\libg_nano.a(lib_a-errno.o)
                0x000022d8                __errno
 .text.__libc_init_array
                0x000022e4       0x4c c:/program files (x86)/cypress/psoc creator/4.4/psoc creator/import/gnu/arm/5.4.1/bin/../lib/gcc/arm-none-eabi/5.4.1/../../../../arm-none-eabi/lib/armv7-m\libg_nano.a(lib_a-init.o)
                0x000022e4                __libc_init_array
 .text.memcpy   0x00002330       0x16 c:/program files (x86)/cypress/psoc creator/4.4/psoc creator/import/gnu/arm/5.4.1/bin/../lib/gcc/arm-none-eabi/5.4.1/../../../../arm-none-eabi/lib/armv7-m\libg_nano.a(lib_a-memcpy-stub.o)
                0x00002330                memcpy
 .text.memset   0x00002346       0x10 c:/program files (x86)/cypress/psoc creator/4.4/psoc creator/import/gnu/arm/5.4.1/bin/../lib/gcc/arm-none-eabi/5.4.1/../../../../arm-none-eabi/lib/armv7-m\libg_nano.a(lib_a-memset.o)
                0x00002346                memset
 *fill*         0x00002356        0x2 
 .text.srand    0x00002358       0x50 c:/program files (x86)/cypress/psoc creator/4.4/psoc creator/import/gnu/arm/5.4.1/bin/../lib/gcc/arm-none-eabi/5.4.1/../../../../arm-none-eabi/lib/armv7-m\libg_nano.a(lib_a-rand.o)
                0x00002358                srand
 .text.rand     0x000023a8       0x74 c:/program files (x86)/cypress/psoc creator/4.4/psoc creator/import/gnu/arm/5.4.1/bin/../lib/gcc/arm-none-eabi/5.4.1/../../../../arm-none-eabi/lib/armv7-m\libg_nano.a(lib_a-rand.o)
                0x000023a8                rand
 .text.malloc   0x0000241c       0x10 c:/program files (x86)/cypress/psoc creator/4.4/psoc creator/import/gnu/arm/5.4.1/bin/../lib/gcc/arm-none-eabi/5.4.1/../../../../arm-none-eabi/lib/armv7-m\libg_nano.a(lib_a-malloc.o)
                0x0000241c                malloc
 .text._malloc_r
                0x0000242c       0xbc c:/program files (x86)/cypress/psoc creator/4.4/psoc creator/import/gnu/arm/5.4.1/bin/../lib/gcc/arm-none-eabi/5.4.1/../../../../arm-none-eabi/lib/armv7-m\libg_nano.a(lib_a-nano-mallocr.o)
                0x0000242c                _malloc_r
 .text._sbrk_r  0x000024e8       0x20 c:/program files (x86)/cypress/psoc creator/4.4/psoc creator/import/gnu/arm/5.4.1/bin/../lib/gcc/arm-none-eabi/5.4.1/../../../../arm-none-eabi/lib/armv7-m\libg_nano.a(lib_a-sbrkr.o)
                0x000024e8                _sbrk_r
 .text.__malloc_lock
                0x00002508        0x2 c:/program files (x86)/cypress/psoc creator/4.4/psoc creator/import/gnu/arm/5.4.1/bin/../lib/gcc/arm-none-eabi/5.4.1/../../../../arm-none-eabi/lib/armv7-m\libg_nano.a(lib_a-mlock.o)
                0x00002508                __malloc_lock
 .text.__malloc_unlock
                0x0000250a        0x2 c:/program files (x86)/cypress/psoc creator/4.4/psoc creator/import/gnu/arm/5.4.1/bin/../lib/gcc/arm-none-eabi/5.4.1/../../../../arm-none-eabi/lib/armv7-m\libg_nano.a(lib_a-mlock.o)
                0x0000250a                __malloc_unlock
 *(.plt)
 *(.gnu.warning)
 *(.glue_7t)
 .glue_7t       0x0000250c        0x0 linker stubs
 *(.glue_7)
 .glue_7        0x0000250c        0x0 linker stubs
 *(.vfp11_veneer)
 .vfp11_veneer  0x0000250c        0x0 linker stubs
 *(.bootloader)
 *(.ARM.extab* .gnu.linkonce.armextab.*)
 *(.gcc_except_table)

.v4_bx          0x0000250c        0x0
 .v4_bx         0x0000250c        0x0 linker stubs

.iplt           0x0000250c        0x0
 .iplt          0x0000250c        0x0 c:/program files (x86)/cypress/psoc creator/4.4/psoc creator/import/gnu/arm/5.4.1/bin/../lib/gcc/arm-none-eabi/5.4.1/armv7-m/crtbegin.o

.eh_frame_hdr
 *(.eh_frame_hdr)

.eh_frame       0x0000250c        0x4
 *(.eh_frame)
 .eh_frame      0x0000250c        0x0 c:/program files (x86)/cypress/psoc creator/4.4/psoc creator/import/gnu/arm/5.4.1/bin/../lib/gcc/arm-none-eabi/5.4.1/armv7-m/crtbegin.o
 .eh_frame      0x0000250c        0x4 c:/program files (x86)/cypress/psoc creator/4.4/psoc creator/import/gnu/arm/5.4.1/bin/../lib/gcc/arm-none-eabi/5.4.1/armv7-m/crtend.o
                [!provide]                PROVIDE (__exidx_start, .)

.ARM.exidx
 *(.ARM.exidx* .gnu.linkonce.armexidx.*)
                0x00002510                __exidx_end = .

.rodata         0x00002510      0x6c8
 *(.rodata .rodata.* .gnu.linkonce.r.*)
 .rodata        0x00002510      0x200 .\CortexM3\ARM_GCC_541\Debug\led.o
 .rodata        0x00002710       0x11 .\CortexM3\ARM_GCC_541\Debug\seven.o
 *fill*         0x00002721        0x3 
 .rodata.str1.4
                0x00002724       0xe9 .\CortexM3\ARM_GCC_541\Debug\reactiongame.o
 *fill*         0x0000280d        0x3 
 .rodata        0x00002810       0x2a .\CortexM3\ARM_GCC_541\Debug\cyfitter_cfg.o
 *fill*         0x0000283a        0x2 
 .rodata        0x0000283c      0x100 .\CortexM3\ARM_GCC_541\Debug\AMA_EOS_Lab_02.a(ErikaOS_1_ee_lookup.o)
                0x0000283c                EE_rq_lookup
 .rodata        0x0000293c      0x18c .\CortexM3\ARM_GCC_541\Debug\AMA_EOS_Lab_02.a(ErikaOS_1_eecfg.o)
                0x0000293c                EE_oo_autostart_task_data
                0x00002948                EE_oo_action_ROM
                0x000029ac                EE_oo_counter_object_ROM
                0x000029e8                EE_ALARM_ID
                0x000029fc                EE_alarm_ROM
                0x00002a10                EE_counter_ROM
                0x00002a1c                EE_resource_ceiling
                0x00002a20                EE_th_is_extended
                0x00002a34                EE_th_rnact_max
                0x00002a48                EE_th_dispatch_prio
                0x00002a5c                EE_EVENT_ID
                0x00002a70                EE_RESOURCE_ID
                0x00002a74                EE_th_ready_prio
                0x00002a88                EE_terminate_real_th_body
                0x00002a9c                EE_hal_thread_body
                0x00002ab0                EE_std_thread_tos
 .rodata.str1.4
                0x00002ac8       0xd4 .\CortexM3\ARM_GCC_541\Debug\AMA_EOS_Lab_02.a(ErikaOS_1_eecfg.o)
                                 0xd1 (size before relaxing)
 .rodata.str1.1
                0x00002b9c        0x2 c:/program files (x86)/cypress/psoc creator/4.4/psoc creator/import/gnu/arm/5.4.1/bin/../lib/gcc/arm-none-eabi/5.4.1/../../../../arm-none-eabi/lib/armv7-m\libg_nano.a(lib_a-impure.o)
                0x00002ba0                . = ALIGN (0x4)
 *fill*         0x00002b9e        0x2 
 *(.init)
 .init          0x00002ba0        0x4 c:/program files (x86)/cypress/psoc creator/4.4/psoc creator/import/gnu/arm/5.4.1/bin/../lib/gcc/arm-none-eabi/5.4.1/armv7-m/crti.o
                0x00002ba0                _init
 .init          0x00002ba4        0x8 c:/program files (x86)/cypress/psoc creator/4.4/psoc creator/import/gnu/arm/5.4.1/bin/../lib/gcc/arm-none-eabi/5.4.1/armv7-m/crtn.o
                0x00002bac                . = ALIGN (0x4)
                0x00002bac                __preinit_array_start = .
 *(.preinit_array)
                0x00002bac                __preinit_array_end = .
                0x00002bac                . = ALIGN (0x4)
                0x00002bac                __init_array_start = .
 *(SORT(.init_array.*))
 *(.init_array)
 .init_array    0x00002bac        0x4 c:/program files (x86)/cypress/psoc creator/4.4/psoc creator/import/gnu/arm/5.4.1/bin/../lib/gcc/arm-none-eabi/5.4.1/armv7-m/crtbegin.o
 .init_array    0x00002bb0        0x4 .\CortexM3\ARM_GCC_541\Debug\Cm3Start.o
                0x00002bb4                __init_array_end = .
                0x00002bb4                . = ALIGN (0x4)
 *(.fini)
 .fini          0x00002bb4        0x4 c:/program files (x86)/cypress/psoc creator/4.4/psoc creator/import/gnu/arm/5.4.1/bin/../lib/gcc/arm-none-eabi/5.4.1/armv7-m/crti.o
                0x00002bb4                _fini
 .fini          0x00002bb8        0x8 c:/program files (x86)/cypress/psoc creator/4.4/psoc creator/import/gnu/arm/5.4.1/bin/../lib/gcc/arm-none-eabi/5.4.1/armv7-m/crtn.o
                0x00002bc0                . = ALIGN (0x4)
                0x00002bc0                __fini_array_start = .
 *(.fini_array)
 .fini_array    0x00002bc0        0x4 c:/program files (x86)/cypress/psoc creator/4.4/psoc creator/import/gnu/arm/5.4.1/bin/../lib/gcc/arm-none-eabi/5.4.1/armv7-m/crtbegin.o
 *(SORT(.fini_array.*))
                0x00002bc4                __fini_array_end = .
                0x00002bc4                . = ALIGN (0x4)
 *crtbegin.o(.ctors)
 *(EXCLUDE_FILE(*crtend.o) .ctors)
 *(SORT(.ctors.*))
 *crtend.o(.ctors)
                0x00002bc4                . = ALIGN (0x4)
 *crtbegin.o(.dtors)
 *(EXCLUDE_FILE(*crtend.o) .dtors)
 *(SORT(.dtors.*))
 *crtend.o(.dtors)
                0x00002bc4                . = ALIGN (0x4)
                0x00002bc4                __cy_regions = .
                0x00002bc4        0x4 LONG 0x2bd8 __cy_region_init_ram
                0x00002bc8        0x4 LONG 0x1fff80c8 __cy_region_start_data
                0x00002bcc        0x4 LONG 0x1e0 __cy_region_init_size_ram
                0x00002bd0        0x4 LONG 0x668 __cy_region_zero_size_ram
                0x00002bd4                __cy_regions_end = .
                0x00002bd8                . = ALIGN (0x8)
 *fill*         0x00002bd4        0x4 
                0x00002bd8                _etext = .

.cy_checksum_exclude
                0x00002bd8        0x0
 *(.cy_checksum_exclude)

.ramvectors     0x1fff8000       0xc0
                0x1fff8000                __cy_region_start_ram = .
 *(.ramvectors)
 .ramvectors    0x1fff8000       0xc0 .\CortexM3\ARM_GCC_541\Debug\Cm3Start.o
                0x1fff8000                CyRamVectors

.noinit         0x1fff80c0        0x1
 *(.noinit)
 .noinit        0x1fff80c0        0x1 .\CortexM3\ARM_GCC_541\Debug\AMA_EOS_Lab_02.a(CyLib.o)
                0x1fff80c0                CyResetStatus

.data           0x1fff80c8      0x1e0 load address 0x00002bd8
                0x1fff80c8                __cy_region_start_data = .
 *(.jcr)
 .jcr           0x1fff80c8        0x0 c:/program files (x86)/cypress/psoc creator/4.4/psoc creator/import/gnu/arm/5.4.1/bin/../lib/gcc/arm-none-eabi/5.4.1/armv7-m/crtbegin.o
 .jcr           0x1fff80c8        0x4 c:/program files (x86)/cypress/psoc creator/4.4/psoc creator/import/gnu/arm/5.4.1/bin/../lib/gcc/arm-none-eabi/5.4.1/armv7-m/crtend.o
 *(.got.plt)
 *(.got)
 *(.shdata)
 *(.data .data.* .gnu.linkonce.d.*)
 .data          0x1fff80cc        0x2 .\CortexM3\ARM_GCC_541\Debug\seven.o
 .data          0x1fff80ce        0x1 .\CortexM3\ARM_GCC_541\Debug\reactiongame.o
 *fill*         0x1fff80cf        0x1 
 .data          0x1fff80d0        0x4 .\CortexM3\ARM_GCC_541\Debug\Cm3Start.o
 .data          0x1fff80d4      0x168 .\CortexM3\ARM_GCC_541\Debug\AMA_EOS_Lab_02.a(ErikaOS_1_eecfg.o)
                0x1fff80d4                EE_ALARM_NAME
                0x1fff80e8                EE_counter_RAM
                0x1fff80f0                EE_resource_stack
                0x1fff80f4                EE_th_resource_last
                0x1fff8108                EE_th_terminate_nextask
                0x1fff811c                EE_rq_pairs_next
                0x1fff8130                EE_rq_link
                0x1fff8144                EE_th_rnact
                0x1fff8158                EE_rq_queues_tail
                0x1fff8198                EE_rq_queues_head
                0x1fff81d8                EE_stkfirst
                0x1fff81dc                EE_th_next
                0x1fff81f0                EE_th_status
                0x1fff8204                EE_EVENT_NAME
                0x1fff8218                EE_RESOURCE_NAME
                0x1fff821c                EE_TASK_NAME
                0x1fff8230                EE_cortex_mx_IRQ_tos
                0x1fff8234                EE_cortex_mx_system_tos
 .data          0x1fff823c        0x4 .\CortexM3\ARM_GCC_541\Debug\AMA_EOS_Lab_02.a(ErikaOS_1_ee_gnu_irq_stack.o)
 .data.impure_data
                0x1fff8240       0x60 c:/program files (x86)/cypress/psoc creator/4.4/psoc creator/import/gnu/arm/5.4.1/bin/../lib/gcc/arm-none-eabi/5.4.1/../../../../arm-none-eabi/lib/armv7-m\libg_nano.a(lib_a-impure.o)
 .data._impure_ptr
                0x1fff82a0        0x4 c:/program files (x86)/cypress/psoc creator/4.4/psoc creator/import/gnu/arm/5.4.1/bin/../lib/gcc/arm-none-eabi/5.4.1/../../../../arm-none-eabi/lib/armv7-m\libg_nano.a(lib_a-impure.o)
                0x1fff82a0                _impure_ptr
                0x1fff82a8                . = ALIGN (0x8)
 *fill*         0x1fff82a4        0x4 
 *(.ram)
                0x1fff82a8                _edata = .

.igot.plt       0x1fff82a8        0x0 load address 0x00002db8
 .igot.plt      0x1fff82a8        0x0 c:/program files (x86)/cypress/psoc creator/4.4/psoc creator/import/gnu/arm/5.4.1/bin/../lib/gcc/arm-none-eabi/5.4.1/armv7-m/crtbegin.o

.bss            0x1fff82a8      0x668 load address 0x00002db8
                0x1fff82a8                PROVIDE (__bss_start__, .)
 *(.shbss)
 *(.bss .bss.* .gnu.linkonce.b.*)
 .bss           0x1fff82a8       0x1c c:/program files (x86)/cypress/psoc creator/4.4/psoc creator/import/gnu/arm/5.4.1/bin/../lib/gcc/arm-none-eabi/5.4.1/armv7-m/crtbegin.o
 .bss           0x1fff82c4        0x2 .\CortexM3\ARM_GCC_541\Debug\seven.o
 *fill*         0x1fff82c6        0x2 
 .bss           0x1fff82c8       0x28 .\CortexM3\ARM_GCC_541\Debug\reactiongame.o
 .bss           0x1fff82f0       0x50 .\CortexM3\ARM_GCC_541\Debug\AMA_EOS_Lab_02.a(ErikaOS_1_eecfg.o)
                0x1fff82f0                EE_resource_locked
                0x1fff82f4                EE_th_waswaiting
                0x1fff8308                EE_th_event_waitmask
                0x1fff831c                EE_th_event_active
                0x1fff8330                EE_rq_free
                0x1fff8334                EE_rq_bitmask
                0x1fff8338                EE_sys_ceiling
                0x1fff833c                EE_cortex_mx_active_tos
 .bss           0x1fff8340        0x7 .\CortexM3\ARM_GCC_541\Debug\AMA_EOS_Lab_02.a(UART_LOG.o)
                0x1fff8340                UART_LOG_initVar
                0x1fff8342                UART_LOG_txBufferRead
                0x1fff8344                UART_LOG_txBufferWrite
 .bss           0x1fff8347        0x1 .\CortexM3\ARM_GCC_541\Debug\AMA_EOS_Lab_02.a(RGB_PWM_red.o)
                0x1fff8347                RGB_PWM_red_initVar
 .bss           0x1fff8348        0x1 .\CortexM3\ARM_GCC_541\Debug\AMA_EOS_Lab_02.a(RGB_PWM_blue.o)
                0x1fff8348                RGB_PWM_blue_initVar
 .bss           0x1fff8349        0x1 .\CortexM3\ARM_GCC_541\Debug\AMA_EOS_Lab_02.a(RGB_PWM_green.o)
                0x1fff8349                RGB_PWM_green_initVar
 .bss           0x1fff834a        0x1 .\CortexM3\ARM_GCC_541\Debug\AMA_EOS_Lab_02.a(PWM_green.o)
                0x1fff834a                PWM_green_initVar
 .bss           0x1fff834b        0x1 .\CortexM3\ARM_GCC_541\Debug\AMA_EOS_Lab_02.a(PWM_red.o)
                0x1fff834b                PWM_red_initVar
 .bss           0x1fff834c        0x1 .\CortexM3\ARM_GCC_541\Debug\AMA_EOS_Lab_02.a(PWM_yellow.o)
                0x1fff834c                PWM_yellow_initVar
 *fill*         0x1fff834d        0x3 
 .bss.__malloc_sbrk_start
                0x1fff8350        0x4 c:/program files (x86)/cypress/psoc creator/4.4/psoc creator/import/gnu/arm/5.4.1/bin/../lib/gcc/arm-none-eabi/5.4.1/../../../../arm-none-eabi/lib/armv7-m\libg_nano.a(lib_a-nano-mallocr.o)
                0x1fff8350                __malloc_sbrk_start
 .bss.__malloc_free_list
                0x1fff8354        0x4 c:/program files (x86)/cypress/psoc creator/4.4/psoc creator/import/gnu/arm/5.4.1/bin/../lib/gcc/arm-none-eabi/5.4.1/../../../../arm-none-eabi/lib/armv7-m\libg_nano.a(lib_a-nano-mallocr.o)
                0x1fff8354                __malloc_free_list
 *(COMMON)
 COMMON         0x1fff8358        0x8 .\CortexM3\ARM_GCC_541\Debug\AMA_EOS_Lab_02.a(ErikaOS_1_ee_lookup.o)
                0x1fff8358                EE_oo_IRQ_disable_count
                0x1fff835c                EE_oo_IRQ_suspend_status
 COMMON         0x1fff8360        0x4 .\CortexM3\ARM_GCC_541\Debug\AMA_EOS_Lab_02.a(ErikaOS_1_ee_startos.o)
                0x1fff8360                EE_oo_started
 COMMON         0x1fff8364        0x8 .\CortexM3\ARM_GCC_541\Debug\AMA_EOS_Lab_02.a(ErikaOS_1_common_ee_hal_structs.o)
                0x1fff8364                EE_IRQ_nesting_level
                0x1fff8368                EE_std_endcycle_next_tid
 COMMON         0x1fff836c      0x410 .\CortexM3\ARM_GCC_541\Debug\AMA_EOS_Lab_02.a(ErikaOS_1_eecfg.o)
                0x1fff836c                EE_rq_pairs_tid
                0x1fff8380                EE_terminate_data
                0x1fff8394                EE_oo_counter_object_RAM
                0x1fff83e4                EE_resource_oldceiling
                0x1fff83e8                EE_cortex_mx_stack_1
                0x1fff8578                EE_ApplicationMode
                0x1fff857c                EE_cortex_mx_stack_9
 COMMON         0x1fff877c      0x190 .\CortexM3\ARM_GCC_541\Debug\AMA_EOS_Lab_02.a(UART_LOG.o)
                0x1fff877c                UART_LOG_txBuffer
 COMMON         0x1fff890c        0x4 c:/program files (x86)/cypress/psoc creator/4.4/psoc creator/import/gnu/arm/5.4.1/bin/../lib/gcc/arm-none-eabi/5.4.1/../../../../arm-none-eabi/lib/armv7-m\libg_nano.a(lib_a-reent.o)
                0x1fff890c                errno
                0x1fff8910                . = ALIGN (0x8)
 *(.ram.b)
                0x1fff8910                _end = .
                0x1fff8910                __end = .
                0x1fff8910                PROVIDE (end, .)
                0x1fff8910                PROVIDE (__bss_end__, .)
                0x00002bd8                __cy_region_init_ram = LOADADDR (.data)
                0x000001e0                __cy_region_init_size_ram = (_edata - ADDR (.data))
                0x00000668                __cy_region_zero_size_ram = (_end - _edata)

.heap           0x1fff8910       0x80 load address 0x00002db8
                0x1fff8910                . = _end
                0x1fff8990                . = (. + 0x80)
 *fill*         0x1fff8910       0x80 
                0x1fff8990                __cy_heap_limit = .

.stack          0x20007800      0x800
                0x20007800                __cy_stack_limit = .
                0x20008000                . = (. + 0x800)
 *fill*         0x20007800      0x800 
                0x00000001                ASSERT ((__cy_stack_limit >= __cy_heap_limit), region RAM overflowed with stack)
                0x00000000                cy_checksum_exclude_size = (CY_APPL_LOADABLE == 0x1)?SIZEOF (.cy_checksum_exclude):0x0
                0x00000001                ASSERT ((cy_checksum_exclude_size <= CY_CHECKSUM_EXCLUDE_SIZE), CY_BOOT: Section .cy_checksum_exclude size exceedes specified limit.)

.cyloadermeta
 *(.cyloadermeta)

.cyloadablemeta
 *(.cyloadablemeta)

.cyconfigecc    0x80000000      0xa38
 *(.cyconfigecc)
 .cyconfigecc   0x80000000      0xa38 .\CortexM3\ARM_GCC_541\Debug\cymetadata.o
                0x80000000                cy_meta_configecc

.cycustnvl      0x90000000        0x4
 *(.cycustnvl)
 .cycustnvl     0x90000000        0x4 .\CortexM3\ARM_GCC_541\Debug\cymetadata.o
                0x90000000                cy_meta_custnvl

.cywolatch      0x90100000        0x4
 *(.cywolatch)
 .cywolatch     0x90100000        0x4 .\CortexM3\ARM_GCC_541\Debug\cymetadata.o
                0x90100000                cy_meta_wonvl

.cyeeprom       0x90200000        0x0
 *(.cyeeprom)
                0x00000001                ASSERT ((. <= ((0x90200000 + ee_offset) + ee_size)), .cyeeprom data will not fit in EEPROM)

.cyflashprotect
                0x90400000      0x100
 *(.cyflashprotect)
 .cyflashprotect
                0x90400000      0x100 .\CortexM3\ARM_GCC_541\Debug\cymetadata.o
                0x90400000                cy_meta_flashprotect

.cymeta         0x90500000        0xc
 *(.cymeta)
 .cymeta        0x90500000        0xc .\CortexM3\ARM_GCC_541\Debug\cymetadata.o
                0x90500000                cy_metadata

.rel.dyn        0x00002db8        0x0 load address 0x9050000c
 .rel.iplt      0x00002db8        0x0 c:/program files (x86)/cypress/psoc creator/4.4/psoc creator/import/gnu/arm/5.4.1/bin/../lib/gcc/arm-none-eabi/5.4.1/armv7-m/crtbegin.o

.stab
 *(.stab)

.stabstr
 *(.stabstr)

.debug
 *(.debug)

.line
 *(.line)

.debug_srcinfo
 *(.debug_srcinfo)

.debug_sfnames
 *(.debug_sfnames)

.debug_aranges  0x00000000     0x11a0
 *(.debug_aranges)
 .debug_aranges
                0x00000000       0x70 .\CortexM3\ARM_GCC_541\Debug\main.o
 .debug_aranges
                0x00000070       0x50 .\CortexM3\ARM_GCC_541\Debug\led.o
 .debug_aranges
                0x000000c0       0x48 .\CortexM3\ARM_GCC_541\Debug\seven.o
 .debug_aranges
                0x00000108       0x28 .\CortexM3\ARM_GCC_541\Debug\button.o
 .debug_aranges
                0x00000130       0x40 .\CortexM3\ARM_GCC_541\Debug\reactiongame.o
 .debug_aranges
                0x00000170       0x58 .\CortexM3\ARM_GCC_541\Debug\cyfitter_cfg.o
 .debug_aranges
                0x000001c8       0x18 .\CortexM3\ARM_GCC_541\Debug\cymetadata.o
 .debug_aranges
                0x000001e0       0x48 .\CortexM3\ARM_GCC_541\Debug\Cm3Start.o
 .debug_aranges
                0x00000228      0x2a0 .\CortexM3\ARM_GCC_541\Debug\AMA_EOS_Lab_02.a(CyLib.o)
 .debug_aranges
                0x000004c8       0x98 .\CortexM3\ARM_GCC_541\Debug\AMA_EOS_Lab_02.a(cyPm.o)
 .debug_aranges
                0x00000560       0x20 .\CortexM3\ARM_GCC_541\Debug\AMA_EOS_Lab_02.a(ErikaOS_1_ee_activate.o)
 .debug_aranges
                0x00000580       0x20 .\CortexM3\ARM_GCC_541\Debug\AMA_EOS_Lab_02.a(ErikaOS_1_ee_alcancel.o)
 .debug_aranges
                0x000005a0       0x20 .\CortexM3\ARM_GCC_541\Debug\AMA_EOS_Lab_02.a(ErikaOS_1_ee_alsetrel.o)
 .debug_aranges
                0x000005c0       0x58 .\CortexM3\ARM_GCC_541\Debug\AMA_EOS_Lab_02.a(ErikaOS_1_ee_altick.o)
 .debug_aranges
                0x00000618       0x20 .\CortexM3\ARM_GCC_541\Debug\AMA_EOS_Lab_02.a(ErikaOS_1_ee_evclear.o)
 .debug_aranges
                0x00000638       0x20 .\CortexM3\ARM_GCC_541\Debug\AMA_EOS_Lab_02.a(ErikaOS_1_ee_evget.o)
 .debug_aranges
                0x00000658       0x20 .\CortexM3\ARM_GCC_541\Debug\AMA_EOS_Lab_02.a(ErikaOS_1_ee_evset.o)
 .debug_aranges
                0x00000678       0x20 .\CortexM3\ARM_GCC_541\Debug\AMA_EOS_Lab_02.a(ErikaOS_1_ee_evwait.o)
 .debug_aranges
                0x00000698       0x20 .\CortexM3\ARM_GCC_541\Debug\AMA_EOS_Lab_02.a(ErikaOS_1_ee_getcountervalue.o)
 .debug_aranges
                0x000006b8       0x30 .\CortexM3\ARM_GCC_541\Debug\AMA_EOS_Lab_02.a(ErikaOS_1_ee_irqendin.o)
 .debug_aranges
                0x000006e8       0x18 .\CortexM3\ARM_GCC_541\Debug\AMA_EOS_Lab_02.a(ErikaOS_1_ee_lookup.o)
 .debug_aranges
                0x00000700       0x20 .\CortexM3\ARM_GCC_541\Debug\AMA_EOS_Lab_02.a(ErikaOS_1_ee_rq_exchg.o)
 .debug_aranges
                0x00000720       0x20 .\CortexM3\ARM_GCC_541\Debug\AMA_EOS_Lab_02.a(ErikaOS_1_ee_rq_first.o)
 .debug_aranges
                0x00000740       0x20 .\CortexM3\ARM_GCC_541\Debug\AMA_EOS_Lab_02.a(ErikaOS_1_ee_rq_inser.o)
 .debug_aranges
                0x00000760       0x40 .\CortexM3\ARM_GCC_541\Debug\AMA_EOS_Lab_02.a(ErikaOS_1_ee_startos.o)
 .debug_aranges
                0x000007a0       0x20 .\CortexM3\ARM_GCC_541\Debug\AMA_EOS_Lab_02.a(ErikaOS_1_ee_terminat.o)
 .debug_aranges
                0x000007c0       0x20 .\CortexM3\ARM_GCC_541\Debug\AMA_EOS_Lab_02.a(ErikaOS_1_cortex_mx_ee_utils.o)
 .debug_aranges
                0x000007e0       0x18 .\CortexM3\ARM_GCC_541\Debug\AMA_EOS_Lab_02.a(ErikaOS_1_common_ee_hal_structs.o)
 .debug_aranges
                0x000007f8       0x18 .\CortexM3\ARM_GCC_541\Debug\AMA_EOS_Lab_02.a(ErikaOS_1_eecfg.o)
 .debug_aranges
                0x00000810       0x28 .\CortexM3\ARM_GCC_541\Debug\AMA_EOS_Lab_02.a(SEVEN_Reg.o)
 .debug_aranges
                0x00000838       0x38 .\CortexM3\ARM_GCC_541\Debug\AMA_EOS_Lab_02.a(SEVEN_DP.o)
 .debug_aranges
                0x00000870       0x38 .\CortexM3\ARM_GCC_541\Debug\AMA_EOS_Lab_02.a(SEVEN_SELECT.o)
 .debug_aranges
                0x000008a8       0x38 .\CortexM3\ARM_GCC_541\Debug\AMA_EOS_Lab_02.a(BUTTON_1.o)
 .debug_aranges
                0x000008e0       0x38 .\CortexM3\ARM_GCC_541\Debug\AMA_EOS_Lab_02.a(BUTTON_2.o)
 .debug_aranges
                0x00000918       0x38 .\CortexM3\ARM_GCC_541\Debug\AMA_EOS_Lab_02.a(BUTTON_4.o)
 .debug_aranges
                0x00000950       0x38 .\CortexM3\ARM_GCC_541\Debug\AMA_EOS_Lab_02.a(LED_RED.o)
 .debug_aranges
                0x00000988       0x38 .\CortexM3\ARM_GCC_541\Debug\AMA_EOS_Lab_02.a(LED_YELLOW.o)
 .debug_aranges
                0x000009c0       0x38 .\CortexM3\ARM_GCC_541\Debug\AMA_EOS_Lab_02.a(LED_GREEN.o)
 .debug_aranges
                0x000009f8       0x38 .\CortexM3\ARM_GCC_541\Debug\AMA_EOS_Lab_02.a(BUTTON_3.o)
 .debug_aranges
                0x00000a30       0xf0 .\CortexM3\ARM_GCC_541\Debug\AMA_EOS_Lab_02.a(UART_LOG.o)
 .debug_aranges
                0x00000b20       0x20 .\CortexM3\ARM_GCC_541\Debug\AMA_EOS_Lab_02.a(UART_LOG_INT.o)
 .debug_aranges
                0x00000b40       0x70 .\CortexM3\ARM_GCC_541\Debug\AMA_EOS_Lab_02.a(UART_LOG_IntClock.o)
 .debug_aranges
                0x00000bb0       0x98 .\CortexM3\ARM_GCC_541\Debug\AMA_EOS_Lab_02.a(RGB_PWM_red.o)
 .debug_aranges
                0x00000c48       0x98 .\CortexM3\ARM_GCC_541\Debug\AMA_EOS_Lab_02.a(RGB_PWM_blue.o)
 .debug_aranges
                0x00000ce0       0x98 .\CortexM3\ARM_GCC_541\Debug\AMA_EOS_Lab_02.a(RGB_PWM_green.o)
 .debug_aranges
                0x00000d78       0x98 .\CortexM3\ARM_GCC_541\Debug\AMA_EOS_Lab_02.a(PWM_green.o)
 .debug_aranges
                0x00000e10       0x98 .\CortexM3\ARM_GCC_541\Debug\AMA_EOS_Lab_02.a(PWM_red.o)
 .debug_aranges
                0x00000ea8       0x98 .\CortexM3\ARM_GCC_541\Debug\AMA_EOS_Lab_02.a(PWM_yellow.o)
 .debug_aranges
                0x00000f40       0x20 .\CortexM3\ARM_GCC_541\Debug\AMA_EOS_Lab_02.a(CyBootAsmGnu.o)
 .debug_aranges
                0x00000f60       0x20 .\CortexM3\ARM_GCC_541\Debug\AMA_EOS_Lab_02.a(ErikaOS_1_ee_gnu_change_context_isr.o)
 .debug_aranges
                0x00000f80       0x20 .\CortexM3\ARM_GCC_541\Debug\AMA_EOS_Lab_02.a(ErikaOS_1_ee_gnu_irq_stack.o)
 .debug_aranges
                0x00000fa0       0x20 .\CortexM3\ARM_GCC_541\Debug\AMA_EOS_Lab_02.a(ErikaOS_1_ee_gnu_multi_context.o)
 .debug_aranges
                0x00000fc0       0x20 .\CortexM3\ARM_GCC_541\Debug\AMA_EOS_Lab_02.a(ErikaOS_1_ee_gnu_oo.o)
 .debug_aranges
                0x00000fe0       0x88 .\CortexM3\ARM_GCC_541\Debug\AMA_EOS_Lab_02.a(CyFlash.o)
 .debug_aranges
                0x00001068       0x80 .\CortexM3\ARM_GCC_541\Debug\AMA_EOS_Lab_02.a(CySpc.o)
 .debug_aranges
                0x000010e8       0x20 .\CortexM3\ARM_GCC_541\Debug\AMA_EOS_Lab_02.a(ErikaOS_1_ee_tnterm.o)
 .debug_aranges
                0x00001108       0x20 .\CortexM3\ARM_GCC_541\Debug\AMA_EOS_Lab_02.a(ErikaOS_1_ee_tstub.o)
 .debug_aranges
                0x00001128       0x20 .\CortexM3\ARM_GCC_541\Debug\AMA_EOS_Lab_02.a(ErikaOS_1_ee_ulockallres.o)
 .debug_aranges
                0x00001148       0x28 .\CortexM3\ARM_GCC_541\Debug\AMA_EOS_Lab_02.a(ErikaOS_1_cortex_mx_ee_context.o)
 .debug_aranges
                0x00001170       0x30 .\CortexM3\ARM_GCC_541\Debug\AMA_EOS_Lab_02.a(ErikaOS_1_ee_thendin.o)

.debug_pubnames
 *(.debug_pubnames)

.debug_info     0x00000000    0x129e2
 *(.debug_info .gnu.linkonce.wi.*)
 .debug_info    0x00000000      0x7e6 .\CortexM3\ARM_GCC_541\Debug\main.o
 .debug_info    0x000007e6      0x602 .\CortexM3\ARM_GCC_541\Debug\led.o
 .debug_info    0x00000de8      0x4a6 .\CortexM3\ARM_GCC_541\Debug\seven.o
 .debug_info    0x0000128e      0x312 .\CortexM3\ARM_GCC_541\Debug\button.o
 .debug_info    0x000015a0      0xcd2 .\CortexM3\ARM_GCC_541\Debug\reactiongame.o
 .debug_info    0x00002272      0x513 .\CortexM3\ARM_GCC_541\Debug\cyfitter_cfg.o
 .debug_info    0x00002785      0x139 .\CortexM3\ARM_GCC_541\Debug\cymetadata.o
 .debug_info    0x000028be      0x3bb .\CortexM3\ARM_GCC_541\Debug\Cm3Start.o
 .debug_info    0x00002c79     0x1374 .\CortexM3\ARM_GCC_541\Debug\AMA_EOS_Lab_02.a(CyLib.o)
 .debug_info    0x00003fed      0xa2a .\CortexM3\ARM_GCC_541\Debug\AMA_EOS_Lab_02.a(cyPm.o)
 .debug_info    0x00004a17      0x80d .\CortexM3\ARM_GCC_541\Debug\AMA_EOS_Lab_02.a(ErikaOS_1_ee_activate.o)
 .debug_info    0x00005224      0x5bd .\CortexM3\ARM_GCC_541\Debug\AMA_EOS_Lab_02.a(ErikaOS_1_ee_alcancel.o)
 .debug_info    0x000057e1      0x5e5 .\CortexM3\ARM_GCC_541\Debug\AMA_EOS_Lab_02.a(ErikaOS_1_ee_alsetrel.o)
 .debug_info    0x00005dc6      0xc3b .\CortexM3\ARM_GCC_541\Debug\AMA_EOS_Lab_02.a(ErikaOS_1_ee_altick.o)
 .debug_info    0x00006a01      0x5a7 .\CortexM3\ARM_GCC_541\Debug\AMA_EOS_Lab_02.a(ErikaOS_1_ee_evclear.o)
 .debug_info    0x00006fa8      0x4ca .\CortexM3\ARM_GCC_541\Debug\AMA_EOS_Lab_02.a(ErikaOS_1_ee_evget.o)
 .debug_info    0x00007472      0x7c3 .\CortexM3\ARM_GCC_541\Debug\AMA_EOS_Lab_02.a(ErikaOS_1_ee_evset.o)
 .debug_info    0x00007c35      0x85a .\CortexM3\ARM_GCC_541\Debug\AMA_EOS_Lab_02.a(ErikaOS_1_ee_evwait.o)
 .debug_info    0x0000848f      0x56b .\CortexM3\ARM_GCC_541\Debug\AMA_EOS_Lab_02.a(ErikaOS_1_ee_getcountervalue.o)
 .debug_info    0x000089fa      0x5cb .\CortexM3\ARM_GCC_541\Debug\AMA_EOS_Lab_02.a(ErikaOS_1_ee_irqendin.o)
 .debug_info    0x00008fc5      0x3d0 .\CortexM3\ARM_GCC_541\Debug\AMA_EOS_Lab_02.a(ErikaOS_1_ee_lookup.o)
 .debug_info    0x00009395      0x46f .\CortexM3\ARM_GCC_541\Debug\AMA_EOS_Lab_02.a(ErikaOS_1_ee_rq_exchg.o)
 .debug_info    0x00009804      0x421 .\CortexM3\ARM_GCC_541\Debug\AMA_EOS_Lab_02.a(ErikaOS_1_ee_rq_first.o)
 .debug_info    0x00009c25      0x475 .\CortexM3\ARM_GCC_541\Debug\AMA_EOS_Lab_02.a(ErikaOS_1_ee_rq_inser.o)
 .debug_info    0x0000a09a     0x2040 .\CortexM3\ARM_GCC_541\Debug\AMA_EOS_Lab_02.a(ErikaOS_1_ee_startos.o)
 .debug_info    0x0000c0da      0x595 .\CortexM3\ARM_GCC_541\Debug\AMA_EOS_Lab_02.a(ErikaOS_1_ee_terminat.o)
 .debug_info    0x0000c66f      0x513 .\CortexM3\ARM_GCC_541\Debug\AMA_EOS_Lab_02.a(ErikaOS_1_cortex_mx_ee_utils.o)
 .debug_info    0x0000cb82      0x3cb .\CortexM3\ARM_GCC_541\Debug\AMA_EOS_Lab_02.a(ErikaOS_1_common_ee_hal_structs.o)
 .debug_info    0x0000cf4d      0x95e .\CortexM3\ARM_GCC_541\Debug\AMA_EOS_Lab_02.a(ErikaOS_1_eecfg.o)
 .debug_info    0x0000d8ab       0xd6 .\CortexM3\ARM_GCC_541\Debug\AMA_EOS_Lab_02.a(SEVEN_Reg.o)
 .debug_info    0x0000d981      0x11f .\CortexM3\ARM_GCC_541\Debug\AMA_EOS_Lab_02.a(SEVEN_DP.o)
 .debug_info    0x0000daa0      0x11f .\CortexM3\ARM_GCC_541\Debug\AMA_EOS_Lab_02.a(SEVEN_SELECT.o)
 .debug_info    0x0000dbbf      0x11f .\CortexM3\ARM_GCC_541\Debug\AMA_EOS_Lab_02.a(BUTTON_1.o)
 .debug_info    0x0000dcde      0x11f .\CortexM3\ARM_GCC_541\Debug\AMA_EOS_Lab_02.a(BUTTON_2.o)
 .debug_info    0x0000ddfd      0x11f .\CortexM3\ARM_GCC_541\Debug\AMA_EOS_Lab_02.a(BUTTON_4.o)
 .debug_info    0x0000df1c      0x11f .\CortexM3\ARM_GCC_541\Debug\AMA_EOS_Lab_02.a(LED_RED.o)
 .debug_info    0x0000e03b      0x11f .\CortexM3\ARM_GCC_541\Debug\AMA_EOS_Lab_02.a(LED_YELLOW.o)
 .debug_info    0x0000e15a      0x11f .\CortexM3\ARM_GCC_541\Debug\AMA_EOS_Lab_02.a(LED_GREEN.o)
 .debug_info    0x0000e279      0x11f .\CortexM3\ARM_GCC_541\Debug\AMA_EOS_Lab_02.a(BUTTON_3.o)
 .debug_info    0x0000e398      0x6d7 .\CortexM3\ARM_GCC_541\Debug\AMA_EOS_Lab_02.a(UART_LOG.o)
 .debug_info    0x0000ea6f      0x108 .\CortexM3\ARM_GCC_541\Debug\AMA_EOS_Lab_02.a(UART_LOG_INT.o)
 .debug_info    0x0000eb77      0x283 .\CortexM3\ARM_GCC_541\Debug\AMA_EOS_Lab_02.a(UART_LOG_IntClock.o)
 .debug_info    0x0000edfa      0x351 .\CortexM3\ARM_GCC_541\Debug\AMA_EOS_Lab_02.a(RGB_PWM_red.o)
 .debug_info    0x0000f14b      0x351 .\CortexM3\ARM_GCC_541\Debug\AMA_EOS_Lab_02.a(RGB_PWM_blue.o)
 .debug_info    0x0000f49c      0x351 .\CortexM3\ARM_GCC_541\Debug\AMA_EOS_Lab_02.a(RGB_PWM_green.o)
 .debug_info    0x0000f7ed      0x351 .\CortexM3\ARM_GCC_541\Debug\AMA_EOS_Lab_02.a(PWM_green.o)
 .debug_info    0x0000fb3e      0x351 .\CortexM3\ARM_GCC_541\Debug\AMA_EOS_Lab_02.a(PWM_red.o)
 .debug_info    0x0000fe8f      0x351 .\CortexM3\ARM_GCC_541\Debug\AMA_EOS_Lab_02.a(PWM_yellow.o)
 .debug_info    0x000101e0       0x91 .\CortexM3\ARM_GCC_541\Debug\AMA_EOS_Lab_02.a(CyBootAsmGnu.o)
 .debug_info    0x00010271       0xa8 .\CortexM3\ARM_GCC_541\Debug\AMA_EOS_Lab_02.a(ErikaOS_1_ee_gnu_change_context_isr.o)
 .debug_info    0x00010319       0x9f .\CortexM3\ARM_GCC_541\Debug\AMA_EOS_Lab_02.a(ErikaOS_1_ee_gnu_irq_stack.o)
 .debug_info    0x000103b8       0xa3 .\CortexM3\ARM_GCC_541\Debug\AMA_EOS_Lab_02.a(ErikaOS_1_ee_gnu_multi_context.o)
 .debug_info    0x0001045b       0x98 .\CortexM3\ARM_GCC_541\Debug\AMA_EOS_Lab_02.a(ErikaOS_1_ee_gnu_oo.o)
 .debug_info    0x000104f3      0x64d .\CortexM3\ARM_GCC_541\Debug\AMA_EOS_Lab_02.a(CyFlash.o)
 .debug_info    0x00010b40      0x550 .\CortexM3\ARM_GCC_541\Debug\AMA_EOS_Lab_02.a(CySpc.o)
 .debug_info    0x00011090      0x473 .\CortexM3\ARM_GCC_541\Debug\AMA_EOS_Lab_02.a(ErikaOS_1_ee_tnterm.o)
 .debug_info    0x00011503      0x487 .\CortexM3\ARM_GCC_541\Debug\AMA_EOS_Lab_02.a(ErikaOS_1_ee_tstub.o)
 .debug_info    0x0001198a      0x45e .\CortexM3\ARM_GCC_541\Debug\AMA_EOS_Lab_02.a(ErikaOS_1_ee_ulockallres.o)
 .debug_info    0x00011de8      0x501 .\CortexM3\ARM_GCC_541\Debug\AMA_EOS_Lab_02.a(ErikaOS_1_cortex_mx_ee_context.o)
 .debug_info    0x000122e9      0x6f9 .\CortexM3\ARM_GCC_541\Debug\AMA_EOS_Lab_02.a(ErikaOS_1_ee_thendin.o)

.debug_abbrev   0x00000000     0x5052
 *(.debug_abbrev)
 .debug_abbrev  0x00000000      0x237 .\CortexM3\ARM_GCC_541\Debug\main.o
 .debug_abbrev  0x00000237      0x1cc .\CortexM3\ARM_GCC_541\Debug\led.o
 .debug_abbrev  0x00000403      0x155 .\CortexM3\ARM_GCC_541\Debug\seven.o
 .debug_abbrev  0x00000558      0x13d .\CortexM3\ARM_GCC_541\Debug\button.o
 .debug_abbrev  0x00000695      0x2d1 .\CortexM3\ARM_GCC_541\Debug\reactiongame.o
 .debug_abbrev  0x00000966      0x1fe .\CortexM3\ARM_GCC_541\Debug\cyfitter_cfg.o
 .debug_abbrev  0x00000b64       0x77 .\CortexM3\ARM_GCC_541\Debug\cymetadata.o
 .debug_abbrev  0x00000bdb      0x1e8 .\CortexM3\ARM_GCC_541\Debug\Cm3Start.o
 .debug_abbrev  0x00000dc3      0x254 .\CortexM3\ARM_GCC_541\Debug\AMA_EOS_Lab_02.a(CyLib.o)
 .debug_abbrev  0x00001017      0x1ab .\CortexM3\ARM_GCC_541\Debug\AMA_EOS_Lab_02.a(cyPm.o)
 .debug_abbrev  0x000011c2      0x284 .\CortexM3\ARM_GCC_541\Debug\AMA_EOS_Lab_02.a(ErikaOS_1_ee_activate.o)
 .debug_abbrev  0x00001446      0x1f8 .\CortexM3\ARM_GCC_541\Debug\AMA_EOS_Lab_02.a(ErikaOS_1_ee_alcancel.o)
 .debug_abbrev  0x0000163e      0x1f7 .\CortexM3\ARM_GCC_541\Debug\AMA_EOS_Lab_02.a(ErikaOS_1_ee_alsetrel.o)
 .debug_abbrev  0x00001835      0x362 .\CortexM3\ARM_GCC_541\Debug\AMA_EOS_Lab_02.a(ErikaOS_1_ee_altick.o)
 .debug_abbrev  0x00001b97      0x1e0 .\CortexM3\ARM_GCC_541\Debug\AMA_EOS_Lab_02.a(ErikaOS_1_ee_evclear.o)
 .debug_abbrev  0x00001d77      0x150 .\CortexM3\ARM_GCC_541\Debug\AMA_EOS_Lab_02.a(ErikaOS_1_ee_evget.o)
 .debug_abbrev  0x00001ec7      0x27f .\CortexM3\ARM_GCC_541\Debug\AMA_EOS_Lab_02.a(ErikaOS_1_ee_evset.o)
 .debug_abbrev  0x00002146      0x25d .\CortexM3\ARM_GCC_541\Debug\AMA_EOS_Lab_02.a(ErikaOS_1_ee_evwait.o)
 .debug_abbrev  0x000023a3      0x1e5 .\CortexM3\ARM_GCC_541\Debug\AMA_EOS_Lab_02.a(ErikaOS_1_ee_getcountervalue.o)
 .debug_abbrev  0x00002588      0x1da .\CortexM3\ARM_GCC_541\Debug\AMA_EOS_Lab_02.a(ErikaOS_1_ee_irqendin.o)
 .debug_abbrev  0x00002762       0xcf .\CortexM3\ARM_GCC_541\Debug\AMA_EOS_Lab_02.a(ErikaOS_1_ee_lookup.o)
 .debug_abbrev  0x00002831       0xfc .\CortexM3\ARM_GCC_541\Debug\AMA_EOS_Lab_02.a(ErikaOS_1_ee_rq_exchg.o)
 .debug_abbrev  0x0000292d       0xed .\CortexM3\ARM_GCC_541\Debug\AMA_EOS_Lab_02.a(ErikaOS_1_ee_rq_first.o)
 .debug_abbrev  0x00002a1a      0x109 .\CortexM3\ARM_GCC_541\Debug\AMA_EOS_Lab_02.a(ErikaOS_1_ee_rq_inser.o)
 .debug_abbrev  0x00002b23      0x4a7 .\CortexM3\ARM_GCC_541\Debug\AMA_EOS_Lab_02.a(ErikaOS_1_ee_startos.o)
 .debug_abbrev  0x00002fca      0x1de .\CortexM3\ARM_GCC_541\Debug\AMA_EOS_Lab_02.a(ErikaOS_1_ee_terminat.o)
 .debug_abbrev  0x000031a8      0x1e3 .\CortexM3\ARM_GCC_541\Debug\AMA_EOS_Lab_02.a(ErikaOS_1_cortex_mx_ee_utils.o)
 .debug_abbrev  0x0000338b       0xcf .\CortexM3\ARM_GCC_541\Debug\AMA_EOS_Lab_02.a(ErikaOS_1_common_ee_hal_structs.o)
 .debug_abbrev  0x0000345a      0x127 .\CortexM3\ARM_GCC_541\Debug\AMA_EOS_Lab_02.a(ErikaOS_1_eecfg.o)
 .debug_abbrev  0x00003581       0x81 .\CortexM3\ARM_GCC_541\Debug\AMA_EOS_Lab_02.a(SEVEN_Reg.o)
 .debug_abbrev  0x00003602       0x90 .\CortexM3\ARM_GCC_541\Debug\AMA_EOS_Lab_02.a(SEVEN_DP.o)
 .debug_abbrev  0x00003692       0x90 .\CortexM3\ARM_GCC_541\Debug\AMA_EOS_Lab_02.a(SEVEN_SELECT.o)
 .debug_abbrev  0x00003722       0x90 .\CortexM3\ARM_GCC_541\Debug\AMA_EOS_Lab_02.a(BUTTON_1.o)
 .debug_abbrev  0x000037b2       0x90 .\CortexM3\ARM_GCC_541\Debug\AMA_EOS_Lab_02.a(BUTTON_2.o)
 .debug_abbrev  0x00003842       0x90 .\CortexM3\ARM_GCC_541\Debug\AMA_EOS_Lab_02.a(BUTTON_4.o)
 .debug_abbrev  0x000038d2       0x90 .\CortexM3\ARM_GCC_541\Debug\AMA_EOS_Lab_02.a(LED_RED.o)
 .debug_abbrev  0x00003962       0x90 .\CortexM3\ARM_GCC_541\Debug\AMA_EOS_Lab_02.a(LED_YELLOW.o)
 .debug_abbrev  0x000039f2       0x90 .\CortexM3\ARM_GCC_541\Debug\AMA_EOS_Lab_02.a(LED_GREEN.o)
 .debug_abbrev  0x00003a82       0x90 .\CortexM3\ARM_GCC_541\Debug\AMA_EOS_Lab_02.a(BUTTON_3.o)
 .debug_abbrev  0x00003b12      0x16f .\CortexM3\ARM_GCC_541\Debug\AMA_EOS_Lab_02.a(UART_LOG.o)
 .debug_abbrev  0x00003c81       0x79 .\CortexM3\ARM_GCC_541\Debug\AMA_EOS_Lab_02.a(UART_LOG_INT.o)
 .debug_abbrev  0x00003cfa      0x139 .\CortexM3\ARM_GCC_541\Debug\AMA_EOS_Lab_02.a(UART_LOG_IntClock.o)
 .debug_abbrev  0x00003e33      0x133 .\CortexM3\ARM_GCC_541\Debug\AMA_EOS_Lab_02.a(RGB_PWM_red.o)
 .debug_abbrev  0x00003f66      0x133 .\CortexM3\ARM_GCC_541\Debug\AMA_EOS_Lab_02.a(RGB_PWM_blue.o)
 .debug_abbrev  0x00004099      0x133 .\CortexM3\ARM_GCC_541\Debug\AMA_EOS_Lab_02.a(RGB_PWM_green.o)
 .debug_abbrev  0x000041cc      0x133 .\CortexM3\ARM_GCC_541\Debug\AMA_EOS_Lab_02.a(PWM_green.o)
 .debug_abbrev  0x000042ff      0x133 .\CortexM3\ARM_GCC_541\Debug\AMA_EOS_Lab_02.a(PWM_red.o)
 .debug_abbrev  0x00004432      0x133 .\CortexM3\ARM_GCC_541\Debug\AMA_EOS_Lab_02.a(PWM_yellow.o)
 .debug_abbrev  0x00004565       0x14 .\CortexM3\ARM_GCC_541\Debug\AMA_EOS_Lab_02.a(CyBootAsmGnu.o)
 .debug_abbrev  0x00004579       0x14 .\CortexM3\ARM_GCC_541\Debug\AMA_EOS_Lab_02.a(ErikaOS_1_ee_gnu_change_context_isr.o)
 .debug_abbrev  0x0000458d       0x14 .\CortexM3\ARM_GCC_541\Debug\AMA_EOS_Lab_02.a(ErikaOS_1_ee_gnu_irq_stack.o)
 .debug_abbrev  0x000045a1       0x14 .\CortexM3\ARM_GCC_541\Debug\AMA_EOS_Lab_02.a(ErikaOS_1_ee_gnu_multi_context.o)
 .debug_abbrev  0x000045b5       0x14 .\CortexM3\ARM_GCC_541\Debug\AMA_EOS_Lab_02.a(ErikaOS_1_ee_gnu_oo.o)
 .debug_abbrev  0x000045c9      0x1a7 .\CortexM3\ARM_GCC_541\Debug\AMA_EOS_Lab_02.a(CyFlash.o)
 .debug_abbrev  0x00004770      0x194 .\CortexM3\ARM_GCC_541\Debug\AMA_EOS_Lab_02.a(CySpc.o)
 .debug_abbrev  0x00004904      0x190 .\CortexM3\ARM_GCC_541\Debug\AMA_EOS_Lab_02.a(ErikaOS_1_ee_tnterm.o)
 .debug_abbrev  0x00004a94      0x143 .\CortexM3\ARM_GCC_541\Debug\AMA_EOS_Lab_02.a(ErikaOS_1_ee_tstub.o)
 .debug_abbrev  0x00004bd7       0xfc .\CortexM3\ARM_GCC_541\Debug\AMA_EOS_Lab_02.a(ErikaOS_1_ee_ulockallres.o)
 .debug_abbrev  0x00004cd3      0x156 .\CortexM3\ARM_GCC_541\Debug\AMA_EOS_Lab_02.a(ErikaOS_1_cortex_mx_ee_context.o)
 .debug_abbrev  0x00004e29      0x229 .\CortexM3\ARM_GCC_541\Debug\AMA_EOS_Lab_02.a(ErikaOS_1_ee_thendin.o)

.debug_line     0x00000000     0x6918
 *(.debug_line)
 .debug_line    0x00000000      0x537 .\CortexM3\ARM_GCC_541\Debug\main.o
 .debug_line    0x00000537      0x3d1 .\CortexM3\ARM_GCC_541\Debug\led.o
 .debug_line    0x00000908      0x2e4 .\CortexM3\ARM_GCC_541\Debug\seven.o
 .debug_line    0x00000bec      0x2ac .\CortexM3\ARM_GCC_541\Debug\button.o
 .debug_line    0x00000e98      0x4e7 .\CortexM3\ARM_GCC_541\Debug\reactiongame.o
 .debug_line    0x0000137f      0x1db .\CortexM3\ARM_GCC_541\Debug\cyfitter_cfg.o
 .debug_line    0x0000155a      0x141 .\CortexM3\ARM_GCC_541\Debug\cymetadata.o
 .debug_line    0x0000169b      0x233 .\CortexM3\ARM_GCC_541\Debug\Cm3Start.o
 .debug_line    0x000018ce      0x816 .\CortexM3\ARM_GCC_541\Debug\AMA_EOS_Lab_02.a(CyLib.o)
 .debug_line    0x000020e4      0x367 .\CortexM3\ARM_GCC_541\Debug\AMA_EOS_Lab_02.a(cyPm.o)
 .debug_line    0x0000244b      0x1fa .\CortexM3\ARM_GCC_541\Debug\AMA_EOS_Lab_02.a(ErikaOS_1_ee_activate.o)
 .debug_line    0x00002645      0x1d3 .\CortexM3\ARM_GCC_541\Debug\AMA_EOS_Lab_02.a(ErikaOS_1_ee_alcancel.o)
 .debug_line    0x00002818      0x1d1 .\CortexM3\ARM_GCC_541\Debug\AMA_EOS_Lab_02.a(ErikaOS_1_ee_alsetrel.o)
 .debug_line    0x000029e9      0x305 .\CortexM3\ARM_GCC_541\Debug\AMA_EOS_Lab_02.a(ErikaOS_1_ee_altick.o)
 .debug_line    0x00002cee      0x1d5 .\CortexM3\ARM_GCC_541\Debug\AMA_EOS_Lab_02.a(ErikaOS_1_ee_evclear.o)
 .debug_line    0x00002ec3      0x15b .\CortexM3\ARM_GCC_541\Debug\AMA_EOS_Lab_02.a(ErikaOS_1_ee_evget.o)
 .debug_line    0x0000301e      0x1f7 .\CortexM3\ARM_GCC_541\Debug\AMA_EOS_Lab_02.a(ErikaOS_1_ee_evset.o)
 .debug_line    0x00003215      0x205 .\CortexM3\ARM_GCC_541\Debug\AMA_EOS_Lab_02.a(ErikaOS_1_ee_evwait.o)
 .debug_line    0x0000341a      0x1bd .\CortexM3\ARM_GCC_541\Debug\AMA_EOS_Lab_02.a(ErikaOS_1_ee_getcountervalue.o)
 .debug_line    0x000035d7      0x1a0 .\CortexM3\ARM_GCC_541\Debug\AMA_EOS_Lab_02.a(ErikaOS_1_ee_irqendin.o)
 .debug_line    0x00003777      0x119 .\CortexM3\ARM_GCC_541\Debug\AMA_EOS_Lab_02.a(ErikaOS_1_ee_lookup.o)
 .debug_line    0x00003890      0x15b .\CortexM3\ARM_GCC_541\Debug\AMA_EOS_Lab_02.a(ErikaOS_1_ee_rq_exchg.o)
 .debug_line    0x000039eb      0x152 .\CortexM3\ARM_GCC_541\Debug\AMA_EOS_Lab_02.a(ErikaOS_1_ee_rq_first.o)
 .debug_line    0x00003b3d      0x156 .\CortexM3\ARM_GCC_541\Debug\AMA_EOS_Lab_02.a(ErikaOS_1_ee_rq_inser.o)
 .debug_line    0x00003c93      0x3fa .\CortexM3\ARM_GCC_541\Debug\AMA_EOS_Lab_02.a(ErikaOS_1_ee_startos.o)
 .debug_line    0x0000408d      0x1c4 .\CortexM3\ARM_GCC_541\Debug\AMA_EOS_Lab_02.a(ErikaOS_1_ee_terminat.o)
 .debug_line    0x00004251      0x184 .\CortexM3\ARM_GCC_541\Debug\AMA_EOS_Lab_02.a(ErikaOS_1_cortex_mx_ee_utils.o)
 .debug_line    0x000043d5       0xf9 .\CortexM3\ARM_GCC_541\Debug\AMA_EOS_Lab_02.a(ErikaOS_1_common_ee_hal_structs.o)
 .debug_line    0x000044ce      0x13c .\CortexM3\ARM_GCC_541\Debug\AMA_EOS_Lab_02.a(ErikaOS_1_eecfg.o)
 .debug_line    0x0000460a       0x71 .\CortexM3\ARM_GCC_541\Debug\AMA_EOS_Lab_02.a(SEVEN_Reg.o)
 .debug_line    0x0000467b       0x95 .\CortexM3\ARM_GCC_541\Debug\AMA_EOS_Lab_02.a(SEVEN_DP.o)
 .debug_line    0x00004710       0x99 .\CortexM3\ARM_GCC_541\Debug\AMA_EOS_Lab_02.a(SEVEN_SELECT.o)
 .debug_line    0x000047a9       0x95 .\CortexM3\ARM_GCC_541\Debug\AMA_EOS_Lab_02.a(BUTTON_1.o)
 .debug_line    0x0000483e       0x95 .\CortexM3\ARM_GCC_541\Debug\AMA_EOS_Lab_02.a(BUTTON_2.o)
 .debug_line    0x000048d3       0x95 .\CortexM3\ARM_GCC_541\Debug\AMA_EOS_Lab_02.a(BUTTON_4.o)
 .debug_line    0x00004968       0x94 .\CortexM3\ARM_GCC_541\Debug\AMA_EOS_Lab_02.a(LED_RED.o)
 .debug_line    0x000049fc       0x97 .\CortexM3\ARM_GCC_541\Debug\AMA_EOS_Lab_02.a(LED_YELLOW.o)
 .debug_line    0x00004a93       0x96 .\CortexM3\ARM_GCC_541\Debug\AMA_EOS_Lab_02.a(LED_GREEN.o)
 .debug_line    0x00004b29       0x95 .\CortexM3\ARM_GCC_541\Debug\AMA_EOS_Lab_02.a(BUTTON_3.o)
 .debug_line    0x00004bbe      0x301 .\CortexM3\ARM_GCC_541\Debug\AMA_EOS_Lab_02.a(UART_LOG.o)
 .debug_line    0x00004ebf       0x85 .\CortexM3\ARM_GCC_541\Debug\AMA_EOS_Lab_02.a(UART_LOG_INT.o)
 .debug_line    0x00004f44      0x180 .\CortexM3\ARM_GCC_541\Debug\AMA_EOS_Lab_02.a(UART_LOG_IntClock.o)
 .debug_line    0x000050c4      0x18e .\CortexM3\ARM_GCC_541\Debug\AMA_EOS_Lab_02.a(RGB_PWM_red.o)
 .debug_line    0x00005252      0x18f .\CortexM3\ARM_GCC_541\Debug\AMA_EOS_Lab_02.a(RGB_PWM_blue.o)
 .debug_line    0x000053e1      0x190 .\CortexM3\ARM_GCC_541\Debug\AMA_EOS_Lab_02.a(RGB_PWM_green.o)
 .debug_line    0x00005571      0x18c .\CortexM3\ARM_GCC_541\Debug\AMA_EOS_Lab_02.a(PWM_green.o)
 .debug_line    0x000056fd      0x18a .\CortexM3\ARM_GCC_541\Debug\AMA_EOS_Lab_02.a(PWM_red.o)
 .debug_line    0x00005887      0x18d .\CortexM3\ARM_GCC_541\Debug\AMA_EOS_Lab_02.a(PWM_yellow.o)
 .debug_line    0x00005a14       0x66 .\CortexM3\ARM_GCC_541\Debug\AMA_EOS_Lab_02.a(CyBootAsmGnu.o)
 .debug_line    0x00005a7a       0xae .\CortexM3\ARM_GCC_541\Debug\AMA_EOS_Lab_02.a(ErikaOS_1_ee_gnu_change_context_isr.o)
 .debug_line    0x00005b28       0x74 .\CortexM3\ARM_GCC_541\Debug\AMA_EOS_Lab_02.a(ErikaOS_1_ee_gnu_irq_stack.o)
 .debug_line    0x00005b9c       0x9d .\CortexM3\ARM_GCC_541\Debug\AMA_EOS_Lab_02.a(ErikaOS_1_ee_gnu_multi_context.o)
 .debug_line    0x00005c39       0x99 .\CortexM3\ARM_GCC_541\Debug\AMA_EOS_Lab_02.a(ErikaOS_1_ee_gnu_oo.o)
 .debug_line    0x00005cd2      0x21a .\CortexM3\ARM_GCC_541\Debug\AMA_EOS_Lab_02.a(CyFlash.o)
 .debug_line    0x00005eec      0x260 .\CortexM3\ARM_GCC_541\Debug\AMA_EOS_Lab_02.a(CySpc.o)
 .debug_line    0x0000614c      0x183 .\CortexM3\ARM_GCC_541\Debug\AMA_EOS_Lab_02.a(ErikaOS_1_ee_tnterm.o)
 .debug_line    0x000062cf      0x172 .\CortexM3\ARM_GCC_541\Debug\AMA_EOS_Lab_02.a(ErikaOS_1_ee_tstub.o)
 .debug_line    0x00006441      0x164 .\CortexM3\ARM_GCC_541\Debug\AMA_EOS_Lab_02.a(ErikaOS_1_ee_ulockallres.o)
 .debug_line    0x000065a5      0x1ac .\CortexM3\ARM_GCC_541\Debug\AMA_EOS_Lab_02.a(ErikaOS_1_cortex_mx_ee_context.o)
 .debug_line    0x00006751      0x1c7 .\CortexM3\ARM_GCC_541\Debug\AMA_EOS_Lab_02.a(ErikaOS_1_ee_thendin.o)

.debug_frame    0x00000000     0x2734
 *(.debug_frame)
 .debug_frame   0x00000000      0x154 .\CortexM3\ARM_GCC_541\Debug\main.o
 .debug_frame   0x00000154       0xe0 .\CortexM3\ARM_GCC_541\Debug\led.o
 .debug_frame   0x00000234       0xcc .\CortexM3\ARM_GCC_541\Debug\seven.o
 .debug_frame   0x00000300       0x4c .\CortexM3\ARM_GCC_541\Debug\button.o
 .debug_frame   0x0000034c       0xac .\CortexM3\ARM_GCC_541\Debug\reactiongame.o
 .debug_frame   0x000003f8       0xe4 .\CortexM3\ARM_GCC_541\Debug\cyfitter_cfg.o
 .debug_frame   0x000004dc       0xb8 .\CortexM3\ARM_GCC_541\Debug\Cm3Start.o
 .debug_frame   0x00000594      0x738 .\CortexM3\ARM_GCC_541\Debug\AMA_EOS_Lab_02.a(CyLib.o)
 .debug_frame   0x00000ccc      0x1f8 .\CortexM3\ARM_GCC_541\Debug\AMA_EOS_Lab_02.a(cyPm.o)
 .debug_frame   0x00000ec4       0x30 .\CortexM3\ARM_GCC_541\Debug\AMA_EOS_Lab_02.a(ErikaOS_1_ee_activate.o)
 .debug_frame   0x00000ef4       0x38 .\CortexM3\ARM_GCC_541\Debug\AMA_EOS_Lab_02.a(ErikaOS_1_ee_alcancel.o)
 .debug_frame   0x00000f2c       0x38 .\CortexM3\ARM_GCC_541\Debug\AMA_EOS_Lab_02.a(ErikaOS_1_ee_alsetrel.o)
 .debug_frame   0x00000f64      0x10c .\CortexM3\ARM_GCC_541\Debug\AMA_EOS_Lab_02.a(ErikaOS_1_ee_altick.o)
 .debug_frame   0x00001070       0x38 .\CortexM3\ARM_GCC_541\Debug\AMA_EOS_Lab_02.a(ErikaOS_1_ee_evclear.o)
 .debug_frame   0x000010a8       0x20 .\CortexM3\ARM_GCC_541\Debug\AMA_EOS_Lab_02.a(ErikaOS_1_ee_evget.o)
 .debug_frame   0x000010c8       0x30 .\CortexM3\ARM_GCC_541\Debug\AMA_EOS_Lab_02.a(ErikaOS_1_ee_evset.o)
 .debug_frame   0x000010f8       0x30 .\CortexM3\ARM_GCC_541\Debug\AMA_EOS_Lab_02.a(ErikaOS_1_ee_evwait.o)
 .debug_frame   0x00001128       0x20 .\CortexM3\ARM_GCC_541\Debug\AMA_EOS_Lab_02.a(ErikaOS_1_ee_getcountervalue.o)
 .debug_frame   0x00001148       0x58 .\CortexM3\ARM_GCC_541\Debug\AMA_EOS_Lab_02.a(ErikaOS_1_ee_irqendin.o)
 .debug_frame   0x000011a0       0x3c .\CortexM3\ARM_GCC_541\Debug\AMA_EOS_Lab_02.a(ErikaOS_1_ee_rq_exchg.o)
 .debug_frame   0x000011dc       0x20 .\CortexM3\ARM_GCC_541\Debug\AMA_EOS_Lab_02.a(ErikaOS_1_ee_rq_first.o)
 .debug_frame   0x000011fc       0x30 .\CortexM3\ARM_GCC_541\Debug\AMA_EOS_Lab_02.a(ErikaOS_1_ee_rq_inser.o)
 .debug_frame   0x0000122c       0x90 .\CortexM3\ARM_GCC_541\Debug\AMA_EOS_Lab_02.a(ErikaOS_1_ee_startos.o)
 .debug_frame   0x000012bc       0x2c .\CortexM3\ARM_GCC_541\Debug\AMA_EOS_Lab_02.a(ErikaOS_1_ee_terminat.o)
 .debug_frame   0x000012e8       0x30 .\CortexM3\ARM_GCC_541\Debug\AMA_EOS_Lab_02.a(ErikaOS_1_cortex_mx_ee_utils.o)
 .debug_frame   0x00001318       0x30 .\CortexM3\ARM_GCC_541\Debug\AMA_EOS_Lab_02.a(SEVEN_Reg.o)
 .debug_frame   0x00001348       0x50 .\CortexM3\ARM_GCC_541\Debug\AMA_EOS_Lab_02.a(SEVEN_DP.o)
 .debug_frame   0x00001398       0x50 .\CortexM3\ARM_GCC_541\Debug\AMA_EOS_Lab_02.a(SEVEN_SELECT.o)
 .debug_frame   0x000013e8       0x50 .\CortexM3\ARM_GCC_541\Debug\AMA_EOS_Lab_02.a(BUTTON_1.o)
 .debug_frame   0x00001438       0x50 .\CortexM3\ARM_GCC_541\Debug\AMA_EOS_Lab_02.a(BUTTON_2.o)
 .debug_frame   0x00001488       0x50 .\CortexM3\ARM_GCC_541\Debug\AMA_EOS_Lab_02.a(BUTTON_4.o)
 .debug_frame   0x000014d8       0x50 .\CortexM3\ARM_GCC_541\Debug\AMA_EOS_Lab_02.a(LED_RED.o)
 .debug_frame   0x00001528       0x50 .\CortexM3\ARM_GCC_541\Debug\AMA_EOS_Lab_02.a(LED_YELLOW.o)
 .debug_frame   0x00001578       0x50 .\CortexM3\ARM_GCC_541\Debug\AMA_EOS_Lab_02.a(LED_GREEN.o)
 .debug_frame   0x000015c8       0x50 .\CortexM3\ARM_GCC_541\Debug\AMA_EOS_Lab_02.a(BUTTON_3.o)
 .debug_frame   0x00001618      0x268 .\CortexM3\ARM_GCC_541\Debug\AMA_EOS_Lab_02.a(UART_LOG.o)
 .debug_frame   0x00001880       0x20 .\CortexM3\ARM_GCC_541\Debug\AMA_EOS_Lab_02.a(UART_LOG_INT.o)
 .debug_frame   0x000018a0       0xe0 .\CortexM3\ARM_GCC_541\Debug\AMA_EOS_Lab_02.a(UART_LOG_IntClock.o)
 .debug_frame   0x00001980      0x134 .\CortexM3\ARM_GCC_541\Debug\AMA_EOS_Lab_02.a(RGB_PWM_red.o)
 .debug_frame   0x00001ab4      0x134 .\CortexM3\ARM_GCC_541\Debug\AMA_EOS_Lab_02.a(RGB_PWM_blue.o)
 .debug_frame   0x00001be8      0x134 .\CortexM3\ARM_GCC_541\Debug\AMA_EOS_Lab_02.a(RGB_PWM_green.o)
 .debug_frame   0x00001d1c      0x134 .\CortexM3\ARM_GCC_541\Debug\AMA_EOS_Lab_02.a(PWM_green.o)
 .debug_frame   0x00001e50      0x134 .\CortexM3\ARM_GCC_541\Debug\AMA_EOS_Lab_02.a(PWM_red.o)
 .debug_frame   0x00001f84      0x134 .\CortexM3\ARM_GCC_541\Debug\AMA_EOS_Lab_02.a(PWM_yellow.o)
 .debug_frame   0x000020b8      0x194 .\CortexM3\ARM_GCC_541\Debug\AMA_EOS_Lab_02.a(CyFlash.o)
 .debug_frame   0x0000224c      0x180 .\CortexM3\ARM_GCC_541\Debug\AMA_EOS_Lab_02.a(CySpc.o)
 .debug_frame   0x000023cc       0x2c .\CortexM3\ARM_GCC_541\Debug\AMA_EOS_Lab_02.a(ErikaOS_1_ee_tnterm.o)
 .debug_frame   0x000023f8       0x2c .\CortexM3\ARM_GCC_541\Debug\AMA_EOS_Lab_02.a(ErikaOS_1_ee_tstub.o)
 .debug_frame   0x00002424       0x2c .\CortexM3\ARM_GCC_541\Debug\AMA_EOS_Lab_02.a(ErikaOS_1_ee_ulockallres.o)
 .debug_frame   0x00002450       0x3c .\CortexM3\ARM_GCC_541\Debug\AMA_EOS_Lab_02.a(ErikaOS_1_cortex_mx_ee_context.o)
 .debug_frame   0x0000248c       0x5c .\CortexM3\ARM_GCC_541\Debug\AMA_EOS_Lab_02.a(ErikaOS_1_ee_thendin.o)
 .debug_frame   0x000024e8       0x20 c:/program files (x86)/cypress/psoc creator/4.4/psoc creator/import/gnu/arm/5.4.1/bin/../lib/gcc/arm-none-eabi/5.4.1/../../../../arm-none-eabi/lib/armv7-m\libg_nano.a(lib_a-errno.o)
 .debug_frame   0x00002508       0x28 c:/program files (x86)/cypress/psoc creator/4.4/psoc creator/import/gnu/arm/5.4.1/bin/../lib/gcc/arm-none-eabi/5.4.1/../../../../arm-none-eabi/lib/armv7-m\libg_nano.a(lib_a-exit.o)
 .debug_frame   0x00002530       0x2c c:/program files (x86)/cypress/psoc creator/4.4/psoc creator/import/gnu/arm/5.4.1/bin/../lib/gcc/arm-none-eabi/5.4.1/../../../../arm-none-eabi/lib/armv7-m\libg_nano.a(lib_a-init.o)
 .debug_frame   0x0000255c       0x28 c:/program files (x86)/cypress/psoc creator/4.4/psoc creator/import/gnu/arm/5.4.1/bin/../lib/gcc/arm-none-eabi/5.4.1/../../../../arm-none-eabi/lib/armv7-m\libg_nano.a(lib_a-memcpy-stub.o)
 .debug_frame   0x00002584       0x20 c:/program files (x86)/cypress/psoc creator/4.4/psoc creator/import/gnu/arm/5.4.1/bin/../lib/gcc/arm-none-eabi/5.4.1/../../../../arm-none-eabi/lib/armv7-m\libg_nano.a(lib_a-memset.o)
 .debug_frame   0x000025a4       0x44 c:/program files (x86)/cypress/psoc creator/4.4/psoc creator/import/gnu/arm/5.4.1/bin/../lib/gcc/arm-none-eabi/5.4.1/../../../../arm-none-eabi/lib/armv7-m\libg_nano.a(lib_a-rand.o)
 .debug_frame   0x000025e8       0x30 c:/program files (x86)/cypress/psoc creator/4.4/psoc creator/import/gnu/arm/5.4.1/bin/../lib/gcc/arm-none-eabi/5.4.1/../../../../arm-none-eabi/lib/armv7-m\libg_nano.a(lib_a-malloc.o)
 .debug_frame   0x00002618       0x38 c:/program files (x86)/cypress/psoc creator/4.4/psoc creator/import/gnu/arm/5.4.1/bin/../lib/gcc/arm-none-eabi/5.4.1/../../../../arm-none-eabi/lib/armv7-m\libg_nano.a(lib_a-nano-freer.o)
 .debug_frame   0x00002650       0x2c c:/program files (x86)/cypress/psoc creator/4.4/psoc creator/import/gnu/arm/5.4.1/bin/../lib/gcc/arm-none-eabi/5.4.1/../../../../arm-none-eabi/lib/armv7-m\libg_nano.a(lib_a-nano-mallocr.o)
 .debug_frame   0x0000267c       0x2c c:/program files (x86)/cypress/psoc creator/4.4/psoc creator/import/gnu/arm/5.4.1/bin/../lib/gcc/arm-none-eabi/5.4.1/../../../../arm-none-eabi/lib/armv7-m\libg_nano.a(lib_a-sbrkr.o)
 .debug_frame   0x000026a8       0x30 c:/program files (x86)/cypress/psoc creator/4.4/psoc creator/import/gnu/arm/5.4.1/bin/../lib/gcc/arm-none-eabi/5.4.1/../../../../arm-none-eabi/lib/armv7-m\libg_nano.a(lib_a-mlock.o)
 .debug_frame   0x000026d8       0x5c c:/program files (x86)/cypress/psoc creator/4.4/psoc creator/import/gnu/arm/5.4.1/bin/../lib/gcc/arm-none-eabi/5.4.1/../../../../arm-none-eabi/lib/armv7-m\libg_nano.a(lib_a-reent.o)

.debug_str      0x00000000     0x4704
 *(.debug_str)
 .debug_str     0x00000000      0x576 .\CortexM3\ARM_GCC_541\Debug\main.o
                                0x5ec (size before relaxing)
 .debug_str     0x00000576      0x395 .\CortexM3\ARM_GCC_541\Debug\led.o
                                0x607 (size before relaxing)
 .debug_str     0x0000090b       0xf7 .\CortexM3\ARM_GCC_541\Debug\seven.o
                                0x51c (size before relaxing)
 .debug_str     0x00000a02       0xc7 .\CortexM3\ARM_GCC_541\Debug\button.o
                                0x4f7 (size before relaxing)
 .debug_str     0x00000ac9      0x2b6 .\CortexM3\ARM_GCC_541\Debug\reactiongame.o
                                0x7bd (size before relaxing)
 .debug_str     0x00000d7f      0x166 .\CortexM3\ARM_GCC_541\Debug\cyfitter_cfg.o
                                0x310 (size before relaxing)
 .debug_str     0x00000ee5       0x75 .\CortexM3\ARM_GCC_541\Debug\cymetadata.o
                                0x1e5 (size before relaxing)
 .debug_str     0x00000f5a      0x132 .\CortexM3\ARM_GCC_541\Debug\Cm3Start.o
                                0x30b (size before relaxing)
 .debug_str     0x0000108c      0x831 .\CortexM3\ARM_GCC_541\Debug\AMA_EOS_Lab_02.a(CyLib.o)
                                0xa48 (size before relaxing)
 .debug_str     0x000018bd      0x365 .\CortexM3\ARM_GCC_541\Debug\AMA_EOS_Lab_02.a(cyPm.o)
                                0x734 (size before relaxing)
 .debug_str     0x00001c22      0x5b7 .\CortexM3\ARM_GCC_541\Debug\AMA_EOS_Lab_02.a(ErikaOS_1_ee_activate.o)
                                0x808 (size before relaxing)
 .debug_str     0x000021d9       0x7c .\CortexM3\ARM_GCC_541\Debug\AMA_EOS_Lab_02.a(ErikaOS_1_ee_alcancel.o)
                                0x5db (size before relaxing)
 .debug_str     0x00002255       0x88 .\CortexM3\ARM_GCC_541\Debug\AMA_EOS_Lab_02.a(ErikaOS_1_ee_alsetrel.o)
                                0x600 (size before relaxing)
 .debug_str     0x000022dd      0x229 .\CortexM3\ARM_GCC_541\Debug\AMA_EOS_Lab_02.a(ErikaOS_1_ee_altick.o)
                                0xa63 (size before relaxing)
 .debug_str     0x00002506       0x2e .\CortexM3\ARM_GCC_541\Debug\AMA_EOS_Lab_02.a(ErikaOS_1_ee_evclear.o)
                                0x5e0 (size before relaxing)
 .debug_str     0x00002534       0x5d .\CortexM3\ARM_GCC_541\Debug\AMA_EOS_Lab_02.a(ErikaOS_1_ee_evget.o)
                                0x550 (size before relaxing)
 .debug_str     0x00002591       0x2c .\CortexM3\ARM_GCC_541\Debug\AMA_EOS_Lab_02.a(ErikaOS_1_ee_evset.o)
                                0x7e0 (size before relaxing)
 .debug_str     0x000025bd       0xa3 .\CortexM3\ARM_GCC_541\Debug\AMA_EOS_Lab_02.a(ErikaOS_1_ee_evwait.o)
                                0x838 (size before relaxing)
 .debug_str     0x00002660       0x42 .\CortexM3\ARM_GCC_541\Debug\AMA_EOS_Lab_02.a(ErikaOS_1_ee_getcountervalue.o)
                                0x5ad (size before relaxing)
 .debug_str     0x000026a2       0xca .\CortexM3\ARM_GCC_541\Debug\AMA_EOS_Lab_02.a(ErikaOS_1_ee_irqendin.o)
                                0x6bd (size before relaxing)
 .debug_str     0x0000276c       0x2d .\CortexM3\ARM_GCC_541\Debug\AMA_EOS_Lab_02.a(ErikaOS_1_ee_lookup.o)
                                0x48c (size before relaxing)
 .debug_str     0x00002799       0x87 .\CortexM3\ARM_GCC_541\Debug\AMA_EOS_Lab_02.a(ErikaOS_1_ee_rq_exchg.o)
                                0x4fe (size before relaxing)
 .debug_str     0x00002820       0x2f .\CortexM3\ARM_GCC_541\Debug\AMA_EOS_Lab_02.a(ErikaOS_1_ee_rq_first.o)
                                0x4c9 (size before relaxing)
 .debug_str     0x0000284f       0x3a .\CortexM3\ARM_GCC_541\Debug\AMA_EOS_Lab_02.a(ErikaOS_1_ee_rq_inser.o)
                                0x503 (size before relaxing)
 .debug_str     0x00002889      0x8aa .\CortexM3\ARM_GCC_541\Debug\AMA_EOS_Lab_02.a(ErikaOS_1_ee_startos.o)
                               0x172f (size before relaxing)
 .debug_str     0x00003133       0x5d .\CortexM3\ARM_GCC_541\Debug\AMA_EOS_Lab_02.a(ErikaOS_1_ee_terminat.o)
                                0x601 (size before relaxing)
 .debug_str     0x00003190       0x73 .\CortexM3\ARM_GCC_541\Debug\AMA_EOS_Lab_02.a(ErikaOS_1_cortex_mx_ee_utils.o)
                                0x55b (size before relaxing)
 .debug_str     0x00003203       0x39 .\CortexM3\ARM_GCC_541\Debug\AMA_EOS_Lab_02.a(ErikaOS_1_common_ee_hal_structs.o)
                                0x498 (size before relaxing)
 .debug_str     0x0000323c      0x1fa .\CortexM3\ARM_GCC_541\Debug\AMA_EOS_Lab_02.a(ErikaOS_1_eecfg.o)
                                0x855 (size before relaxing)
 .debug_str     0x00003436       0x3a .\CortexM3\ARM_GCC_541\Debug\AMA_EOS_Lab_02.a(SEVEN_Reg.o)
                                0x1bc (size before relaxing)
 .debug_str     0x00003470       0x66 .\CortexM3\ARM_GCC_541\Debug\AMA_EOS_Lab_02.a(SEVEN_DP.o)
                                0x1f2 (size before relaxing)
 .debug_str     0x000034d6       0x6b .\CortexM3\ARM_GCC_541\Debug\AMA_EOS_Lab_02.a(SEVEN_SELECT.o)
                                0x206 (size before relaxing)
 .debug_str     0x00003541       0x5c .\CortexM3\ARM_GCC_541\Debug\AMA_EOS_Lab_02.a(BUTTON_1.o)
                                0x1f2 (size before relaxing)
 .debug_str     0x0000359d       0x5c .\CortexM3\ARM_GCC_541\Debug\AMA_EOS_Lab_02.a(BUTTON_2.o)
                                0x1f2 (size before relaxing)
 .debug_str     0x000035f9       0x5c .\CortexM3\ARM_GCC_541\Debug\AMA_EOS_Lab_02.a(BUTTON_4.o)
                                0x1f2 (size before relaxing)
 .debug_str     0x00003655       0x57 .\CortexM3\ARM_GCC_541\Debug\AMA_EOS_Lab_02.a(LED_RED.o)
                                0x1ed (size before relaxing)
 .debug_str     0x000036ac       0x63 .\CortexM3\ARM_GCC_541\Debug\AMA_EOS_Lab_02.a(LED_YELLOW.o)
                                0x1fc (size before relaxing)
 .debug_str     0x0000370f       0x5f .\CortexM3\ARM_GCC_541\Debug\AMA_EOS_Lab_02.a(LED_GREEN.o)
                                0x1f7 (size before relaxing)
 .debug_str     0x0000376e       0x5c .\CortexM3\ARM_GCC_541\Debug\AMA_EOS_Lab_02.a(BUTTON_3.o)
                                0x1f2 (size before relaxing)
 .debug_str     0x000037ca      0x352 .\CortexM3\ARM_GCC_541\Debug\AMA_EOS_Lab_02.a(UART_LOG.o)
                                0x57f (size before relaxing)
 .debug_str     0x00003b1c       0x35 .\CortexM3\ARM_GCC_541\Debug\AMA_EOS_Lab_02.a(UART_LOG_INT.o)
                                0x202 (size before relaxing)
 .debug_str     0x00003b51      0x1ab .\CortexM3\ARM_GCC_541\Debug\AMA_EOS_Lab_02.a(UART_LOG_IntClock.o)
                                0x367 (size before relaxing)
 .debug_str     0x00003cfc      0x1cf .\CortexM3\ARM_GCC_541\Debug\AMA_EOS_Lab_02.a(RGB_PWM_red.o)
                                0x3d1 (size before relaxing)
 .debug_str     0x00003ecb      0x1bd .\CortexM3\ARM_GCC_541\Debug\AMA_EOS_Lab_02.a(RGB_PWM_blue.o)
                                0x3e4 (size before relaxing)
 .debug_str     0x00004088      0x1ce .\CortexM3\ARM_GCC_541\Debug\AMA_EOS_Lab_02.a(RGB_PWM_green.o)
                                0x3f7 (size before relaxing)
 .debug_str     0x00004256       0x23 .\CortexM3\ARM_GCC_541\Debug\AMA_EOS_Lab_02.a(PWM_green.o)
                                0x3ab (size before relaxing)
 .debug_str     0x00004279       0x21 .\CortexM3\ARM_GCC_541\Debug\AMA_EOS_Lab_02.a(PWM_red.o)
                                0x385 (size before relaxing)
 .debug_str     0x0000429a      0x19b .\CortexM3\ARM_GCC_541\Debug\AMA_EOS_Lab_02.a(PWM_yellow.o)
                                0x3be (size before relaxing)
 .debug_str     0x00004435       0x6c .\CortexM3\ARM_GCC_541\Debug\AMA_EOS_Lab_02.a(CyFlash.o)
                                0x3c1 (size before relaxing)
 .debug_str     0x000044a1       0x64 .\CortexM3\ARM_GCC_541\Debug\AMA_EOS_Lab_02.a(CySpc.o)
                                0x339 (size before relaxing)
 .debug_str     0x00004505       0x74 .\CortexM3\ARM_GCC_541\Debug\AMA_EOS_Lab_02.a(ErikaOS_1_ee_tnterm.o)
                                0x51b (size before relaxing)
 .debug_str     0x00004579       0x57 .\CortexM3\ARM_GCC_541\Debug\AMA_EOS_Lab_02.a(ErikaOS_1_ee_tstub.o)
                                0x5d6 (size before relaxing)