ARM GAS  C:\Users\agraw\AppData\Local\Temp\cc4JyVxl.s 			page 1


   1              		.syntax unified
   2              		.cpu cortex-m3
   3              		.fpu softvfp
   4              		.eabi_attribute 20, 1
   5              		.eabi_attribute 21, 1
   6              		.eabi_attribute 23, 3
   7              		.eabi_attribute 24, 1
   8              		.eabi_attribute 25, 1
   9              		.eabi_attribute 26, 1
  10              		.eabi_attribute 30, 1
  11              		.eabi_attribute 34, 1
  12              		.eabi_attribute 18, 4
  13              		.thumb
  14              		.syntax unified
  15              		.file	"Cm3Start.c"
  16              		.text
  17              	.Ltext0:
  18              		.cfi_sections	.debug_frame
  19              		.section	.text.IntDefaultHandler,"ax",%progbits
  20              		.align	2
  21              		.global	IntDefaultHandler
  22              		.thumb
  23              		.thumb_func
  24              		.type	IntDefaultHandler, %function
  25              	IntDefaultHandler:
  26              	.LFB0:
  27              		.file 1 "Generated_Source\\PSoC5\\Cm3Start.c"
   1:Generated_Source\PSoC5/Cm3Start.c **** /***************************************************************************//**
   2:Generated_Source\PSoC5/Cm3Start.c **** * \file Cm3Start.c
   3:Generated_Source\PSoC5/Cm3Start.c **** * \version 6.10
   4:Generated_Source\PSoC5/Cm3Start.c **** *
   5:Generated_Source\PSoC5/Cm3Start.c **** *  \brief
   6:Generated_Source\PSoC5/Cm3Start.c **** *  Startup code for the ARM CM3.
   7:Generated_Source\PSoC5/Cm3Start.c **** *
   8:Generated_Source\PSoC5/Cm3Start.c **** ********************************************************************************
   9:Generated_Source\PSoC5/Cm3Start.c **** * \copyright
  10:Generated_Source\PSoC5/Cm3Start.c **** * Copyright 2008-2021, Cypress Semiconductor Corporation. All rights reserved.
  11:Generated_Source\PSoC5/Cm3Start.c **** * You may use this file only in accordance with the license, terms, conditions,
  12:Generated_Source\PSoC5/Cm3Start.c **** * disclaimers, and limitations in the end user license agreement accompanying
  13:Generated_Source\PSoC5/Cm3Start.c **** * the software package with which this file was provided.
  14:Generated_Source\PSoC5/Cm3Start.c **** *******************************************************************************/
  15:Generated_Source\PSoC5/Cm3Start.c **** 
  16:Generated_Source\PSoC5/Cm3Start.c **** #include <limits.h>
  17:Generated_Source\PSoC5/Cm3Start.c **** #include "cydevice_trm.h"
  18:Generated_Source\PSoC5/Cm3Start.c **** #include "cytypes.h"
  19:Generated_Source\PSoC5/Cm3Start.c **** #include "cyfitter_cfg.h"
  20:Generated_Source\PSoC5/Cm3Start.c **** #include "CyLib.h"
  21:Generated_Source\PSoC5/Cm3Start.c **** #include "CyDmac.h"
  22:Generated_Source\PSoC5/Cm3Start.c **** #include "cyfitter.h"
  23:Generated_Source\PSoC5/Cm3Start.c **** 
  24:Generated_Source\PSoC5/Cm3Start.c **** 
  25:Generated_Source\PSoC5/Cm3Start.c **** #define CY_NUM_INTERRUPTS           (32u)
  26:Generated_Source\PSoC5/Cm3Start.c **** #define CY_NUM_VECTORS              (CYINT_IRQ_BASE + CY_NUM_INTERRUPTS)
  27:Generated_Source\PSoC5/Cm3Start.c **** #define CY_NUM_ROM_VECTORS          (4u)
  28:Generated_Source\PSoC5/Cm3Start.c **** #define CY_NVIC_APINT_PTR           ((reg32 *) CYREG_NVIC_APPLN_INTR)
  29:Generated_Source\PSoC5/Cm3Start.c **** #define CY_NVIC_CFG_CTRL_PTR        ((reg32 *) CYREG_NVIC_CFG_CONTROL)
  30:Generated_Source\PSoC5/Cm3Start.c **** #define CY_NVIC_APINT_PRIGROUP_3_5  (0x00000400u)  /* Priority group 3.5 split */
ARM GAS  C:\Users\agraw\AppData\Local\Temp\cc4JyVxl.s 			page 2


  31:Generated_Source\PSoC5/Cm3Start.c **** #define CY_NVIC_APINT_VECTKEY       (0x05FA0000u)  /* This key is required in order to write the NV
  32:Generated_Source\PSoC5/Cm3Start.c **** #define CY_NVIC_CFG_STACKALIGN      (0x00000200u)  /* This specifies that the exception stack must 
  33:Generated_Source\PSoC5/Cm3Start.c **** 
  34:Generated_Source\PSoC5/Cm3Start.c **** #if defined(__ARMCC_VERSION)
  35:Generated_Source\PSoC5/Cm3Start.c ****     #define INITIAL_STACK_POINTER ((cyisraddress)(uint32)&Image$$ARM_LIB_STACK$$ZI$$Limit)
  36:Generated_Source\PSoC5/Cm3Start.c **** #elif defined (__GNUC__)
  37:Generated_Source\PSoC5/Cm3Start.c ****     #define INITIAL_STACK_POINTER (&__cy_stack)
  38:Generated_Source\PSoC5/Cm3Start.c **** #elif defined (__ICCARM__)
  39:Generated_Source\PSoC5/Cm3Start.c ****     #pragma language=extended
  40:Generated_Source\PSoC5/Cm3Start.c ****     #pragma segment="CSTACK"
  41:Generated_Source\PSoC5/Cm3Start.c ****     #define INITIAL_STACK_POINTER  { .__ptr = __sfe( "CSTACK" ) }
  42:Generated_Source\PSoC5/Cm3Start.c **** 
  43:Generated_Source\PSoC5/Cm3Start.c ****     extern void __iar_program_start( void );
  44:Generated_Source\PSoC5/Cm3Start.c ****     extern void __iar_data_init3 (void);
  45:Generated_Source\PSoC5/Cm3Start.c **** #endif  /* (__ARMCC_VERSION) */
  46:Generated_Source\PSoC5/Cm3Start.c **** 
  47:Generated_Source\PSoC5/Cm3Start.c **** #if defined(__GNUC__)
  48:Generated_Source\PSoC5/Cm3Start.c ****     #include <errno.h>
  49:Generated_Source\PSoC5/Cm3Start.c ****     extern int  end;
  50:Generated_Source\PSoC5/Cm3Start.c **** #endif  /* defined(__GNUC__) */
  51:Generated_Source\PSoC5/Cm3Start.c **** 
  52:Generated_Source\PSoC5/Cm3Start.c **** /* Extern functions */
  53:Generated_Source\PSoC5/Cm3Start.c **** extern void CyBtldr_CheckLaunch(void);
  54:Generated_Source\PSoC5/Cm3Start.c **** 
  55:Generated_Source\PSoC5/Cm3Start.c **** /* Function prototypes */
  56:Generated_Source\PSoC5/Cm3Start.c **** void initialize_psoc(void);
  57:Generated_Source\PSoC5/Cm3Start.c **** CY_ISR(IntDefaultHandler);
  58:Generated_Source\PSoC5/Cm3Start.c **** void Reset(void);
  59:Generated_Source\PSoC5/Cm3Start.c **** 
  60:Generated_Source\PSoC5/Cm3Start.c **** /* Global variables */
  61:Generated_Source\PSoC5/Cm3Start.c **** #if !defined (__ICCARM__)
  62:Generated_Source\PSoC5/Cm3Start.c ****     CY_NOINIT static uint32 cySysNoInitDataValid;
  63:Generated_Source\PSoC5/Cm3Start.c **** #endif  /* !defined (__ICCARM__) */
  64:Generated_Source\PSoC5/Cm3Start.c **** 
  65:Generated_Source\PSoC5/Cm3Start.c **** 
  66:Generated_Source\PSoC5/Cm3Start.c **** /*******************************************************************************
  67:Generated_Source\PSoC5/Cm3Start.c **** * Default Ram Interrupt Vector table storage area. Must be 256-byte aligned.
  68:Generated_Source\PSoC5/Cm3Start.c **** *******************************************************************************/
  69:Generated_Source\PSoC5/Cm3Start.c **** #if defined (__ICCARM__)
  70:Generated_Source\PSoC5/Cm3Start.c ****     #pragma location=".ramvectors"
  71:Generated_Source\PSoC5/Cm3Start.c ****     #pragma data_alignment=256
  72:Generated_Source\PSoC5/Cm3Start.c **** #else
  73:Generated_Source\PSoC5/Cm3Start.c ****     CY_SECTION(".ramvectors")
  74:Generated_Source\PSoC5/Cm3Start.c ****     CY_ALIGN(256)
  75:Generated_Source\PSoC5/Cm3Start.c **** #endif  /* defined (__ICCARM__) */
  76:Generated_Source\PSoC5/Cm3Start.c **** cyisraddress CyRamVectors[CY_NUM_VECTORS];
  77:Generated_Source\PSoC5/Cm3Start.c **** 
  78:Generated_Source\PSoC5/Cm3Start.c **** 
  79:Generated_Source\PSoC5/Cm3Start.c **** /*******************************************************************************
  80:Generated_Source\PSoC5/Cm3Start.c **** * Function Name: IntDefaultHandler
  81:Generated_Source\PSoC5/Cm3Start.c **** ****************************************************************************//**
  82:Generated_Source\PSoC5/Cm3Start.c **** *
  83:Generated_Source\PSoC5/Cm3Start.c **** *  This function is called for all interrupts, other than a reset that gets
  84:Generated_Source\PSoC5/Cm3Start.c **** *  called before the system is setup.
  85:Generated_Source\PSoC5/Cm3Start.c **** *
  86:Generated_Source\PSoC5/Cm3Start.c **** * Theory:
  87:Generated_Source\PSoC5/Cm3Start.c **** *  Any value other than zero is acceptable.
ARM GAS  C:\Users\agraw\AppData\Local\Temp\cc4JyVxl.s 			page 3


  88:Generated_Source\PSoC5/Cm3Start.c **** *
  89:Generated_Source\PSoC5/Cm3Start.c **** *******************************************************************************/
  90:Generated_Source\PSoC5/Cm3Start.c **** CY_ISR(IntDefaultHandler)
  91:Generated_Source\PSoC5/Cm3Start.c **** {
  28              		.loc 1 91 0
  29              		.cfi_startproc
  30              		@ Volatile: function does not return.
  31              		@ args = 0, pretend = 0, frame = 0
  32              		@ frame_needed = 0, uses_anonymous_args = 0
  33 0000 08B5     		push	{r3, lr}
  34              		.cfi_def_cfa_offset 8
  35              		.cfi_offset 3, -8
  36              		.cfi_offset 14, -4
  92:Generated_Source\PSoC5/Cm3Start.c ****     /***************************************************************************
  93:Generated_Source\PSoC5/Cm3Start.c ****     * We must not get here. If we do, a serious problem occurs, so go into
  94:Generated_Source\PSoC5/Cm3Start.c ****     * an infinite loop.
  95:Generated_Source\PSoC5/Cm3Start.c ****     ***************************************************************************/
  96:Generated_Source\PSoC5/Cm3Start.c **** 
  97:Generated_Source\PSoC5/Cm3Start.c ****     #if defined(__GNUC__)
  98:Generated_Source\PSoC5/Cm3Start.c ****         if (errno == ENOMEM)
  37              		.loc 1 98 0
  38 0002 FFF7FEFF 		bl	__errno
  39              	.LVL0:
  40 0006 0368     		ldr	r3, [r0]
  41 0008 0C2B     		cmp	r3, #12
  42 000a 00D1     		bne	.L2
  43              	.L3:
  44 000c FEE7     		b	.L3
  45              	.L2:
  46 000e FEE7     		b	.L2
  47              		.cfi_endproc
  48              	.LFE0:
  49              		.size	IntDefaultHandler, .-IntDefaultHandler
  50              		.section	.text._exit,"ax",%progbits
  51              		.align	2
  52              		.weak	_exit
  53              		.thumb
  54              		.thumb_func
  55              		.type	_exit, %function
  56              	_exit:
  57              	.LFB1:
  99:Generated_Source\PSoC5/Cm3Start.c ****         {
 100:Generated_Source\PSoC5/Cm3Start.c ****             #ifdef CY_BOOT_INT_DEFAULT_HANDLER_ENOMEM_EXCEPTION_CALLBACK
 101:Generated_Source\PSoC5/Cm3Start.c ****                 CyBoot_IntDefaultHandler_Enomem_Exception_Callback();
 102:Generated_Source\PSoC5/Cm3Start.c ****             #endif /* CY_BOOT_INT_DEFAULT_HANDLER_ENOMEM_EXCEPTION_CALLBACK */
 103:Generated_Source\PSoC5/Cm3Start.c ****             
 104:Generated_Source\PSoC5/Cm3Start.c ****             while(1)
 105:Generated_Source\PSoC5/Cm3Start.c ****             {
 106:Generated_Source\PSoC5/Cm3Start.c ****                 /* Out Of Heap Space
 107:Generated_Source\PSoC5/Cm3Start.c ****                  * This can be increased in the System tab of the Design Wide Resources.
 108:Generated_Source\PSoC5/Cm3Start.c ****                  */
 109:Generated_Source\PSoC5/Cm3Start.c ****             }
 110:Generated_Source\PSoC5/Cm3Start.c ****         }
 111:Generated_Source\PSoC5/Cm3Start.c ****         else
 112:Generated_Source\PSoC5/Cm3Start.c ****     #endif
 113:Generated_Source\PSoC5/Cm3Start.c ****         {
 114:Generated_Source\PSoC5/Cm3Start.c ****             #ifdef CY_BOOT_INT_DEFAULT_HANDLER_EXCEPTION_ENTRY_CALLBACK
ARM GAS  C:\Users\agraw\AppData\Local\Temp\cc4JyVxl.s 			page 4


 115:Generated_Source\PSoC5/Cm3Start.c ****                 CyBoot_IntDefaultHandler_Exception_EntryCallback();
 116:Generated_Source\PSoC5/Cm3Start.c ****             #endif /* CY_BOOT_INT_DEFAULT_HANDLER_EXCEPTION_ENTRY_CALLBACK */
 117:Generated_Source\PSoC5/Cm3Start.c **** 
 118:Generated_Source\PSoC5/Cm3Start.c ****             while(1)
 119:Generated_Source\PSoC5/Cm3Start.c ****             {
 120:Generated_Source\PSoC5/Cm3Start.c **** 
 121:Generated_Source\PSoC5/Cm3Start.c ****             }
 122:Generated_Source\PSoC5/Cm3Start.c ****         }
 123:Generated_Source\PSoC5/Cm3Start.c **** }
 124:Generated_Source\PSoC5/Cm3Start.c **** 
 125:Generated_Source\PSoC5/Cm3Start.c **** 
 126:Generated_Source\PSoC5/Cm3Start.c **** #if defined(__ARMCC_VERSION)
 127:Generated_Source\PSoC5/Cm3Start.c **** 
 128:Generated_Source\PSoC5/Cm3Start.c **** /* Local function for device reset. */
 129:Generated_Source\PSoC5/Cm3Start.c **** extern void Reset(void);
 130:Generated_Source\PSoC5/Cm3Start.c **** 
 131:Generated_Source\PSoC5/Cm3Start.c **** /* Application entry point. */
 132:Generated_Source\PSoC5/Cm3Start.c **** extern void $Super$$main(void);
 133:Generated_Source\PSoC5/Cm3Start.c **** 
 134:Generated_Source\PSoC5/Cm3Start.c **** /* Linker-generated Stack Base addresses, Two Region and One Region */
 135:Generated_Source\PSoC5/Cm3Start.c **** extern uint32 Image$$ARM_LIB_STACK$$ZI$$Limit;
 136:Generated_Source\PSoC5/Cm3Start.c **** 
 137:Generated_Source\PSoC5/Cm3Start.c **** /* RealView C Library initialization. */
 138:Generated_Source\PSoC5/Cm3Start.c **** extern int __main(void);
 139:Generated_Source\PSoC5/Cm3Start.c **** 
 140:Generated_Source\PSoC5/Cm3Start.c **** 
 141:Generated_Source\PSoC5/Cm3Start.c **** /*******************************************************************************
 142:Generated_Source\PSoC5/Cm3Start.c **** * Function Name: Reset
 143:Generated_Source\PSoC5/Cm3Start.c **** ****************************************************************************//**
 144:Generated_Source\PSoC5/Cm3Start.c **** *
 145:Generated_Source\PSoC5/Cm3Start.c **** *  This function handles the reset interrupt for the RVDS/MDK toolchains.
 146:Generated_Source\PSoC5/Cm3Start.c **** *  This is the first bit of code that is executed at startup.
 147:Generated_Source\PSoC5/Cm3Start.c **** *
 148:Generated_Source\PSoC5/Cm3Start.c **** *******************************************************************************/
 149:Generated_Source\PSoC5/Cm3Start.c **** void Reset(void)
 150:Generated_Source\PSoC5/Cm3Start.c **** {
 151:Generated_Source\PSoC5/Cm3Start.c ****     #if(CYDEV_PROJ_TYPE != CYDEV_PROJ_TYPE_LOADABLE && CYDEV_PROJ_TYPE != CYDEV_PROJ_TYPE_LOADABLEA
 152:Generated_Source\PSoC5/Cm3Start.c **** 
 153:Generated_Source\PSoC5/Cm3Start.c ****         /* For PSoC 5LP, debugging is enabled by default */
 154:Generated_Source\PSoC5/Cm3Start.c ****         #if(CYDEV_DEBUGGING_ENABLE == 0)
 155:Generated_Source\PSoC5/Cm3Start.c ****             *(reg32 *)(CYDEV_DEBUG_ENABLE_REGISTER) |= CYDEV_DEBUG_ENABLE_MASK;
 156:Generated_Source\PSoC5/Cm3Start.c ****         #endif /* (CYDEV_DEBUGGING_ENABLE) */
 157:Generated_Source\PSoC5/Cm3Start.c **** 
 158:Generated_Source\PSoC5/Cm3Start.c ****         /* Reset Status Register has Read-to-clear SW access mode.
 159:Generated_Source\PSoC5/Cm3Start.c ****         * Preserve current RESET_SR0 state to make it available for next reading.
 160:Generated_Source\PSoC5/Cm3Start.c ****         */
 161:Generated_Source\PSoC5/Cm3Start.c ****         *(reg32 *)(CYREG_PHUB_CFGMEM23_CFG1) = *(reg32 *)(CYREG_RESET_SR0);
 162:Generated_Source\PSoC5/Cm3Start.c **** 
 163:Generated_Source\PSoC5/Cm3Start.c ****     #endif  /* (CYDEV_PROJ_TYPE != CYDEV_PROJ_TYPE_LOADABLE && CYDEV_PROJ_TYPE != CYDEV_PROJ_TYPE_L
 164:Generated_Source\PSoC5/Cm3Start.c **** 
 165:Generated_Source\PSoC5/Cm3Start.c ****     #if ((CYDEV_BOOTLOADER_ENABLE) && (CYDEV_PROJ_TYPE != CYDEV_PROJ_TYPE_LOADABLEANDBOOTLOADER))
 166:Generated_Source\PSoC5/Cm3Start.c ****         CyBtldr_CheckLaunch();
 167:Generated_Source\PSoC5/Cm3Start.c ****     #endif /* ((CYDEV_BOOTLOADER_ENABLE) && (CYDEV_PROJ_TYPE != CYDEV_PROJ_TYPE_LOADABLEANDBOOTLOAD
 168:Generated_Source\PSoC5/Cm3Start.c **** 
 169:Generated_Source\PSoC5/Cm3Start.c ****     __main();
 170:Generated_Source\PSoC5/Cm3Start.c **** }
 171:Generated_Source\PSoC5/Cm3Start.c **** 
ARM GAS  C:\Users\agraw\AppData\Local\Temp\cc4JyVxl.s 			page 5


 172:Generated_Source\PSoC5/Cm3Start.c **** 
 173:Generated_Source\PSoC5/Cm3Start.c **** /*******************************************************************************
 174:Generated_Source\PSoC5/Cm3Start.c **** * Function Name: $Sub$$main
 175:Generated_Source\PSoC5/Cm3Start.c **** ****************************************************************************//**
 176:Generated_Source\PSoC5/Cm3Start.c **** *
 177:Generated_Source\PSoC5/Cm3Start.c **** *  This function is called immediately before the users main
 178:Generated_Source\PSoC5/Cm3Start.c **** *
 179:Generated_Source\PSoC5/Cm3Start.c **** *******************************************************************************/
 180:Generated_Source\PSoC5/Cm3Start.c **** void $Sub$$main(void)
 181:Generated_Source\PSoC5/Cm3Start.c **** {
 182:Generated_Source\PSoC5/Cm3Start.c ****     initialize_psoc();
 183:Generated_Source\PSoC5/Cm3Start.c **** 
 184:Generated_Source\PSoC5/Cm3Start.c ****     /* Call original main */
 185:Generated_Source\PSoC5/Cm3Start.c ****     $Super$$main();
 186:Generated_Source\PSoC5/Cm3Start.c **** 
 187:Generated_Source\PSoC5/Cm3Start.c ****     while (1)
 188:Generated_Source\PSoC5/Cm3Start.c ****     {
 189:Generated_Source\PSoC5/Cm3Start.c ****         /* If main returns, it is undefined what we should do. */
 190:Generated_Source\PSoC5/Cm3Start.c ****     }
 191:Generated_Source\PSoC5/Cm3Start.c **** }
 192:Generated_Source\PSoC5/Cm3Start.c **** 
 193:Generated_Source\PSoC5/Cm3Start.c **** #elif defined(__GNUC__)
 194:Generated_Source\PSoC5/Cm3Start.c **** 
 195:Generated_Source\PSoC5/Cm3Start.c **** void Start_c(void);
 196:Generated_Source\PSoC5/Cm3Start.c **** 
 197:Generated_Source\PSoC5/Cm3Start.c **** /* Stack Base address */
 198:Generated_Source\PSoC5/Cm3Start.c **** extern void __cy_stack(void);
 199:Generated_Source\PSoC5/Cm3Start.c **** 
 200:Generated_Source\PSoC5/Cm3Start.c **** /* Application entry point. */
 201:Generated_Source\PSoC5/Cm3Start.c **** extern int main(void);
 202:Generated_Source\PSoC5/Cm3Start.c **** 
 203:Generated_Source\PSoC5/Cm3Start.c **** /* Static objects constructors initializer */
 204:Generated_Source\PSoC5/Cm3Start.c **** extern void __libc_init_array(void);
 205:Generated_Source\PSoC5/Cm3Start.c **** 
 206:Generated_Source\PSoC5/Cm3Start.c **** typedef unsigned char __cy_byte_align8 __attribute ((aligned (8)));
 207:Generated_Source\PSoC5/Cm3Start.c **** 
 208:Generated_Source\PSoC5/Cm3Start.c **** struct __cy_region
 209:Generated_Source\PSoC5/Cm3Start.c **** {
 210:Generated_Source\PSoC5/Cm3Start.c ****     __cy_byte_align8 *init; /* Initial contents of this region.  */
 211:Generated_Source\PSoC5/Cm3Start.c ****     __cy_byte_align8 *data; /* Start address of region.  */
 212:Generated_Source\PSoC5/Cm3Start.c ****     size_t init_size;       /* Size of initial data.  */
 213:Generated_Source\PSoC5/Cm3Start.c ****     size_t zero_size;       /* Additional size to be zeroed.  */
 214:Generated_Source\PSoC5/Cm3Start.c **** };
 215:Generated_Source\PSoC5/Cm3Start.c **** 
 216:Generated_Source\PSoC5/Cm3Start.c **** extern const struct __cy_region __cy_regions[];
 217:Generated_Source\PSoC5/Cm3Start.c **** extern const char __cy_region_num __attribute__((weak));
 218:Generated_Source\PSoC5/Cm3Start.c **** #define __cy_region_num ((size_t)&__cy_region_num)
 219:Generated_Source\PSoC5/Cm3Start.c **** 
 220:Generated_Source\PSoC5/Cm3Start.c **** 
 221:Generated_Source\PSoC5/Cm3Start.c **** /*******************************************************************************
 222:Generated_Source\PSoC5/Cm3Start.c **** * System Calls of the Red Hat newlib C Library
 223:Generated_Source\PSoC5/Cm3Start.c **** *******************************************************************************/
 224:Generated_Source\PSoC5/Cm3Start.c **** 
 225:Generated_Source\PSoC5/Cm3Start.c **** 
 226:Generated_Source\PSoC5/Cm3Start.c **** /*******************************************************************************
 227:Generated_Source\PSoC5/Cm3Start.c **** * Function Name: _exit
 228:Generated_Source\PSoC5/Cm3Start.c **** ****************************************************************************//**
ARM GAS  C:\Users\agraw\AppData\Local\Temp\cc4JyVxl.s 			page 6


 229:Generated_Source\PSoC5/Cm3Start.c **** *
 230:Generated_Source\PSoC5/Cm3Start.c **** *  Exit a program without cleaning up files. If your system doesn't provide
 231:Generated_Source\PSoC5/Cm3Start.c **** *  this, it is best to avoid linking with subroutines that require it (exit,
 232:Generated_Source\PSoC5/Cm3Start.c **** *  system).
 233:Generated_Source\PSoC5/Cm3Start.c **** *
 234:Generated_Source\PSoC5/Cm3Start.c **** *  \param status: Status caused program exit.
 235:Generated_Source\PSoC5/Cm3Start.c **** *
 236:Generated_Source\PSoC5/Cm3Start.c **** *******************************************************************************/
 237:Generated_Source\PSoC5/Cm3Start.c **** __attribute__((weak))
 238:Generated_Source\PSoC5/Cm3Start.c **** void _exit(int status)
 239:Generated_Source\PSoC5/Cm3Start.c **** {
  58              		.loc 1 239 0
  59              		.cfi_startproc
  60              		@ Volatile: function does not return.
  61              		@ args = 0, pretend = 0, frame = 0
  62              		@ frame_needed = 0, uses_anonymous_args = 0
  63              	.LVL1:
  64 0000 08B5     		push	{r3, lr}
  65              		.cfi_def_cfa_offset 8
  66              		.cfi_offset 3, -8
  67              		.cfi_offset 14, -4
 240:Generated_Source\PSoC5/Cm3Start.c ****     CyHalt((uint8) status);
  68              		.loc 1 240 0
  69 0002 C0B2     		uxtb	r0, r0
  70              	.LVL2:
  71 0004 FFF7FEFF 		bl	CyHalt
  72              	.LVL3:
  73              	.L6:
  74 0008 FEE7     		b	.L6
  75              		.cfi_endproc
  76              	.LFE1:
  77              		.size	_exit, .-_exit
  78 000a 00BF     		.section	.text._sbrk,"ax",%progbits
  79              		.align	2
  80              		.weak	_sbrk
  81              		.thumb
  82              		.thumb_func
  83              		.type	_sbrk, %function
  84              	_sbrk:
  85              	.LFB2:
 241:Generated_Source\PSoC5/Cm3Start.c ****     while(1)
 242:Generated_Source\PSoC5/Cm3Start.c ****     {
 243:Generated_Source\PSoC5/Cm3Start.c **** 
 244:Generated_Source\PSoC5/Cm3Start.c ****     }
 245:Generated_Source\PSoC5/Cm3Start.c **** }
 246:Generated_Source\PSoC5/Cm3Start.c **** 
 247:Generated_Source\PSoC5/Cm3Start.c **** 
 248:Generated_Source\PSoC5/Cm3Start.c **** /*******************************************************************************
 249:Generated_Source\PSoC5/Cm3Start.c **** * Function Name: _sbrk
 250:Generated_Source\PSoC5/Cm3Start.c **** ****************************************************************************//**
 251:Generated_Source\PSoC5/Cm3Start.c **** *
 252:Generated_Source\PSoC5/Cm3Start.c **** *  Increase program data space. As malloc and related functions depend on this,
 253:Generated_Source\PSoC5/Cm3Start.c **** *  it is useful to have a working implementation. The following suffices for a
 254:Generated_Source\PSoC5/Cm3Start.c **** *  standalone system; it exploits the symbol end automatically defined by the
 255:Generated_Source\PSoC5/Cm3Start.c **** *  GNU linker.
 256:Generated_Source\PSoC5/Cm3Start.c **** *
 257:Generated_Source\PSoC5/Cm3Start.c **** *  \param nbytes: The number of bytes requested (if the parameter value is positive)
ARM GAS  C:\Users\agraw\AppData\Local\Temp\cc4JyVxl.s 			page 7


 258:Generated_Source\PSoC5/Cm3Start.c **** *  from the heap or returned back to the heap (if the parameter value is
 259:Generated_Source\PSoC5/Cm3Start.c **** *  negative).
 260:Generated_Source\PSoC5/Cm3Start.c **** *
 261:Generated_Source\PSoC5/Cm3Start.c **** *******************************************************************************/
 262:Generated_Source\PSoC5/Cm3Start.c **** __attribute__((weak))
 263:Generated_Source\PSoC5/Cm3Start.c **** void * _sbrk (int nbytes)
 264:Generated_Source\PSoC5/Cm3Start.c **** {
  86              		.loc 1 264 0
  87              		.cfi_startproc
  88              		@ args = 0, pretend = 0, frame = 0
  89              		@ frame_needed = 0, uses_anonymous_args = 0
  90              	.LVL4:
  91 0000 08B5     		push	{r3, lr}
  92              		.cfi_def_cfa_offset 8
  93              		.cfi_offset 3, -8
  94              		.cfi_offset 14, -4
 265:Generated_Source\PSoC5/Cm3Start.c ****     extern int  end;            /* Symbol defined by linker map. Start of free memory (as symbol). 
 266:Generated_Source\PSoC5/Cm3Start.c ****     void *      returnValue;
 267:Generated_Source\PSoC5/Cm3Start.c **** 
 268:Generated_Source\PSoC5/Cm3Start.c ****     /* The statically held previous end of the heap, with its initialization. */
 269:Generated_Source\PSoC5/Cm3Start.c ****     static uint8 *heapPointer = (uint8 *) &end;                 /* Previous end */
 270:Generated_Source\PSoC5/Cm3Start.c **** 
 271:Generated_Source\PSoC5/Cm3Start.c ****     if (((heapPointer + nbytes) - (uint8 *) &end) <= CYDEV_HEAP_SIZE)
  95              		.loc 1 271 0
  96 0002 094B     		ldr	r3, .L12
  97 0004 1A68     		ldr	r2, [r3]
  98 0006 1044     		add	r0, r0, r2
  99              	.LVL5:
 100 0008 084B     		ldr	r3, .L12+4
 101 000a C31A     		subs	r3, r0, r3
 102 000c 802B     		cmp	r3, #128
 103 000e 02DC     		bgt	.L9
 104              	.LVL6:
 272:Generated_Source\PSoC5/Cm3Start.c ****     {
 273:Generated_Source\PSoC5/Cm3Start.c ****         returnValue  = (void *) heapPointer;
 274:Generated_Source\PSoC5/Cm3Start.c ****         heapPointer += nbytes;
 105              		.loc 1 274 0
 106 0010 054B     		ldr	r3, .L12
 107 0012 1860     		str	r0, [r3]
 108 0014 05E0     		b	.L10
 109              	.LVL7:
 110              	.L9:
 275:Generated_Source\PSoC5/Cm3Start.c ****     }
 276:Generated_Source\PSoC5/Cm3Start.c ****     else
 277:Generated_Source\PSoC5/Cm3Start.c ****     {
 278:Generated_Source\PSoC5/Cm3Start.c ****         errno = ENOMEM;
 111              		.loc 1 278 0
 112 0016 FFF7FEFF 		bl	__errno
 113              	.LVL8:
 114 001a 0C23     		movs	r3, #12
 115 001c 0360     		str	r3, [r0]
 116              	.LVL9:
 279:Generated_Source\PSoC5/Cm3Start.c ****         returnValue = (void *) -1;
 117              		.loc 1 279 0
 118 001e 4FF0FF32 		mov	r2, #-1
 119              	.LVL10:
 120              	.L10:
ARM GAS  C:\Users\agraw\AppData\Local\Temp\cc4JyVxl.s 			page 8


 280:Generated_Source\PSoC5/Cm3Start.c ****     }
 281:Generated_Source\PSoC5/Cm3Start.c **** 
 282:Generated_Source\PSoC5/Cm3Start.c ****     return (returnValue);
 283:Generated_Source\PSoC5/Cm3Start.c **** }
 121              		.loc 1 283 0
 122 0022 1046     		mov	r0, r2
 123 0024 08BD     		pop	{r3, pc}
 124              	.L13:
 125 0026 00BF     		.align	2
 126              	.L12:
 127 0028 00000000 		.word	.LANCHOR0
 128 002c 00000000 		.word	end
 129              		.cfi_endproc
 130              	.LFE2:
 131              		.size	_sbrk, .-_sbrk
 132              		.section	.text.Start_c,"ax",%progbits
 133              		.align	2
 134              		.global	Start_c
 135              		.thumb
 136              		.thumb_func
 137              		.type	Start_c, %function
 138              	Start_c:
 139              	.LFB4:
 284:Generated_Source\PSoC5/Cm3Start.c **** 
 285:Generated_Source\PSoC5/Cm3Start.c **** 
 286:Generated_Source\PSoC5/Cm3Start.c **** /*******************************************************************************
 287:Generated_Source\PSoC5/Cm3Start.c **** * Function Name: Reset
 288:Generated_Source\PSoC5/Cm3Start.c **** ****************************************************************************//**
 289:Generated_Source\PSoC5/Cm3Start.c **** *
 290:Generated_Source\PSoC5/Cm3Start.c **** *  This function handles the reset interrupt for the GCC toolchain. This is the
 291:Generated_Source\PSoC5/Cm3Start.c **** *  first bit of code that is executed at startup.
 292:Generated_Source\PSoC5/Cm3Start.c **** *
 293:Generated_Source\PSoC5/Cm3Start.c **** *******************************************************************************/
 294:Generated_Source\PSoC5/Cm3Start.c **** void Reset(void)
 295:Generated_Source\PSoC5/Cm3Start.c **** {
 296:Generated_Source\PSoC5/Cm3Start.c ****     #if(CYDEV_PROJ_TYPE != CYDEV_PROJ_TYPE_LOADABLE && CYDEV_PROJ_TYPE != CYDEV_PROJ_TYPE_LOADABLEA
 297:Generated_Source\PSoC5/Cm3Start.c **** 
 298:Generated_Source\PSoC5/Cm3Start.c ****         /* For PSoC 5LP, debugging is enabled by default */
 299:Generated_Source\PSoC5/Cm3Start.c ****         #if(CYDEV_DEBUGGING_ENABLE == 0)
 300:Generated_Source\PSoC5/Cm3Start.c ****             *(reg32 *)(CYDEV_DEBUG_ENABLE_REGISTER) |= CYDEV_DEBUG_ENABLE_MASK;
 301:Generated_Source\PSoC5/Cm3Start.c ****         #endif /* (CYDEV_DEBUGGING_ENABLE) */
 302:Generated_Source\PSoC5/Cm3Start.c **** 
 303:Generated_Source\PSoC5/Cm3Start.c ****         /* Reset Status Register has Read-to-clear SW access mode.
 304:Generated_Source\PSoC5/Cm3Start.c ****         * Preserve current RESET_SR0 state to make it available for next reading.
 305:Generated_Source\PSoC5/Cm3Start.c ****         */
 306:Generated_Source\PSoC5/Cm3Start.c ****         *(reg32 *)(CYREG_PHUB_CFGMEM23_CFG1) = *(reg32 *)(CYREG_RESET_SR0);
 307:Generated_Source\PSoC5/Cm3Start.c **** 
 308:Generated_Source\PSoC5/Cm3Start.c ****     #endif  /* (CYDEV_PROJ_TYPE != CYDEV_PROJ_TYPE_LOADABLE && CYDEV_PROJ_TYPE != CYDEV_PROJ_TYPE_L
 309:Generated_Source\PSoC5/Cm3Start.c **** 
 310:Generated_Source\PSoC5/Cm3Start.c ****     #if ((CYDEV_BOOTLOADER_ENABLE) && (CYDEV_PROJ_TYPE != CYDEV_PROJ_TYPE_LOADABLEANDBOOTLOADER))
 311:Generated_Source\PSoC5/Cm3Start.c ****         CyBtldr_CheckLaunch();
 312:Generated_Source\PSoC5/Cm3Start.c ****     #endif /* ((CYDEV_BOOTLOADER_ENABLE) && (CYDEV_PROJ_TYPE != CYDEV_PROJ_TYPE_LOADABLEANDBOOTLOAD
 313:Generated_Source\PSoC5/Cm3Start.c **** 
 314:Generated_Source\PSoC5/Cm3Start.c ****     Start_c();
 315:Generated_Source\PSoC5/Cm3Start.c **** }
 316:Generated_Source\PSoC5/Cm3Start.c **** 
 317:Generated_Source\PSoC5/Cm3Start.c **** 
ARM GAS  C:\Users\agraw\AppData\Local\Temp\cc4JyVxl.s 			page 9


 318:Generated_Source\PSoC5/Cm3Start.c **** /*******************************************************************************
 319:Generated_Source\PSoC5/Cm3Start.c **** * Function Name: Start_c
 320:Generated_Source\PSoC5/Cm3Start.c **** ****************************************************************************//**
 321:Generated_Source\PSoC5/Cm3Start.c **** *
 322:Generated_Source\PSoC5/Cm3Start.c **** *  This function handles initializing the .data and .bss sections in
 323:Generated_Source\PSoC5/Cm3Start.c **** *  preparation for running the standard C code.  Once initialization is complete
 324:Generated_Source\PSoC5/Cm3Start.c **** *  it will call main(). This function will never return.
 325:Generated_Source\PSoC5/Cm3Start.c **** *
 326:Generated_Source\PSoC5/Cm3Start.c **** *******************************************************************************/
 327:Generated_Source\PSoC5/Cm3Start.c **** void Start_c(void)  __attribute__ ((noreturn));
 328:Generated_Source\PSoC5/Cm3Start.c **** void Start_c(void)
 329:Generated_Source\PSoC5/Cm3Start.c **** {
 140              		.loc 1 329 0
 141              		.cfi_startproc
 142              		@ Volatile: function does not return.
 143              		@ args = 0, pretend = 0, frame = 0
 144              		@ frame_needed = 0, uses_anonymous_args = 0
 145 0000 08B5     		push	{r3, lr}
 146              		.cfi_def_cfa_offset 8
 147              		.cfi_offset 3, -8
 148              		.cfi_offset 14, -4
 149              	.LVL11:
 330:Generated_Source\PSoC5/Cm3Start.c ****     unsigned regions = __cy_region_num;
 331:Generated_Source\PSoC5/Cm3Start.c ****     const struct __cy_region *rptr = __cy_regions;
 332:Generated_Source\PSoC5/Cm3Start.c **** 
 333:Generated_Source\PSoC5/Cm3Start.c ****     /* Initialize memory */
 334:Generated_Source\PSoC5/Cm3Start.c ****     for (regions = __cy_region_num; regions != 0u; regions--)
 150              		.loc 1 334 0
 151 0002 104E     		ldr	r6, .L23
 331:Generated_Source\PSoC5/Cm3Start.c **** 
 152              		.loc 1 331 0
 153 0004 104D     		ldr	r5, .L23+4
 154              		.loc 1 334 0
 155 0006 16E0     		b	.L15
 156              	.LVL12:
 157              	.L20:
 158              	.LBB2:
 335:Generated_Source\PSoC5/Cm3Start.c ****     {
 336:Generated_Source\PSoC5/Cm3Start.c ****         uint32 *src = (uint32 *)rptr->init;
 159              		.loc 1 336 0
 160 0008 2968     		ldr	r1, [r5]
 161              	.LVL13:
 337:Generated_Source\PSoC5/Cm3Start.c ****         uint32 *dst = (uint32 *)rptr->data;
 162              		.loc 1 337 0
 163 000a 6B68     		ldr	r3, [r5, #4]
 164              	.LVL14:
 338:Generated_Source\PSoC5/Cm3Start.c ****         unsigned limit = rptr->init_size;
 165              		.loc 1 338 0
 166 000c AC68     		ldr	r4, [r5, #8]
 167              	.LVL15:
 339:Generated_Source\PSoC5/Cm3Start.c ****         unsigned count;
 340:Generated_Source\PSoC5/Cm3Start.c **** 
 341:Generated_Source\PSoC5/Cm3Start.c ****         for (count = 0u; count != limit; count += sizeof (uint32))
 168              		.loc 1 341 0
 169 000e 0022     		movs	r2, #0
 170 0010 04E0     		b	.L16
 171              	.LVL16:
ARM GAS  C:\Users\agraw\AppData\Local\Temp\cc4JyVxl.s 			page 10


 172              	.L17:
 342:Generated_Source\PSoC5/Cm3Start.c ****         {
 343:Generated_Source\PSoC5/Cm3Start.c ****             *dst = *src;
 173              		.loc 1 343 0 discriminator 3
 174 0012 51F8040B 		ldr	r0, [r1], #4
 175              	.LVL17:
 176 0016 43F8040B 		str	r0, [r3], #4
 177              	.LVL18:
 341:Generated_Source\PSoC5/Cm3Start.c ****         {
 178              		.loc 1 341 0 discriminator 3
 179 001a 0432     		adds	r2, r2, #4
 180              	.LVL19:
 181              	.L16:
 341:Generated_Source\PSoC5/Cm3Start.c ****         {
 182              		.loc 1 341 0 is_stmt 0 discriminator 1
 183 001c A242     		cmp	r2, r4
 184 001e F8D1     		bne	.L17
 344:Generated_Source\PSoC5/Cm3Start.c ****             dst++;
 345:Generated_Source\PSoC5/Cm3Start.c ****             src++;
 346:Generated_Source\PSoC5/Cm3Start.c ****         }
 347:Generated_Source\PSoC5/Cm3Start.c ****         limit = rptr->zero_size;
 185              		.loc 1 347 0 is_stmt 1
 186 0020 E868     		ldr	r0, [r5, #12]
 187              	.LVL20:
 348:Generated_Source\PSoC5/Cm3Start.c ****         for (count = 0u; count != limit; count += sizeof (uint32))
 188              		.loc 1 348 0
 189 0022 0022     		movs	r2, #0
 190 0024 03E0     		b	.L18
 191              	.LVL21:
 192              	.L19:
 349:Generated_Source\PSoC5/Cm3Start.c ****         {
 350:Generated_Source\PSoC5/Cm3Start.c ****             *dst = 0u;
 193              		.loc 1 350 0 discriminator 3
 194 0026 0021     		movs	r1, #0
 195 0028 43F8041B 		str	r1, [r3], #4
 196              	.LVL22:
 348:Generated_Source\PSoC5/Cm3Start.c ****         for (count = 0u; count != limit; count += sizeof (uint32))
 197              		.loc 1 348 0 discriminator 3
 198 002c 0432     		adds	r2, r2, #4
 199              	.LVL23:
 200              	.L18:
 348:Generated_Source\PSoC5/Cm3Start.c ****         for (count = 0u; count != limit; count += sizeof (uint32))
 201              		.loc 1 348 0 is_stmt 0 discriminator 1
 202 002e 8242     		cmp	r2, r0
 203 0030 F9D1     		bne	.L19
 351:Generated_Source\PSoC5/Cm3Start.c ****             dst++;
 352:Generated_Source\PSoC5/Cm3Start.c ****         }
 353:Generated_Source\PSoC5/Cm3Start.c **** 
 354:Generated_Source\PSoC5/Cm3Start.c ****         rptr++;
 204              		.loc 1 354 0 is_stmt 1 discriminator 2
 205 0032 1035     		adds	r5, r5, #16
 206              	.LVL24:
 207              	.LBE2:
 334:Generated_Source\PSoC5/Cm3Start.c ****     {
 208              		.loc 1 334 0 discriminator 2
 209 0034 013E     		subs	r6, r6, #1
 210              	.LVL25:
ARM GAS  C:\Users\agraw\AppData\Local\Temp\cc4JyVxl.s 			page 11


 211              	.L15:
 334:Generated_Source\PSoC5/Cm3Start.c ****     {
 212              		.loc 1 334 0 is_stmt 0 discriminator 1
 213 0036 002E     		cmp	r6, #0
 214 0038 E6D1     		bne	.L20
 355:Generated_Source\PSoC5/Cm3Start.c ****     }
 356:Generated_Source\PSoC5/Cm3Start.c **** 
 357:Generated_Source\PSoC5/Cm3Start.c ****     /* Invoke static objects constructors */
 358:Generated_Source\PSoC5/Cm3Start.c ****     __libc_init_array();
 215              		.loc 1 358 0 is_stmt 1
 216 003a FFF7FEFF 		bl	__libc_init_array
 217              	.LVL26:
 359:Generated_Source\PSoC5/Cm3Start.c ****     (void) main();
 218              		.loc 1 359 0
 219 003e FFF7FEFF 		bl	main
 220              	.LVL27:
 221              	.L21:
 222 0042 FEE7     		b	.L21
 223              	.L24:
 224              		.align	2
 225              	.L23:
 226 0044 00000000 		.word	__cy_region_num
 227 0048 00000000 		.word	__cy_regions
 228              		.cfi_endproc
 229              	.LFE4:
 230              		.size	Start_c, .-Start_c
 231              		.section	.text.Reset,"ax",%progbits
 232              		.align	2
 233              		.global	Reset
 234              		.thumb
 235              		.thumb_func
 236              		.type	Reset, %function
 237              	Reset:
 238              	.LFB3:
 295:Generated_Source\PSoC5/Cm3Start.c ****     #if(CYDEV_PROJ_TYPE != CYDEV_PROJ_TYPE_LOADABLE && CYDEV_PROJ_TYPE != CYDEV_PROJ_TYPE_LOADABLEA
 239              		.loc 1 295 0
 240              		.cfi_startproc
 241              		@ Volatile: function does not return.
 242              		@ args = 0, pretend = 0, frame = 0
 243              		@ frame_needed = 0, uses_anonymous_args = 0
 244 0000 08B5     		push	{r3, lr}
 245              		.cfi_def_cfa_offset 8
 246              		.cfi_offset 3, -8
 247              		.cfi_offset 14, -4
 300:Generated_Source\PSoC5/Cm3Start.c ****         #endif /* (CYDEV_DEBUGGING_ENABLE) */
 248              		.loc 1 300 0
 249 0002 064A     		ldr	r2, .L27
 250 0004 1368     		ldr	r3, [r2]
 251 0006 43F02003 		orr	r3, r3, #32
 252 000a 1360     		str	r3, [r2]
 306:Generated_Source\PSoC5/Cm3Start.c **** 
 253              		.loc 1 306 0
 254 000c 044B     		ldr	r3, .L27+4
 255 000e 1A68     		ldr	r2, [r3]	@ unaligned
 256 0010 03F53F53 		add	r3, r3, #12224
 257 0014 0233     		adds	r3, r3, #2
 258 0016 1A60     		str	r2, [r3]
ARM GAS  C:\Users\agraw\AppData\Local\Temp\cc4JyVxl.s 			page 12


 314:Generated_Source\PSoC5/Cm3Start.c **** }
 259              		.loc 1 314 0
 260 0018 FFF7FEFF 		bl	Start_c
 261              	.LVL28:
 262              	.L28:
 263              		.align	2
 264              	.L27:
 265 001c E8460040 		.word	1073759976
 266 0020 FA460040 		.word	1073759994
 267              		.cfi_endproc
 268              	.LFE3:
 269              		.size	Reset, .-Reset
 270              		.section	.text.initialize_psoc,"ax",%progbits
 271              		.align	2
 272              		.global	initialize_psoc
 273              		.thumb
 274              		.thumb_func
 275              		.type	initialize_psoc, %function
 276              	initialize_psoc:
 277              	.LFB5:
 360:Generated_Source\PSoC5/Cm3Start.c **** 
 361:Generated_Source\PSoC5/Cm3Start.c ****     while (1)
 362:Generated_Source\PSoC5/Cm3Start.c ****     {
 363:Generated_Source\PSoC5/Cm3Start.c ****         /* If main returns, make sure we don't return. */
 364:Generated_Source\PSoC5/Cm3Start.c ****     }
 365:Generated_Source\PSoC5/Cm3Start.c **** }
 366:Generated_Source\PSoC5/Cm3Start.c **** 
 367:Generated_Source\PSoC5/Cm3Start.c **** 
 368:Generated_Source\PSoC5/Cm3Start.c **** #elif defined (__ICCARM__)
 369:Generated_Source\PSoC5/Cm3Start.c **** 
 370:Generated_Source\PSoC5/Cm3Start.c **** /*******************************************************************************
 371:Generated_Source\PSoC5/Cm3Start.c **** * Function Name: __low_level_init
 372:Generated_Source\PSoC5/Cm3Start.c **** ****************************************************************************//**
 373:Generated_Source\PSoC5/Cm3Start.c **** *
 374:Generated_Source\PSoC5/Cm3Start.c **** *  This function performs early initializations for the IAR Embedded
 375:Generated_Source\PSoC5/Cm3Start.c **** *  Workbench IDE. It is executed in the context of a reset interrupt handler
 376:Generated_Source\PSoC5/Cm3Start.c **** *  before the data sections are initialized.
 377:Generated_Source\PSoC5/Cm3Start.c **** *
 378:Generated_Source\PSoC5/Cm3Start.c **** * \return
 379:Generated_Source\PSoC5/Cm3Start.c **** *  The value that determines whether or not data sections should be initialized
 380:Generated_Source\PSoC5/Cm3Start.c **** *  by the system startup code:
 381:Generated_Source\PSoC5/Cm3Start.c **** *    0 - skip data sections initialization;
 382:Generated_Source\PSoC5/Cm3Start.c **** *    1 - initialize data sections;
 383:Generated_Source\PSoC5/Cm3Start.c **** *
 384:Generated_Source\PSoC5/Cm3Start.c **** *******************************************************************************/
 385:Generated_Source\PSoC5/Cm3Start.c **** int __low_level_init(void)
 386:Generated_Source\PSoC5/Cm3Start.c **** {
 387:Generated_Source\PSoC5/Cm3Start.c ****     #if (CYDEV_PROJ_TYPE != CYDEV_PROJ_TYPE_LOADABLE && CYDEV_PROJ_TYPE != CYDEV_PROJ_TYPE_LOADABLE
 388:Generated_Source\PSoC5/Cm3Start.c **** 
 389:Generated_Source\PSoC5/Cm3Start.c ****         /* For PSoC 5LP, debugging is enabled by default */
 390:Generated_Source\PSoC5/Cm3Start.c ****         #if(CYDEV_DEBUGGING_ENABLE == 0)
 391:Generated_Source\PSoC5/Cm3Start.c ****             *(reg32 *)(CYDEV_DEBUG_ENABLE_REGISTER) |= CYDEV_DEBUG_ENABLE_MASK;
 392:Generated_Source\PSoC5/Cm3Start.c ****         #endif /* (CYDEV_DEBUGGING_ENABLE) */
 393:Generated_Source\PSoC5/Cm3Start.c **** 
 394:Generated_Source\PSoC5/Cm3Start.c ****         /* Reset Status Register has Read-to-clear SW access mode.
 395:Generated_Source\PSoC5/Cm3Start.c ****         * Preserve current RESET_SR0 state to make it available for next reading.
 396:Generated_Source\PSoC5/Cm3Start.c ****         */
ARM GAS  C:\Users\agraw\AppData\Local\Temp\cc4JyVxl.s 			page 13


 397:Generated_Source\PSoC5/Cm3Start.c ****         *(reg32 *)(CYREG_PHUB_CFGMEM23_CFG1) = *(reg32 *)(CYREG_RESET_SR0);
 398:Generated_Source\PSoC5/Cm3Start.c **** 
 399:Generated_Source\PSoC5/Cm3Start.c ****     #endif  /* (CYDEV_PROJ_TYPE != CYDEV_PROJ_TYPE_LOADABLE && CYDEV_PROJ_TYPE != CYDEV_PROJ_TYPE_L
 400:Generated_Source\PSoC5/Cm3Start.c **** 
 401:Generated_Source\PSoC5/Cm3Start.c ****     #if ((CYDEV_BOOTLOADER_ENABLE) && (CYDEV_PROJ_TYPE != CYDEV_PROJ_TYPE_LOADABLEANDBOOTLOADER))
 402:Generated_Source\PSoC5/Cm3Start.c ****         CyBtldr_CheckLaunch();
 403:Generated_Source\PSoC5/Cm3Start.c ****     #endif /* ((CYDEV_BOOTLOADER_ENABLE) && (CYDEV_PROJ_TYPE != CYDEV_PROJ_TYPE_LOADABLEANDBOOTLOAD
 404:Generated_Source\PSoC5/Cm3Start.c **** 
 405:Generated_Source\PSoC5/Cm3Start.c ****     /* Initialize data sections */
 406:Generated_Source\PSoC5/Cm3Start.c ****     __iar_data_init3();
 407:Generated_Source\PSoC5/Cm3Start.c **** 
 408:Generated_Source\PSoC5/Cm3Start.c ****     initialize_psoc();
 409:Generated_Source\PSoC5/Cm3Start.c **** 
 410:Generated_Source\PSoC5/Cm3Start.c ****     return 0;
 411:Generated_Source\PSoC5/Cm3Start.c **** }
 412:Generated_Source\PSoC5/Cm3Start.c **** 
 413:Generated_Source\PSoC5/Cm3Start.c **** #endif /* __GNUC__ */
 414:Generated_Source\PSoC5/Cm3Start.c **** 
 415:Generated_Source\PSoC5/Cm3Start.c **** 
 416:Generated_Source\PSoC5/Cm3Start.c **** /*******************************************************************************
 417:Generated_Source\PSoC5/Cm3Start.c **** *
 418:Generated_Source\PSoC5/Cm3Start.c **** * Default Rom Interrupt Vector table.
 419:Generated_Source\PSoC5/Cm3Start.c **** *
 420:Generated_Source\PSoC5/Cm3Start.c **** *******************************************************************************/
 421:Generated_Source\PSoC5/Cm3Start.c **** #if defined(__ARMCC_VERSION)
 422:Generated_Source\PSoC5/Cm3Start.c ****     /* Suppress diagnostic message 1296-D: extended constant initialiser used */
 423:Generated_Source\PSoC5/Cm3Start.c ****     #pragma diag_suppress 1296
 424:Generated_Source\PSoC5/Cm3Start.c **** #endif  /* defined(__ARMCC_VERSION) */
 425:Generated_Source\PSoC5/Cm3Start.c **** 
 426:Generated_Source\PSoC5/Cm3Start.c **** #if defined (__ICCARM__)
 427:Generated_Source\PSoC5/Cm3Start.c ****     #pragma location=".romvectors"
 428:Generated_Source\PSoC5/Cm3Start.c ****     const intvec_elem __vector_table[CY_NUM_ROM_VECTORS] =
 429:Generated_Source\PSoC5/Cm3Start.c **** #else
 430:Generated_Source\PSoC5/Cm3Start.c ****     CY_SECTION(".romvectors")
 431:Generated_Source\PSoC5/Cm3Start.c ****     const cyisraddress RomVectors[CY_NUM_ROM_VECTORS] =
 432:Generated_Source\PSoC5/Cm3Start.c **** #endif  /* defined (__ICCARM__) */
 433:Generated_Source\PSoC5/Cm3Start.c **** {
 434:Generated_Source\PSoC5/Cm3Start.c ****     INITIAL_STACK_POINTER,   /* Initial stack pointer  0 */
 435:Generated_Source\PSoC5/Cm3Start.c ****     #if defined (__ICCARM__) /* Reset handler          1 */
 436:Generated_Source\PSoC5/Cm3Start.c ****         __iar_program_start,
 437:Generated_Source\PSoC5/Cm3Start.c ****     #else
 438:Generated_Source\PSoC5/Cm3Start.c ****         (cyisraddress)&Reset,
 439:Generated_Source\PSoC5/Cm3Start.c ****     #endif  /* defined (__ICCARM__) */
 440:Generated_Source\PSoC5/Cm3Start.c ****     &IntDefaultHandler,      /* NMI handler            2 */
 441:Generated_Source\PSoC5/Cm3Start.c ****     &IntDefaultHandler,      /* Hard fault handler     3 */
 442:Generated_Source\PSoC5/Cm3Start.c **** };
 443:Generated_Source\PSoC5/Cm3Start.c **** 
 444:Generated_Source\PSoC5/Cm3Start.c **** #if defined(__ARMCC_VERSION)
 445:Generated_Source\PSoC5/Cm3Start.c ****     #pragma diag_default 1296
 446:Generated_Source\PSoC5/Cm3Start.c **** #endif  /* defined(__ARMCC_VERSION) */
 447:Generated_Source\PSoC5/Cm3Start.c **** 
 448:Generated_Source\PSoC5/Cm3Start.c **** 
 449:Generated_Source\PSoC5/Cm3Start.c **** /*******************************************************************************
 450:Generated_Source\PSoC5/Cm3Start.c **** * Function Name: initialize_psoc
 451:Generated_Source\PSoC5/Cm3Start.c **** ****************************************************************************//**
 452:Generated_Source\PSoC5/Cm3Start.c **** *
 453:Generated_Source\PSoC5/Cm3Start.c **** *  This function used to initialize the PSoC chip before calling main.
ARM GAS  C:\Users\agraw\AppData\Local\Temp\cc4JyVxl.s 			page 14


 454:Generated_Source\PSoC5/Cm3Start.c **** *
 455:Generated_Source\PSoC5/Cm3Start.c **** *******************************************************************************/
 456:Generated_Source\PSoC5/Cm3Start.c **** #if (defined(__GNUC__) && !defined(__ARMCC_VERSION))
 457:Generated_Source\PSoC5/Cm3Start.c **** __attribute__ ((constructor(101)))
 458:Generated_Source\PSoC5/Cm3Start.c **** #endif
 459:Generated_Source\PSoC5/Cm3Start.c **** void initialize_psoc(void)
 460:Generated_Source\PSoC5/Cm3Start.c **** {
 278              		.loc 1 460 0
 279              		.cfi_startproc
 280              		@ args = 0, pretend = 0, frame = 0
 281              		@ frame_needed = 0, uses_anonymous_args = 0
 282 0000 08B5     		push	{r3, lr}
 283              		.cfi_def_cfa_offset 8
 284              		.cfi_offset 3, -8
 285              		.cfi_offset 14, -4
 461:Generated_Source\PSoC5/Cm3Start.c ****     uint32 i;
 462:Generated_Source\PSoC5/Cm3Start.c **** 
 463:Generated_Source\PSoC5/Cm3Start.c ****     /* Set Priority group 5. */
 464:Generated_Source\PSoC5/Cm3Start.c **** 
 465:Generated_Source\PSoC5/Cm3Start.c ****     /* Writes to NVIC_APINT register require the VECTKEY in the upper half */
 466:Generated_Source\PSoC5/Cm3Start.c ****     *CY_NVIC_APINT_PTR = CY_NVIC_APINT_VECTKEY | CY_NVIC_APINT_PRIGROUP_3_5;
 286              		.loc 1 466 0
 287 0002 104A     		ldr	r2, .L35
 288 0004 104B     		ldr	r3, .L35+4
 289 0006 1A60     		str	r2, [r3]
 467:Generated_Source\PSoC5/Cm3Start.c ****     *CY_NVIC_CFG_CTRL_PTR |= CY_NVIC_CFG_STACKALIGN;
 290              		.loc 1 467 0
 291 0008 104A     		ldr	r2, .L35+8
 292 000a 1368     		ldr	r3, [r2]
 293 000c 43F40073 		orr	r3, r3, #512
 294 0010 1360     		str	r3, [r2]
 295              	.LVL29:
 468:Generated_Source\PSoC5/Cm3Start.c **** 
 469:Generated_Source\PSoC5/Cm3Start.c ****     /* Set Ram interrupt vectors to default functions. */
 470:Generated_Source\PSoC5/Cm3Start.c ****     for (i = 0u; i < CY_NUM_VECTORS; i++)
 296              		.loc 1 470 0
 297 0012 0023     		movs	r3, #0
 298 0014 0AE0     		b	.L30
 299              	.LVL30:
 300              	.L32:
 471:Generated_Source\PSoC5/Cm3Start.c ****     {
 472:Generated_Source\PSoC5/Cm3Start.c ****         #if defined (__ICCARM__)
 473:Generated_Source\PSoC5/Cm3Start.c ****             CyRamVectors[i] = (i < CY_NUM_ROM_VECTORS) ? __vector_table[i].__fun : &IntDefaultHandl
 474:Generated_Source\PSoC5/Cm3Start.c ****         #else
 475:Generated_Source\PSoC5/Cm3Start.c ****             CyRamVectors[i] = (i < CY_NUM_ROM_VECTORS) ? RomVectors[i] : &IntDefaultHandler;
 301              		.loc 1 475 0
 302 0016 032B     		cmp	r3, #3
 303 0018 03D8     		bhi	.L33
 304              		.loc 1 475 0 is_stmt 0 discriminator 1
 305 001a 0D4A     		ldr	r2, .L35+12
 306 001c 52F82310 		ldr	r1, [r2, r3, lsl #2]
 307 0020 00E0     		b	.L31
 308              	.L33:
 309              		.loc 1 475 0
 310 0022 0C49     		ldr	r1, .L35+16
 311              	.L31:
 312              		.loc 1 475 0 discriminator 4
ARM GAS  C:\Users\agraw\AppData\Local\Temp\cc4JyVxl.s 			page 15


 313 0024 0C4A     		ldr	r2, .L35+20
 314 0026 42F82310 		str	r1, [r2, r3, lsl #2]
 470:Generated_Source\PSoC5/Cm3Start.c ****     {
 315              		.loc 1 470 0 is_stmt 1 discriminator 4
 316 002a 0133     		adds	r3, r3, #1
 317              	.LVL31:
 318              	.L30:
 470:Generated_Source\PSoC5/Cm3Start.c ****     {
 319              		.loc 1 470 0 is_stmt 0 discriminator 2
 320 002c 2F2B     		cmp	r3, #47
 321 002e F2D9     		bls	.L32
 476:Generated_Source\PSoC5/Cm3Start.c ****         #endif  /* defined (__ICCARM__) */
 477:Generated_Source\PSoC5/Cm3Start.c ****     }
 478:Generated_Source\PSoC5/Cm3Start.c **** 
 479:Generated_Source\PSoC5/Cm3Start.c ****     /* Was stored in CFGMEM to avoid being cleared while SRAM gets cleared */
 480:Generated_Source\PSoC5/Cm3Start.c ****     CyResetStatus = CY_GET_REG8(CYREG_PHUB_CFGMEM23_CFG1);
 322              		.loc 1 480 0 is_stmt 1
 323 0030 0A4B     		ldr	r3, .L35+24
 324              	.LVL32:
 325 0032 1A78     		ldrb	r2, [r3]	@ zero_extendqisi2
 326 0034 0A4B     		ldr	r3, .L35+28
 327 0036 1A70     		strb	r2, [r3]
 481:Generated_Source\PSoC5/Cm3Start.c **** 
 482:Generated_Source\PSoC5/Cm3Start.c ****     /* Point NVIC at RAM vector table. */
 483:Generated_Source\PSoC5/Cm3Start.c ****     *CYINT_VECT_TABLE = CyRamVectors;
 328              		.loc 1 483 0
 329 0038 074A     		ldr	r2, .L35+20
 330 003a 0A4B     		ldr	r3, .L35+32
 331 003c 1A60     		str	r2, [r3]
 484:Generated_Source\PSoC5/Cm3Start.c **** 
 485:Generated_Source\PSoC5/Cm3Start.c ****     /* Initialize the configuration registers. */
 486:Generated_Source\PSoC5/Cm3Start.c ****     cyfitter_cfg();
 332              		.loc 1 486 0
 333 003e FFF7FEFF 		bl	cyfitter_cfg
 334              	.LVL33:
 335 0042 08BD     		pop	{r3, pc}
 336              	.L36:
 337              		.align	2
 338              	.L35:
 339 0044 0004FA05 		.word	100271104
 340 0048 0CED00E0 		.word	-536810228
 341 004c 14ED00E0 		.word	-536810220
 342 0050 00000000 		.word	.LANCHOR1
 343 0054 00000000 		.word	IntDefaultHandler
 344 0058 00000000 		.word	.LANCHOR2
 345 005c BC760040 		.word	1073772220
 346 0060 00000000 		.word	CyResetStatus
 347 0064 08ED00E0 		.word	-536810232
 348              		.cfi_endproc
 349              	.LFE5:
 350              		.size	initialize_psoc, .-initialize_psoc
 351              		.section	.init_array,"aw",%init_array
 352              		.align	2
 353 0000 00000000 		.word	initialize_psoc(target1)
 354              		.global	RomVectors
 355              		.global	CyRamVectors
 356              		.section	.romvectors,"a",%progbits
ARM GAS  C:\Users\agraw\AppData\Local\Temp\cc4JyVxl.s 			page 16


 357              		.align	2
 358              		.set	.LANCHOR1,. + 0
 359              		.type	RomVectors, %object
 360              		.size	RomVectors, 16
 361              	RomVectors:
 362 0000 00000000 		.word	__cy_stack
 363 0004 00000000 		.word	Reset
 364 0008 00000000 		.word	IntDefaultHandler
 365 000c 00000000 		.word	IntDefaultHandler
 366              		.data
 367              		.align	2
 368              		.set	.LANCHOR0,. + 0
 369              		.type	heapPointer.5073, %object
 370              		.size	heapPointer.5073, 4
 371              	heapPointer.5073:
 372 0000 00000000 		.word	end
 373              		.section	.ramvectors,"aw",%progbits
 374              		.align	8
 375              		.set	.LANCHOR2,. + 0
 376              		.type	CyRamVectors, %object
 377              		.size	CyRamVectors, 192
 378              	CyRamVectors:
 379 0000 00000000 		.space	192
 379      00000000 
 379      00000000 
 379      00000000 
 379      00000000 
 380              		.weak	__cy_region_num
 381              		.text
 382              	.Letext0:
 383              		.file 2 "c:\\program files (x86)\\cypress\\psoc creator\\4.4\\psoc creator\\import\\gnu\\arm\\5.4.
 384              		.file 3 "Generated_Source\\PSoC5\\cytypes.h"
 385              		.file 4 "Generated_Source\\PSoC5\\CyLib.h"
 386              		.file 5 "c:\\program files (x86)\\cypress\\psoc creator\\4.4\\psoc creator\\import\\gnu\\arm\\5.4.
 387              		.file 6 "Generated_Source\\PSoC5\\cyfitter_cfg.h"
 388              		.section	.debug_info,"",%progbits
 389              	.Ldebug_info0:
 390 0000 B7030000 		.4byte	0x3b7
 391 0004 0400     		.2byte	0x4
 392 0006 00000000 		.4byte	.Ldebug_abbrev0
 393 000a 04       		.byte	0x4
 394 000b 01       		.uleb128 0x1
 395 000c A0000000 		.4byte	.LASF48
 396 0010 0C       		.byte	0xc
 397 0011 7E010000 		.4byte	.LASF49
 398 0015 49020000 		.4byte	.LASF50
 399 0019 00000000 		.4byte	.Ldebug_ranges0+0
 400 001d 00000000 		.4byte	0
 401 0021 00000000 		.4byte	.Ldebug_line0
 402 0025 02       		.uleb128 0x2
 403 0026 01       		.byte	0x1
 404 0027 06       		.byte	0x6
 405 0028 C5020000 		.4byte	.LASF0
 406 002c 02       		.uleb128 0x2
 407 002d 01       		.byte	0x1
 408 002e 08       		.byte	0x8
 409 002f 92000000 		.4byte	.LASF1
ARM GAS  C:\Users\agraw\AppData\Local\Temp\cc4JyVxl.s 			page 17


 410 0033 02       		.uleb128 0x2
 411 0034 02       		.byte	0x2
 412 0035 05       		.byte	0x5
 413 0036 8C020000 		.4byte	.LASF2
 414 003a 02       		.uleb128 0x2
 415 003b 02       		.byte	0x2
 416 003c 07       		.byte	0x7
 417 003d 49000000 		.4byte	.LASF3
 418 0041 02       		.uleb128 0x2
 419 0042 04       		.byte	0x4
 420 0043 05       		.byte	0x5
 421 0044 B0020000 		.4byte	.LASF4
 422 0048 02       		.uleb128 0x2
 423 0049 04       		.byte	0x4
 424 004a 07       		.byte	0x7
 425 004b 39010000 		.4byte	.LASF5
 426 004f 02       		.uleb128 0x2
 427 0050 08       		.byte	0x8
 428 0051 05       		.byte	0x5
 429 0052 36020000 		.4byte	.LASF6
 430 0056 02       		.uleb128 0x2
 431 0057 08       		.byte	0x8
 432 0058 07       		.byte	0x7
 433 0059 E3010000 		.4byte	.LASF7
 434 005d 03       		.uleb128 0x3
 435 005e 04       		.byte	0x4
 436 005f 05       		.byte	0x5
 437 0060 696E7400 		.ascii	"int\000"
 438 0064 02       		.uleb128 0x2
 439 0065 04       		.byte	0x4
 440 0066 07       		.byte	0x7
 441 0067 C9010000 		.4byte	.LASF8
 442 006b 04       		.uleb128 0x4
 443 006c 06000000 		.4byte	.LASF10
 444 0070 02       		.byte	0x2
 445 0071 D8       		.byte	0xd8
 446 0072 64000000 		.4byte	0x64
 447 0076 02       		.uleb128 0x2
 448 0077 08       		.byte	0x8
 449 0078 04       		.byte	0x4
 450 0079 B9020000 		.4byte	.LASF9
 451 007d 05       		.uleb128 0x5
 452 007e 60010000 		.4byte	.LASF11
 453 0082 03       		.byte	0x3
 454 0083 E901     		.2byte	0x1e9
 455 0085 2C000000 		.4byte	0x2c
 456 0089 05       		.uleb128 0x5
 457 008a C2010000 		.4byte	.LASF12
 458 008e 03       		.byte	0x3
 459 008f EB01     		.2byte	0x1eb
 460 0091 48000000 		.4byte	0x48
 461 0095 02       		.uleb128 0x2
 462 0096 04       		.byte	0x4
 463 0097 04       		.byte	0x4
 464 0098 87000000 		.4byte	.LASF13
 465 009c 02       		.uleb128 0x2
 466 009d 08       		.byte	0x8
ARM GAS  C:\Users\agraw\AppData\Local\Temp\cc4JyVxl.s 			page 18


 467 009e 04       		.byte	0x4
 468 009f A6010000 		.4byte	.LASF14
 469 00a3 02       		.uleb128 0x2
 470 00a4 01       		.byte	0x1
 471 00a5 08       		.byte	0x8
 472 00a6 44020000 		.4byte	.LASF15
 473 00aa 05       		.uleb128 0x5
 474 00ab 28020000 		.4byte	.LASF16
 475 00af 03       		.byte	0x3
 476 00b0 9302     		.2byte	0x293
 477 00b2 B6000000 		.4byte	0xb6
 478 00b6 06       		.uleb128 0x6
 479 00b7 7D000000 		.4byte	0x7d
 480 00bb 05       		.uleb128 0x5
 481 00bc 00000000 		.4byte	.LASF17
 482 00c0 03       		.byte	0x3
 483 00c1 9502     		.2byte	0x295
 484 00c3 C7000000 		.4byte	0xc7
 485 00c7 06       		.uleb128 0x6
 486 00c8 89000000 		.4byte	0x89
 487 00cc 05       		.uleb128 0x5
 488 00cd 00020000 		.4byte	.LASF18
 489 00d1 03       		.byte	0x3
 490 00d2 A502     		.2byte	0x2a5
 491 00d4 D8000000 		.4byte	0xd8
 492 00d8 07       		.uleb128 0x7
 493 00d9 04       		.byte	0x4
 494 00da DE000000 		.4byte	0xde
 495 00de 08       		.uleb128 0x8
 496 00df 02       		.uleb128 0x2
 497 00e0 04       		.byte	0x4
 498 00e1 07       		.byte	0x7
 499 00e2 2D020000 		.4byte	.LASF19
 500 00e6 09       		.uleb128 0x9
 501 00e7 04       		.byte	0x4
 502 00e8 0A       		.uleb128 0xa
 503 00e9 A3000000 		.4byte	0xa3
 504 00ed 04       		.uleb128 0x4
 505 00ee 17020000 		.4byte	.LASF20
 506 00f2 01       		.byte	0x1
 507 00f3 CE       		.byte	0xce
 508 00f4 2C000000 		.4byte	0x2c
 509 00f8 0B       		.uleb128 0xb
 510 00f9 FF020000 		.4byte	.LASF51
 511 00fd 10       		.byte	0x10
 512 00fe 01       		.byte	0x1
 513 00ff D0       		.byte	0xd0
 514 0100 35010000 		.4byte	0x135
 515 0104 0C       		.uleb128 0xc
 516 0105 6C000000 		.4byte	.LASF21
 517 0109 01       		.byte	0x1
 518 010a D2       		.byte	0xd2
 519 010b 35010000 		.4byte	0x135
 520 010f 00       		.byte	0
 521 0110 0C       		.uleb128 0xc
 522 0111 8D000000 		.4byte	.LASF22
 523 0115 01       		.byte	0x1
ARM GAS  C:\Users\agraw\AppData\Local\Temp\cc4JyVxl.s 			page 19


 524 0116 D3       		.byte	0xd3
 525 0117 35010000 		.4byte	0x135
 526 011b 04       		.byte	0x4
 527 011c 0C       		.uleb128 0xc
 528 011d 0D020000 		.4byte	.LASF23
 529 0121 01       		.byte	0x1
 530 0122 D4       		.byte	0xd4
 531 0123 6B000000 		.4byte	0x6b
 532 0127 08       		.byte	0x8
 533 0128 0C       		.uleb128 0xc
 534 0129 78000000 		.4byte	.LASF24
 535 012d 01       		.byte	0x1
 536 012e D5       		.byte	0xd5
 537 012f 6B000000 		.4byte	0x6b
 538 0133 0C       		.byte	0xc
 539 0134 00       		.byte	0
 540 0135 07       		.uleb128 0x7
 541 0136 04       		.byte	0x4
 542 0137 ED000000 		.4byte	0xed
 543 013b 0D       		.uleb128 0xd
 544 013c D1020000 		.4byte	.LASF25
 545 0140 01       		.byte	0x1
 546 0141 5A       		.byte	0x5a
 547 0142 00000000 		.4byte	.LFB0
 548 0146 10000000 		.4byte	.LFE0-.LFB0
 549 014a 01       		.uleb128 0x1
 550 014b 9C       		.byte	0x9c
 551 014c 5A010000 		.4byte	0x15a
 552 0150 0E       		.uleb128 0xe
 553 0151 06000000 		.4byte	.LVL0
 554 0155 83030000 		.4byte	0x383
 555 0159 00       		.byte	0
 556 015a 0D       		.uleb128 0xd
 557 015b 78010000 		.4byte	.LASF26
 558 015f 01       		.byte	0x1
 559 0160 EE       		.byte	0xee
 560 0161 00000000 		.4byte	.LFB1
 561 0165 0A000000 		.4byte	.LFE1-.LFB1
 562 0169 01       		.uleb128 0x1
 563 016a 9C       		.byte	0x9c
 564 016b 90010000 		.4byte	0x190
 565 016f 0F       		.uleb128 0xf
 566 0170 71000000 		.4byte	.LASF28
 567 0174 01       		.byte	0x1
 568 0175 EE       		.byte	0xee
 569 0176 5D000000 		.4byte	0x5d
 570 017a 00000000 		.4byte	.LLST0
 571 017e 10       		.uleb128 0x10
 572 017f 08000000 		.4byte	.LVL3
 573 0183 8E030000 		.4byte	0x38e
 574 0187 11       		.uleb128 0x11
 575 0188 01       		.uleb128 0x1
 576 0189 50       		.byte	0x50
 577 018a 03       		.uleb128 0x3
 578 018b F3       		.byte	0xf3
 579 018c 01       		.uleb128 0x1
 580 018d 50       		.byte	0x50
ARM GAS  C:\Users\agraw\AppData\Local\Temp\cc4JyVxl.s 			page 20


 581 018e 00       		.byte	0
 582 018f 00       		.byte	0
 583 0190 12       		.uleb128 0x12
 584 0191 A0010000 		.4byte	.LASF27
 585 0195 01       		.byte	0x1
 586 0196 0701     		.2byte	0x107
 587 0198 E6000000 		.4byte	0xe6
 588 019c 00000000 		.4byte	.LFB2
 589 01a0 30000000 		.4byte	.LFE2-.LFB2
 590 01a4 01       		.uleb128 0x1
 591 01a5 9C       		.byte	0x9c
 592 01a6 F2010000 		.4byte	0x1f2
 593 01aa 13       		.uleb128 0x13
 594 01ab F8020000 		.4byte	.LASF29
 595 01af 01       		.byte	0x1
 596 01b0 0701     		.2byte	0x107
 597 01b2 5D000000 		.4byte	0x5d
 598 01b6 21000000 		.4byte	.LLST1
 599 01ba 14       		.uleb128 0x14
 600 01bb 656E6400 		.ascii	"end\000"
 601 01bf 01       		.byte	0x1
 602 01c0 0901     		.2byte	0x109
 603 01c2 5D000000 		.4byte	0x5d
 604 01c6 15       		.uleb128 0x15
 605 01c7 6C010000 		.4byte	.LASF30
 606 01cb 01       		.byte	0x1
 607 01cc 0A01     		.2byte	0x10a
 608 01ce E6000000 		.4byte	0xe6
 609 01d2 42000000 		.4byte	.LLST2
 610 01d6 16       		.uleb128 0x16
 611 01d7 3D000000 		.4byte	.LASF31
 612 01db 01       		.byte	0x1
 613 01dc 0D01     		.2byte	0x10d
 614 01de F2010000 		.4byte	0x1f2
 615 01e2 05       		.uleb128 0x5
 616 01e3 03       		.byte	0x3
 617 01e4 00000000 		.4byte	heapPointer.5073
 618 01e8 0E       		.uleb128 0xe
 619 01e9 1A000000 		.4byte	.LVL8
 620 01ed 83030000 		.4byte	0x383
 621 01f1 00       		.byte	0
 622 01f2 07       		.uleb128 0x7
 623 01f3 04       		.byte	0x4
 624 01f4 7D000000 		.4byte	0x7d
 625 01f8 17       		.uleb128 0x17
 626 01f9 2F000000 		.4byte	.LASF32
 627 01fd 01       		.byte	0x1
 628 01fe 4801     		.2byte	0x148
 629 0200 00000000 		.4byte	.LFB4
 630 0204 4C000000 		.4byte	.LFE4-.LFB4
 631 0208 01       		.uleb128 0x1
 632 0209 9C       		.byte	0x9c
 633 020a 8F020000 		.4byte	0x28f
 634 020e 15       		.uleb128 0x15
 635 020f F0020000 		.4byte	.LASF33
 636 0213 01       		.byte	0x1
 637 0214 4A01     		.2byte	0x14a
ARM GAS  C:\Users\agraw\AppData\Local\Temp\cc4JyVxl.s 			page 21


 638 0216 64000000 		.4byte	0x64
 639 021a 6D000000 		.4byte	.LLST3
 640 021e 15       		.uleb128 0x15
 641 021f 82000000 		.4byte	.LASF34
 642 0223 01       		.byte	0x1
 643 0224 4B01     		.2byte	0x14b
 644 0226 8F020000 		.4byte	0x28f
 645 022a 80000000 		.4byte	.LLST4
 646 022e 18       		.uleb128 0x18
 647 022f 08000000 		.4byte	.LBB2
 648 0233 2C000000 		.4byte	.LBE2-.LBB2
 649 0237 7C020000 		.4byte	0x27c
 650 023b 19       		.uleb128 0x19
 651 023c 73726300 		.ascii	"src\000"
 652 0240 01       		.byte	0x1
 653 0241 5001     		.2byte	0x150
 654 0243 9A020000 		.4byte	0x29a
 655 0247 93000000 		.4byte	.LLST5
 656 024b 19       		.uleb128 0x19
 657 024c 64737400 		.ascii	"dst\000"
 658 0250 01       		.byte	0x1
 659 0251 5101     		.2byte	0x151
 660 0253 9A020000 		.4byte	0x29a
 661 0257 BE000000 		.4byte	.LLST6
 662 025b 15       		.uleb128 0x15
 663 025c FA010000 		.4byte	.LASF35
 664 0260 01       		.byte	0x1
 665 0261 5201     		.2byte	0x152
 666 0263 64000000 		.4byte	0x64
 667 0267 D1000000 		.4byte	.LLST7
 668 026b 15       		.uleb128 0x15
 669 026c 37000000 		.4byte	.LASF36
 670 0270 01       		.byte	0x1
 671 0271 5301     		.2byte	0x153
 672 0273 64000000 		.4byte	0x64
 673 0277 EF000000 		.4byte	.LLST8
 674 027b 00       		.byte	0
 675 027c 0E       		.uleb128 0xe
 676 027d 3E000000 		.4byte	.LVL26
 677 0281 99030000 		.4byte	0x399
 678 0285 0E       		.uleb128 0xe
 679 0286 42000000 		.4byte	.LVL27
 680 028a A4030000 		.4byte	0x3a4
 681 028e 00       		.byte	0
 682 028f 07       		.uleb128 0x7
 683 0290 04       		.byte	0x4
 684 0291 95020000 		.4byte	0x295
 685 0295 0A       		.uleb128 0xa
 686 0296 F8000000 		.4byte	0xf8
 687 029a 07       		.uleb128 0x7
 688 029b 04       		.byte	0x4
 689 029c 89000000 		.4byte	0x89
 690 02a0 17       		.uleb128 0x17
 691 02a1 66010000 		.4byte	.LASF37
 692 02a5 01       		.byte	0x1
 693 02a6 2601     		.2byte	0x126
 694 02a8 00000000 		.4byte	.LFB3
ARM GAS  C:\Users\agraw\AppData\Local\Temp\cc4JyVxl.s 			page 22


 695 02ac 24000000 		.4byte	.LFE3-.LFB3
 696 02b0 01       		.uleb128 0x1
 697 02b1 9C       		.byte	0x9c
 698 02b2 C0020000 		.4byte	0x2c0
 699 02b6 0E       		.uleb128 0xe
 700 02b7 1C000000 		.4byte	.LVL28
 701 02bb F8010000 		.4byte	0x1f8
 702 02bf 00       		.byte	0
 703 02c0 1A       		.uleb128 0x1a
 704 02c1 B2010000 		.4byte	.LASF52
 705 02c5 01       		.byte	0x1
 706 02c6 CB01     		.2byte	0x1cb
 707 02c8 00000000 		.4byte	.LFB5
 708 02cc 68000000 		.4byte	.LFE5-.LFB5
 709 02d0 01       		.uleb128 0x1
 710 02d1 9C       		.byte	0x9c
 711 02d2 EE020000 		.4byte	0x2ee
 712 02d6 19       		.uleb128 0x19
 713 02d7 6900     		.ascii	"i\000"
 714 02d9 01       		.byte	0x1
 715 02da CD01     		.2byte	0x1cd
 716 02dc 89000000 		.4byte	0x89
 717 02e0 25010000 		.4byte	.LLST9
 718 02e4 0E       		.uleb128 0xe
 719 02e5 42000000 		.4byte	.LVL33
 720 02e9 AF030000 		.4byte	0x3af
 721 02ed 00       		.byte	0
 722 02ee 1B       		.uleb128 0x1b
 723 02ef 4B010000 		.4byte	.LASF53
 724 02f3 01       		.byte	0x1
 725 02f4 3E       		.byte	0x3e
 726 02f5 89000000 		.4byte	0x89
 727 02f9 1C       		.uleb128 0x1c
 728 02fa 21000000 		.4byte	.LASF38
 729 02fe 04       		.byte	0x4
 730 02ff 2C       		.byte	0x2c
 731 0300 7D000000 		.4byte	0x7d
 732 0304 14       		.uleb128 0x14
 733 0305 656E6400 		.ascii	"end\000"
 734 0309 01       		.byte	0x1
 735 030a 0901     		.2byte	0x109
 736 030c 5D000000 		.4byte	0x5d
 737 0310 1D       		.uleb128 0x1d
 738 0311 CC000000 		.4byte	0xcc
 739 0315 20030000 		.4byte	0x320
 740 0319 1E       		.uleb128 0x1e
 741 031a DF000000 		.4byte	0xdf
 742 031e 2F       		.byte	0x2f
 743 031f 00       		.byte	0
 744 0320 1F       		.uleb128 0x1f
 745 0321 14000000 		.4byte	.LASF39
 746 0325 01       		.byte	0x1
 747 0326 4C       		.byte	0x4c
 748 0327 10030000 		.4byte	0x310
 749 032b 05       		.uleb128 0x5
 750 032c 03       		.byte	0x3
 751 032d 00000000 		.4byte	CyRamVectors
ARM GAS  C:\Users\agraw\AppData\Local\Temp\cc4JyVxl.s 			page 23


 752 0331 1D       		.uleb128 0x1d
 753 0332 95020000 		.4byte	0x295
 754 0336 3C030000 		.4byte	0x33c
 755 033a 20       		.uleb128 0x20
 756 033b 00       		.byte	0
 757 033c 1C       		.uleb128 0x1c
 758 033d E3020000 		.4byte	.LASF40
 759 0341 01       		.byte	0x1
 760 0342 D8       		.byte	0xd8
 761 0343 47030000 		.4byte	0x347
 762 0347 0A       		.uleb128 0xa
 763 0348 31030000 		.4byte	0x331
 764 034c 1C       		.uleb128 0x1c
 765 034d 5C000000 		.4byte	.LASF41
 766 0351 01       		.byte	0x1
 767 0352 D9       		.byte	0xd9
 768 0353 E8000000 		.4byte	0xe8
 769 0357 1D       		.uleb128 0x1d
 770 0358 67030000 		.4byte	0x367
 771 035c 67030000 		.4byte	0x367
 772 0360 1E       		.uleb128 0x1e
 773 0361 DF000000 		.4byte	0xdf
 774 0365 03       		.byte	0x3
 775 0366 00       		.byte	0
 776 0367 0A       		.uleb128 0xa
 777 0368 CC000000 		.4byte	0xcc
 778 036c 21       		.uleb128 0x21
 779 036d 2E010000 		.4byte	.LASF42
 780 0371 01       		.byte	0x1
 781 0372 AF01     		.2byte	0x1af
 782 0374 7E030000 		.4byte	0x37e
 783 0378 05       		.uleb128 0x5
 784 0379 03       		.byte	0x3
 785 037a 00000000 		.4byte	RomVectors
 786 037e 0A       		.uleb128 0xa
 787 037f 57030000 		.4byte	0x357
 788 0383 22       		.uleb128 0x22
 789 0384 96020000 		.4byte	.LASF43
 790 0388 96020000 		.4byte	.LASF43
 791 038c 05       		.byte	0x5
 792 038d 0F       		.byte	0xf
 793 038e 22       		.uleb128 0x22
 794 038f 0D000000 		.4byte	.LASF44
 795 0393 0D000000 		.4byte	.LASF44
 796 0397 04       		.byte	0x4
 797 0398 7F       		.byte	0x7f
 798 0399 22       		.uleb128 0x22
 799 039a 9E020000 		.4byte	.LASF45
 800 039e 9E020000 		.4byte	.LASF45
 801 03a2 01       		.byte	0x1
 802 03a3 CC       		.byte	0xcc
 803 03a4 22       		.uleb128 0x22
 804 03a5 AD010000 		.4byte	.LASF46
 805 03a9 AD010000 		.4byte	.LASF46
 806 03ad 01       		.byte	0x1
 807 03ae C9       		.byte	0xc9
 808 03af 22       		.uleb128 0x22
ARM GAS  C:\Users\agraw\AppData\Local\Temp\cc4JyVxl.s 			page 24


 809 03b0 D6010000 		.4byte	.LASF47
 810 03b4 D6010000 		.4byte	.LASF47
 811 03b8 06       		.byte	0x6
 812 03b9 16       		.byte	0x16
 813 03ba 00       		.byte	0
 814              		.section	.debug_abbrev,"",%progbits
 815              	.Ldebug_abbrev0:
 816 0000 01       		.uleb128 0x1
 817 0001 11       		.uleb128 0x11
 818 0002 01       		.byte	0x1
 819 0003 25       		.uleb128 0x25
 820 0004 0E       		.uleb128 0xe
 821 0005 13       		.uleb128 0x13
 822 0006 0B       		.uleb128 0xb
 823 0007 03       		.uleb128 0x3
 824 0008 0E       		.uleb128 0xe
 825 0009 1B       		.uleb128 0x1b
 826 000a 0E       		.uleb128 0xe
 827 000b 55       		.uleb128 0x55
 828 000c 17       		.uleb128 0x17
 829 000d 11       		.uleb128 0x11
 830 000e 01       		.uleb128 0x1
 831 000f 10       		.uleb128 0x10
 832 0010 17       		.uleb128 0x17
 833 0011 00       		.byte	0
 834 0012 00       		.byte	0
 835 0013 02       		.uleb128 0x2
 836 0014 24       		.uleb128 0x24
 837 0015 00       		.byte	0
 838 0016 0B       		.uleb128 0xb
 839 0017 0B       		.uleb128 0xb
 840 0018 3E       		.uleb128 0x3e
 841 0019 0B       		.uleb128 0xb
 842 001a 03       		.uleb128 0x3
 843 001b 0E       		.uleb128 0xe
 844 001c 00       		.byte	0
 845 001d 00       		.byte	0
 846 001e 03       		.uleb128 0x3
 847 001f 24       		.uleb128 0x24
 848 0020 00       		.byte	0
 849 0021 0B       		.uleb128 0xb
 850 0022 0B       		.uleb128 0xb
 851 0023 3E       		.uleb128 0x3e
 852 0024 0B       		.uleb128 0xb
 853 0025 03       		.uleb128 0x3
 854 0026 08       		.uleb128 0x8
 855 0027 00       		.byte	0
 856 0028 00       		.byte	0
 857 0029 04       		.uleb128 0x4
 858 002a 16       		.uleb128 0x16
 859 002b 00       		.byte	0
 860 002c 03       		.uleb128 0x3
 861 002d 0E       		.uleb128 0xe
 862 002e 3A       		.uleb128 0x3a
 863 002f 0B       		.uleb128 0xb
 864 0030 3B       		.uleb128 0x3b
 865 0031 0B       		.uleb128 0xb
ARM GAS  C:\Users\agraw\AppData\Local\Temp\cc4JyVxl.s 			page 25


 866 0032 49       		.uleb128 0x49
 867 0033 13       		.uleb128 0x13
 868 0034 00       		.byte	0
 869 0035 00       		.byte	0
 870 0036 05       		.uleb128 0x5
 871 0037 16       		.uleb128 0x16
 872 0038 00       		.byte	0
 873 0039 03       		.uleb128 0x3
 874 003a 0E       		.uleb128 0xe
 875 003b 3A       		.uleb128 0x3a
 876 003c 0B       		.uleb128 0xb
 877 003d 3B       		.uleb128 0x3b
 878 003e 05       		.uleb128 0x5
 879 003f 49       		.uleb128 0x49
 880 0040 13       		.uleb128 0x13
 881 0041 00       		.byte	0
 882 0042 00       		.byte	0
 883 0043 06       		.uleb128 0x6
 884 0044 35       		.uleb128 0x35
 885 0045 00       		.byte	0
 886 0046 49       		.uleb128 0x49
 887 0047 13       		.uleb128 0x13
 888 0048 00       		.byte	0
 889 0049 00       		.byte	0
 890 004a 07       		.uleb128 0x7
 891 004b 0F       		.uleb128 0xf
 892 004c 00       		.byte	0
 893 004d 0B       		.uleb128 0xb
 894 004e 0B       		.uleb128 0xb
 895 004f 49       		.uleb128 0x49
 896 0050 13       		.uleb128 0x13
 897 0051 00       		.byte	0
 898 0052 00       		.byte	0
 899 0053 08       		.uleb128 0x8
 900 0054 15       		.uleb128 0x15
 901 0055 00       		.byte	0
 902 0056 27       		.uleb128 0x27
 903 0057 19       		.uleb128 0x19
 904 0058 00       		.byte	0
 905 0059 00       		.byte	0
 906 005a 09       		.uleb128 0x9
 907 005b 0F       		.uleb128 0xf
 908 005c 00       		.byte	0
 909 005d 0B       		.uleb128 0xb
 910 005e 0B       		.uleb128 0xb
 911 005f 00       		.byte	0
 912 0060 00       		.byte	0
 913 0061 0A       		.uleb128 0xa
 914 0062 26       		.uleb128 0x26
 915 0063 00       		.byte	0
 916 0064 49       		.uleb128 0x49
 917 0065 13       		.uleb128 0x13
 918 0066 00       		.byte	0
 919 0067 00       		.byte	0
 920 0068 0B       		.uleb128 0xb
 921 0069 13       		.uleb128 0x13
 922 006a 01       		.byte	0x1
ARM GAS  C:\Users\agraw\AppData\Local\Temp\cc4JyVxl.s 			page 26


 923 006b 03       		.uleb128 0x3
 924 006c 0E       		.uleb128 0xe
 925 006d 0B       		.uleb128 0xb
 926 006e 0B       		.uleb128 0xb
 927 006f 3A       		.uleb128 0x3a
 928 0070 0B       		.uleb128 0xb
 929 0071 3B       		.uleb128 0x3b
 930 0072 0B       		.uleb128 0xb
 931 0073 01       		.uleb128 0x1
 932 0074 13       		.uleb128 0x13
 933 0075 00       		.byte	0
 934 0076 00       		.byte	0
 935 0077 0C       		.uleb128 0xc
 936 0078 0D       		.uleb128 0xd
 937 0079 00       		.byte	0
 938 007a 03       		.uleb128 0x3
 939 007b 0E       		.uleb128 0xe
 940 007c 3A       		.uleb128 0x3a
 941 007d 0B       		.uleb128 0xb
 942 007e 3B       		.uleb128 0x3b
 943 007f 0B       		.uleb128 0xb
 944 0080 49       		.uleb128 0x49
 945 0081 13       		.uleb128 0x13
 946 0082 38       		.uleb128 0x38
 947 0083 0B       		.uleb128 0xb
 948 0084 00       		.byte	0
 949 0085 00       		.byte	0
 950 0086 0D       		.uleb128 0xd
 951 0087 2E       		.uleb128 0x2e
 952 0088 01       		.byte	0x1
 953 0089 3F       		.uleb128 0x3f
 954 008a 19       		.uleb128 0x19
 955 008b 03       		.uleb128 0x3
 956 008c 0E       		.uleb128 0xe
 957 008d 3A       		.uleb128 0x3a
 958 008e 0B       		.uleb128 0xb
 959 008f 3B       		.uleb128 0x3b
 960 0090 0B       		.uleb128 0xb
 961 0091 27       		.uleb128 0x27
 962 0092 19       		.uleb128 0x19
 963 0093 8701     		.uleb128 0x87
 964 0095 19       		.uleb128 0x19
 965 0096 11       		.uleb128 0x11
 966 0097 01       		.uleb128 0x1
 967 0098 12       		.uleb128 0x12
 968 0099 06       		.uleb128 0x6
 969 009a 40       		.uleb128 0x40
 970 009b 18       		.uleb128 0x18
 971 009c 9742     		.uleb128 0x2117
 972 009e 19       		.uleb128 0x19
 973 009f 01       		.uleb128 0x1
 974 00a0 13       		.uleb128 0x13
 975 00a1 00       		.byte	0
 976 00a2 00       		.byte	0
 977 00a3 0E       		.uleb128 0xe
 978 00a4 898201   		.uleb128 0x4109
 979 00a7 00       		.byte	0
ARM GAS  C:\Users\agraw\AppData\Local\Temp\cc4JyVxl.s 			page 27


 980 00a8 11       		.uleb128 0x11
 981 00a9 01       		.uleb128 0x1
 982 00aa 31       		.uleb128 0x31
 983 00ab 13       		.uleb128 0x13
 984 00ac 00       		.byte	0
 985 00ad 00       		.byte	0
 986 00ae 0F       		.uleb128 0xf
 987 00af 05       		.uleb128 0x5
 988 00b0 00       		.byte	0
 989 00b1 03       		.uleb128 0x3
 990 00b2 0E       		.uleb128 0xe
 991 00b3 3A       		.uleb128 0x3a
 992 00b4 0B       		.uleb128 0xb
 993 00b5 3B       		.uleb128 0x3b
 994 00b6 0B       		.uleb128 0xb
 995 00b7 49       		.uleb128 0x49
 996 00b8 13       		.uleb128 0x13
 997 00b9 02       		.uleb128 0x2
 998 00ba 17       		.uleb128 0x17
 999 00bb 00       		.byte	0
 1000 00bc 00       		.byte	0
 1001 00bd 10       		.uleb128 0x10
 1002 00be 898201   		.uleb128 0x4109
 1003 00c1 01       		.byte	0x1
 1004 00c2 11       		.uleb128 0x11
 1005 00c3 01       		.uleb128 0x1
 1006 00c4 31       		.uleb128 0x31
 1007 00c5 13       		.uleb128 0x13
 1008 00c6 00       		.byte	0
 1009 00c7 00       		.byte	0
 1010 00c8 11       		.uleb128 0x11
 1011 00c9 8A8201   		.uleb128 0x410a
 1012 00cc 00       		.byte	0
 1013 00cd 02       		.uleb128 0x2
 1014 00ce 18       		.uleb128 0x18
 1015 00cf 9142     		.uleb128 0x2111
 1016 00d1 18       		.uleb128 0x18
 1017 00d2 00       		.byte	0
 1018 00d3 00       		.byte	0
 1019 00d4 12       		.uleb128 0x12
 1020 00d5 2E       		.uleb128 0x2e
 1021 00d6 01       		.byte	0x1
 1022 00d7 3F       		.uleb128 0x3f
 1023 00d8 19       		.uleb128 0x19
 1024 00d9 03       		.uleb128 0x3
 1025 00da 0E       		.uleb128 0xe
 1026 00db 3A       		.uleb128 0x3a
 1027 00dc 0B       		.uleb128 0xb
 1028 00dd 3B       		.uleb128 0x3b
 1029 00de 05       		.uleb128 0x5
 1030 00df 27       		.uleb128 0x27
 1031 00e0 19       		.uleb128 0x19
 1032 00e1 49       		.uleb128 0x49
 1033 00e2 13       		.uleb128 0x13
 1034 00e3 11       		.uleb128 0x11
 1035 00e4 01       		.uleb128 0x1
 1036 00e5 12       		.uleb128 0x12
ARM GAS  C:\Users\agraw\AppData\Local\Temp\cc4JyVxl.s 			page 28


 1037 00e6 06       		.uleb128 0x6
 1038 00e7 40       		.uleb128 0x40
 1039 00e8 18       		.uleb128 0x18
 1040 00e9 9742     		.uleb128 0x2117
 1041 00eb 19       		.uleb128 0x19
 1042 00ec 01       		.uleb128 0x1
 1043 00ed 13       		.uleb128 0x13
 1044 00ee 00       		.byte	0
 1045 00ef 00       		.byte	0
 1046 00f0 13       		.uleb128 0x13
 1047 00f1 05       		.uleb128 0x5
 1048 00f2 00       		.byte	0
 1049 00f3 03       		.uleb128 0x3
 1050 00f4 0E       		.uleb128 0xe
 1051 00f5 3A       		.uleb128 0x3a
 1052 00f6 0B       		.uleb128 0xb
 1053 00f7 3B       		.uleb128 0x3b
 1054 00f8 05       		.uleb128 0x5
 1055 00f9 49       		.uleb128 0x49
 1056 00fa 13       		.uleb128 0x13
 1057 00fb 02       		.uleb128 0x2
 1058 00fc 17       		.uleb128 0x17
 1059 00fd 00       		.byte	0
 1060 00fe 00       		.byte	0
 1061 00ff 14       		.uleb128 0x14
 1062 0100 34       		.uleb128 0x34
 1063 0101 00       		.byte	0
 1064 0102 03       		.uleb128 0x3
 1065 0103 08       		.uleb128 0x8
 1066 0104 3A       		.uleb128 0x3a
 1067 0105 0B       		.uleb128 0xb
 1068 0106 3B       		.uleb128 0x3b
 1069 0107 05       		.uleb128 0x5
 1070 0108 49       		.uleb128 0x49
 1071 0109 13       		.uleb128 0x13
 1072 010a 3F       		.uleb128 0x3f
 1073 010b 19       		.uleb128 0x19
 1074 010c 3C       		.uleb128 0x3c
 1075 010d 19       		.uleb128 0x19
 1076 010e 00       		.byte	0
 1077 010f 00       		.byte	0
 1078 0110 15       		.uleb128 0x15
 1079 0111 34       		.uleb128 0x34
 1080 0112 00       		.byte	0
 1081 0113 03       		.uleb128 0x3
 1082 0114 0E       		.uleb128 0xe
 1083 0115 3A       		.uleb128 0x3a
 1084 0116 0B       		.uleb128 0xb
 1085 0117 3B       		.uleb128 0x3b
 1086 0118 05       		.uleb128 0x5
 1087 0119 49       		.uleb128 0x49
 1088 011a 13       		.uleb128 0x13
 1089 011b 02       		.uleb128 0x2
 1090 011c 17       		.uleb128 0x17
 1091 011d 00       		.byte	0
 1092 011e 00       		.byte	0
 1093 011f 16       		.uleb128 0x16
ARM GAS  C:\Users\agraw\AppData\Local\Temp\cc4JyVxl.s 			page 29


 1094 0120 34       		.uleb128 0x34
 1095 0121 00       		.byte	0
 1096 0122 03       		.uleb128 0x3
 1097 0123 0E       		.uleb128 0xe
 1098 0124 3A       		.uleb128 0x3a
 1099 0125 0B       		.uleb128 0xb
 1100 0126 3B       		.uleb128 0x3b
 1101 0127 05       		.uleb128 0x5
 1102 0128 49       		.uleb128 0x49
 1103 0129 13       		.uleb128 0x13
 1104 012a 02       		.uleb128 0x2
 1105 012b 18       		.uleb128 0x18
 1106 012c 00       		.byte	0
 1107 012d 00       		.byte	0
 1108 012e 17       		.uleb128 0x17
 1109 012f 2E       		.uleb128 0x2e
 1110 0130 01       		.byte	0x1
 1111 0131 3F       		.uleb128 0x3f
 1112 0132 19       		.uleb128 0x19
 1113 0133 03       		.uleb128 0x3
 1114 0134 0E       		.uleb128 0xe
 1115 0135 3A       		.uleb128 0x3a
 1116 0136 0B       		.uleb128 0xb
 1117 0137 3B       		.uleb128 0x3b
 1118 0138 05       		.uleb128 0x5
 1119 0139 27       		.uleb128 0x27
 1120 013a 19       		.uleb128 0x19
 1121 013b 8701     		.uleb128 0x87
 1122 013d 19       		.uleb128 0x19
 1123 013e 11       		.uleb128 0x11
 1124 013f 01       		.uleb128 0x1
 1125 0140 12       		.uleb128 0x12
 1126 0141 06       		.uleb128 0x6
 1127 0142 40       		.uleb128 0x40
 1128 0143 18       		.uleb128 0x18
 1129 0144 9742     		.uleb128 0x2117
 1130 0146 19       		.uleb128 0x19
 1131 0147 01       		.uleb128 0x1
 1132 0148 13       		.uleb128 0x13
 1133 0149 00       		.byte	0
 1134 014a 00       		.byte	0
 1135 014b 18       		.uleb128 0x18
 1136 014c 0B       		.uleb128 0xb
 1137 014d 01       		.byte	0x1
 1138 014e 11       		.uleb128 0x11
 1139 014f 01       		.uleb128 0x1
 1140 0150 12       		.uleb128 0x12
 1141 0151 06       		.uleb128 0x6
 1142 0152 01       		.uleb128 0x1
 1143 0153 13       		.uleb128 0x13
 1144 0154 00       		.byte	0
 1145 0155 00       		.byte	0
 1146 0156 19       		.uleb128 0x19
 1147 0157 34       		.uleb128 0x34
 1148 0158 00       		.byte	0
 1149 0159 03       		.uleb128 0x3
 1150 015a 08       		.uleb128 0x8
ARM GAS  C:\Users\agraw\AppData\Local\Temp\cc4JyVxl.s 			page 30


 1151 015b 3A       		.uleb128 0x3a
 1152 015c 0B       		.uleb128 0xb
 1153 015d 3B       		.uleb128 0x3b
 1154 015e 05       		.uleb128 0x5
 1155 015f 49       		.uleb128 0x49
 1156 0160 13       		.uleb128 0x13
 1157 0161 02       		.uleb128 0x2
 1158 0162 17       		.uleb128 0x17
 1159 0163 00       		.byte	0
 1160 0164 00       		.byte	0
 1161 0165 1A       		.uleb128 0x1a
 1162 0166 2E       		.uleb128 0x2e
 1163 0167 01       		.byte	0x1
 1164 0168 3F       		.uleb128 0x3f
 1165 0169 19       		.uleb128 0x19
 1166 016a 03       		.uleb128 0x3
 1167 016b 0E       		.uleb128 0xe
 1168 016c 3A       		.uleb128 0x3a
 1169 016d 0B       		.uleb128 0xb
 1170 016e 3B       		.uleb128 0x3b
 1171 016f 05       		.uleb128 0x5
 1172 0170 27       		.uleb128 0x27
 1173 0171 19       		.uleb128 0x19
 1174 0172 11       		.uleb128 0x11
 1175 0173 01       		.uleb128 0x1
 1176 0174 12       		.uleb128 0x12
 1177 0175 06       		.uleb128 0x6
 1178 0176 40       		.uleb128 0x40
 1179 0177 18       		.uleb128 0x18
 1180 0178 9742     		.uleb128 0x2117
 1181 017a 19       		.uleb128 0x19
 1182 017b 01       		.uleb128 0x1
 1183 017c 13       		.uleb128 0x13
 1184 017d 00       		.byte	0
 1185 017e 00       		.byte	0
 1186 017f 1B       		.uleb128 0x1b
 1187 0180 34       		.uleb128 0x34
 1188 0181 00       		.byte	0
 1189 0182 03       		.uleb128 0x3
 1190 0183 0E       		.uleb128 0xe
 1191 0184 3A       		.uleb128 0x3a
 1192 0185 0B       		.uleb128 0xb
 1193 0186 3B       		.uleb128 0x3b
 1194 0187 0B       		.uleb128 0xb
 1195 0188 49       		.uleb128 0x49
 1196 0189 13       		.uleb128 0x13
 1197 018a 00       		.byte	0
 1198 018b 00       		.byte	0
 1199 018c 1C       		.uleb128 0x1c
 1200 018d 34       		.uleb128 0x34
 1201 018e 00       		.byte	0
 1202 018f 03       		.uleb128 0x3
 1203 0190 0E       		.uleb128 0xe
 1204 0191 3A       		.uleb128 0x3a
 1205 0192 0B       		.uleb128 0xb
 1206 0193 3B       		.uleb128 0x3b
 1207 0194 0B       		.uleb128 0xb
ARM GAS  C:\Users\agraw\AppData\Local\Temp\cc4JyVxl.s 			page 31


 1208 0195 49       		.uleb128 0x49
 1209 0196 13       		.uleb128 0x13
 1210 0197 3F       		.uleb128 0x3f
 1211 0198 19       		.uleb128 0x19
 1212 0199 3C       		.uleb128 0x3c
 1213 019a 19       		.uleb128 0x19
 1214 019b 00       		.byte	0
 1215 019c 00       		.byte	0
 1216 019d 1D       		.uleb128 0x1d
 1217 019e 01       		.uleb128 0x1
 1218 019f 01       		.byte	0x1
 1219 01a0 49       		.uleb128 0x49
 1220 01a1 13       		.uleb128 0x13
 1221 01a2 01       		.uleb128 0x1
 1222 01a3 13       		.uleb128 0x13
 1223 01a4 00       		.byte	0
 1224 01a5 00       		.byte	0
 1225 01a6 1E       		.uleb128 0x1e
 1226 01a7 21       		.uleb128 0x21
 1227 01a8 00       		.byte	0
 1228 01a9 49       		.uleb128 0x49
 1229 01aa 13       		.uleb128 0x13
 1230 01ab 2F       		.uleb128 0x2f
 1231 01ac 0B       		.uleb128 0xb
 1232 01ad 00       		.byte	0
 1233 01ae 00       		.byte	0
 1234 01af 1F       		.uleb128 0x1f
 1235 01b0 34       		.uleb128 0x34
 1236 01b1 00       		.byte	0
 1237 01b2 03       		.uleb128 0x3
 1238 01b3 0E       		.uleb128 0xe
 1239 01b4 3A       		.uleb128 0x3a
 1240 01b5 0B       		.uleb128 0xb
 1241 01b6 3B       		.uleb128 0x3b
 1242 01b7 0B       		.uleb128 0xb
 1243 01b8 49       		.uleb128 0x49
 1244 01b9 13       		.uleb128 0x13
 1245 01ba 3F       		.uleb128 0x3f
 1246 01bb 19       		.uleb128 0x19
 1247 01bc 02       		.uleb128 0x2
 1248 01bd 18       		.uleb128 0x18
 1249 01be 00       		.byte	0
 1250 01bf 00       		.byte	0
 1251 01c0 20       		.uleb128 0x20
 1252 01c1 21       		.uleb128 0x21
 1253 01c2 00       		.byte	0
 1254 01c3 00       		.byte	0
 1255 01c4 00       		.byte	0
 1256 01c5 21       		.uleb128 0x21
 1257 01c6 34       		.uleb128 0x34
 1258 01c7 00       		.byte	0
 1259 01c8 03       		.uleb128 0x3
 1260 01c9 0E       		.uleb128 0xe
 1261 01ca 3A       		.uleb128 0x3a
 1262 01cb 0B       		.uleb128 0xb
 1263 01cc 3B       		.uleb128 0x3b
 1264 01cd 05       		.uleb128 0x5
ARM GAS  C:\Users\agraw\AppData\Local\Temp\cc4JyVxl.s 			page 32


 1265 01ce 49       		.uleb128 0x49
 1266 01cf 13       		.uleb128 0x13
 1267 01d0 3F       		.uleb128 0x3f
 1268 01d1 19       		.uleb128 0x19
 1269 01d2 02       		.uleb128 0x2
 1270 01d3 18       		.uleb128 0x18
 1271 01d4 00       		.byte	0
 1272 01d5 00       		.byte	0
 1273 01d6 22       		.uleb128 0x22
 1274 01d7 2E       		.uleb128 0x2e
 1275 01d8 00       		.byte	0
 1276 01d9 3F       		.uleb128 0x3f
 1277 01da 19       		.uleb128 0x19
 1278 01db 3C       		.uleb128 0x3c
 1279 01dc 19       		.uleb128 0x19
 1280 01dd 6E       		.uleb128 0x6e
 1281 01de 0E       		.uleb128 0xe
 1282 01df 03       		.uleb128 0x3
 1283 01e0 0E       		.uleb128 0xe
 1284 01e1 3A       		.uleb128 0x3a
 1285 01e2 0B       		.uleb128 0xb
 1286 01e3 3B       		.uleb128 0x3b
 1287 01e4 0B       		.uleb128 0xb
 1288 01e5 00       		.byte	0
 1289 01e6 00       		.byte	0
 1290 01e7 00       		.byte	0
 1291              		.section	.debug_loc,"",%progbits
 1292              	.Ldebug_loc0:
 1293              	.LLST0:
 1294 0000 00000000 		.4byte	.LVL1
 1295 0004 04000000 		.4byte	.LVL2
 1296 0008 0100     		.2byte	0x1
 1297 000a 50       		.byte	0x50
 1298 000b 04000000 		.4byte	.LVL2
 1299 000f 0A000000 		.4byte	.LFE1
 1300 0013 0400     		.2byte	0x4
 1301 0015 F3       		.byte	0xf3
 1302 0016 01       		.uleb128 0x1
 1303 0017 50       		.byte	0x50
 1304 0018 9F       		.byte	0x9f
 1305 0019 00000000 		.4byte	0
 1306 001d 00000000 		.4byte	0
 1307              	.LLST1:
 1308 0021 00000000 		.4byte	.LVL4
 1309 0025 08000000 		.4byte	.LVL5
 1310 0029 0100     		.2byte	0x1
 1311 002b 50       		.byte	0x50
 1312 002c 08000000 		.4byte	.LVL5
 1313 0030 30000000 		.4byte	.LFE2
 1314 0034 0400     		.2byte	0x4
 1315 0036 F3       		.byte	0xf3
 1316 0037 01       		.uleb128 0x1
 1317 0038 50       		.byte	0x50
 1318 0039 9F       		.byte	0x9f
 1319 003a 00000000 		.4byte	0
 1320 003e 00000000 		.4byte	0
 1321              	.LLST2:
ARM GAS  C:\Users\agraw\AppData\Local\Temp\cc4JyVxl.s 			page 33


 1322 0042 10000000 		.4byte	.LVL6
 1323 0046 16000000 		.4byte	.LVL7
 1324 004a 0100     		.2byte	0x1
 1325 004c 52       		.byte	0x52
 1326 004d 1E000000 		.4byte	.LVL9
 1327 0051 22000000 		.4byte	.LVL10
 1328 0055 0300     		.2byte	0x3
 1329 0057 09       		.byte	0x9
 1330 0058 FF       		.byte	0xff
 1331 0059 9F       		.byte	0x9f
 1332 005a 22000000 		.4byte	.LVL10
 1333 005e 30000000 		.4byte	.LFE2
 1334 0062 0100     		.2byte	0x1
 1335 0064 52       		.byte	0x52
 1336 0065 00000000 		.4byte	0
 1337 0069 00000000 		.4byte	0
 1338              	.LLST3:
 1339 006d 08000000 		.4byte	.LVL12
 1340 0071 4C000000 		.4byte	.LFE4
 1341 0075 0100     		.2byte	0x1
 1342 0077 56       		.byte	0x56
 1343 0078 00000000 		.4byte	0
 1344 007c 00000000 		.4byte	0
 1345              	.LLST4:
 1346 0080 08000000 		.4byte	.LVL12
 1347 0084 4C000000 		.4byte	.LFE4
 1348 0088 0100     		.2byte	0x1
 1349 008a 55       		.byte	0x55
 1350 008b 00000000 		.4byte	0
 1351 008f 00000000 		.4byte	0
 1352              	.LLST5:
 1353 0093 0A000000 		.4byte	.LVL13
 1354 0097 16000000 		.4byte	.LVL17
 1355 009b 0100     		.2byte	0x1
 1356 009d 51       		.byte	0x51
 1357 009e 16000000 		.4byte	.LVL17
 1358 00a2 1A000000 		.4byte	.LVL18
 1359 00a6 0300     		.2byte	0x3
 1360 00a8 71       		.byte	0x71
 1361 00a9 7C       		.sleb128 -4
 1362 00aa 9F       		.byte	0x9f
 1363 00ab 1A000000 		.4byte	.LVL18
 1364 00af 26000000 		.4byte	.LVL21
 1365 00b3 0100     		.2byte	0x1
 1366 00b5 51       		.byte	0x51
 1367 00b6 00000000 		.4byte	0
 1368 00ba 00000000 		.4byte	0
 1369              	.LLST6:
 1370 00be 0C000000 		.4byte	.LVL14
 1371 00c2 36000000 		.4byte	.LVL25
 1372 00c6 0100     		.2byte	0x1
 1373 00c8 53       		.byte	0x53
 1374 00c9 00000000 		.4byte	0
 1375 00cd 00000000 		.4byte	0
 1376              	.LLST7:
 1377 00d1 0E000000 		.4byte	.LVL15
 1378 00d5 22000000 		.4byte	.LVL20
ARM GAS  C:\Users\agraw\AppData\Local\Temp\cc4JyVxl.s 			page 34


 1379 00d9 0100     		.2byte	0x1
 1380 00db 54       		.byte	0x54
 1381 00dc 22000000 		.4byte	.LVL20
 1382 00e0 36000000 		.4byte	.LVL25
 1383 00e4 0100     		.2byte	0x1
 1384 00e6 50       		.byte	0x50
 1385 00e7 00000000 		.4byte	0
 1386 00eb 00000000 		.4byte	0
 1387              	.LLST8:
 1388 00ef 0E000000 		.4byte	.LVL15
 1389 00f3 12000000 		.4byte	.LVL16
 1390 00f7 0200     		.2byte	0x2
 1391 00f9 30       		.byte	0x30
 1392 00fa 9F       		.byte	0x9f
 1393 00fb 12000000 		.4byte	.LVL16
 1394 00ff 22000000 		.4byte	.LVL20
 1395 0103 0100     		.2byte	0x1
 1396 0105 52       		.byte	0x52
 1397 0106 22000000 		.4byte	.LVL20
 1398 010a 26000000 		.4byte	.LVL21
 1399 010e 0200     		.2byte	0x2
 1400 0110 30       		.byte	0x30
 1401 0111 9F       		.byte	0x9f
 1402 0112 26000000 		.4byte	.LVL21
 1403 0116 36000000 		.4byte	.LVL25
 1404 011a 0100     		.2byte	0x1
 1405 011c 52       		.byte	0x52
 1406 011d 00000000 		.4byte	0
 1407 0121 00000000 		.4byte	0
 1408              	.LLST9:
 1409 0125 12000000 		.4byte	.LVL29
 1410 0129 16000000 		.4byte	.LVL30
 1411 012d 0200     		.2byte	0x2
 1412 012f 30       		.byte	0x30
 1413 0130 9F       		.byte	0x9f
 1414 0131 16000000 		.4byte	.LVL30
 1415 0135 32000000 		.4byte	.LVL32
 1416 0139 0100     		.2byte	0x1
 1417 013b 53       		.byte	0x53
 1418 013c 00000000 		.4byte	0
 1419 0140 00000000 		.4byte	0
 1420              		.section	.debug_aranges,"",%progbits
 1421 0000 44000000 		.4byte	0x44
 1422 0004 0200     		.2byte	0x2
 1423 0006 00000000 		.4byte	.Ldebug_info0
 1424 000a 04       		.byte	0x4
 1425 000b 00       		.byte	0
 1426 000c 0000     		.2byte	0
 1427 000e 0000     		.2byte	0
 1428 0010 00000000 		.4byte	.LFB0
 1429 0014 10000000 		.4byte	.LFE0-.LFB0
 1430 0018 00000000 		.4byte	.LFB1
 1431 001c 0A000000 		.4byte	.LFE1-.LFB1
 1432 0020 00000000 		.4byte	.LFB2
 1433 0024 30000000 		.4byte	.LFE2-.LFB2
 1434 0028 00000000 		.4byte	.LFB4
 1435 002c 4C000000 		.4byte	.LFE4-.LFB4
ARM GAS  C:\Users\agraw\AppData\Local\Temp\cc4JyVxl.s 			page 35


 1436 0030 00000000 		.4byte	.LFB3
 1437 0034 24000000 		.4byte	.LFE3-.LFB3
 1438 0038 00000000 		.4byte	.LFB5
 1439 003c 68000000 		.4byte	.LFE5-.LFB5
 1440 0040 00000000 		.4byte	0
 1441 0044 00000000 		.4byte	0
 1442              		.section	.debug_ranges,"",%progbits
 1443              	.Ldebug_ranges0:
 1444 0000 00000000 		.4byte	.LFB0
 1445 0004 10000000 		.4byte	.LFE0
 1446 0008 00000000 		.4byte	.LFB1
 1447 000c 0A000000 		.4byte	.LFE1
 1448 0010 00000000 		.4byte	.LFB2
 1449 0014 30000000 		.4byte	.LFE2
 1450 0018 00000000 		.4byte	.LFB4
 1451 001c 4C000000 		.4byte	.LFE4
 1452 0020 00000000 		.4byte	.LFB3
 1453 0024 24000000 		.4byte	.LFE3
 1454 0028 00000000 		.4byte	.LFB5
 1455 002c 68000000 		.4byte	.LFE5
 1456 0030 00000000 		.4byte	0
 1457 0034 00000000 		.4byte	0
 1458              		.section	.debug_line,"",%progbits
 1459              	.Ldebug_line0:
 1460 0000 2F020000 		.section	.debug_str,"MS",%progbits,1
 1460      02005B01 
 1460      00000201 
 1460      FB0E0D00 
 1460      01010101 
 1461              	.LASF17:
 1462 0000 72656733 		.ascii	"reg32\000"
 1462      3200
 1463              	.LASF10:
 1464 0006 73697A65 		.ascii	"size_t\000"
 1464      5F7400
 1465              	.LASF44:
 1466 000d 43794861 		.ascii	"CyHalt\000"
 1466      6C7400
 1467              	.LASF39:
 1468 0014 43795261 		.ascii	"CyRamVectors\000"
 1468      6D566563 
 1468      746F7273 
 1468      00
 1469              	.LASF38:
 1470 0021 43795265 		.ascii	"CyResetStatus\000"
 1470      73657453 
 1470      74617475 
 1470      7300
 1471              	.LASF32:
 1472 002f 53746172 		.ascii	"Start_c\000"
 1472      745F6300 
 1473              	.LASF36:
 1474 0037 636F756E 		.ascii	"count\000"
 1474      7400
 1475              	.LASF31:
 1476 003d 68656170 		.ascii	"heapPointer\000"
 1476      506F696E 
ARM GAS  C:\Users\agraw\AppData\Local\Temp\cc4JyVxl.s 			page 36


 1476      74657200 
 1477              	.LASF3:
 1478 0049 73686F72 		.ascii	"short unsigned int\000"
 1478      7420756E 
 1478      7369676E 
 1478      65642069 
 1478      6E7400
 1479              	.LASF41:
 1480 005c 5F5F6379 		.ascii	"__cy_region_num\000"
 1480      5F726567 
 1480      696F6E5F 
 1480      6E756D00 
 1481              	.LASF21:
 1482 006c 696E6974 		.ascii	"init\000"
 1482      00
 1483              	.LASF28:
 1484 0071 73746174 		.ascii	"status\000"
 1484      757300
 1485              	.LASF24:
 1486 0078 7A65726F 		.ascii	"zero_size\000"
 1486      5F73697A 
 1486      6500
 1487              	.LASF34:
 1488 0082 72707472 		.ascii	"rptr\000"
 1488      00
 1489              	.LASF13:
 1490 0087 666C6F61 		.ascii	"float\000"
 1490      7400
 1491              	.LASF22:
 1492 008d 64617461 		.ascii	"data\000"
 1492      00
 1493              	.LASF1:
 1494 0092 756E7369 		.ascii	"unsigned char\000"
 1494      676E6564 
 1494      20636861 
 1494      7200
 1495              	.LASF48:
 1496 00a0 474E5520 		.ascii	"GNU C11 5.4.1 20160609 (release) [ARM/embedded-5-br"
 1496      43313120 
 1496      352E342E 
 1496      31203230 
 1496      31363036 
 1497 00d3 616E6368 		.ascii	"anch revision 237715] -mcpu=cortex-m3 -mthumb -g -O"
 1497      20726576 
 1497      6973696F 
 1497      6E203233 
 1497      37373135 
 1498 0106 67202D66 		.ascii	"g -ffunction-sections -ffat-lto-objects\000"
 1498      66756E63 
 1498      74696F6E 
 1498      2D736563 
 1498      74696F6E 
 1499              	.LASF42:
 1500 012e 526F6D56 		.ascii	"RomVectors\000"
 1500      6563746F 
 1500      727300
 1501              	.LASF5:
ARM GAS  C:\Users\agraw\AppData\Local\Temp\cc4JyVxl.s 			page 37


 1502 0139 6C6F6E67 		.ascii	"long unsigned int\000"
 1502      20756E73 
 1502      69676E65 
 1502      6420696E 
 1502      7400
 1503              	.LASF53:
 1504 014b 63795379 		.ascii	"cySysNoInitDataValid\000"
 1504      734E6F49 
 1504      6E697444 
 1504      61746156 
 1504      616C6964 
 1505              	.LASF11:
 1506 0160 75696E74 		.ascii	"uint8\000"
 1506      3800
 1507              	.LASF37:
 1508 0166 52657365 		.ascii	"Reset\000"
 1508      7400
 1509              	.LASF30:
 1510 016c 72657475 		.ascii	"returnValue\000"
 1510      726E5661 
 1510      6C756500 
 1511              	.LASF26:
 1512 0178 5F657869 		.ascii	"_exit\000"
 1512      7400
 1513              	.LASF49:
 1514 017e 47656E65 		.ascii	"Generated_Source\\PSoC5\\Cm3Start.c\000"
 1514      72617465 
 1514      645F536F 
 1514      75726365 
 1514      5C50536F 
 1515              	.LASF27:
 1516 01a0 5F736272 		.ascii	"_sbrk\000"
 1516      6B00
 1517              	.LASF14:
 1518 01a6 646F7562 		.ascii	"double\000"
 1518      6C6500
 1519              	.LASF46:
 1520 01ad 6D61696E 		.ascii	"main\000"
 1520      00
 1521              	.LASF52:
 1522 01b2 696E6974 		.ascii	"initialize_psoc\000"
 1522      69616C69 
 1522      7A655F70 
 1522      736F6300 
 1523              	.LASF12:
 1524 01c2 75696E74 		.ascii	"uint32\000"
 1524      333200
 1525              	.LASF8:
 1526 01c9 756E7369 		.ascii	"unsigned int\000"
 1526      676E6564 
 1526      20696E74 
 1526      00
 1527              	.LASF47:
 1528 01d6 63796669 		.ascii	"cyfitter_cfg\000"
 1528      74746572 
 1528      5F636667 
 1528      00
ARM GAS  C:\Users\agraw\AppData\Local\Temp\cc4JyVxl.s 			page 38


 1529              	.LASF7:
 1530 01e3 6C6F6E67 		.ascii	"long long unsigned int\000"
 1530      206C6F6E 
 1530      6720756E 
 1530      7369676E 
 1530      65642069 
 1531              	.LASF35:
 1532 01fa 6C696D69 		.ascii	"limit\000"
 1532      7400
 1533              	.LASF18:
 1534 0200 63796973 		.ascii	"cyisraddress\000"
 1534      72616464 
 1534      72657373 
 1534      00
 1535              	.LASF23:
 1536 020d 696E6974 		.ascii	"init_size\000"
 1536      5F73697A 
 1536      6500
 1537              	.LASF20:
 1538 0217 5F5F6379 		.ascii	"__cy_byte_align8\000"
 1538      5F627974 
 1538      655F616C 
 1538      69676E38 
 1538      00
 1539              	.LASF16:
 1540 0228 72656738 		.ascii	"reg8\000"
 1540      00
 1541              	.LASF19:
 1542 022d 73697A65 		.ascii	"sizetype\000"
 1542      74797065 
 1542      00
 1543              	.LASF6:
 1544 0236 6C6F6E67 		.ascii	"long long int\000"
 1544      206C6F6E 
 1544      6720696E 
 1544      7400
 1545              	.LASF15:
 1546 0244 63686172 		.ascii	"char\000"
 1546      00
 1547              	.LASF50:
 1548 0249 443A5C45 		.ascii	"D:\\Embedded\\Assignment02\\Lab02\\AMA_EOS_Lab_02\\"
 1548      6D626564 
 1548      6465645C 
 1548      41737369 
 1548      676E6D65 
 1549 0277 414D415F 		.ascii	"AMA_EOS_Lab_02.cydsn\000"
 1549      454F535F 
 1549      4C61625F 
 1549      30322E63 
 1549      7964736E 
 1550              	.LASF2:
 1551 028c 73686F72 		.ascii	"short int\000"
 1551      7420696E 
 1551      7400
 1552              	.LASF43:
 1553 0296 5F5F6572 		.ascii	"__errno\000"
 1553      726E6F00 
ARM GAS  C:\Users\agraw\AppData\Local\Temp\cc4JyVxl.s 			page 39


 1554              	.LASF45:
 1555 029e 5F5F6C69 		.ascii	"__libc_init_array\000"
 1555      62635F69 
 1555      6E69745F 
 1555      61727261 
 1555      7900
 1556              	.LASF4:
 1557 02b0 6C6F6E67 		.ascii	"long int\000"
 1557      20696E74 
 1557      00
 1558              	.LASF9:
 1559 02b9 6C6F6E67 		.ascii	"long double\000"
 1559      20646F75 
 1559      626C6500 
 1560              	.LASF0:
 1561 02c5 7369676E 		.ascii	"signed char\000"
 1561      65642063 
 1561      68617200 
 1562              	.LASF25:
 1563 02d1 496E7444 		.ascii	"IntDefaultHandler\000"
 1563      65666175 
 1563      6C744861 
 1563      6E646C65 
 1563      7200
 1564              	.LASF40:
 1565 02e3 5F5F6379 		.ascii	"__cy_regions\000"
 1565      5F726567 
 1565      696F6E73 
 1565      00
 1566              	.LASF33:
 1567 02f0 72656769 		.ascii	"regions\000"
 1567      6F6E7300 
 1568              	.LASF29:
 1569 02f8 6E627974 		.ascii	"nbytes\000"
 1569      657300
 1570              	.LASF51:
 1571 02ff 5F5F6379 		.ascii	"__cy_region\000"
 1571      5F726567 
 1571      696F6E00 
 1572              		.ident	"GCC: (GNU Tools for ARM Embedded Processors) 5.4.1 20160609 (release) [ARM/embedded-5-bran
