ARM GAS  C:\Users\agraw\AppData\Local\Temp\ccO8aZwd.s 			page 1


   1              		.syntax unified
   2              		.cpu cortex-m3
   3              		.fpu softvfp
   4              		.eabi_attribute 20, 1
   5              		.eabi_attribute 21, 1
   6              		.eabi_attribute 23, 3
   7              		.eabi_attribute 24, 1
   8              		.eabi_attribute 25, 1
   9              		.eabi_attribute 26, 1
  10              		.eabi_attribute 30, 6
  11              		.eabi_attribute 34, 1
  12              		.eabi_attribute 18, 4
  13              		.thumb
  14              		.syntax unified
  15              		.file	"Cm3Start.c"
  16              		.text
  17              	.Ltext0:
  18              		.cfi_sections	.debug_frame
  19              		.section	.noinit,"aw",%progbits
  20              		.align	2
  21              		.type	cySysNoInitDataValid, %object
  22              		.size	cySysNoInitDataValid, 4
  23              	cySysNoInitDataValid:
  24 0000 00000000 		.space	4
  25              		.global	CyRamVectors
  26              		.section	.ramvectors,"aw",%progbits
  27              		.align	8
  28              		.type	CyRamVectors, %object
  29              		.size	CyRamVectors, 192
  30              	CyRamVectors:
  31 0000 00000000 		.space	192
  31      00000000 
  31      00000000 
  31      00000000 
  31      00000000 
  32              		.section	.text.IntDefaultHandler,"ax",%progbits
  33              		.align	2
  34              		.global	IntDefaultHandler
  35              		.thumb
  36              		.thumb_func
  37              		.type	IntDefaultHandler, %function
  38              	IntDefaultHandler:
  39              	.LFB0:
  40              		.file 1 "Generated_Source\\PSoC5\\Cm3Start.c"
   1:Generated_Source\PSoC5/Cm3Start.c **** /***************************************************************************//**
   2:Generated_Source\PSoC5/Cm3Start.c **** * \file Cm3Start.c
   3:Generated_Source\PSoC5/Cm3Start.c **** * \version 6.0
   4:Generated_Source\PSoC5/Cm3Start.c **** *
   5:Generated_Source\PSoC5/Cm3Start.c **** *  \brief
   6:Generated_Source\PSoC5/Cm3Start.c **** *  Startup code for the ARM CM3.
   7:Generated_Source\PSoC5/Cm3Start.c **** *
   8:Generated_Source\PSoC5/Cm3Start.c **** ********************************************************************************
   9:Generated_Source\PSoC5/Cm3Start.c **** * \copyright
  10:Generated_Source\PSoC5/Cm3Start.c **** * Copyright 2008-2018, Cypress Semiconductor Corporation. All rights reserved.
  11:Generated_Source\PSoC5/Cm3Start.c **** * You may use this file only in accordance with the license, terms, conditions,
  12:Generated_Source\PSoC5/Cm3Start.c **** * disclaimers, and limitations in the end user license agreement accompanying
  13:Generated_Source\PSoC5/Cm3Start.c **** * the software package with which this file was provided.
ARM GAS  C:\Users\agraw\AppData\Local\Temp\ccO8aZwd.s 			page 2


  14:Generated_Source\PSoC5/Cm3Start.c **** *******************************************************************************/
  15:Generated_Source\PSoC5/Cm3Start.c **** 
  16:Generated_Source\PSoC5/Cm3Start.c **** #include <limits.h>
  17:Generated_Source\PSoC5/Cm3Start.c **** #include "cydevice_trm.h"
  18:Generated_Source\PSoC5/Cm3Start.c **** #include "cytypes.h"
  19:Generated_Source\PSoC5/Cm3Start.c **** #include "cyfitter_cfg.h"
  20:Generated_Source\PSoC5/Cm3Start.c **** #include "CyLib.h"
  21:Generated_Source\PSoC5/Cm3Start.c **** #include "CyDmac.h"
  22:Generated_Source\PSoC5/Cm3Start.c **** #include "cyfitter.h"
  23:Generated_Source\PSoC5/Cm3Start.c **** #include "cyapicallbacks.h"
  24:Generated_Source\PSoC5/Cm3Start.c **** 
  25:Generated_Source\PSoC5/Cm3Start.c **** #define CY_NUM_INTERRUPTS           (32u)
  26:Generated_Source\PSoC5/Cm3Start.c **** #define CY_NUM_VECTORS              (CYINT_IRQ_BASE + CY_NUM_INTERRUPTS)
  27:Generated_Source\PSoC5/Cm3Start.c **** #define CY_NUM_ROM_VECTORS          (4u)
  28:Generated_Source\PSoC5/Cm3Start.c **** #define CY_NVIC_APINT_PTR           ((reg32 *) CYREG_NVIC_APPLN_INTR)
  29:Generated_Source\PSoC5/Cm3Start.c **** #define CY_NVIC_CFG_CTRL_PTR        ((reg32 *) CYREG_NVIC_CFG_CONTROL)
  30:Generated_Source\PSoC5/Cm3Start.c **** #define CY_NVIC_APINT_PRIGROUP_3_5  (0x00000400u)  /* Priority group 3.5 split */
  31:Generated_Source\PSoC5/Cm3Start.c **** #define CY_NVIC_APINT_VECTKEY       (0x05FA0000u)  /* This key is required in order to write the NV
  32:Generated_Source\PSoC5/Cm3Start.c **** #define CY_NVIC_CFG_STACKALIGN      (0x00000200u)  /* This specifies that the exception stack must 
  33:Generated_Source\PSoC5/Cm3Start.c **** 
  34:Generated_Source\PSoC5/Cm3Start.c **** #if defined(__ARMCC_VERSION)
  35:Generated_Source\PSoC5/Cm3Start.c ****     #define INITIAL_STACK_POINTER ((cyisraddress)(uint32)&Image$$ARM_LIB_STACK$$ZI$$Limit)
  36:Generated_Source\PSoC5/Cm3Start.c **** #elif defined (__GNUC__)
  37:Generated_Source\PSoC5/Cm3Start.c ****     #define INITIAL_STACK_POINTER (&__cy_stack)
  38:Generated_Source\PSoC5/Cm3Start.c **** #elif defined (__ICCARM__)
  39:Generated_Source\PSoC5/Cm3Start.c ****     #pragma language=extended
  40:Generated_Source\PSoC5/Cm3Start.c ****     #pragma segment="CSTACK"
  41:Generated_Source\PSoC5/Cm3Start.c ****     #define INITIAL_STACK_POINTER  { .__ptr = __sfe( "CSTACK" ) }
  42:Generated_Source\PSoC5/Cm3Start.c **** 
  43:Generated_Source\PSoC5/Cm3Start.c ****     extern void __iar_program_start( void );
  44:Generated_Source\PSoC5/Cm3Start.c ****     extern void __iar_data_init3 (void);
  45:Generated_Source\PSoC5/Cm3Start.c **** #endif  /* (__ARMCC_VERSION) */
  46:Generated_Source\PSoC5/Cm3Start.c **** 
  47:Generated_Source\PSoC5/Cm3Start.c **** #if defined(__GNUC__)
  48:Generated_Source\PSoC5/Cm3Start.c ****     #include <errno.h>
  49:Generated_Source\PSoC5/Cm3Start.c ****     extern int  end;
  50:Generated_Source\PSoC5/Cm3Start.c **** #endif  /* defined(__GNUC__) */
  51:Generated_Source\PSoC5/Cm3Start.c **** 
  52:Generated_Source\PSoC5/Cm3Start.c **** /* Extern functions */
  53:Generated_Source\PSoC5/Cm3Start.c **** extern void CyBtldr_CheckLaunch(void);
  54:Generated_Source\PSoC5/Cm3Start.c **** 
  55:Generated_Source\PSoC5/Cm3Start.c **** /* Function prototypes */
  56:Generated_Source\PSoC5/Cm3Start.c **** void initialize_psoc(void);
  57:Generated_Source\PSoC5/Cm3Start.c **** CY_ISR(IntDefaultHandler);
  58:Generated_Source\PSoC5/Cm3Start.c **** void Reset(void);
  59:Generated_Source\PSoC5/Cm3Start.c **** 
  60:Generated_Source\PSoC5/Cm3Start.c **** /* Global variables */
  61:Generated_Source\PSoC5/Cm3Start.c **** #if !defined (__ICCARM__)
  62:Generated_Source\PSoC5/Cm3Start.c ****     CY_NOINIT static uint32 cySysNoInitDataValid;
  63:Generated_Source\PSoC5/Cm3Start.c **** #endif  /* !defined (__ICCARM__) */
  64:Generated_Source\PSoC5/Cm3Start.c **** 
  65:Generated_Source\PSoC5/Cm3Start.c **** 
  66:Generated_Source\PSoC5/Cm3Start.c **** /*******************************************************************************
  67:Generated_Source\PSoC5/Cm3Start.c **** * Default Ram Interrupt Vector table storage area. Must be 256-byte aligned.
  68:Generated_Source\PSoC5/Cm3Start.c **** *******************************************************************************/
  69:Generated_Source\PSoC5/Cm3Start.c **** #if defined (__ICCARM__)
  70:Generated_Source\PSoC5/Cm3Start.c ****     #pragma location=".ramvectors"
ARM GAS  C:\Users\agraw\AppData\Local\Temp\ccO8aZwd.s 			page 3


  71:Generated_Source\PSoC5/Cm3Start.c ****     #pragma data_alignment=256
  72:Generated_Source\PSoC5/Cm3Start.c **** #else
  73:Generated_Source\PSoC5/Cm3Start.c ****     CY_SECTION(".ramvectors")
  74:Generated_Source\PSoC5/Cm3Start.c ****     CY_ALIGN(256)
  75:Generated_Source\PSoC5/Cm3Start.c **** #endif  /* defined (__ICCARM__) */
  76:Generated_Source\PSoC5/Cm3Start.c **** cyisraddress CyRamVectors[CY_NUM_VECTORS];
  77:Generated_Source\PSoC5/Cm3Start.c **** 
  78:Generated_Source\PSoC5/Cm3Start.c **** 
  79:Generated_Source\PSoC5/Cm3Start.c **** /*******************************************************************************
  80:Generated_Source\PSoC5/Cm3Start.c **** * Function Name: IntDefaultHandler
  81:Generated_Source\PSoC5/Cm3Start.c **** ****************************************************************************//**
  82:Generated_Source\PSoC5/Cm3Start.c **** *
  83:Generated_Source\PSoC5/Cm3Start.c **** *  This function is called for all interrupts, other than a reset that gets
  84:Generated_Source\PSoC5/Cm3Start.c **** *  called before the system is setup.
  85:Generated_Source\PSoC5/Cm3Start.c **** *
  86:Generated_Source\PSoC5/Cm3Start.c **** * Theory:
  87:Generated_Source\PSoC5/Cm3Start.c **** *  Any value other than zero is acceptable.
  88:Generated_Source\PSoC5/Cm3Start.c **** *
  89:Generated_Source\PSoC5/Cm3Start.c **** *******************************************************************************/
  90:Generated_Source\PSoC5/Cm3Start.c **** CY_ISR(IntDefaultHandler)
  91:Generated_Source\PSoC5/Cm3Start.c **** {
  41              		.loc 1 91 0
  42              		.cfi_startproc
  43              		@ args = 0, pretend = 0, frame = 0
  44              		@ frame_needed = 1, uses_anonymous_args = 0
  45 0000 80B5     		push	{r7, lr}
  46              		.cfi_def_cfa_offset 8
  47              		.cfi_offset 7, -8
  48              		.cfi_offset 14, -4
  49 0002 00AF     		add	r7, sp, #0
  50              		.cfi_def_cfa_register 7
  92:Generated_Source\PSoC5/Cm3Start.c ****     /***************************************************************************
  93:Generated_Source\PSoC5/Cm3Start.c ****     * We must not get here. If we do, a serious problem occurs, so go into
  94:Generated_Source\PSoC5/Cm3Start.c ****     * an infinite loop.
  95:Generated_Source\PSoC5/Cm3Start.c ****     ***************************************************************************/
  96:Generated_Source\PSoC5/Cm3Start.c **** 
  97:Generated_Source\PSoC5/Cm3Start.c ****     #if defined(__GNUC__)
  98:Generated_Source\PSoC5/Cm3Start.c ****         if (errno == ENOMEM)
  51              		.loc 1 98 0
  52 0004 FFF7FEFF 		bl	__errno
  53 0008 0346     		mov	r3, r0
  54 000a 1B68     		ldr	r3, [r3]
  55 000c 0C2B     		cmp	r3, #12
  56 000e 00D1     		bne	.L2
  57              	.L3:
  99:Generated_Source\PSoC5/Cm3Start.c ****         {
 100:Generated_Source\PSoC5/Cm3Start.c ****             #ifdef CY_BOOT_INT_DEFAULT_HANDLER_ENOMEM_EXCEPTION_CALLBACK
 101:Generated_Source\PSoC5/Cm3Start.c ****                 CyBoot_IntDefaultHandler_Enomem_Exception_Callback();
 102:Generated_Source\PSoC5/Cm3Start.c ****             #endif /* CY_BOOT_INT_DEFAULT_HANDLER_ENOMEM_EXCEPTION_CALLBACK */
 103:Generated_Source\PSoC5/Cm3Start.c ****             
 104:Generated_Source\PSoC5/Cm3Start.c ****             while(1)
 105:Generated_Source\PSoC5/Cm3Start.c ****             {
 106:Generated_Source\PSoC5/Cm3Start.c ****                 /* Out Of Heap Space
 107:Generated_Source\PSoC5/Cm3Start.c ****                  * This can be increased in the System tab of the Design Wide Resources.
 108:Generated_Source\PSoC5/Cm3Start.c ****                  */
 109:Generated_Source\PSoC5/Cm3Start.c ****             }
  58              		.loc 1 109 0 discriminator 1
ARM GAS  C:\Users\agraw\AppData\Local\Temp\ccO8aZwd.s 			page 4


  59 0010 FEE7     		b	.L3
  60              	.L2:
 110:Generated_Source\PSoC5/Cm3Start.c ****         }
 111:Generated_Source\PSoC5/Cm3Start.c ****         else
 112:Generated_Source\PSoC5/Cm3Start.c ****     #endif
 113:Generated_Source\PSoC5/Cm3Start.c ****         {
 114:Generated_Source\PSoC5/Cm3Start.c ****             #ifdef CY_BOOT_INT_DEFAULT_HANDLER_EXCEPTION_ENTRY_CALLBACK
 115:Generated_Source\PSoC5/Cm3Start.c ****                 CyBoot_IntDefaultHandler_Exception_EntryCallback();
 116:Generated_Source\PSoC5/Cm3Start.c ****             #endif /* CY_BOOT_INT_DEFAULT_HANDLER_EXCEPTION_ENTRY_CALLBACK */
 117:Generated_Source\PSoC5/Cm3Start.c **** 
 118:Generated_Source\PSoC5/Cm3Start.c ****             while(1)
 119:Generated_Source\PSoC5/Cm3Start.c ****             {
 120:Generated_Source\PSoC5/Cm3Start.c **** 
 121:Generated_Source\PSoC5/Cm3Start.c ****             }
  61              		.loc 1 121 0 discriminator 2
  62 0012 FEE7     		b	.L2
  63              		.cfi_endproc
  64              	.LFE0:
  65              		.size	IntDefaultHandler, .-IntDefaultHandler
  66              		.section	.text._exit,"ax",%progbits
  67              		.align	2
  68              		.weak	_exit
  69              		.thumb
  70              		.thumb_func
  71              		.type	_exit, %function
  72              	_exit:
  73              	.LFB1:
 122:Generated_Source\PSoC5/Cm3Start.c ****         }
 123:Generated_Source\PSoC5/Cm3Start.c **** }
 124:Generated_Source\PSoC5/Cm3Start.c **** 
 125:Generated_Source\PSoC5/Cm3Start.c **** 
 126:Generated_Source\PSoC5/Cm3Start.c **** #if defined(__ARMCC_VERSION)
 127:Generated_Source\PSoC5/Cm3Start.c **** 
 128:Generated_Source\PSoC5/Cm3Start.c **** /* Local function for device reset. */
 129:Generated_Source\PSoC5/Cm3Start.c **** extern void Reset(void);
 130:Generated_Source\PSoC5/Cm3Start.c **** 
 131:Generated_Source\PSoC5/Cm3Start.c **** /* Application entry point. */
 132:Generated_Source\PSoC5/Cm3Start.c **** extern void $Super$$main(void);
 133:Generated_Source\PSoC5/Cm3Start.c **** 
 134:Generated_Source\PSoC5/Cm3Start.c **** /* Linker-generated Stack Base addresses, Two Region and One Region */
 135:Generated_Source\PSoC5/Cm3Start.c **** extern uint32 Image$$ARM_LIB_STACK$$ZI$$Limit;
 136:Generated_Source\PSoC5/Cm3Start.c **** 
 137:Generated_Source\PSoC5/Cm3Start.c **** /* RealView C Library initialization. */
 138:Generated_Source\PSoC5/Cm3Start.c **** extern int __main(void);
 139:Generated_Source\PSoC5/Cm3Start.c **** 
 140:Generated_Source\PSoC5/Cm3Start.c **** 
 141:Generated_Source\PSoC5/Cm3Start.c **** /*******************************************************************************
 142:Generated_Source\PSoC5/Cm3Start.c **** * Function Name: Reset
 143:Generated_Source\PSoC5/Cm3Start.c **** ****************************************************************************//**
 144:Generated_Source\PSoC5/Cm3Start.c **** *
 145:Generated_Source\PSoC5/Cm3Start.c **** *  This function handles the reset interrupt for the RVDS/MDK toolchains.
 146:Generated_Source\PSoC5/Cm3Start.c **** *  This is the first bit of code that is executed at startup.
 147:Generated_Source\PSoC5/Cm3Start.c **** *
 148:Generated_Source\PSoC5/Cm3Start.c **** *******************************************************************************/
 149:Generated_Source\PSoC5/Cm3Start.c **** void Reset(void)
 150:Generated_Source\PSoC5/Cm3Start.c **** {
 151:Generated_Source\PSoC5/Cm3Start.c ****     #if(CYDEV_PROJ_TYPE != CYDEV_PROJ_TYPE_LOADABLE && CYDEV_PROJ_TYPE != CYDEV_PROJ_TYPE_LOADABLEA
ARM GAS  C:\Users\agraw\AppData\Local\Temp\ccO8aZwd.s 			page 5


 152:Generated_Source\PSoC5/Cm3Start.c **** 
 153:Generated_Source\PSoC5/Cm3Start.c ****         /* For PSoC 5LP, debugging is enabled by default */
 154:Generated_Source\PSoC5/Cm3Start.c ****         #if(CYDEV_DEBUGGING_ENABLE == 0)
 155:Generated_Source\PSoC5/Cm3Start.c ****             *(reg32 *)(CYDEV_DEBUG_ENABLE_REGISTER) |= CYDEV_DEBUG_ENABLE_MASK;
 156:Generated_Source\PSoC5/Cm3Start.c ****         #endif /* (CYDEV_DEBUGGING_ENABLE) */
 157:Generated_Source\PSoC5/Cm3Start.c **** 
 158:Generated_Source\PSoC5/Cm3Start.c ****         /* Reset Status Register has Read-to-clear SW access mode.
 159:Generated_Source\PSoC5/Cm3Start.c ****         * Preserve current RESET_SR0 state to make it available for next reading.
 160:Generated_Source\PSoC5/Cm3Start.c ****         */
 161:Generated_Source\PSoC5/Cm3Start.c ****         *(reg32 *)(CYREG_PHUB_CFGMEM23_CFG1) = *(reg32 *)(CYREG_RESET_SR0);
 162:Generated_Source\PSoC5/Cm3Start.c **** 
 163:Generated_Source\PSoC5/Cm3Start.c ****     #endif  /* (CYDEV_PROJ_TYPE != CYDEV_PROJ_TYPE_LOADABLE && CYDEV_PROJ_TYPE != CYDEV_PROJ_TYPE_L
 164:Generated_Source\PSoC5/Cm3Start.c **** 
 165:Generated_Source\PSoC5/Cm3Start.c ****     #if ((CYDEV_BOOTLOADER_ENABLE) && (CYDEV_PROJ_TYPE != CYDEV_PROJ_TYPE_LOADABLEANDBOOTLOADER))
 166:Generated_Source\PSoC5/Cm3Start.c ****         CyBtldr_CheckLaunch();
 167:Generated_Source\PSoC5/Cm3Start.c ****     #endif /* ((CYDEV_BOOTLOADER_ENABLE) && (CYDEV_PROJ_TYPE != CYDEV_PROJ_TYPE_LOADABLEANDBOOTLOAD
 168:Generated_Source\PSoC5/Cm3Start.c **** 
 169:Generated_Source\PSoC5/Cm3Start.c ****     __main();
 170:Generated_Source\PSoC5/Cm3Start.c **** }
 171:Generated_Source\PSoC5/Cm3Start.c **** 
 172:Generated_Source\PSoC5/Cm3Start.c **** 
 173:Generated_Source\PSoC5/Cm3Start.c **** /*******************************************************************************
 174:Generated_Source\PSoC5/Cm3Start.c **** * Function Name: $Sub$$main
 175:Generated_Source\PSoC5/Cm3Start.c **** ****************************************************************************//**
 176:Generated_Source\PSoC5/Cm3Start.c **** *
 177:Generated_Source\PSoC5/Cm3Start.c **** *  This function is called immediately before the users main
 178:Generated_Source\PSoC5/Cm3Start.c **** *
 179:Generated_Source\PSoC5/Cm3Start.c **** *******************************************************************************/
 180:Generated_Source\PSoC5/Cm3Start.c **** void $Sub$$main(void)
 181:Generated_Source\PSoC5/Cm3Start.c **** {
 182:Generated_Source\PSoC5/Cm3Start.c ****     initialize_psoc();
 183:Generated_Source\PSoC5/Cm3Start.c **** 
 184:Generated_Source\PSoC5/Cm3Start.c ****     /* Call original main */
 185:Generated_Source\PSoC5/Cm3Start.c ****     $Super$$main();
 186:Generated_Source\PSoC5/Cm3Start.c **** 
 187:Generated_Source\PSoC5/Cm3Start.c ****     while (1)
 188:Generated_Source\PSoC5/Cm3Start.c ****     {
 189:Generated_Source\PSoC5/Cm3Start.c ****         /* If main returns, it is undefined what we should do. */
 190:Generated_Source\PSoC5/Cm3Start.c ****     }
 191:Generated_Source\PSoC5/Cm3Start.c **** }
 192:Generated_Source\PSoC5/Cm3Start.c **** 
 193:Generated_Source\PSoC5/Cm3Start.c **** #elif defined(__GNUC__)
 194:Generated_Source\PSoC5/Cm3Start.c **** 
 195:Generated_Source\PSoC5/Cm3Start.c **** void Start_c(void);
 196:Generated_Source\PSoC5/Cm3Start.c **** 
 197:Generated_Source\PSoC5/Cm3Start.c **** /* Stack Base address */
 198:Generated_Source\PSoC5/Cm3Start.c **** extern void __cy_stack(void);
 199:Generated_Source\PSoC5/Cm3Start.c **** 
 200:Generated_Source\PSoC5/Cm3Start.c **** /* Application entry point. */
 201:Generated_Source\PSoC5/Cm3Start.c **** extern int main(void);
 202:Generated_Source\PSoC5/Cm3Start.c **** 
 203:Generated_Source\PSoC5/Cm3Start.c **** /* Static objects constructors initializer */
 204:Generated_Source\PSoC5/Cm3Start.c **** extern void __libc_init_array(void);
 205:Generated_Source\PSoC5/Cm3Start.c **** 
 206:Generated_Source\PSoC5/Cm3Start.c **** typedef unsigned char __cy_byte_align8 __attribute ((aligned (8)));
 207:Generated_Source\PSoC5/Cm3Start.c **** 
 208:Generated_Source\PSoC5/Cm3Start.c **** struct __cy_region
ARM GAS  C:\Users\agraw\AppData\Local\Temp\ccO8aZwd.s 			page 6


 209:Generated_Source\PSoC5/Cm3Start.c **** {
 210:Generated_Source\PSoC5/Cm3Start.c ****     __cy_byte_align8 *init; /* Initial contents of this region.  */
 211:Generated_Source\PSoC5/Cm3Start.c ****     __cy_byte_align8 *data; /* Start address of region.  */
 212:Generated_Source\PSoC5/Cm3Start.c ****     size_t init_size;       /* Size of initial data.  */
 213:Generated_Source\PSoC5/Cm3Start.c ****     size_t zero_size;       /* Additional size to be zeroed.  */
 214:Generated_Source\PSoC5/Cm3Start.c **** };
 215:Generated_Source\PSoC5/Cm3Start.c **** 
 216:Generated_Source\PSoC5/Cm3Start.c **** extern const struct __cy_region __cy_regions[];
 217:Generated_Source\PSoC5/Cm3Start.c **** extern const char __cy_region_num __attribute__((weak));
 218:Generated_Source\PSoC5/Cm3Start.c **** #define __cy_region_num ((size_t)&__cy_region_num)
 219:Generated_Source\PSoC5/Cm3Start.c **** 
 220:Generated_Source\PSoC5/Cm3Start.c **** 
 221:Generated_Source\PSoC5/Cm3Start.c **** /*******************************************************************************
 222:Generated_Source\PSoC5/Cm3Start.c **** * System Calls of the Red Hat newlib C Library
 223:Generated_Source\PSoC5/Cm3Start.c **** *******************************************************************************/
 224:Generated_Source\PSoC5/Cm3Start.c **** 
 225:Generated_Source\PSoC5/Cm3Start.c **** 
 226:Generated_Source\PSoC5/Cm3Start.c **** /*******************************************************************************
 227:Generated_Source\PSoC5/Cm3Start.c **** * Function Name: _exit
 228:Generated_Source\PSoC5/Cm3Start.c **** ****************************************************************************//**
 229:Generated_Source\PSoC5/Cm3Start.c **** *
 230:Generated_Source\PSoC5/Cm3Start.c **** *  Exit a program without cleaning up files. If your system doesn't provide
 231:Generated_Source\PSoC5/Cm3Start.c **** *  this, it is best to avoid linking with subroutines that require it (exit,
 232:Generated_Source\PSoC5/Cm3Start.c **** *  system).
 233:Generated_Source\PSoC5/Cm3Start.c **** *
 234:Generated_Source\PSoC5/Cm3Start.c **** *  \param status: Status caused program exit.
 235:Generated_Source\PSoC5/Cm3Start.c **** *
 236:Generated_Source\PSoC5/Cm3Start.c **** *******************************************************************************/
 237:Generated_Source\PSoC5/Cm3Start.c **** __attribute__((weak))
 238:Generated_Source\PSoC5/Cm3Start.c **** void _exit(int status)
 239:Generated_Source\PSoC5/Cm3Start.c **** {
  74              		.loc 1 239 0
  75              		.cfi_startproc
  76              		@ args = 0, pretend = 0, frame = 8
  77              		@ frame_needed = 1, uses_anonymous_args = 0
  78 0000 80B5     		push	{r7, lr}
  79              		.cfi_def_cfa_offset 8
  80              		.cfi_offset 7, -8
  81              		.cfi_offset 14, -4
  82 0002 82B0     		sub	sp, sp, #8
  83              		.cfi_def_cfa_offset 16
  84 0004 00AF     		add	r7, sp, #0
  85              		.cfi_def_cfa_register 7
  86 0006 7860     		str	r0, [r7, #4]
 240:Generated_Source\PSoC5/Cm3Start.c ****     CyHalt((uint8) status);
  87              		.loc 1 240 0
  88 0008 7B68     		ldr	r3, [r7, #4]
  89 000a DBB2     		uxtb	r3, r3
  90 000c 1846     		mov	r0, r3
  91 000e FFF7FEFF 		bl	CyHalt
  92              	.L5:
 241:Generated_Source\PSoC5/Cm3Start.c ****     while(1)
 242:Generated_Source\PSoC5/Cm3Start.c ****     {
 243:Generated_Source\PSoC5/Cm3Start.c **** 
 244:Generated_Source\PSoC5/Cm3Start.c ****     }
  93              		.loc 1 244 0 discriminator 1
  94 0012 FEE7     		b	.L5
ARM GAS  C:\Users\agraw\AppData\Local\Temp\ccO8aZwd.s 			page 7


  95              		.cfi_endproc
  96              	.LFE1:
  97              		.size	_exit, .-_exit
  98              		.section	.text._sbrk,"ax",%progbits
  99              		.align	2
 100              		.weak	_sbrk
 101              		.thumb
 102              		.thumb_func
 103              		.type	_sbrk, %function
 104              	_sbrk:
 105              	.LFB2:
 245:Generated_Source\PSoC5/Cm3Start.c **** }
 246:Generated_Source\PSoC5/Cm3Start.c **** 
 247:Generated_Source\PSoC5/Cm3Start.c **** 
 248:Generated_Source\PSoC5/Cm3Start.c **** /*******************************************************************************
 249:Generated_Source\PSoC5/Cm3Start.c **** * Function Name: _sbrk
 250:Generated_Source\PSoC5/Cm3Start.c **** ****************************************************************************//**
 251:Generated_Source\PSoC5/Cm3Start.c **** *
 252:Generated_Source\PSoC5/Cm3Start.c **** *  Increase program data space. As malloc and related functions depend on this,
 253:Generated_Source\PSoC5/Cm3Start.c **** *  it is useful to have a working implementation. The following suffices for a
 254:Generated_Source\PSoC5/Cm3Start.c **** *  standalone system; it exploits the symbol end automatically defined by the
 255:Generated_Source\PSoC5/Cm3Start.c **** *  GNU linker.
 256:Generated_Source\PSoC5/Cm3Start.c **** *
 257:Generated_Source\PSoC5/Cm3Start.c **** *  \param nbytes: The number of bytes requested (if the parameter value is positive)
 258:Generated_Source\PSoC5/Cm3Start.c **** *  from the heap or returned back to the heap (if the parameter value is
 259:Generated_Source\PSoC5/Cm3Start.c **** *  negative).
 260:Generated_Source\PSoC5/Cm3Start.c **** *
 261:Generated_Source\PSoC5/Cm3Start.c **** *******************************************************************************/
 262:Generated_Source\PSoC5/Cm3Start.c **** __attribute__((weak))
 263:Generated_Source\PSoC5/Cm3Start.c **** void * _sbrk (int nbytes)
 264:Generated_Source\PSoC5/Cm3Start.c **** {
 106              		.loc 1 264 0
 107              		.cfi_startproc
 108              		@ args = 0, pretend = 0, frame = 16
 109              		@ frame_needed = 1, uses_anonymous_args = 0
 110 0000 80B5     		push	{r7, lr}
 111              		.cfi_def_cfa_offset 8
 112              		.cfi_offset 7, -8
 113              		.cfi_offset 14, -4
 114 0002 84B0     		sub	sp, sp, #16
 115              		.cfi_def_cfa_offset 24
 116 0004 00AF     		add	r7, sp, #0
 117              		.cfi_def_cfa_register 7
 118 0006 7860     		str	r0, [r7, #4]
 265:Generated_Source\PSoC5/Cm3Start.c ****     extern int  end;            /* Symbol defined by linker map. Start of free memory (as symbol). 
 266:Generated_Source\PSoC5/Cm3Start.c ****     void *      returnValue;
 267:Generated_Source\PSoC5/Cm3Start.c **** 
 268:Generated_Source\PSoC5/Cm3Start.c ****     /* The statically held previous end of the heap, with its initialization. */
 269:Generated_Source\PSoC5/Cm3Start.c ****     static uint8 *heapPointer = (uint8 *) &end;                 /* Previous end */
 270:Generated_Source\PSoC5/Cm3Start.c **** 
 271:Generated_Source\PSoC5/Cm3Start.c ****     if (((heapPointer + nbytes) - (uint8 *) &end) <= CYDEV_HEAP_SIZE)
 119              		.loc 1 271 0
 120 0008 104B     		ldr	r3, .L10
 121 000a 1A68     		ldr	r2, [r3]
 122 000c 7B68     		ldr	r3, [r7, #4]
 123 000e 1344     		add	r3, r3, r2
 124 0010 1A46     		mov	r2, r3
ARM GAS  C:\Users\agraw\AppData\Local\Temp\ccO8aZwd.s 			page 8


 125 0012 0F4B     		ldr	r3, .L10+4
 126 0014 D31A     		subs	r3, r2, r3
 127 0016 41F22402 		movw	r2, #4132
 128 001a 9342     		cmp	r3, r2
 129 001c 09DC     		bgt	.L7
 272:Generated_Source\PSoC5/Cm3Start.c ****     {
 273:Generated_Source\PSoC5/Cm3Start.c ****         returnValue  = (void *) heapPointer;
 130              		.loc 1 273 0
 131 001e 0B4B     		ldr	r3, .L10
 132 0020 1B68     		ldr	r3, [r3]
 133 0022 FB60     		str	r3, [r7, #12]
 274:Generated_Source\PSoC5/Cm3Start.c ****         heapPointer += nbytes;
 134              		.loc 1 274 0
 135 0024 094B     		ldr	r3, .L10
 136 0026 1A68     		ldr	r2, [r3]
 137 0028 7B68     		ldr	r3, [r7, #4]
 138 002a 1344     		add	r3, r3, r2
 139 002c 074A     		ldr	r2, .L10
 140 002e 1360     		str	r3, [r2]
 141 0030 07E0     		b	.L8
 142              	.L7:
 275:Generated_Source\PSoC5/Cm3Start.c ****     }
 276:Generated_Source\PSoC5/Cm3Start.c ****     else
 277:Generated_Source\PSoC5/Cm3Start.c ****     {
 278:Generated_Source\PSoC5/Cm3Start.c ****         errno = ENOMEM;
 143              		.loc 1 278 0
 144 0032 FFF7FEFF 		bl	__errno
 145 0036 0246     		mov	r2, r0
 146 0038 0C23     		movs	r3, #12
 147 003a 1360     		str	r3, [r2]
 279:Generated_Source\PSoC5/Cm3Start.c ****         returnValue = (void *) -1;
 148              		.loc 1 279 0
 149 003c 4FF0FF33 		mov	r3, #-1
 150 0040 FB60     		str	r3, [r7, #12]
 151              	.L8:
 280:Generated_Source\PSoC5/Cm3Start.c ****     }
 281:Generated_Source\PSoC5/Cm3Start.c **** 
 282:Generated_Source\PSoC5/Cm3Start.c ****     return (returnValue);
 152              		.loc 1 282 0
 153 0042 FB68     		ldr	r3, [r7, #12]
 283:Generated_Source\PSoC5/Cm3Start.c **** }
 154              		.loc 1 283 0
 155 0044 1846     		mov	r0, r3
 156 0046 1037     		adds	r7, r7, #16
 157              		.cfi_def_cfa_offset 8
 158 0048 BD46     		mov	sp, r7
 159              		.cfi_def_cfa_register 13
 160              		@ sp needed
 161 004a 80BD     		pop	{r7, pc}
 162              	.L11:
 163              		.align	2
 164              	.L10:
 165 004c 00000000 		.word	heapPointer.5073
 166 0050 00000000 		.word	end
 167              		.cfi_endproc
 168              	.LFE2:
 169              		.size	_sbrk, .-_sbrk
ARM GAS  C:\Users\agraw\AppData\Local\Temp\ccO8aZwd.s 			page 9


 170              		.section	.text.Reset,"ax",%progbits
 171              		.align	2
 172              		.global	Reset
 173              		.thumb
 174              		.thumb_func
 175              		.type	Reset, %function
 176              	Reset:
 177              	.LFB3:
 284:Generated_Source\PSoC5/Cm3Start.c **** 
 285:Generated_Source\PSoC5/Cm3Start.c **** 
 286:Generated_Source\PSoC5/Cm3Start.c **** /*******************************************************************************
 287:Generated_Source\PSoC5/Cm3Start.c **** * Function Name: Reset
 288:Generated_Source\PSoC5/Cm3Start.c **** ****************************************************************************//**
 289:Generated_Source\PSoC5/Cm3Start.c **** *
 290:Generated_Source\PSoC5/Cm3Start.c **** *  This function handles the reset interrupt for the GCC toolchain. This is the
 291:Generated_Source\PSoC5/Cm3Start.c **** *  first bit of code that is executed at startup.
 292:Generated_Source\PSoC5/Cm3Start.c **** *
 293:Generated_Source\PSoC5/Cm3Start.c **** *******************************************************************************/
 294:Generated_Source\PSoC5/Cm3Start.c **** void Reset(void)
 295:Generated_Source\PSoC5/Cm3Start.c **** {
 178              		.loc 1 295 0
 179              		.cfi_startproc
 180              		@ args = 0, pretend = 0, frame = 0
 181              		@ frame_needed = 1, uses_anonymous_args = 0
 182 0000 80B5     		push	{r7, lr}
 183              		.cfi_def_cfa_offset 8
 184              		.cfi_offset 7, -8
 185              		.cfi_offset 14, -4
 186 0002 00AF     		add	r7, sp, #0
 187              		.cfi_def_cfa_register 7
 296:Generated_Source\PSoC5/Cm3Start.c ****     #if(CYDEV_PROJ_TYPE != CYDEV_PROJ_TYPE_LOADABLE && CYDEV_PROJ_TYPE != CYDEV_PROJ_TYPE_LOADABLEA
 297:Generated_Source\PSoC5/Cm3Start.c **** 
 298:Generated_Source\PSoC5/Cm3Start.c ****         /* For PSoC 5LP, debugging is enabled by default */
 299:Generated_Source\PSoC5/Cm3Start.c ****         #if(CYDEV_DEBUGGING_ENABLE == 0)
 300:Generated_Source\PSoC5/Cm3Start.c ****             *(reg32 *)(CYDEV_DEBUG_ENABLE_REGISTER) |= CYDEV_DEBUG_ENABLE_MASK;
 301:Generated_Source\PSoC5/Cm3Start.c ****         #endif /* (CYDEV_DEBUGGING_ENABLE) */
 302:Generated_Source\PSoC5/Cm3Start.c **** 
 303:Generated_Source\PSoC5/Cm3Start.c ****         /* Reset Status Register has Read-to-clear SW access mode.
 304:Generated_Source\PSoC5/Cm3Start.c ****         * Preserve current RESET_SR0 state to make it available for next reading.
 305:Generated_Source\PSoC5/Cm3Start.c ****         */
 306:Generated_Source\PSoC5/Cm3Start.c ****         *(reg32 *)(CYREG_PHUB_CFGMEM23_CFG1) = *(reg32 *)(CYREG_RESET_SR0);
 188              		.loc 1 306 0
 189 0004 024A     		ldr	r2, .L13
 190 0006 034B     		ldr	r3, .L13+4
 191 0008 1B68     		ldr	r3, [r3]
 192 000a 1360     		str	r3, [r2]
 307:Generated_Source\PSoC5/Cm3Start.c **** 
 308:Generated_Source\PSoC5/Cm3Start.c ****     #endif  /* (CYDEV_PROJ_TYPE != CYDEV_PROJ_TYPE_LOADABLE && CYDEV_PROJ_TYPE != CYDEV_PROJ_TYPE_L
 309:Generated_Source\PSoC5/Cm3Start.c **** 
 310:Generated_Source\PSoC5/Cm3Start.c ****     #if ((CYDEV_BOOTLOADER_ENABLE) && (CYDEV_PROJ_TYPE != CYDEV_PROJ_TYPE_LOADABLEANDBOOTLOADER))
 311:Generated_Source\PSoC5/Cm3Start.c ****         CyBtldr_CheckLaunch();
 312:Generated_Source\PSoC5/Cm3Start.c ****     #endif /* ((CYDEV_BOOTLOADER_ENABLE) && (CYDEV_PROJ_TYPE != CYDEV_PROJ_TYPE_LOADABLEANDBOOTLOAD
 313:Generated_Source\PSoC5/Cm3Start.c **** 
 314:Generated_Source\PSoC5/Cm3Start.c ****     Start_c();
 193              		.loc 1 314 0
 194 000c FFF7FEFF 		bl	Start_c
 195              	.L14:
ARM GAS  C:\Users\agraw\AppData\Local\Temp\ccO8aZwd.s 			page 10


 196              		.align	2
 197              	.L13:
 198 0010 BC760040 		.word	1073772220
 199 0014 FA460040 		.word	1073759994
 200              		.cfi_endproc
 201              	.LFE3:
 202              		.size	Reset, .-Reset
 203              		.section	.text.Start_c,"ax",%progbits
 204              		.align	2
 205              		.global	Start_c
 206              		.thumb
 207              		.thumb_func
 208              		.type	Start_c, %function
 209              	Start_c:
 210              	.LFB4:
 315:Generated_Source\PSoC5/Cm3Start.c **** }
 316:Generated_Source\PSoC5/Cm3Start.c **** 
 317:Generated_Source\PSoC5/Cm3Start.c **** 
 318:Generated_Source\PSoC5/Cm3Start.c **** /*******************************************************************************
 319:Generated_Source\PSoC5/Cm3Start.c **** * Function Name: Start_c
 320:Generated_Source\PSoC5/Cm3Start.c **** ****************************************************************************//**
 321:Generated_Source\PSoC5/Cm3Start.c **** *
 322:Generated_Source\PSoC5/Cm3Start.c **** *  This function handles initializing the .data and .bss sections in
 323:Generated_Source\PSoC5/Cm3Start.c **** *  preparation for running the standard C code.  Once initialization is complete
 324:Generated_Source\PSoC5/Cm3Start.c **** *  it will call main(). This function will never return.
 325:Generated_Source\PSoC5/Cm3Start.c **** *
 326:Generated_Source\PSoC5/Cm3Start.c **** *******************************************************************************/
 327:Generated_Source\PSoC5/Cm3Start.c **** void Start_c(void)  __attribute__ ((noreturn));
 328:Generated_Source\PSoC5/Cm3Start.c **** void Start_c(void)
 329:Generated_Source\PSoC5/Cm3Start.c **** {
 211              		.loc 1 329 0
 212              		.cfi_startproc
 213              		@ args = 0, pretend = 0, frame = 24
 214              		@ frame_needed = 1, uses_anonymous_args = 0
 215 0000 80B5     		push	{r7, lr}
 216              		.cfi_def_cfa_offset 8
 217              		.cfi_offset 7, -8
 218              		.cfi_offset 14, -4
 219 0002 86B0     		sub	sp, sp, #24
 220              		.cfi_def_cfa_offset 32
 221 0004 00AF     		add	r7, sp, #0
 222              		.cfi_def_cfa_register 7
 330:Generated_Source\PSoC5/Cm3Start.c ****     unsigned regions = __cy_region_num;
 223              		.loc 1 330 0
 224 0006 224B     		ldr	r3, .L23
 225 0008 7B61     		str	r3, [r7, #20]
 331:Generated_Source\PSoC5/Cm3Start.c ****     const struct __cy_region *rptr = __cy_regions;
 226              		.loc 1 331 0
 227 000a 224B     		ldr	r3, .L23+4
 228 000c 3B61     		str	r3, [r7, #16]
 332:Generated_Source\PSoC5/Cm3Start.c **** 
 333:Generated_Source\PSoC5/Cm3Start.c ****     /* Initialize memory */
 334:Generated_Source\PSoC5/Cm3Start.c ****     for (regions = __cy_region_num; regions != 0u; regions--)
 229              		.loc 1 334 0
 230 000e 204B     		ldr	r3, .L23
 231 0010 7B61     		str	r3, [r7, #20]
 232 0012 35E0     		b	.L16
ARM GAS  C:\Users\agraw\AppData\Local\Temp\ccO8aZwd.s 			page 11


 233              	.L21:
 234              	.LBB2:
 335:Generated_Source\PSoC5/Cm3Start.c ****     {
 336:Generated_Source\PSoC5/Cm3Start.c ****         uint32 *src = (uint32 *)rptr->init;
 235              		.loc 1 336 0
 236 0014 3B69     		ldr	r3, [r7, #16]
 237 0016 1B68     		ldr	r3, [r3]
 238 0018 FB60     		str	r3, [r7, #12]
 337:Generated_Source\PSoC5/Cm3Start.c ****         uint32 *dst = (uint32 *)rptr->data;
 239              		.loc 1 337 0
 240 001a 3B69     		ldr	r3, [r7, #16]
 241 001c 5B68     		ldr	r3, [r3, #4]
 242 001e BB60     		str	r3, [r7, #8]
 338:Generated_Source\PSoC5/Cm3Start.c ****         unsigned limit = rptr->init_size;
 243              		.loc 1 338 0
 244 0020 3B69     		ldr	r3, [r7, #16]
 245 0022 9B68     		ldr	r3, [r3, #8]
 246 0024 3B60     		str	r3, [r7]
 339:Generated_Source\PSoC5/Cm3Start.c ****         unsigned count;
 340:Generated_Source\PSoC5/Cm3Start.c **** 
 341:Generated_Source\PSoC5/Cm3Start.c ****         for (count = 0u; count != limit; count += sizeof (uint32))
 247              		.loc 1 341 0
 248 0026 0023     		movs	r3, #0
 249 0028 7B60     		str	r3, [r7, #4]
 250 002a 0CE0     		b	.L17
 251              	.L18:
 342:Generated_Source\PSoC5/Cm3Start.c ****         {
 343:Generated_Source\PSoC5/Cm3Start.c ****             *dst = *src;
 252              		.loc 1 343 0 discriminator 3
 253 002c FB68     		ldr	r3, [r7, #12]
 254 002e 1A68     		ldr	r2, [r3]
 255 0030 BB68     		ldr	r3, [r7, #8]
 256 0032 1A60     		str	r2, [r3]
 344:Generated_Source\PSoC5/Cm3Start.c ****             dst++;
 257              		.loc 1 344 0 discriminator 3
 258 0034 BB68     		ldr	r3, [r7, #8]
 259 0036 0433     		adds	r3, r3, #4
 260 0038 BB60     		str	r3, [r7, #8]
 345:Generated_Source\PSoC5/Cm3Start.c ****             src++;
 261              		.loc 1 345 0 discriminator 3
 262 003a FB68     		ldr	r3, [r7, #12]
 263 003c 0433     		adds	r3, r3, #4
 264 003e FB60     		str	r3, [r7, #12]
 341:Generated_Source\PSoC5/Cm3Start.c ****         {
 265              		.loc 1 341 0 discriminator 3
 266 0040 7B68     		ldr	r3, [r7, #4]
 267 0042 0433     		adds	r3, r3, #4
 268 0044 7B60     		str	r3, [r7, #4]
 269              	.L17:
 341:Generated_Source\PSoC5/Cm3Start.c ****         {
 270              		.loc 1 341 0 is_stmt 0 discriminator 1
 271 0046 7A68     		ldr	r2, [r7, #4]
 272 0048 3B68     		ldr	r3, [r7]
 273 004a 9A42     		cmp	r2, r3
 274 004c EED1     		bne	.L18
 346:Generated_Source\PSoC5/Cm3Start.c ****         }
 347:Generated_Source\PSoC5/Cm3Start.c ****         limit = rptr->zero_size;
ARM GAS  C:\Users\agraw\AppData\Local\Temp\ccO8aZwd.s 			page 12


 275              		.loc 1 347 0 is_stmt 1
 276 004e 3B69     		ldr	r3, [r7, #16]
 277 0050 DB68     		ldr	r3, [r3, #12]
 278 0052 3B60     		str	r3, [r7]
 348:Generated_Source\PSoC5/Cm3Start.c ****         for (count = 0u; count != limit; count += sizeof (uint32))
 279              		.loc 1 348 0
 280 0054 0023     		movs	r3, #0
 281 0056 7B60     		str	r3, [r7, #4]
 282 0058 08E0     		b	.L19
 283              	.L20:
 349:Generated_Source\PSoC5/Cm3Start.c ****         {
 350:Generated_Source\PSoC5/Cm3Start.c ****             *dst = 0u;
 284              		.loc 1 350 0 discriminator 3
 285 005a BB68     		ldr	r3, [r7, #8]
 286 005c 0022     		movs	r2, #0
 287 005e 1A60     		str	r2, [r3]
 351:Generated_Source\PSoC5/Cm3Start.c ****             dst++;
 288              		.loc 1 351 0 discriminator 3
 289 0060 BB68     		ldr	r3, [r7, #8]
 290 0062 0433     		adds	r3, r3, #4
 291 0064 BB60     		str	r3, [r7, #8]
 348:Generated_Source\PSoC5/Cm3Start.c ****         for (count = 0u; count != limit; count += sizeof (uint32))
 292              		.loc 1 348 0 discriminator 3
 293 0066 7B68     		ldr	r3, [r7, #4]
 294 0068 0433     		adds	r3, r3, #4
 295 006a 7B60     		str	r3, [r7, #4]
 296              	.L19:
 348:Generated_Source\PSoC5/Cm3Start.c ****         for (count = 0u; count != limit; count += sizeof (uint32))
 297              		.loc 1 348 0 is_stmt 0 discriminator 1
 298 006c 7A68     		ldr	r2, [r7, #4]
 299 006e 3B68     		ldr	r3, [r7]
 300 0070 9A42     		cmp	r2, r3
 301 0072 F2D1     		bne	.L20
 352:Generated_Source\PSoC5/Cm3Start.c ****         }
 353:Generated_Source\PSoC5/Cm3Start.c **** 
 354:Generated_Source\PSoC5/Cm3Start.c ****         rptr++;
 302              		.loc 1 354 0 is_stmt 1 discriminator 2
 303 0074 3B69     		ldr	r3, [r7, #16]
 304 0076 1033     		adds	r3, r3, #16
 305 0078 3B61     		str	r3, [r7, #16]
 306              	.LBE2:
 334:Generated_Source\PSoC5/Cm3Start.c ****     {
 307              		.loc 1 334 0 discriminator 2
 308 007a 7B69     		ldr	r3, [r7, #20]
 309 007c 013B     		subs	r3, r3, #1
 310 007e 7B61     		str	r3, [r7, #20]
 311              	.L16:
 334:Generated_Source\PSoC5/Cm3Start.c ****     {
 312              		.loc 1 334 0 is_stmt 0 discriminator 1
 313 0080 7B69     		ldr	r3, [r7, #20]
 314 0082 002B     		cmp	r3, #0
 315 0084 C6D1     		bne	.L21
 355:Generated_Source\PSoC5/Cm3Start.c ****     }
 356:Generated_Source\PSoC5/Cm3Start.c **** 
 357:Generated_Source\PSoC5/Cm3Start.c ****     /* Invoke static objects constructors */
 358:Generated_Source\PSoC5/Cm3Start.c ****     __libc_init_array();
 316              		.loc 1 358 0 is_stmt 1
ARM GAS  C:\Users\agraw\AppData\Local\Temp\ccO8aZwd.s 			page 13


 317 0086 FFF7FEFF 		bl	__libc_init_array
 359:Generated_Source\PSoC5/Cm3Start.c ****     (void) main();
 318              		.loc 1 359 0
 319 008a FFF7FEFF 		bl	main
 320              	.L22:
 360:Generated_Source\PSoC5/Cm3Start.c **** 
 361:Generated_Source\PSoC5/Cm3Start.c ****     while (1)
 362:Generated_Source\PSoC5/Cm3Start.c ****     {
 363:Generated_Source\PSoC5/Cm3Start.c ****         /* If main returns, make sure we don't return. */
 364:Generated_Source\PSoC5/Cm3Start.c ****     }
 321              		.loc 1 364 0 discriminator 1
 322 008e FEE7     		b	.L22
 323              	.L24:
 324              		.align	2
 325              	.L23:
 326 0090 00000000 		.word	__cy_region_num
 327 0094 00000000 		.word	__cy_regions
 328              		.cfi_endproc
 329              	.LFE4:
 330              		.size	Start_c, .-Start_c
 331              		.global	RomVectors
 332              		.section	.romvectors,"a",%progbits
 333              		.align	2
 334              		.type	RomVectors, %object
 335              		.size	RomVectors, 16
 336              	RomVectors:
 337 0000 00000000 		.word	__cy_stack
 338 0004 00000000 		.word	Reset
 339 0008 00000000 		.word	IntDefaultHandler
 340 000c 00000000 		.word	IntDefaultHandler
 341              		.section	.text.initialize_psoc,"ax",%progbits
 342              		.align	2
 343              		.global	initialize_psoc
 344              		.thumb
 345              		.thumb_func
 346              		.type	initialize_psoc, %function
 347              	initialize_psoc:
 348              	.LFB5:
 365:Generated_Source\PSoC5/Cm3Start.c **** }
 366:Generated_Source\PSoC5/Cm3Start.c **** 
 367:Generated_Source\PSoC5/Cm3Start.c **** 
 368:Generated_Source\PSoC5/Cm3Start.c **** #elif defined (__ICCARM__)
 369:Generated_Source\PSoC5/Cm3Start.c **** 
 370:Generated_Source\PSoC5/Cm3Start.c **** /*******************************************************************************
 371:Generated_Source\PSoC5/Cm3Start.c **** * Function Name: __low_level_init
 372:Generated_Source\PSoC5/Cm3Start.c **** ****************************************************************************//**
 373:Generated_Source\PSoC5/Cm3Start.c **** *
 374:Generated_Source\PSoC5/Cm3Start.c **** *  This function performs early initializations for the IAR Embedded
 375:Generated_Source\PSoC5/Cm3Start.c **** *  Workbench IDE. It is executed in the context of a reset interrupt handler
 376:Generated_Source\PSoC5/Cm3Start.c **** *  before the data sections are initialized.
 377:Generated_Source\PSoC5/Cm3Start.c **** *
 378:Generated_Source\PSoC5/Cm3Start.c **** * \return
 379:Generated_Source\PSoC5/Cm3Start.c **** *  The value that determines whether or not data sections should be initialized
 380:Generated_Source\PSoC5/Cm3Start.c **** *  by the system startup code:
 381:Generated_Source\PSoC5/Cm3Start.c **** *    0 - skip data sections initialization;
 382:Generated_Source\PSoC5/Cm3Start.c **** *    1 - initialize data sections;
 383:Generated_Source\PSoC5/Cm3Start.c **** *
ARM GAS  C:\Users\agraw\AppData\Local\Temp\ccO8aZwd.s 			page 14


 384:Generated_Source\PSoC5/Cm3Start.c **** *******************************************************************************/
 385:Generated_Source\PSoC5/Cm3Start.c **** int __low_level_init(void)
 386:Generated_Source\PSoC5/Cm3Start.c **** {
 387:Generated_Source\PSoC5/Cm3Start.c ****     #if (CYDEV_PROJ_TYPE != CYDEV_PROJ_TYPE_LOADABLE && CYDEV_PROJ_TYPE != CYDEV_PROJ_TYPE_LOADABLE
 388:Generated_Source\PSoC5/Cm3Start.c **** 
 389:Generated_Source\PSoC5/Cm3Start.c ****         /* For PSoC 5LP, debugging is enabled by default */
 390:Generated_Source\PSoC5/Cm3Start.c ****         #if(CYDEV_DEBUGGING_ENABLE == 0)
 391:Generated_Source\PSoC5/Cm3Start.c ****             *(reg32 *)(CYDEV_DEBUG_ENABLE_REGISTER) |= CYDEV_DEBUG_ENABLE_MASK;
 392:Generated_Source\PSoC5/Cm3Start.c ****         #endif /* (CYDEV_DEBUGGING_ENABLE) */
 393:Generated_Source\PSoC5/Cm3Start.c **** 
 394:Generated_Source\PSoC5/Cm3Start.c ****         /* Reset Status Register has Read-to-clear SW access mode.
 395:Generated_Source\PSoC5/Cm3Start.c ****         * Preserve current RESET_SR0 state to make it available for next reading.
 396:Generated_Source\PSoC5/Cm3Start.c ****         */
 397:Generated_Source\PSoC5/Cm3Start.c ****         *(reg32 *)(CYREG_PHUB_CFGMEM23_CFG1) = *(reg32 *)(CYREG_RESET_SR0);
 398:Generated_Source\PSoC5/Cm3Start.c **** 
 399:Generated_Source\PSoC5/Cm3Start.c ****     #endif  /* (CYDEV_PROJ_TYPE != CYDEV_PROJ_TYPE_LOADABLE && CYDEV_PROJ_TYPE != CYDEV_PROJ_TYPE_L
 400:Generated_Source\PSoC5/Cm3Start.c **** 
 401:Generated_Source\PSoC5/Cm3Start.c ****     #if ((CYDEV_BOOTLOADER_ENABLE) && (CYDEV_PROJ_TYPE != CYDEV_PROJ_TYPE_LOADABLEANDBOOTLOADER))
 402:Generated_Source\PSoC5/Cm3Start.c ****         CyBtldr_CheckLaunch();
 403:Generated_Source\PSoC5/Cm3Start.c ****     #endif /* ((CYDEV_BOOTLOADER_ENABLE) && (CYDEV_PROJ_TYPE != CYDEV_PROJ_TYPE_LOADABLEANDBOOTLOAD
 404:Generated_Source\PSoC5/Cm3Start.c **** 
 405:Generated_Source\PSoC5/Cm3Start.c ****     /* Initialize data sections */
 406:Generated_Source\PSoC5/Cm3Start.c ****     __iar_data_init3();
 407:Generated_Source\PSoC5/Cm3Start.c **** 
 408:Generated_Source\PSoC5/Cm3Start.c ****     initialize_psoc();
 409:Generated_Source\PSoC5/Cm3Start.c **** 
 410:Generated_Source\PSoC5/Cm3Start.c ****     return 0;
 411:Generated_Source\PSoC5/Cm3Start.c **** }
 412:Generated_Source\PSoC5/Cm3Start.c **** 
 413:Generated_Source\PSoC5/Cm3Start.c **** #endif /* __GNUC__ */
 414:Generated_Source\PSoC5/Cm3Start.c **** 
 415:Generated_Source\PSoC5/Cm3Start.c **** 
 416:Generated_Source\PSoC5/Cm3Start.c **** /*******************************************************************************
 417:Generated_Source\PSoC5/Cm3Start.c **** *
 418:Generated_Source\PSoC5/Cm3Start.c **** * Default Rom Interrupt Vector table.
 419:Generated_Source\PSoC5/Cm3Start.c **** *
 420:Generated_Source\PSoC5/Cm3Start.c **** *******************************************************************************/
 421:Generated_Source\PSoC5/Cm3Start.c **** #if defined(__ARMCC_VERSION)
 422:Generated_Source\PSoC5/Cm3Start.c ****     /* Suppress diagnostic message 1296-D: extended constant initialiser used */
 423:Generated_Source\PSoC5/Cm3Start.c ****     #pragma diag_suppress 1296
 424:Generated_Source\PSoC5/Cm3Start.c **** #endif  /* defined(__ARMCC_VERSION) */
 425:Generated_Source\PSoC5/Cm3Start.c **** 
 426:Generated_Source\PSoC5/Cm3Start.c **** #if defined (__ICCARM__)
 427:Generated_Source\PSoC5/Cm3Start.c ****     #pragma location=".romvectors"
 428:Generated_Source\PSoC5/Cm3Start.c ****     const intvec_elem __vector_table[CY_NUM_ROM_VECTORS] =
 429:Generated_Source\PSoC5/Cm3Start.c **** #else
 430:Generated_Source\PSoC5/Cm3Start.c ****     CY_SECTION(".romvectors")
 431:Generated_Source\PSoC5/Cm3Start.c ****     const cyisraddress RomVectors[CY_NUM_ROM_VECTORS] =
 432:Generated_Source\PSoC5/Cm3Start.c **** #endif  /* defined (__ICCARM__) */
 433:Generated_Source\PSoC5/Cm3Start.c **** {
 434:Generated_Source\PSoC5/Cm3Start.c ****     INITIAL_STACK_POINTER,   /* Initial stack pointer  0 */
 435:Generated_Source\PSoC5/Cm3Start.c ****     #if defined (__ICCARM__) /* Reset handler          1 */
 436:Generated_Source\PSoC5/Cm3Start.c ****         __iar_program_start,
 437:Generated_Source\PSoC5/Cm3Start.c ****     #else
 438:Generated_Source\PSoC5/Cm3Start.c ****         (cyisraddress)&Reset,
 439:Generated_Source\PSoC5/Cm3Start.c ****     #endif  /* defined (__ICCARM__) */
 440:Generated_Source\PSoC5/Cm3Start.c ****     &IntDefaultHandler,      /* NMI handler            2 */
ARM GAS  C:\Users\agraw\AppData\Local\Temp\ccO8aZwd.s 			page 15


 441:Generated_Source\PSoC5/Cm3Start.c ****     &IntDefaultHandler,      /* Hard fault handler     3 */
 442:Generated_Source\PSoC5/Cm3Start.c **** };
 443:Generated_Source\PSoC5/Cm3Start.c **** 
 444:Generated_Source\PSoC5/Cm3Start.c **** #if defined(__ARMCC_VERSION)
 445:Generated_Source\PSoC5/Cm3Start.c ****     #pragma diag_default 1296
 446:Generated_Source\PSoC5/Cm3Start.c **** #endif  /* defined(__ARMCC_VERSION) */
 447:Generated_Source\PSoC5/Cm3Start.c **** 
 448:Generated_Source\PSoC5/Cm3Start.c **** 
 449:Generated_Source\PSoC5/Cm3Start.c **** /*******************************************************************************
 450:Generated_Source\PSoC5/Cm3Start.c **** * Function Name: initialize_psoc
 451:Generated_Source\PSoC5/Cm3Start.c **** ****************************************************************************//**
 452:Generated_Source\PSoC5/Cm3Start.c **** *
 453:Generated_Source\PSoC5/Cm3Start.c **** *  This function used to initialize the PSoC chip before calling main.
 454:Generated_Source\PSoC5/Cm3Start.c **** *
 455:Generated_Source\PSoC5/Cm3Start.c **** *******************************************************************************/
 456:Generated_Source\PSoC5/Cm3Start.c **** #if (defined(__GNUC__) && !defined(__ARMCC_VERSION))
 457:Generated_Source\PSoC5/Cm3Start.c **** __attribute__ ((constructor(101)))
 458:Generated_Source\PSoC5/Cm3Start.c **** #endif
 459:Generated_Source\PSoC5/Cm3Start.c **** void initialize_psoc(void)
 460:Generated_Source\PSoC5/Cm3Start.c **** {
 349              		.loc 1 460 0
 350              		.cfi_startproc
 351              		@ args = 0, pretend = 0, frame = 8
 352              		@ frame_needed = 1, uses_anonymous_args = 0
 353 0000 80B5     		push	{r7, lr}
 354              		.cfi_def_cfa_offset 8
 355              		.cfi_offset 7, -8
 356              		.cfi_offset 14, -4
 357 0002 82B0     		sub	sp, sp, #8
 358              		.cfi_def_cfa_offset 16
 359 0004 00AF     		add	r7, sp, #0
 360              		.cfi_def_cfa_register 7
 461:Generated_Source\PSoC5/Cm3Start.c ****     uint32 i;
 462:Generated_Source\PSoC5/Cm3Start.c **** 
 463:Generated_Source\PSoC5/Cm3Start.c ****     /* Set Priority group 5. */
 464:Generated_Source\PSoC5/Cm3Start.c **** 
 465:Generated_Source\PSoC5/Cm3Start.c ****     /* Writes to NVIC_APINT register require the VECTKEY in the upper half */
 466:Generated_Source\PSoC5/Cm3Start.c ****     *CY_NVIC_APINT_PTR = CY_NVIC_APINT_VECTKEY | CY_NVIC_APINT_PRIGROUP_3_5;
 361              		.loc 1 466 0
 362 0006 184B     		ldr	r3, .L30
 363 0008 184A     		ldr	r2, .L30+4
 364 000a 1A60     		str	r2, [r3]
 467:Generated_Source\PSoC5/Cm3Start.c ****     *CY_NVIC_CFG_CTRL_PTR |= CY_NVIC_CFG_STACKALIGN;
 365              		.loc 1 467 0
 366 000c 184A     		ldr	r2, .L30+8
 367 000e 184B     		ldr	r3, .L30+8
 368 0010 1B68     		ldr	r3, [r3]
 369 0012 43F40073 		orr	r3, r3, #512
 370 0016 1360     		str	r3, [r2]
 468:Generated_Source\PSoC5/Cm3Start.c **** 
 469:Generated_Source\PSoC5/Cm3Start.c ****     /* Set Ram interrupt vectors to default functions. */
 470:Generated_Source\PSoC5/Cm3Start.c ****     for (i = 0u; i < CY_NUM_VECTORS; i++)
 371              		.loc 1 470 0
 372 0018 0023     		movs	r3, #0
 373 001a 7B60     		str	r3, [r7, #4]
 374 001c 0FE0     		b	.L26
 375              	.L29:
ARM GAS  C:\Users\agraw\AppData\Local\Temp\ccO8aZwd.s 			page 16


 471:Generated_Source\PSoC5/Cm3Start.c ****     {
 472:Generated_Source\PSoC5/Cm3Start.c ****         #if defined (__ICCARM__)
 473:Generated_Source\PSoC5/Cm3Start.c ****             CyRamVectors[i] = (i < CY_NUM_ROM_VECTORS) ? __vector_table[i].__fun : &IntDefaultHandl
 474:Generated_Source\PSoC5/Cm3Start.c ****         #else
 475:Generated_Source\PSoC5/Cm3Start.c ****             CyRamVectors[i] = (i < CY_NUM_ROM_VECTORS) ? RomVectors[i] : &IntDefaultHandler;
 376              		.loc 1 475 0
 377 001e 7B68     		ldr	r3, [r7, #4]
 378 0020 032B     		cmp	r3, #3
 379 0022 04D8     		bhi	.L27
 380              		.loc 1 475 0 is_stmt 0 discriminator 1
 381 0024 134A     		ldr	r2, .L30+12
 382 0026 7B68     		ldr	r3, [r7, #4]
 383 0028 52F82330 		ldr	r3, [r2, r3, lsl #2]
 384 002c 00E0     		b	.L28
 385              	.L27:
 386              		.loc 1 475 0 discriminator 2
 387 002e 124B     		ldr	r3, .L30+16
 388              	.L28:
 389              		.loc 1 475 0 discriminator 4
 390 0030 1249     		ldr	r1, .L30+20
 391 0032 7A68     		ldr	r2, [r7, #4]
 392 0034 41F82230 		str	r3, [r1, r2, lsl #2]
 470:Generated_Source\PSoC5/Cm3Start.c ****     {
 393              		.loc 1 470 0 is_stmt 1 discriminator 4
 394 0038 7B68     		ldr	r3, [r7, #4]
 395 003a 0133     		adds	r3, r3, #1
 396 003c 7B60     		str	r3, [r7, #4]
 397              	.L26:
 470:Generated_Source\PSoC5/Cm3Start.c ****     {
 398              		.loc 1 470 0 is_stmt 0 discriminator 2
 399 003e 7B68     		ldr	r3, [r7, #4]
 400 0040 2F2B     		cmp	r3, #47
 401 0042 ECD9     		bls	.L29
 476:Generated_Source\PSoC5/Cm3Start.c ****         #endif  /* defined (__ICCARM__) */
 477:Generated_Source\PSoC5/Cm3Start.c ****     }
 478:Generated_Source\PSoC5/Cm3Start.c **** 
 479:Generated_Source\PSoC5/Cm3Start.c ****     /* Was stored in CFGMEM to avoid being cleared while SRAM gets cleared */
 480:Generated_Source\PSoC5/Cm3Start.c ****     CyResetStatus = CY_GET_REG8(CYREG_PHUB_CFGMEM23_CFG1);
 402              		.loc 1 480 0 is_stmt 1
 403 0044 0E4B     		ldr	r3, .L30+24
 404 0046 1B78     		ldrb	r3, [r3]
 405 0048 DAB2     		uxtb	r2, r3
 406 004a 0E4B     		ldr	r3, .L30+28
 407 004c 1A70     		strb	r2, [r3]
 481:Generated_Source\PSoC5/Cm3Start.c **** 
 482:Generated_Source\PSoC5/Cm3Start.c ****     /* Point NVIC at RAM vector table. */
 483:Generated_Source\PSoC5/Cm3Start.c ****     *CYINT_VECT_TABLE = CyRamVectors;
 408              		.loc 1 483 0
 409 004e 0E4B     		ldr	r3, .L30+32
 410 0050 0A4A     		ldr	r2, .L30+20
 411 0052 1A60     		str	r2, [r3]
 484:Generated_Source\PSoC5/Cm3Start.c **** 
 485:Generated_Source\PSoC5/Cm3Start.c ****     /* Initialize the configuration registers. */
 486:Generated_Source\PSoC5/Cm3Start.c ****     cyfitter_cfg();
 412              		.loc 1 486 0
 413 0054 FFF7FEFF 		bl	cyfitter_cfg
 487:Generated_Source\PSoC5/Cm3Start.c **** 
ARM GAS  C:\Users\agraw\AppData\Local\Temp\ccO8aZwd.s 			page 17


 488:Generated_Source\PSoC5/Cm3Start.c ****     #if(0u != DMA_CHANNELS_USED__MASK0)
 489:Generated_Source\PSoC5/Cm3Start.c **** 
 490:Generated_Source\PSoC5/Cm3Start.c ****         /* Setup DMA - only necessary if design contains DMA component. */
 491:Generated_Source\PSoC5/Cm3Start.c ****         CyDmacConfigure();
 492:Generated_Source\PSoC5/Cm3Start.c **** 
 493:Generated_Source\PSoC5/Cm3Start.c ****     #endif  /* (0u != DMA_CHANNELS_USED__MASK0) */
 494:Generated_Source\PSoC5/Cm3Start.c **** 
 495:Generated_Source\PSoC5/Cm3Start.c ****     #if !defined (__ICCARM__)
 496:Generated_Source\PSoC5/Cm3Start.c ****         /* Actually, no need to clean this variable, just to make compiler happy. */
 497:Generated_Source\PSoC5/Cm3Start.c ****         cySysNoInitDataValid = 0u;
 414              		.loc 1 497 0
 415 0058 0C4B     		ldr	r3, .L30+36
 416 005a 0022     		movs	r2, #0
 417 005c 1A60     		str	r2, [r3]
 498:Generated_Source\PSoC5/Cm3Start.c ****     #endif  /* !defined (__ICCARM__) */
 499:Generated_Source\PSoC5/Cm3Start.c **** }
 418              		.loc 1 499 0
 419 005e 00BF     		nop
 420 0060 0837     		adds	r7, r7, #8
 421              		.cfi_def_cfa_offset 8
 422 0062 BD46     		mov	sp, r7
 423              		.cfi_def_cfa_register 13
 424              		@ sp needed
 425 0064 80BD     		pop	{r7, pc}
 426              	.L31:
 427 0066 00BF     		.align	2
 428              	.L30:
 429 0068 0CED00E0 		.word	-536810228
 430 006c 0004FA05 		.word	100271104
 431 0070 14ED00E0 		.word	-536810220
 432 0074 00000000 		.word	RomVectors
 433 0078 00000000 		.word	IntDefaultHandler
 434 007c 00000000 		.word	CyRamVectors
 435 0080 BC760040 		.word	1073772220
 436 0084 00000000 		.word	CyResetStatus
 437 0088 08ED00E0 		.word	-536810232
 438 008c 00000000 		.word	cySysNoInitDataValid
 439              		.cfi_endproc
 440              	.LFE5:
 441              		.size	initialize_psoc, .-initialize_psoc
 442              		.section	.init_array,"aw",%init_array
 443              		.align	2
 444 0000 00000000 		.word	initialize_psoc(target1)
 445              		.data
 446              		.align	2
 447              		.type	heapPointer.5073, %object
 448              		.size	heapPointer.5073, 4
 449              	heapPointer.5073:
 450 0000 00000000 		.word	end
 451              		.weak	__cy_region_num
 452              		.text
 453              	.Letext0:
 454              		.file 2 "c:\\program files (x86)\\cypress\\psoc creator\\4.4\\psoc creator\\import\\gnu\\arm\\5.4.
 455              		.file 3 "Generated_Source\\PSoC5\\cytypes.h"
 456              		.file 4 "Generated_Source\\PSoC5\\CyLib.h"
 457              		.section	.debug_info,"",%progbits
 458              	.Ldebug_info0:
ARM GAS  C:\Users\agraw\AppData\Local\Temp\ccO8aZwd.s 			page 18


 459 0000 27030000 		.4byte	0x327
 460 0004 0400     		.2byte	0x4
 461 0006 00000000 		.4byte	.Ldebug_abbrev0
 462 000a 04       		.byte	0x4
 463 000b 01       		.uleb128 0x1
 464 000c 0D000000 		.4byte	.LASF44
 465 0010 0C       		.byte	0xc
 466 0011 AF010000 		.4byte	.LASF45
 467 0015 6B010000 		.4byte	.LASF46
 468 0019 00000000 		.4byte	.Ldebug_ranges0+0
 469 001d 00000000 		.4byte	0
 470 0021 00000000 		.4byte	.Ldebug_line0
 471 0025 02       		.uleb128 0x2
 472 0026 01       		.byte	0x1
 473 0027 06       		.byte	0x6
 474 0028 87020000 		.4byte	.LASF0
 475 002c 02       		.uleb128 0x2
 476 002d 01       		.byte	0x1
 477 002e 08       		.byte	0x8
 478 002f 19010000 		.4byte	.LASF1
 479 0033 02       		.uleb128 0x2
 480 0034 02       		.byte	0x2
 481 0035 05       		.byte	0x5
 482 0036 68020000 		.4byte	.LASF2
 483 003a 02       		.uleb128 0x2
 484 003b 02       		.byte	0x2
 485 003c 07       		.byte	0x7
 486 003d D0000000 		.4byte	.LASF3
 487 0041 02       		.uleb128 0x2
 488 0042 04       		.byte	0x4
 489 0043 05       		.byte	0x5
 490 0044 72020000 		.4byte	.LASF4
 491 0048 02       		.uleb128 0x2
 492 0049 04       		.byte	0x4
 493 004a 07       		.byte	0x7
 494 004b 3E010000 		.4byte	.LASF5
 495 004f 02       		.uleb128 0x2
 496 0050 08       		.byte	0x8
 497 0051 05       		.byte	0x5
 498 0052 55020000 		.4byte	.LASF6
 499 0056 02       		.uleb128 0x2
 500 0057 08       		.byte	0x8
 501 0058 07       		.byte	0x7
 502 0059 02020000 		.4byte	.LASF7
 503 005d 03       		.uleb128 0x3
 504 005e 04       		.byte	0x4
 505 005f 05       		.byte	0x5
 506 0060 696E7400 		.ascii	"int\000"
 507 0064 02       		.uleb128 0x2
 508 0065 04       		.byte	0x4
 509 0066 07       		.byte	0x7
 510 0067 F5010000 		.4byte	.LASF8
 511 006b 04       		.uleb128 0x4
 512 006c 06000000 		.4byte	.LASF10
 513 0070 02       		.byte	0x2
 514 0071 D8       		.byte	0xd8
 515 0072 64000000 		.4byte	0x64
ARM GAS  C:\Users\agraw\AppData\Local\Temp\ccO8aZwd.s 			page 19


 516 0076 02       		.uleb128 0x2
 517 0077 08       		.byte	0x8
 518 0078 04       		.byte	0x4
 519 0079 7B020000 		.4byte	.LASF9
 520 007d 05       		.uleb128 0x5
 521 007e 65010000 		.4byte	.LASF11
 522 0082 03       		.byte	0x3
 523 0083 E801     		.2byte	0x1e8
 524 0085 2C000000 		.4byte	0x2c
 525 0089 05       		.uleb128 0x5
 526 008a EE010000 		.4byte	.LASF12
 527 008e 03       		.byte	0x3
 528 008f EA01     		.2byte	0x1ea
 529 0091 48000000 		.4byte	0x48
 530 0095 02       		.uleb128 0x2
 531 0096 04       		.byte	0x4
 532 0097 04       		.byte	0x4
 533 0098 0E010000 		.4byte	.LASF13
 534 009c 02       		.uleb128 0x2
 535 009d 08       		.byte	0x8
 536 009e 04       		.byte	0x4
 537 009f D7010000 		.4byte	.LASF14
 538 00a3 02       		.uleb128 0x2
 539 00a4 01       		.byte	0x1
 540 00a5 08       		.byte	0x8
 541 00a6 63020000 		.4byte	.LASF15
 542 00aa 05       		.uleb128 0x5
 543 00ab 47020000 		.4byte	.LASF16
 544 00af 03       		.byte	0x3
 545 00b0 9202     		.2byte	0x292
 546 00b2 B6000000 		.4byte	0xb6
 547 00b6 06       		.uleb128 0x6
 548 00b7 7D000000 		.4byte	0x7d
 549 00bb 05       		.uleb128 0x5
 550 00bc 00000000 		.4byte	.LASF17
 551 00c0 03       		.byte	0x3
 552 00c1 9402     		.2byte	0x294
 553 00c3 C7000000 		.4byte	0xc7
 554 00c7 06       		.uleb128 0x6
 555 00c8 89000000 		.4byte	0x89
 556 00cc 05       		.uleb128 0x5
 557 00cd 1F020000 		.4byte	.LASF18
 558 00d1 03       		.byte	0x3
 559 00d2 A402     		.2byte	0x2a4
 560 00d4 D8000000 		.4byte	0xd8
 561 00d8 07       		.uleb128 0x7
 562 00d9 04       		.byte	0x4
 563 00da DE000000 		.4byte	0xde
 564 00de 08       		.uleb128 0x8
 565 00df 02       		.uleb128 0x2
 566 00e0 04       		.byte	0x4
 567 00e1 07       		.byte	0x7
 568 00e2 4C020000 		.4byte	.LASF19
 569 00e6 09       		.uleb128 0x9
 570 00e7 04       		.byte	0x4
 571 00e8 0A       		.uleb128 0xa
 572 00e9 A3000000 		.4byte	0xa3
ARM GAS  C:\Users\agraw\AppData\Local\Temp\ccO8aZwd.s 			page 20


 573 00ed 04       		.uleb128 0x4
 574 00ee 36020000 		.4byte	.LASF20
 575 00f2 01       		.byte	0x1
 576 00f3 CE       		.byte	0xce
 577 00f4 2C000000 		.4byte	0x2c
 578 00f8 0B       		.uleb128 0xb
 579 00f9 C1020000 		.4byte	.LASF47
 580 00fd 10       		.byte	0x10
 581 00fe 01       		.byte	0x1
 582 00ff D0       		.byte	0xd0
 583 0100 35010000 		.4byte	0x135
 584 0104 0C       		.uleb128 0xc
 585 0105 F3000000 		.4byte	.LASF21
 586 0109 01       		.byte	0x1
 587 010a D2       		.byte	0xd2
 588 010b 35010000 		.4byte	0x135
 589 010f 00       		.byte	0
 590 0110 0C       		.uleb128 0xc
 591 0111 14010000 		.4byte	.LASF22
 592 0115 01       		.byte	0x1
 593 0116 D3       		.byte	0xd3
 594 0117 35010000 		.4byte	0x135
 595 011b 04       		.byte	0x4
 596 011c 0C       		.uleb128 0xc
 597 011d 2C020000 		.4byte	.LASF23
 598 0121 01       		.byte	0x1
 599 0122 D4       		.byte	0xd4
 600 0123 6B000000 		.4byte	0x6b
 601 0127 08       		.byte	0x8
 602 0128 0C       		.uleb128 0xc
 603 0129 FF000000 		.4byte	.LASF24
 604 012d 01       		.byte	0x1
 605 012e D5       		.byte	0xd5
 606 012f 6B000000 		.4byte	0x6b
 607 0133 0C       		.byte	0xc
 608 0134 00       		.byte	0
 609 0135 07       		.uleb128 0x7
 610 0136 04       		.byte	0x4
 611 0137 ED000000 		.4byte	0xed
 612 013b 0D       		.uleb128 0xd
 613 013c 93020000 		.4byte	.LASF31
 614 0140 01       		.byte	0x1
 615 0141 5A       		.byte	0x5a
 616 0142 00000000 		.4byte	.LFB0
 617 0146 14000000 		.4byte	.LFE0-.LFB0
 618 014a 01       		.uleb128 0x1
 619 014b 9C       		.byte	0x9c
 620 014c 0E       		.uleb128 0xe
 621 014d A9010000 		.4byte	.LASF25
 622 0151 01       		.byte	0x1
 623 0152 EE       		.byte	0xee
 624 0153 00000000 		.4byte	.LFB1
 625 0157 14000000 		.4byte	.LFE1-.LFB1
 626 015b 01       		.uleb128 0x1
 627 015c 9C       		.byte	0x9c
 628 015d 70010000 		.4byte	0x170
 629 0161 0F       		.uleb128 0xf
ARM GAS  C:\Users\agraw\AppData\Local\Temp\ccO8aZwd.s 			page 21


 630 0162 F8000000 		.4byte	.LASF27
 631 0166 01       		.byte	0x1
 632 0167 EE       		.byte	0xee
 633 0168 5D000000 		.4byte	0x5d
 634 016c 02       		.uleb128 0x2
 635 016d 91       		.byte	0x91
 636 016e 74       		.sleb128 -12
 637 016f 00       		.byte	0
 638 0170 10       		.uleb128 0x10
 639 0171 D1010000 		.4byte	.LASF26
 640 0175 01       		.byte	0x1
 641 0176 0701     		.2byte	0x107
 642 0178 E6000000 		.4byte	0xe6
 643 017c 00000000 		.4byte	.LFB2
 644 0180 54000000 		.4byte	.LFE2-.LFB2
 645 0184 01       		.uleb128 0x1
 646 0185 9C       		.byte	0x9c
 647 0186 C7010000 		.4byte	0x1c7
 648 018a 11       		.uleb128 0x11
 649 018b BA020000 		.4byte	.LASF28
 650 018f 01       		.byte	0x1
 651 0190 0701     		.2byte	0x107
 652 0192 5D000000 		.4byte	0x5d
 653 0196 02       		.uleb128 0x2
 654 0197 91       		.byte	0x91
 655 0198 6C       		.sleb128 -20
 656 0199 12       		.uleb128 0x12
 657 019a 656E6400 		.ascii	"end\000"
 658 019e 01       		.byte	0x1
 659 019f 0901     		.2byte	0x109
 660 01a1 5D000000 		.4byte	0x5d
 661 01a5 13       		.uleb128 0x13
 662 01a6 27010000 		.4byte	.LASF29
 663 01aa 01       		.byte	0x1
 664 01ab 0A01     		.2byte	0x10a
 665 01ad E6000000 		.4byte	0xe6
 666 01b1 02       		.uleb128 0x2
 667 01b2 91       		.byte	0x91
 668 01b3 74       		.sleb128 -12
 669 01b4 13       		.uleb128 0x13
 670 01b5 C4000000 		.4byte	.LASF30
 671 01b9 01       		.byte	0x1
 672 01ba 0D01     		.2byte	0x10d
 673 01bc C7010000 		.4byte	0x1c7
 674 01c0 05       		.uleb128 0x5
 675 01c1 03       		.byte	0x3
 676 01c2 00000000 		.4byte	heapPointer.5073
 677 01c6 00       		.byte	0
 678 01c7 07       		.uleb128 0x7
 679 01c8 04       		.byte	0x4
 680 01c9 7D000000 		.4byte	0x7d
 681 01cd 14       		.uleb128 0x14
 682 01ce A3010000 		.4byte	.LASF32
 683 01d2 01       		.byte	0x1
 684 01d3 2601     		.2byte	0x126
 685 01d5 00000000 		.4byte	.LFB3
 686 01d9 18000000 		.4byte	.LFE3-.LFB3
ARM GAS  C:\Users\agraw\AppData\Local\Temp\ccO8aZwd.s 			page 22


 687 01dd 01       		.uleb128 0x1
 688 01de 9C       		.byte	0x9c
 689 01df 15       		.uleb128 0x15
 690 01e0 B6000000 		.4byte	.LASF33
 691 01e4 01       		.byte	0x1
 692 01e5 4801     		.2byte	0x148
 693 01e7 00000000 		.4byte	.LFB4
 694 01eb 98000000 		.4byte	.LFE4-.LFB4
 695 01ef 01       		.uleb128 0x1
 696 01f0 9C       		.byte	0x9c
 697 01f1 5A020000 		.4byte	0x25a
 698 01f5 13       		.uleb128 0x13
 699 01f6 B2020000 		.4byte	.LASF34
 700 01fa 01       		.byte	0x1
 701 01fb 4A01     		.2byte	0x14a
 702 01fd 64000000 		.4byte	0x64
 703 0201 02       		.uleb128 0x2
 704 0202 91       		.byte	0x91
 705 0203 74       		.sleb128 -12
 706 0204 13       		.uleb128 0x13
 707 0205 09010000 		.4byte	.LASF35
 708 0209 01       		.byte	0x1
 709 020a 4B01     		.2byte	0x14b
 710 020c 5A020000 		.4byte	0x25a
 711 0210 02       		.uleb128 0x2
 712 0211 91       		.byte	0x91
 713 0212 70       		.sleb128 -16
 714 0213 16       		.uleb128 0x16
 715 0214 14000000 		.4byte	.LBB2
 716 0218 66000000 		.4byte	.LBE2-.LBB2
 717 021c 17       		.uleb128 0x17
 718 021d 73726300 		.ascii	"src\000"
 719 0221 01       		.byte	0x1
 720 0222 5001     		.2byte	0x150
 721 0224 65020000 		.4byte	0x265
 722 0228 02       		.uleb128 0x2
 723 0229 91       		.byte	0x91
 724 022a 6C       		.sleb128 -20
 725 022b 17       		.uleb128 0x17
 726 022c 64737400 		.ascii	"dst\000"
 727 0230 01       		.byte	0x1
 728 0231 5101     		.2byte	0x151
 729 0233 65020000 		.4byte	0x265
 730 0237 02       		.uleb128 0x2
 731 0238 91       		.byte	0x91
 732 0239 68       		.sleb128 -24
 733 023a 13       		.uleb128 0x13
 734 023b 19020000 		.4byte	.LASF36
 735 023f 01       		.byte	0x1
 736 0240 5201     		.2byte	0x152
 737 0242 64000000 		.4byte	0x64
 738 0246 02       		.uleb128 0x2
 739 0247 91       		.byte	0x91
 740 0248 60       		.sleb128 -32
 741 0249 13       		.uleb128 0x13
 742 024a BE000000 		.4byte	.LASF37
 743 024e 01       		.byte	0x1
ARM GAS  C:\Users\agraw\AppData\Local\Temp\ccO8aZwd.s 			page 23


 744 024f 5301     		.2byte	0x153
 745 0251 64000000 		.4byte	0x64
 746 0255 02       		.uleb128 0x2
 747 0256 91       		.byte	0x91
 748 0257 64       		.sleb128 -28
 749 0258 00       		.byte	0
 750 0259 00       		.byte	0
 751 025a 07       		.uleb128 0x7
 752 025b 04       		.byte	0x4
 753 025c 60020000 		.4byte	0x260
 754 0260 0A       		.uleb128 0xa
 755 0261 F8000000 		.4byte	0xf8
 756 0265 07       		.uleb128 0x7
 757 0266 04       		.byte	0x4
 758 0267 89000000 		.4byte	0x89
 759 026b 18       		.uleb128 0x18
 760 026c DE010000 		.4byte	.LASF48
 761 0270 01       		.byte	0x1
 762 0271 CB01     		.2byte	0x1cb
 763 0273 00000000 		.4byte	.LFB5
 764 0277 90000000 		.4byte	.LFE5-.LFB5
 765 027b 01       		.uleb128 0x1
 766 027c 9C       		.byte	0x9c
 767 027d 8F020000 		.4byte	0x28f
 768 0281 17       		.uleb128 0x17
 769 0282 6900     		.ascii	"i\000"
 770 0284 01       		.byte	0x1
 771 0285 CD01     		.2byte	0x1cd
 772 0287 89000000 		.4byte	0x89
 773 028b 02       		.uleb128 0x2
 774 028c 91       		.byte	0x91
 775 028d 74       		.sleb128 -12
 776 028e 00       		.byte	0
 777 028f 19       		.uleb128 0x19
 778 0290 50010000 		.4byte	.LASF38
 779 0294 01       		.byte	0x1
 780 0295 3E       		.byte	0x3e
 781 0296 89000000 		.4byte	0x89
 782 029a 05       		.uleb128 0x5
 783 029b 03       		.byte	0x3
 784 029c 00000000 		.4byte	cySysNoInitDataValid
 785 02a0 1A       		.uleb128 0x1a
 786 02a1 A8000000 		.4byte	.LASF39
 787 02a5 04       		.byte	0x4
 788 02a6 2C       		.byte	0x2c
 789 02a7 7D000000 		.4byte	0x7d
 790 02ab 12       		.uleb128 0x12
 791 02ac 656E6400 		.ascii	"end\000"
 792 02b0 01       		.byte	0x1
 793 02b1 0901     		.2byte	0x109
 794 02b3 5D000000 		.4byte	0x5d
 795 02b7 1B       		.uleb128 0x1b
 796 02b8 CC000000 		.4byte	0xcc
 797 02bc C7020000 		.4byte	0x2c7
 798 02c0 1C       		.uleb128 0x1c
 799 02c1 DF000000 		.4byte	0xdf
 800 02c5 2F       		.byte	0x2f
ARM GAS  C:\Users\agraw\AppData\Local\Temp\ccO8aZwd.s 			page 24


 801 02c6 00       		.byte	0
 802 02c7 1D       		.uleb128 0x1d
 803 02c8 9B000000 		.4byte	.LASF40
 804 02cc 01       		.byte	0x1
 805 02cd 4C       		.byte	0x4c
 806 02ce B7020000 		.4byte	0x2b7
 807 02d2 05       		.uleb128 0x5
 808 02d3 03       		.byte	0x3
 809 02d4 00000000 		.4byte	CyRamVectors
 810 02d8 1B       		.uleb128 0x1b
 811 02d9 60020000 		.4byte	0x260
 812 02dd E3020000 		.4byte	0x2e3
 813 02e1 1E       		.uleb128 0x1e
 814 02e2 00       		.byte	0
 815 02e3 1A       		.uleb128 0x1a
 816 02e4 A5020000 		.4byte	.LASF41
 817 02e8 01       		.byte	0x1
 818 02e9 D8       		.byte	0xd8
 819 02ea EE020000 		.4byte	0x2ee
 820 02ee 0A       		.uleb128 0xa
 821 02ef D8020000 		.4byte	0x2d8
 822 02f3 1A       		.uleb128 0x1a
 823 02f4 E3000000 		.4byte	.LASF42
 824 02f8 01       		.byte	0x1
 825 02f9 D9       		.byte	0xd9
 826 02fa E8000000 		.4byte	0xe8
 827 02fe 1B       		.uleb128 0x1b
 828 02ff 0E030000 		.4byte	0x30e
 829 0303 0E030000 		.4byte	0x30e
 830 0307 1C       		.uleb128 0x1c
 831 0308 DF000000 		.4byte	0xdf
 832 030c 03       		.byte	0x3
 833 030d 00       		.byte	0
 834 030e 0A       		.uleb128 0xa
 835 030f CC000000 		.4byte	0xcc
 836 0313 1F       		.uleb128 0x1f
 837 0314 33010000 		.4byte	.LASF43
 838 0318 01       		.byte	0x1
 839 0319 AF01     		.2byte	0x1af
 840 031b 25030000 		.4byte	0x325
 841 031f 05       		.uleb128 0x5
 842 0320 03       		.byte	0x3
 843 0321 00000000 		.4byte	RomVectors
 844 0325 0A       		.uleb128 0xa
 845 0326 FE020000 		.4byte	0x2fe
 846 032a 00       		.byte	0
 847              		.section	.debug_abbrev,"",%progbits
 848              	.Ldebug_abbrev0:
 849 0000 01       		.uleb128 0x1
 850 0001 11       		.uleb128 0x11
 851 0002 01       		.byte	0x1
 852 0003 25       		.uleb128 0x25
 853 0004 0E       		.uleb128 0xe
 854 0005 13       		.uleb128 0x13
 855 0006 0B       		.uleb128 0xb
 856 0007 03       		.uleb128 0x3
 857 0008 0E       		.uleb128 0xe
ARM GAS  C:\Users\agraw\AppData\Local\Temp\ccO8aZwd.s 			page 25


 858 0009 1B       		.uleb128 0x1b
 859 000a 0E       		.uleb128 0xe
 860 000b 55       		.uleb128 0x55
 861 000c 17       		.uleb128 0x17
 862 000d 11       		.uleb128 0x11
 863 000e 01       		.uleb128 0x1
 864 000f 10       		.uleb128 0x10
 865 0010 17       		.uleb128 0x17
 866 0011 00       		.byte	0
 867 0012 00       		.byte	0
 868 0013 02       		.uleb128 0x2
 869 0014 24       		.uleb128 0x24
 870 0015 00       		.byte	0
 871 0016 0B       		.uleb128 0xb
 872 0017 0B       		.uleb128 0xb
 873 0018 3E       		.uleb128 0x3e
 874 0019 0B       		.uleb128 0xb
 875 001a 03       		.uleb128 0x3
 876 001b 0E       		.uleb128 0xe
 877 001c 00       		.byte	0
 878 001d 00       		.byte	0
 879 001e 03       		.uleb128 0x3
 880 001f 24       		.uleb128 0x24
 881 0020 00       		.byte	0
 882 0021 0B       		.uleb128 0xb
 883 0022 0B       		.uleb128 0xb
 884 0023 3E       		.uleb128 0x3e
 885 0024 0B       		.uleb128 0xb
 886 0025 03       		.uleb128 0x3
 887 0026 08       		.uleb128 0x8
 888 0027 00       		.byte	0
 889 0028 00       		.byte	0
 890 0029 04       		.uleb128 0x4
 891 002a 16       		.uleb128 0x16
 892 002b 00       		.byte	0
 893 002c 03       		.uleb128 0x3
 894 002d 0E       		.uleb128 0xe
 895 002e 3A       		.uleb128 0x3a
 896 002f 0B       		.uleb128 0xb
 897 0030 3B       		.uleb128 0x3b
 898 0031 0B       		.uleb128 0xb
 899 0032 49       		.uleb128 0x49
 900 0033 13       		.uleb128 0x13
 901 0034 00       		.byte	0
 902 0035 00       		.byte	0
 903 0036 05       		.uleb128 0x5
 904 0037 16       		.uleb128 0x16
 905 0038 00       		.byte	0
 906 0039 03       		.uleb128 0x3
 907 003a 0E       		.uleb128 0xe
 908 003b 3A       		.uleb128 0x3a
 909 003c 0B       		.uleb128 0xb
 910 003d 3B       		.uleb128 0x3b
 911 003e 05       		.uleb128 0x5
 912 003f 49       		.uleb128 0x49
 913 0040 13       		.uleb128 0x13
 914 0041 00       		.byte	0
ARM GAS  C:\Users\agraw\AppData\Local\Temp\ccO8aZwd.s 			page 26


 915 0042 00       		.byte	0
 916 0043 06       		.uleb128 0x6
 917 0044 35       		.uleb128 0x35
 918 0045 00       		.byte	0
 919 0046 49       		.uleb128 0x49
 920 0047 13       		.uleb128 0x13
 921 0048 00       		.byte	0
 922 0049 00       		.byte	0
 923 004a 07       		.uleb128 0x7
 924 004b 0F       		.uleb128 0xf
 925 004c 00       		.byte	0
 926 004d 0B       		.uleb128 0xb
 927 004e 0B       		.uleb128 0xb
 928 004f 49       		.uleb128 0x49
 929 0050 13       		.uleb128 0x13
 930 0051 00       		.byte	0
 931 0052 00       		.byte	0
 932 0053 08       		.uleb128 0x8
 933 0054 15       		.uleb128 0x15
 934 0055 00       		.byte	0
 935 0056 27       		.uleb128 0x27
 936 0057 19       		.uleb128 0x19
 937 0058 00       		.byte	0
 938 0059 00       		.byte	0
 939 005a 09       		.uleb128 0x9
 940 005b 0F       		.uleb128 0xf
 941 005c 00       		.byte	0
 942 005d 0B       		.uleb128 0xb
 943 005e 0B       		.uleb128 0xb
 944 005f 00       		.byte	0
 945 0060 00       		.byte	0
 946 0061 0A       		.uleb128 0xa
 947 0062 26       		.uleb128 0x26
 948 0063 00       		.byte	0
 949 0064 49       		.uleb128 0x49
 950 0065 13       		.uleb128 0x13
 951 0066 00       		.byte	0
 952 0067 00       		.byte	0
 953 0068 0B       		.uleb128 0xb
 954 0069 13       		.uleb128 0x13
 955 006a 01       		.byte	0x1
 956 006b 03       		.uleb128 0x3
 957 006c 0E       		.uleb128 0xe
 958 006d 0B       		.uleb128 0xb
 959 006e 0B       		.uleb128 0xb
 960 006f 3A       		.uleb128 0x3a
 961 0070 0B       		.uleb128 0xb
 962 0071 3B       		.uleb128 0x3b
 963 0072 0B       		.uleb128 0xb
 964 0073 01       		.uleb128 0x1
 965 0074 13       		.uleb128 0x13
 966 0075 00       		.byte	0
 967 0076 00       		.byte	0
 968 0077 0C       		.uleb128 0xc
 969 0078 0D       		.uleb128 0xd
 970 0079 00       		.byte	0
 971 007a 03       		.uleb128 0x3
ARM GAS  C:\Users\agraw\AppData\Local\Temp\ccO8aZwd.s 			page 27


 972 007b 0E       		.uleb128 0xe
 973 007c 3A       		.uleb128 0x3a
 974 007d 0B       		.uleb128 0xb
 975 007e 3B       		.uleb128 0x3b
 976 007f 0B       		.uleb128 0xb
 977 0080 49       		.uleb128 0x49
 978 0081 13       		.uleb128 0x13
 979 0082 38       		.uleb128 0x38
 980 0083 0B       		.uleb128 0xb
 981 0084 00       		.byte	0
 982 0085 00       		.byte	0
 983 0086 0D       		.uleb128 0xd
 984 0087 2E       		.uleb128 0x2e
 985 0088 00       		.byte	0
 986 0089 3F       		.uleb128 0x3f
 987 008a 19       		.uleb128 0x19
 988 008b 03       		.uleb128 0x3
 989 008c 0E       		.uleb128 0xe
 990 008d 3A       		.uleb128 0x3a
 991 008e 0B       		.uleb128 0xb
 992 008f 3B       		.uleb128 0x3b
 993 0090 0B       		.uleb128 0xb
 994 0091 27       		.uleb128 0x27
 995 0092 19       		.uleb128 0x19
 996 0093 11       		.uleb128 0x11
 997 0094 01       		.uleb128 0x1
 998 0095 12       		.uleb128 0x12
 999 0096 06       		.uleb128 0x6
 1000 0097 40       		.uleb128 0x40
 1001 0098 18       		.uleb128 0x18
 1002 0099 9642     		.uleb128 0x2116
 1003 009b 19       		.uleb128 0x19
 1004 009c 00       		.byte	0
 1005 009d 00       		.byte	0
 1006 009e 0E       		.uleb128 0xe
 1007 009f 2E       		.uleb128 0x2e
 1008 00a0 01       		.byte	0x1
 1009 00a1 3F       		.uleb128 0x3f
 1010 00a2 19       		.uleb128 0x19
 1011 00a3 03       		.uleb128 0x3
 1012 00a4 0E       		.uleb128 0xe
 1013 00a5 3A       		.uleb128 0x3a
 1014 00a6 0B       		.uleb128 0xb
 1015 00a7 3B       		.uleb128 0x3b
 1016 00a8 0B       		.uleb128 0xb
 1017 00a9 27       		.uleb128 0x27
 1018 00aa 19       		.uleb128 0x19
 1019 00ab 8701     		.uleb128 0x87
 1020 00ad 19       		.uleb128 0x19
 1021 00ae 11       		.uleb128 0x11
 1022 00af 01       		.uleb128 0x1
 1023 00b0 12       		.uleb128 0x12
 1024 00b1 06       		.uleb128 0x6
 1025 00b2 40       		.uleb128 0x40
 1026 00b3 18       		.uleb128 0x18
 1027 00b4 9642     		.uleb128 0x2116
 1028 00b6 19       		.uleb128 0x19
ARM GAS  C:\Users\agraw\AppData\Local\Temp\ccO8aZwd.s 			page 28


 1029 00b7 01       		.uleb128 0x1
 1030 00b8 13       		.uleb128 0x13
 1031 00b9 00       		.byte	0
 1032 00ba 00       		.byte	0
 1033 00bb 0F       		.uleb128 0xf
 1034 00bc 05       		.uleb128 0x5
 1035 00bd 00       		.byte	0
 1036 00be 03       		.uleb128 0x3
 1037 00bf 0E       		.uleb128 0xe
 1038 00c0 3A       		.uleb128 0x3a
 1039 00c1 0B       		.uleb128 0xb
 1040 00c2 3B       		.uleb128 0x3b
 1041 00c3 0B       		.uleb128 0xb
 1042 00c4 49       		.uleb128 0x49
 1043 00c5 13       		.uleb128 0x13
 1044 00c6 02       		.uleb128 0x2
 1045 00c7 18       		.uleb128 0x18
 1046 00c8 00       		.byte	0
 1047 00c9 00       		.byte	0
 1048 00ca 10       		.uleb128 0x10
 1049 00cb 2E       		.uleb128 0x2e
 1050 00cc 01       		.byte	0x1
 1051 00cd 3F       		.uleb128 0x3f
 1052 00ce 19       		.uleb128 0x19
 1053 00cf 03       		.uleb128 0x3
 1054 00d0 0E       		.uleb128 0xe
 1055 00d1 3A       		.uleb128 0x3a
 1056 00d2 0B       		.uleb128 0xb
 1057 00d3 3B       		.uleb128 0x3b
 1058 00d4 05       		.uleb128 0x5
 1059 00d5 27       		.uleb128 0x27
 1060 00d6 19       		.uleb128 0x19
 1061 00d7 49       		.uleb128 0x49
 1062 00d8 13       		.uleb128 0x13
 1063 00d9 11       		.uleb128 0x11
 1064 00da 01       		.uleb128 0x1
 1065 00db 12       		.uleb128 0x12
 1066 00dc 06       		.uleb128 0x6
 1067 00dd 40       		.uleb128 0x40
 1068 00de 18       		.uleb128 0x18
 1069 00df 9642     		.uleb128 0x2116
 1070 00e1 19       		.uleb128 0x19
 1071 00e2 01       		.uleb128 0x1
 1072 00e3 13       		.uleb128 0x13
 1073 00e4 00       		.byte	0
 1074 00e5 00       		.byte	0
 1075 00e6 11       		.uleb128 0x11
 1076 00e7 05       		.uleb128 0x5
 1077 00e8 00       		.byte	0
 1078 00e9 03       		.uleb128 0x3
 1079 00ea 0E       		.uleb128 0xe
 1080 00eb 3A       		.uleb128 0x3a
 1081 00ec 0B       		.uleb128 0xb
 1082 00ed 3B       		.uleb128 0x3b
 1083 00ee 05       		.uleb128 0x5
 1084 00ef 49       		.uleb128 0x49
 1085 00f0 13       		.uleb128 0x13
ARM GAS  C:\Users\agraw\AppData\Local\Temp\ccO8aZwd.s 			page 29


 1086 00f1 02       		.uleb128 0x2
 1087 00f2 18       		.uleb128 0x18
 1088 00f3 00       		.byte	0
 1089 00f4 00       		.byte	0
 1090 00f5 12       		.uleb128 0x12
 1091 00f6 34       		.uleb128 0x34
 1092 00f7 00       		.byte	0
 1093 00f8 03       		.uleb128 0x3
 1094 00f9 08       		.uleb128 0x8
 1095 00fa 3A       		.uleb128 0x3a
 1096 00fb 0B       		.uleb128 0xb
 1097 00fc 3B       		.uleb128 0x3b
 1098 00fd 05       		.uleb128 0x5
 1099 00fe 49       		.uleb128 0x49
 1100 00ff 13       		.uleb128 0x13
 1101 0100 3F       		.uleb128 0x3f
 1102 0101 19       		.uleb128 0x19
 1103 0102 3C       		.uleb128 0x3c
 1104 0103 19       		.uleb128 0x19
 1105 0104 00       		.byte	0
 1106 0105 00       		.byte	0
 1107 0106 13       		.uleb128 0x13
 1108 0107 34       		.uleb128 0x34
 1109 0108 00       		.byte	0
 1110 0109 03       		.uleb128 0x3
 1111 010a 0E       		.uleb128 0xe
 1112 010b 3A       		.uleb128 0x3a
 1113 010c 0B       		.uleb128 0xb
 1114 010d 3B       		.uleb128 0x3b
 1115 010e 05       		.uleb128 0x5
 1116 010f 49       		.uleb128 0x49
 1117 0110 13       		.uleb128 0x13
 1118 0111 02       		.uleb128 0x2
 1119 0112 18       		.uleb128 0x18
 1120 0113 00       		.byte	0
 1121 0114 00       		.byte	0
 1122 0115 14       		.uleb128 0x14
 1123 0116 2E       		.uleb128 0x2e
 1124 0117 00       		.byte	0
 1125 0118 3F       		.uleb128 0x3f
 1126 0119 19       		.uleb128 0x19
 1127 011a 03       		.uleb128 0x3
 1128 011b 0E       		.uleb128 0xe
 1129 011c 3A       		.uleb128 0x3a
 1130 011d 0B       		.uleb128 0xb
 1131 011e 3B       		.uleb128 0x3b
 1132 011f 05       		.uleb128 0x5
 1133 0120 27       		.uleb128 0x27
 1134 0121 19       		.uleb128 0x19
 1135 0122 11       		.uleb128 0x11
 1136 0123 01       		.uleb128 0x1
 1137 0124 12       		.uleb128 0x12
 1138 0125 06       		.uleb128 0x6
 1139 0126 40       		.uleb128 0x40
 1140 0127 18       		.uleb128 0x18
 1141 0128 9642     		.uleb128 0x2116
 1142 012a 19       		.uleb128 0x19
ARM GAS  C:\Users\agraw\AppData\Local\Temp\ccO8aZwd.s 			page 30


 1143 012b 00       		.byte	0
 1144 012c 00       		.byte	0
 1145 012d 15       		.uleb128 0x15
 1146 012e 2E       		.uleb128 0x2e
 1147 012f 01       		.byte	0x1
 1148 0130 3F       		.uleb128 0x3f
 1149 0131 19       		.uleb128 0x19
 1150 0132 03       		.uleb128 0x3
 1151 0133 0E       		.uleb128 0xe
 1152 0134 3A       		.uleb128 0x3a
 1153 0135 0B       		.uleb128 0xb
 1154 0136 3B       		.uleb128 0x3b
 1155 0137 05       		.uleb128 0x5
 1156 0138 27       		.uleb128 0x27
 1157 0139 19       		.uleb128 0x19
 1158 013a 8701     		.uleb128 0x87
 1159 013c 19       		.uleb128 0x19
 1160 013d 11       		.uleb128 0x11
 1161 013e 01       		.uleb128 0x1
 1162 013f 12       		.uleb128 0x12
 1163 0140 06       		.uleb128 0x6
 1164 0141 40       		.uleb128 0x40
 1165 0142 18       		.uleb128 0x18
 1166 0143 9642     		.uleb128 0x2116
 1167 0145 19       		.uleb128 0x19
 1168 0146 01       		.uleb128 0x1
 1169 0147 13       		.uleb128 0x13
 1170 0148 00       		.byte	0
 1171 0149 00       		.byte	0
 1172 014a 16       		.uleb128 0x16
 1173 014b 0B       		.uleb128 0xb
 1174 014c 01       		.byte	0x1
 1175 014d 11       		.uleb128 0x11
 1176 014e 01       		.uleb128 0x1
 1177 014f 12       		.uleb128 0x12
 1178 0150 06       		.uleb128 0x6
 1179 0151 00       		.byte	0
 1180 0152 00       		.byte	0
 1181 0153 17       		.uleb128 0x17
 1182 0154 34       		.uleb128 0x34
 1183 0155 00       		.byte	0
 1184 0156 03       		.uleb128 0x3
 1185 0157 08       		.uleb128 0x8
 1186 0158 3A       		.uleb128 0x3a
 1187 0159 0B       		.uleb128 0xb
 1188 015a 3B       		.uleb128 0x3b
 1189 015b 05       		.uleb128 0x5
 1190 015c 49       		.uleb128 0x49
 1191 015d 13       		.uleb128 0x13
 1192 015e 02       		.uleb128 0x2
 1193 015f 18       		.uleb128 0x18
 1194 0160 00       		.byte	0
 1195 0161 00       		.byte	0
 1196 0162 18       		.uleb128 0x18
 1197 0163 2E       		.uleb128 0x2e
 1198 0164 01       		.byte	0x1
 1199 0165 3F       		.uleb128 0x3f
ARM GAS  C:\Users\agraw\AppData\Local\Temp\ccO8aZwd.s 			page 31


 1200 0166 19       		.uleb128 0x19
 1201 0167 03       		.uleb128 0x3
 1202 0168 0E       		.uleb128 0xe
 1203 0169 3A       		.uleb128 0x3a
 1204 016a 0B       		.uleb128 0xb
 1205 016b 3B       		.uleb128 0x3b
 1206 016c 05       		.uleb128 0x5
 1207 016d 27       		.uleb128 0x27
 1208 016e 19       		.uleb128 0x19
 1209 016f 11       		.uleb128 0x11
 1210 0170 01       		.uleb128 0x1
 1211 0171 12       		.uleb128 0x12
 1212 0172 06       		.uleb128 0x6
 1213 0173 40       		.uleb128 0x40
 1214 0174 18       		.uleb128 0x18
 1215 0175 9642     		.uleb128 0x2116
 1216 0177 19       		.uleb128 0x19
 1217 0178 01       		.uleb128 0x1
 1218 0179 13       		.uleb128 0x13
 1219 017a 00       		.byte	0
 1220 017b 00       		.byte	0
 1221 017c 19       		.uleb128 0x19
 1222 017d 34       		.uleb128 0x34
 1223 017e 00       		.byte	0
 1224 017f 03       		.uleb128 0x3
 1225 0180 0E       		.uleb128 0xe
 1226 0181 3A       		.uleb128 0x3a
 1227 0182 0B       		.uleb128 0xb
 1228 0183 3B       		.uleb128 0x3b
 1229 0184 0B       		.uleb128 0xb
 1230 0185 49       		.uleb128 0x49
 1231 0186 13       		.uleb128 0x13
 1232 0187 02       		.uleb128 0x2
 1233 0188 18       		.uleb128 0x18
 1234 0189 00       		.byte	0
 1235 018a 00       		.byte	0
 1236 018b 1A       		.uleb128 0x1a
 1237 018c 34       		.uleb128 0x34
 1238 018d 00       		.byte	0
 1239 018e 03       		.uleb128 0x3
 1240 018f 0E       		.uleb128 0xe
 1241 0190 3A       		.uleb128 0x3a
 1242 0191 0B       		.uleb128 0xb
 1243 0192 3B       		.uleb128 0x3b
 1244 0193 0B       		.uleb128 0xb
 1245 0194 49       		.uleb128 0x49
 1246 0195 13       		.uleb128 0x13
 1247 0196 3F       		.uleb128 0x3f
 1248 0197 19       		.uleb128 0x19
 1249 0198 3C       		.uleb128 0x3c
 1250 0199 19       		.uleb128 0x19
 1251 019a 00       		.byte	0
 1252 019b 00       		.byte	0
 1253 019c 1B       		.uleb128 0x1b
 1254 019d 01       		.uleb128 0x1
 1255 019e 01       		.byte	0x1
 1256 019f 49       		.uleb128 0x49
ARM GAS  C:\Users\agraw\AppData\Local\Temp\ccO8aZwd.s 			page 32


 1257 01a0 13       		.uleb128 0x13
 1258 01a1 01       		.uleb128 0x1
 1259 01a2 13       		.uleb128 0x13
 1260 01a3 00       		.byte	0
 1261 01a4 00       		.byte	0
 1262 01a5 1C       		.uleb128 0x1c
 1263 01a6 21       		.uleb128 0x21
 1264 01a7 00       		.byte	0
 1265 01a8 49       		.uleb128 0x49
 1266 01a9 13       		.uleb128 0x13
 1267 01aa 2F       		.uleb128 0x2f
 1268 01ab 0B       		.uleb128 0xb
 1269 01ac 00       		.byte	0
 1270 01ad 00       		.byte	0
 1271 01ae 1D       		.uleb128 0x1d
 1272 01af 34       		.uleb128 0x34
 1273 01b0 00       		.byte	0
 1274 01b1 03       		.uleb128 0x3
 1275 01b2 0E       		.uleb128 0xe
 1276 01b3 3A       		.uleb128 0x3a
 1277 01b4 0B       		.uleb128 0xb
 1278 01b5 3B       		.uleb128 0x3b
 1279 01b6 0B       		.uleb128 0xb
 1280 01b7 49       		.uleb128 0x49
 1281 01b8 13       		.uleb128 0x13
 1282 01b9 3F       		.uleb128 0x3f
 1283 01ba 19       		.uleb128 0x19
 1284 01bb 02       		.uleb128 0x2
 1285 01bc 18       		.uleb128 0x18
 1286 01bd 00       		.byte	0
 1287 01be 00       		.byte	0
 1288 01bf 1E       		.uleb128 0x1e
 1289 01c0 21       		.uleb128 0x21
 1290 01c1 00       		.byte	0
 1291 01c2 00       		.byte	0
 1292 01c3 00       		.byte	0
 1293 01c4 1F       		.uleb128 0x1f
 1294 01c5 34       		.uleb128 0x34
 1295 01c6 00       		.byte	0
 1296 01c7 03       		.uleb128 0x3
 1297 01c8 0E       		.uleb128 0xe
 1298 01c9 3A       		.uleb128 0x3a
 1299 01ca 0B       		.uleb128 0xb
 1300 01cb 3B       		.uleb128 0x3b
 1301 01cc 05       		.uleb128 0x5
 1302 01cd 49       		.uleb128 0x49
 1303 01ce 13       		.uleb128 0x13
 1304 01cf 3F       		.uleb128 0x3f
 1305 01d0 19       		.uleb128 0x19
 1306 01d1 02       		.uleb128 0x2
 1307 01d2 18       		.uleb128 0x18
 1308 01d3 00       		.byte	0
 1309 01d4 00       		.byte	0
 1310 01d5 00       		.byte	0
 1311              		.section	.debug_aranges,"",%progbits
 1312 0000 44000000 		.4byte	0x44
 1313 0004 0200     		.2byte	0x2
ARM GAS  C:\Users\agraw\AppData\Local\Temp\ccO8aZwd.s 			page 33


 1314 0006 00000000 		.4byte	.Ldebug_info0
 1315 000a 04       		.byte	0x4
 1316 000b 00       		.byte	0
 1317 000c 0000     		.2byte	0
 1318 000e 0000     		.2byte	0
 1319 0010 00000000 		.4byte	.LFB0
 1320 0014 14000000 		.4byte	.LFE0-.LFB0
 1321 0018 00000000 		.4byte	.LFB1
 1322 001c 14000000 		.4byte	.LFE1-.LFB1
 1323 0020 00000000 		.4byte	.LFB2
 1324 0024 54000000 		.4byte	.LFE2-.LFB2
 1325 0028 00000000 		.4byte	.LFB3
 1326 002c 18000000 		.4byte	.LFE3-.LFB3
 1327 0030 00000000 		.4byte	.LFB4
 1328 0034 98000000 		.4byte	.LFE4-.LFB4
 1329 0038 00000000 		.4byte	.LFB5
 1330 003c 90000000 		.4byte	.LFE5-.LFB5
 1331 0040 00000000 		.4byte	0
 1332 0044 00000000 		.4byte	0
 1333              		.section	.debug_ranges,"",%progbits
 1334              	.Ldebug_ranges0:
 1335 0000 00000000 		.4byte	.LFB0
 1336 0004 14000000 		.4byte	.LFE0
 1337 0008 00000000 		.4byte	.LFB1
 1338 000c 14000000 		.4byte	.LFE1
 1339 0010 00000000 		.4byte	.LFB2
 1340 0014 54000000 		.4byte	.LFE2
 1341 0018 00000000 		.4byte	.LFB3
 1342 001c 18000000 		.4byte	.LFE3
 1343 0020 00000000 		.4byte	.LFB4
 1344 0024 98000000 		.4byte	.LFE4
 1345 0028 00000000 		.4byte	.LFB5
 1346 002c 90000000 		.4byte	.LFE5
 1347 0030 00000000 		.4byte	0
 1348 0034 00000000 		.4byte	0
 1349              		.section	.debug_line,"",%progbits
 1350              	.Ldebug_line0:
 1351 0000 D8010000 		.section	.debug_str,"MS",%progbits,1
 1351      0200D200 
 1351      00000201 
 1351      FB0E0D00 
 1351      01010101 
 1352              	.LASF17:
 1353 0000 72656733 		.ascii	"reg32\000"
 1353      3200
 1354              	.LASF10:
 1355 0006 73697A65 		.ascii	"size_t\000"
 1355      5F7400
 1356              	.LASF44:
 1357 000d 474E5520 		.ascii	"GNU C11 5.4.1 20160609 (release) [ARM/embedded-5-br"
 1357      43313120 
 1357      352E342E 
 1357      31203230 
 1357      31363036 
 1358 0040 616E6368 		.ascii	"anch revision 237715] -mcpu=cortex-m3 -mthumb -g -O"
 1358      20726576 
 1358      6973696F 
ARM GAS  C:\Users\agraw\AppData\Local\Temp\ccO8aZwd.s 			page 34


 1358      6E203233 
 1358      37373135 
 1359 0073 30202D66 		.ascii	"0 -ffunction-sections -ffat-lto-objects\000"
 1359      66756E63 
 1359      74696F6E 
 1359      2D736563 
 1359      74696F6E 
 1360              	.LASF40:
 1361 009b 43795261 		.ascii	"CyRamVectors\000"
 1361      6D566563 
 1361      746F7273 
 1361      00
 1362              	.LASF39:
 1363 00a8 43795265 		.ascii	"CyResetStatus\000"
 1363      73657453 
 1363      74617475 
 1363      7300
 1364              	.LASF33:
 1365 00b6 53746172 		.ascii	"Start_c\000"
 1365      745F6300 
 1366              	.LASF37:
 1367 00be 636F756E 		.ascii	"count\000"
 1367      7400
 1368              	.LASF30:
 1369 00c4 68656170 		.ascii	"heapPointer\000"
 1369      506F696E 
 1369      74657200 
 1370              	.LASF3:
 1371 00d0 73686F72 		.ascii	"short unsigned int\000"
 1371      7420756E 
 1371      7369676E 
 1371      65642069 
 1371      6E7400
 1372              	.LASF42:
 1373 00e3 5F5F6379 		.ascii	"__cy_region_num\000"
 1373      5F726567 
 1373      696F6E5F 
 1373      6E756D00 
 1374              	.LASF21:
 1375 00f3 696E6974 		.ascii	"init\000"
 1375      00
 1376              	.LASF27:
 1377 00f8 73746174 		.ascii	"status\000"
 1377      757300
 1378              	.LASF24:
 1379 00ff 7A65726F 		.ascii	"zero_size\000"
 1379      5F73697A 
 1379      6500
 1380              	.LASF35:
 1381 0109 72707472 		.ascii	"rptr\000"
 1381      00
 1382              	.LASF13:
 1383 010e 666C6F61 		.ascii	"float\000"
 1383      7400
 1384              	.LASF22:
 1385 0114 64617461 		.ascii	"data\000"
 1385      00
ARM GAS  C:\Users\agraw\AppData\Local\Temp\ccO8aZwd.s 			page 35


 1386              	.LASF1:
 1387 0119 756E7369 		.ascii	"unsigned char\000"
 1387      676E6564 
 1387      20636861 
 1387      7200
 1388              	.LASF29:
 1389 0127 72657475 		.ascii	"returnValue\000"
 1389      726E5661 
 1389      6C756500 
 1390              	.LASF43:
 1391 0133 526F6D56 		.ascii	"RomVectors\000"
 1391      6563746F 
 1391      727300
 1392              	.LASF5:
 1393 013e 6C6F6E67 		.ascii	"long unsigned int\000"
 1393      20756E73 
 1393      69676E65 
 1393      6420696E 
 1393      7400
 1394              	.LASF38:
 1395 0150 63795379 		.ascii	"cySysNoInitDataValid\000"
 1395      734E6F49 
 1395      6E697444 
 1395      61746156 
 1395      616C6964 
 1396              	.LASF11:
 1397 0165 75696E74 		.ascii	"uint8\000"
 1397      3800
 1398              	.LASF46:
 1399 016b 443A5C45 		.ascii	"D:\\Embedded\\Assignment\\AMA_EOS_Lab_01\\PreDesign"
 1399      6D626564 
 1399      6465645C 
 1399      41737369 
 1399      676E6D65 
 1400 019a 30312E63 		.ascii	"01.cydsn\000"
 1400      7964736E 
 1400      00
 1401              	.LASF32:
 1402 01a3 52657365 		.ascii	"Reset\000"
 1402      7400
 1403              	.LASF25:
 1404 01a9 5F657869 		.ascii	"_exit\000"
 1404      7400
 1405              	.LASF45:
 1406 01af 47656E65 		.ascii	"Generated_Source\\PSoC5\\Cm3Start.c\000"
 1406      72617465 
 1406      645F536F 
 1406      75726365 
 1406      5C50536F 
 1407              	.LASF26:
 1408 01d1 5F736272 		.ascii	"_sbrk\000"
 1408      6B00
 1409              	.LASF14:
 1410 01d7 646F7562 		.ascii	"double\000"
 1410      6C6500
 1411              	.LASF48:
 1412 01de 696E6974 		.ascii	"initialize_psoc\000"
ARM GAS  C:\Users\agraw\AppData\Local\Temp\ccO8aZwd.s 			page 36


 1412      69616C69 
 1412      7A655F70 
 1412      736F6300 
 1413              	.LASF12:
 1414 01ee 75696E74 		.ascii	"uint32\000"
 1414      333200
 1415              	.LASF8:
 1416 01f5 756E7369 		.ascii	"unsigned int\000"
 1416      676E6564 
 1416      20696E74 
 1416      00
 1417              	.LASF7:
 1418 0202 6C6F6E67 		.ascii	"long long unsigned int\000"
 1418      206C6F6E 
 1418      6720756E 
 1418      7369676E 
 1418      65642069 
 1419              	.LASF36:
 1420 0219 6C696D69 		.ascii	"limit\000"
 1420      7400
 1421              	.LASF18:
 1422 021f 63796973 		.ascii	"cyisraddress\000"
 1422      72616464 
 1422      72657373 
 1422      00
 1423              	.LASF23:
 1424 022c 696E6974 		.ascii	"init_size\000"
 1424      5F73697A 
 1424      6500
 1425              	.LASF20:
 1426 0236 5F5F6379 		.ascii	"__cy_byte_align8\000"
 1426      5F627974 
 1426      655F616C 
 1426      69676E38 
 1426      00
 1427              	.LASF16:
 1428 0247 72656738 		.ascii	"reg8\000"
 1428      00
 1429              	.LASF19:
 1430 024c 73697A65 		.ascii	"sizetype\000"
 1430      74797065 
 1430      00
 1431              	.LASF6:
 1432 0255 6C6F6E67 		.ascii	"long long int\000"
 1432      206C6F6E 
 1432      6720696E 
 1432      7400
 1433              	.LASF15:
 1434 0263 63686172 		.ascii	"char\000"
 1434      00
 1435              	.LASF2:
 1436 0268 73686F72 		.ascii	"short int\000"
 1436      7420696E 
 1436      7400
 1437              	.LASF4:
 1438 0272 6C6F6E67 		.ascii	"long int\000"
 1438      20696E74 
ARM GAS  C:\Users\agraw\AppData\Local\Temp\ccO8aZwd.s 			page 37


 1438      00
 1439              	.LASF9:
 1440 027b 6C6F6E67 		.ascii	"long double\000"
 1440      20646F75 
 1440      626C6500 
 1441              	.LASF0:
 1442 0287 7369676E 		.ascii	"signed char\000"
 1442      65642063 
 1442      68617200 
 1443              	.LASF31:
 1444 0293 496E7444 		.ascii	"IntDefaultHandler\000"
 1444      65666175 
 1444      6C744861 
 1444      6E646C65 
 1444      7200
 1445              	.LASF41:
 1446 02a5 5F5F6379 		.ascii	"__cy_regions\000"
 1446      5F726567 
 1446      696F6E73 
 1446      00
 1447              	.LASF34:
 1448 02b2 72656769 		.ascii	"regions\000"
 1448      6F6E7300 
 1449              	.LASF28:
 1450 02ba 6E627974 		.ascii	"nbytes\000"
 1450      657300
 1451              	.LASF47:
 1452 02c1 5F5F6379 		.ascii	"__cy_region\000"
 1452      5F726567 
 1452      696F6E00 
 1453              		.ident	"GCC: (GNU Tools for ARM Embedded Processors) 5.4.1 20160609 (release) [ARM/embedded-5-bran
